[1.070s] Invoking command in '/home/khaledob/bookros2_ws/build/joint_state_controller': AMENT_PREFIX_PATH=/home/khaledob/bookros2_ws/install/joint_state_broadcaster:/home/khaledob/bookros2_ws/install/controller_manager:/home/khaledob/bookros2_ws/install/controller_interface:/home/khaledob/bookros2_ws/install/hardware_interface:/home/khaledob/bookros2_ws/install/ros2_control_test_assets:/home/khaledob/bookros2_ws/install/controller_manager_msgs:${AMENT_PREFIX_PATH} CMAKE_PREFIX_PATH=/home/khaledob/bookros2_ws/install/joint_state_broadcaster:/home/khaledob/bookros2_ws/install/controller_manager:/home/khaledob/bookros2_ws/install/controller_interface:/home/khaledob/bookros2_ws/install/hardware_interface:/home/khaledob/bookros2_ws/install/ros2_control_test_assets:/home/khaledob/bookros2_ws/install/controller_manager_msgs:/opt/ros/foxy LD_LIBRARY_PATH=/home/khaledob/bookros2_ws/install/joint_state_broadcaster/lib:/home/khaledob/bookros2_ws/install/controller_manager/lib:/home/khaledob/bookros2_ws/install/controller_interface/lib:/home/khaledob/bookros2_ws/install/hardware_interface/lib:/home/khaledob/bookros2_ws/install/controller_manager_msgs/lib:${LD_LIBRARY_PATH} PYTHONPATH=/home/khaledob/bookros2_ws/install/controller_manager/lib/python3.8/site-packages:/home/khaledob/bookros2_ws/install/controller_manager_msgs/lib/python3.8/site-packages:${PYTHONPATH} /usr/bin/cmake --build /home/khaledob/bookros2_ws/build/joint_state_controller -- -j7 -l7
[1.775s] [ 22%] Built target gmock_main
[1.948s] [ 44%] Built target joint_state_controller
[1.971s] [ 77%] Built target gmock
[2.495s] [100%] Built target test_load_joint_state_controller
[2.672s] Invoked command in '/home/khaledob/bookros2_ws/build/joint_state_controller' returned '0': AMENT_PREFIX_PATH=/home/khaledob/bookros2_ws/install/joint_state_broadcaster:/home/khaledob/bookros2_ws/install/controller_manager:/home/khaledob/bookros2_ws/install/controller_interface:/home/khaledob/bookros2_ws/install/hardware_interface:/home/khaledob/bookros2_ws/install/ros2_control_test_assets:/home/khaledob/bookros2_ws/install/controller_manager_msgs:${AMENT_PREFIX_PATH} CMAKE_PREFIX_PATH=/home/khaledob/bookros2_ws/install/joint_state_broadcaster:/home/khaledob/bookros2_ws/install/controller_manager:/home/khaledob/bookros2_ws/install/controller_interface:/home/khaledob/bookros2_ws/install/hardware_interface:/home/khaledob/bookros2_ws/install/ros2_control_test_assets:/home/khaledob/bookros2_ws/install/controller_manager_msgs:/opt/ros/foxy LD_LIBRARY_PATH=/home/khaledob/bookros2_ws/install/joint_state_broadcaster/lib:/home/khaledob/bookros2_ws/install/controller_manager/lib:/home/khaledob/bookros2_ws/install/controller_interface/lib:/home/khaledob/bookros2_ws/install/hardware_interface/lib:/home/khaledob/bookros2_ws/install/controller_manager_msgs/lib:${LD_LIBRARY_PATH} PYTHONPATH=/home/khaledob/bookros2_ws/install/controller_manager/lib/python3.8/site-packages:/home/khaledob/bookros2_ws/install/controller_manager_msgs/lib/python3.8/site-packages:${PYTHONPATH} /usr/bin/cmake --build /home/khaledob/bookros2_ws/build/joint_state_controller -- -j7 -l7
[2.685s] Invoking command in '/home/khaledob/bookros2_ws/build/joint_state_controller': AMENT_PREFIX_PATH=/home/khaledob/bookros2_ws/install/joint_state_broadcaster:/home/khaledob/bookros2_ws/install/controller_manager:/home/khaledob/bookros2_ws/install/controller_interface:/home/khaledob/bookros2_ws/install/hardware_interface:/home/khaledob/bookros2_ws/install/ros2_control_test_assets:/home/khaledob/bookros2_ws/install/controller_manager_msgs:${AMENT_PREFIX_PATH} CMAKE_PREFIX_PATH=/home/khaledob/bookros2_ws/install/joint_state_broadcaster:/home/khaledob/bookros2_ws/install/controller_manager:/home/khaledob/bookros2_ws/install/controller_interface:/home/khaledob/bookros2_ws/install/hardware_interface:/home/khaledob/bookros2_ws/install/ros2_control_test_assets:/home/khaledob/bookros2_ws/install/controller_manager_msgs:/opt/ros/foxy LD_LIBRARY_PATH=/home/khaledob/bookros2_ws/install/joint_state_broadcaster/lib:/home/khaledob/bookros2_ws/install/controller_manager/lib:/home/khaledob/bookros2_ws/install/controller_interface/lib:/home/khaledob/bookros2_ws/install/hardware_interface/lib:/home/khaledob/bookros2_ws/install/controller_manager_msgs/lib:${LD_LIBRARY_PATH} PYTHONPATH=/home/khaledob/bookros2_ws/install/controller_manager/lib/python3.8/site-packages:/home/khaledob/bookros2_ws/install/controller_manager_msgs/lib/python3.8/site-packages:${PYTHONPATH} /usr/bin/cmake --install /home/khaledob/bookros2_ws/build/joint_state_controller
[2.756s] -- Install configuration: ""
[2.760s] -- Execute custom install script
[2.779s] -- Up-to-date symlink: /home/khaledob/bookros2_ws/install/joint_state_controller/share/joint_state_controller//joint_state_plugin.xml
[2.817s] -- Up-to-date symlink: /home/khaledob/bookros2_ws/install/joint_state_controller/lib/libjoint_state_controller.so
[2.817s] -- Up-to-date symlink: /home/khaledob/bookros2_ws/install/joint_state_controller/share/joint_state_controller/environment/library_path.sh
[2.818s] -- Up-to-date symlink: /home/khaledob/bookros2_ws/install/joint_state_controller/share/joint_state_controller/environment/library_path.dsv
[2.826s] -- Up-to-date symlink: /home/khaledob/bookros2_ws/install/joint_state_controller/share/ament_index/resource_index/package_run_dependencies/joint_state_controller
[2.853s] -- Up-to-date symlink: /home/khaledob/bookros2_ws/install/joint_state_controller/share/ament_index/resource_index/parent_prefix_path/joint_state_controller
[2.853s] -- Up-to-date symlink: /home/khaledob/bookros2_ws/install/joint_state_controller/share/joint_state_controller/environment/ament_prefix_path.sh
[2.854s] -- Up-to-date symlink: /home/khaledob/bookros2_ws/install/joint_state_controller/share/joint_state_controller/environment/ament_prefix_path.dsv
[2.855s] -- Up-to-date symlink: /home/khaledob/bookros2_ws/install/joint_state_controller/share/joint_state_controller/environment/path.sh
[2.859s] -- Up-to-date symlink: /home/khaledob/bookros2_ws/install/joint_state_controller/share/joint_state_controller/environment/path.dsv
[2.868s] -- Up-to-date symlink: /home/khaledob/bookros2_ws/install/joint_state_controller/share/joint_state_controller/local_setup.bash
[2.893s] -- Up-to-date symlink: /home/khaledob/bookros2_ws/install/joint_state_controller/share/joint_state_controller/local_setup.sh
[2.894s] -- Up-to-date symlink: /home/khaledob/bookros2_ws/install/joint_state_controller/share/joint_state_controller/local_setup.zsh
[2.895s] -- Up-to-date symlink: /home/khaledob/bookros2_ws/install/joint_state_controller/share/joint_state_controller/local_setup.dsv
[2.896s] -- Symlinking: /home/khaledob/bookros2_ws/install/joint_state_controller/share/joint_state_controller/package.dsv
[2.962s] -- Up-to-date symlink: /home/khaledob/bookros2_ws/install/joint_state_controller/share/ament_index/resource_index/packages/joint_state_controller
[2.996s] -- Up-to-date symlink: /home/khaledob/bookros2_ws/install/joint_state_controller/share/ament_index/resource_index/controller_interface__pluginlib__plugin/joint_state_controller
[3.016s] -- Up-to-date symlink: /home/khaledob/bookros2_ws/install/joint_state_controller/share/joint_state_controller/cmake/ament_cmake_export_dependencies-extras.cmake
[3.046s] -- Up-to-date symlink: /home/khaledob/bookros2_ws/install/joint_state_controller/share/joint_state_controller/cmake/ament_cmake_export_libraries-extras.cmake
[3.046s] -- Up-to-date symlink: /home/khaledob/bookros2_ws/install/joint_state_controller/share/joint_state_controller/cmake/joint_state_controllerConfig.cmake
[3.047s] -- Up-to-date symlink: /home/khaledob/bookros2_ws/install/joint_state_controller/share/joint_state_controller/cmake/joint_state_controllerConfig-version.cmake
[3.062s] -- Up-to-date symlink: /home/khaledob/bookros2_ws/install/joint_state_controller/share/joint_state_controller/package.xml
[3.227s] Invoked command in '/home/khaledob/bookros2_ws/build/joint_state_controller' returned '0': AMENT_PREFIX_PATH=/home/khaledob/bookros2_ws/install/joint_state_broadcaster:/home/khaledob/bookros2_ws/install/controller_manager:/home/khaledob/bookros2_ws/install/controller_interface:/home/khaledob/bookros2_ws/install/hardware_interface:/home/khaledob/bookros2_ws/install/ros2_control_test_assets:/home/khaledob/bookros2_ws/install/controller_manager_msgs:${AMENT_PREFIX_PATH} CMAKE_PREFIX_PATH=/home/khaledob/bookros2_ws/install/joint_state_broadcaster:/home/khaledob/bookros2_ws/install/controller_manager:/home/khaledob/bookros2_ws/install/controller_interface:/home/khaledob/bookros2_ws/install/hardware_interface:/home/khaledob/bookros2_ws/install/ros2_control_test_assets:/home/khaledob/bookros2_ws/install/controller_manager_msgs:/opt/ros/foxy LD_LIBRARY_PATH=/home/khaledob/bookros2_ws/install/joint_state_broadcaster/lib:/home/khaledob/bookros2_ws/install/controller_manager/lib:/home/khaledob/bookros2_ws/install/controller_interface/lib:/home/khaledob/bookros2_ws/install/hardware_interface/lib:/home/khaledob/bookros2_ws/install/controller_manager_msgs/lib:${LD_LIBRARY_PATH} PYTHONPATH=/home/khaledob/bookros2_ws/install/controller_manager/lib/python3.8/site-packages:/home/khaledob/bookros2_ws/install/controller_manager_msgs/lib/python3.8/site-packages:${PYTHONPATH} /usr/bin/cmake --install /home/khaledob/bookros2_ws/build/joint_state_controller
