[0.401s] Invoking command in '/home/khaledob/bookros2_ws/build/tiago_controller_configuration': AMENT_PREFIX_PATH=/home/khaledob/bookros2_ws/install/pal_gripper_controller_configuration:/home/khaledob/bookros2_ws/install/position_controllers:/home/khaledob/bookros2_ws/install/joint_state_controller:/home/khaledob/bookros2_ws/install/joint_trajectory_controller:/home/khaledob/bookros2_ws/install/joint_state_broadcaster:/home/khaledob/bookros2_ws/install/forward_command_controller:/home/khaledob/bookros2_ws/install/diff_drive_controller:/home/khaledob/bookros2_ws/install/controller_manager:/home/khaledob/bookros2_ws/install/controller_interface:/home/khaledob/bookros2_ws/install/hardware_interface:/home/khaledob/bookros2_ws/install/ros2_control_test_assets:/home/khaledob/bookros2_ws/install/controller_manager_msgs:${AMENT_PREFIX_PATH} CMAKE_PREFIX_PATH=/home/khaledob/bookros2_ws/install/pal_gripper_controller_configuration:/home/khaledob/bookros2_ws/install/position_controllers:/home/khaledob/bookros2_ws/install/joint_state_controller:/home/khaledob/bookros2_ws/install/joint_trajectory_controller:/home/khaledob/bookros2_ws/install/joint_state_broadcaster:/home/khaledob/bookros2_ws/install/forward_command_controller:/home/khaledob/bookros2_ws/install/diff_drive_controller:/home/khaledob/bookros2_ws/install/controller_manager:/home/khaledob/bookros2_ws/install/controller_interface:/home/khaledob/bookros2_ws/install/hardware_interface:/home/khaledob/bookros2_ws/install/ros2_control_test_assets:/home/khaledob/bookros2_ws/install/controller_manager_msgs:/opt/ros/foxy LD_LIBRARY_PATH=/home/khaledob/bookros2_ws/install/position_controllers/lib:/home/khaledob/bookros2_ws/install/joint_state_controller/lib:/home/khaledob/bookros2_ws/install/joint_trajectory_controller/lib:/home/khaledob/bookros2_ws/install/joint_state_broadcaster/lib:/home/khaledob/bookros2_ws/install/forward_command_controller/lib:/home/khaledob/bookros2_ws/install/diff_drive_controller/lib:/home/khaledob/bookros2_ws/install/controller_manager/lib:/home/khaledob/bookros2_ws/install/controller_interface/lib:/home/khaledob/bookros2_ws/install/hardware_interface/lib:/home/khaledob/bookros2_ws/install/controller_manager_msgs/lib:${LD_LIBRARY_PATH} PYTHONPATH=/home/khaledob/bookros2_ws/install/controller_manager/lib/python3.8/site-packages:/home/khaledob/bookros2_ws/install/controller_manager_msgs/lib/python3.8/site-packages:${PYTHONPATH} /usr/bin/cmake --build /home/khaledob/bookros2_ws/build/tiago_controller_configuration -- -j7 -l7
[0.528s] Invoked command in '/home/khaledob/bookros2_ws/build/tiago_controller_configuration' returned '0': AMENT_PREFIX_PATH=/home/khaledob/bookros2_ws/install/pal_gripper_controller_configuration:/home/khaledob/bookros2_ws/install/position_controllers:/home/khaledob/bookros2_ws/install/joint_state_controller:/home/khaledob/bookros2_ws/install/joint_trajectory_controller:/home/khaledob/bookros2_ws/install/joint_state_broadcaster:/home/khaledob/bookros2_ws/install/forward_command_controller:/home/khaledob/bookros2_ws/install/diff_drive_controller:/home/khaledob/bookros2_ws/install/controller_manager:/home/khaledob/bookros2_ws/install/controller_interface:/home/khaledob/bookros2_ws/install/hardware_interface:/home/khaledob/bookros2_ws/install/ros2_control_test_assets:/home/khaledob/bookros2_ws/install/controller_manager_msgs:${AMENT_PREFIX_PATH} CMAKE_PREFIX_PATH=/home/khaledob/bookros2_ws/install/pal_gripper_controller_configuration:/home/khaledob/bookros2_ws/install/position_controllers:/home/khaledob/bookros2_ws/install/joint_state_controller:/home/khaledob/bookros2_ws/install/joint_trajectory_controller:/home/khaledob/bookros2_ws/install/joint_state_broadcaster:/home/khaledob/bookros2_ws/install/forward_command_controller:/home/khaledob/bookros2_ws/install/diff_drive_controller:/home/khaledob/bookros2_ws/install/controller_manager:/home/khaledob/bookros2_ws/install/controller_interface:/home/khaledob/bookros2_ws/install/hardware_interface:/home/khaledob/bookros2_ws/install/ros2_control_test_assets:/home/khaledob/bookros2_ws/install/controller_manager_msgs:/opt/ros/foxy LD_LIBRARY_PATH=/home/khaledob/bookros2_ws/install/position_controllers/lib:/home/khaledob/bookros2_ws/install/joint_state_controller/lib:/home/khaledob/bookros2_ws/install/joint_trajectory_controller/lib:/home/khaledob/bookros2_ws/install/joint_state_broadcaster/lib:/home/khaledob/bookros2_ws/install/forward_command_controller/lib:/home/khaledob/bookros2_ws/install/diff_drive_controller/lib:/home/khaledob/bookros2_ws/install/controller_manager/lib:/home/khaledob/bookros2_ws/install/controller_interface/lib:/home/khaledob/bookros2_ws/install/hardware_interface/lib:/home/khaledob/bookros2_ws/install/controller_manager_msgs/lib:${LD_LIBRARY_PATH} PYTHONPATH=/home/khaledob/bookros2_ws/install/controller_manager/lib/python3.8/site-packages:/home/khaledob/bookros2_ws/install/controller_manager_msgs/lib/python3.8/site-packages:${PYTHONPATH} /usr/bin/cmake --build /home/khaledob/bookros2_ws/build/tiago_controller_configuration -- -j7 -l7
[0.532s] Invoking command in '/home/khaledob/bookros2_ws/build/tiago_controller_configuration': AMENT_PREFIX_PATH=/home/khaledob/bookros2_ws/install/pal_gripper_controller_configuration:/home/khaledob/bookros2_ws/install/position_controllers:/home/khaledob/bookros2_ws/install/joint_state_controller:/home/khaledob/bookros2_ws/install/joint_trajectory_controller:/home/khaledob/bookros2_ws/install/joint_state_broadcaster:/home/khaledob/bookros2_ws/install/forward_command_controller:/home/khaledob/bookros2_ws/install/diff_drive_controller:/home/khaledob/bookros2_ws/install/controller_manager:/home/khaledob/bookros2_ws/install/controller_interface:/home/khaledob/bookros2_ws/install/hardware_interface:/home/khaledob/bookros2_ws/install/ros2_control_test_assets:/home/khaledob/bookros2_ws/install/controller_manager_msgs:${AMENT_PREFIX_PATH} CMAKE_PREFIX_PATH=/home/khaledob/bookros2_ws/install/pal_gripper_controller_configuration:/home/khaledob/bookros2_ws/install/position_controllers:/home/khaledob/bookros2_ws/install/joint_state_controller:/home/khaledob/bookros2_ws/install/joint_trajectory_controller:/home/khaledob/bookros2_ws/install/joint_state_broadcaster:/home/khaledob/bookros2_ws/install/forward_command_controller:/home/khaledob/bookros2_ws/install/diff_drive_controller:/home/khaledob/bookros2_ws/install/controller_manager:/home/khaledob/bookros2_ws/install/controller_interface:/home/khaledob/bookros2_ws/install/hardware_interface:/home/khaledob/bookros2_ws/install/ros2_control_test_assets:/home/khaledob/bookros2_ws/install/controller_manager_msgs:/opt/ros/foxy LD_LIBRARY_PATH=/home/khaledob/bookros2_ws/install/position_controllers/lib:/home/khaledob/bookros2_ws/install/joint_state_controller/lib:/home/khaledob/bookros2_ws/install/joint_trajectory_controller/lib:/home/khaledob/bookros2_ws/install/joint_state_broadcaster/lib:/home/khaledob/bookros2_ws/install/forward_command_controller/lib:/home/khaledob/bookros2_ws/install/diff_drive_controller/lib:/home/khaledob/bookros2_ws/install/controller_manager/lib:/home/khaledob/bookros2_ws/install/controller_interface/lib:/home/khaledob/bookros2_ws/install/hardware_interface/lib:/home/khaledob/bookros2_ws/install/controller_manager_msgs/lib:${LD_LIBRARY_PATH} PYTHONPATH=/home/khaledob/bookros2_ws/install/controller_manager/lib/python3.8/site-packages:/home/khaledob/bookros2_ws/install/controller_manager_msgs/lib/python3.8/site-packages:${PYTHONPATH} /usr/bin/cmake --install /home/khaledob/bookros2_ws/build/tiago_controller_configuration
[0.593s] -- Install configuration: ""
[0.594s] -- Execute custom install script
[0.597s] -- Up-to-date symlink: /home/khaledob/bookros2_ws/install/tiago_controller_configuration/share/tiago_controller_configuration/config/arm_controller.yaml
[0.598s] -- Up-to-date symlink: /home/khaledob/bookros2_ws/install/tiago_controller_configuration/share/tiago_controller_configuration/config/current_limit_controllers.yaml
[0.599s] -- Up-to-date symlink: /home/khaledob/bookros2_ws/install/tiago_controller_configuration/share/tiago_controller_configuration/config/custom_gravity_compensation_with_controller_wrist_controller.yaml
[0.600s] -- Up-to-date symlink: /home/khaledob/bookros2_ws/install/tiago_controller_configuration/share/tiago_controller_configuration/config/default_safety_parameters.yaml
[0.601s] -- Up-to-date symlink: /home/khaledob/bookros2_ws/install/tiago_controller_configuration/share/tiago_controller_configuration/config/gazebo_controller_manager_cfg.yaml
[0.601s] -- Up-to-date symlink: /home/khaledob/bookros2_ws/install/tiago_controller_configuration/share/tiago_controller_configuration/config/head_controller.yaml
[0.602s] -- Up-to-date symlink: /home/khaledob/bookros2_ws/install/tiago_controller_configuration/share/tiago_controller_configuration/config/joint_state_broadcaster.yaml
[0.602s] -- Up-to-date symlink: /home/khaledob/bookros2_ws/install/tiago_controller_configuration/share/tiago_controller_configuration/config/joint_state_controller_extra_joints.yaml
[0.603s] -- Up-to-date symlink: /home/khaledob/bookros2_ws/install/tiago_controller_configuration/share/tiago_controller_configuration/config/joint_trajectory_controllers.yaml
[0.603s] -- Up-to-date symlink: /home/khaledob/bookros2_ws/install/tiago_controller_configuration/share/tiago_controller_configuration/config/local_joint_control/actuator_parameters/actuator_parameters_specific_params.yaml
[0.605s] -- Up-to-date symlink: /home/khaledob/bookros2_ws/install/tiago_controller_configuration/share/tiago_controller_configuration/config/local_joint_control/actuator_parameters/actuator_safety_specific_params.yaml
[0.609s] -- Up-to-date symlink: /home/khaledob/bookros2_ws/install/tiago_controller_configuration/share/tiago_controller_configuration/config/local_joint_control/actuator_parameters/arm_1_joint.yaml
[0.610s] -- Up-to-date symlink: /home/khaledob/bookros2_ws/install/tiago_controller_configuration/share/tiago_controller_configuration/config/local_joint_control/actuator_parameters/arm_1_joint_safety.yaml
[0.610s] -- Up-to-date symlink: /home/khaledob/bookros2_ws/install/tiago_controller_configuration/share/tiago_controller_configuration/config/local_joint_control/actuator_parameters/arm_2_joint.yaml
[0.610s] -- Up-to-date symlink: /home/khaledob/bookros2_ws/install/tiago_controller_configuration/share/tiago_controller_configuration/config/local_joint_control/actuator_parameters/arm_2_joint_safety.yaml
[0.610s] -- Up-to-date symlink: /home/khaledob/bookros2_ws/install/tiago_controller_configuration/share/tiago_controller_configuration/config/local_joint_control/actuator_parameters/arm_3_joint.yaml
[0.612s] -- Up-to-date symlink: /home/khaledob/bookros2_ws/install/tiago_controller_configuration/share/tiago_controller_configuration/config/local_joint_control/actuator_parameters/arm_3_joint_safety.yaml
[0.616s] -- Up-to-date symlink: /home/khaledob/bookros2_ws/install/tiago_controller_configuration/share/tiago_controller_configuration/config/local_joint_control/actuator_parameters/arm_4_joint.yaml
[0.617s] -- Up-to-date symlink: /home/khaledob/bookros2_ws/install/tiago_controller_configuration/share/tiago_controller_configuration/config/local_joint_control/actuator_parameters/arm_4_joint_safety.yaml
[0.617s] -- Up-to-date symlink: /home/khaledob/bookros2_ws/install/tiago_controller_configuration/share/tiago_controller_configuration/config/local_joint_control/actuator_parameters/arm_5_joint.yaml
[0.617s] -- Up-to-date symlink: /home/khaledob/bookros2_ws/install/tiago_controller_configuration/share/tiago_controller_configuration/config/local_joint_control/actuator_parameters/arm_5_joint_safety.yaml
[0.617s] -- Up-to-date symlink: /home/khaledob/bookros2_ws/install/tiago_controller_configuration/share/tiago_controller_configuration/config/local_joint_control/actuator_parameters/arm_6_joint.yaml
[0.621s] -- Up-to-date symlink: /home/khaledob/bookros2_ws/install/tiago_controller_configuration/share/tiago_controller_configuration/config/local_joint_control/actuator_parameters/arm_6_joint_safety.yaml
[0.624s] -- Up-to-date symlink: /home/khaledob/bookros2_ws/install/tiago_controller_configuration/share/tiago_controller_configuration/config/local_joint_control/actuator_parameters/arm_7_joint.yaml
[0.624s] -- Up-to-date symlink: /home/khaledob/bookros2_ws/install/tiago_controller_configuration/share/tiago_controller_configuration/config/local_joint_control/actuator_parameters/arm_7_joint_safety.yaml
[0.625s] -- Up-to-date symlink: /home/khaledob/bookros2_ws/install/tiago_controller_configuration/share/tiago_controller_configuration/config/local_joint_control/actuator_parameters/head_1_joint.yaml
[0.627s] -- Up-to-date symlink: /home/khaledob/bookros2_ws/install/tiago_controller_configuration/share/tiago_controller_configuration/config/local_joint_control/actuator_parameters/head_2_joint.yaml
[0.630s] -- Up-to-date symlink: /home/khaledob/bookros2_ws/install/tiago_controller_configuration/share/tiago_controller_configuration/config/local_joint_control/actuator_parameters/torso_lift_joint.yaml
[0.649s] -- Up-to-date symlink: /home/khaledob/bookros2_ws/install/tiago_controller_configuration/share/tiago_controller_configuration/config/local_joint_control/direct_effort_control/arm_1_joint.yaml
[0.650s] -- Up-to-date symlink: /home/khaledob/bookros2_ws/install/tiago_controller_configuration/share/tiago_controller_configuration/config/local_joint_control/direct_effort_control/arm_2_joint.yaml
[0.651s] -- Up-to-date symlink: /home/khaledob/bookros2_ws/install/tiago_controller_configuration/share/tiago_controller_configuration/config/local_joint_control/direct_effort_control/arm_3_joint.yaml
[0.651s] -- Up-to-date symlink: /home/khaledob/bookros2_ws/install/tiago_controller_configuration/share/tiago_controller_configuration/config/local_joint_control/direct_effort_control/arm_4_joint.yaml
[0.651s] -- Up-to-date symlink: /home/khaledob/bookros2_ws/install/tiago_controller_configuration/share/tiago_controller_configuration/config/local_joint_control/direct_effort_control/arm_5_joint.yaml
[0.652s] -- Up-to-date symlink: /home/khaledob/bookros2_ws/install/tiago_controller_configuration/share/tiago_controller_configuration/config/local_joint_control/direct_effort_control/arm_6_joint.yaml
[0.653s] -- Up-to-date symlink: /home/khaledob/bookros2_ws/install/tiago_controller_configuration/share/tiago_controller_configuration/config/local_joint_control/direct_effort_control/arm_7_joint.yaml
[0.653s] -- Up-to-date symlink: /home/khaledob/bookros2_ws/install/tiago_controller_configuration/share/tiago_controller_configuration/config/local_joint_control/no_control/arm_1_joint_params.yaml
[0.653s] -- Up-to-date symlink: /home/khaledob/bookros2_ws/install/tiago_controller_configuration/share/tiago_controller_configuration/config/local_joint_control/no_control/arm_2_joint_params.yaml
[0.653s] -- Up-to-date symlink: /home/khaledob/bookros2_ws/install/tiago_controller_configuration/share/tiago_controller_configuration/config/local_joint_control/no_control/arm_3_joint_params.yaml
[0.657s] -- Up-to-date symlink: /home/khaledob/bookros2_ws/install/tiago_controller_configuration/share/tiago_controller_configuration/config/local_joint_control/no_control/arm_4_joint_params.yaml
[0.659s] -- Up-to-date symlink: /home/khaledob/bookros2_ws/install/tiago_controller_configuration/share/tiago_controller_configuration/config/local_joint_control/no_control/arm_5_joint_params.yaml
[0.659s] -- Up-to-date symlink: /home/khaledob/bookros2_ws/install/tiago_controller_configuration/share/tiago_controller_configuration/config/local_joint_control/no_control/arm_6_joint_params.yaml
[0.660s] -- Up-to-date symlink: /home/khaledob/bookros2_ws/install/tiago_controller_configuration/share/tiago_controller_configuration/config/local_joint_control/no_control/arm_7_joint_params.yaml
[0.662s] -- Up-to-date symlink: /home/khaledob/bookros2_ws/install/tiago_controller_configuration/share/tiago_controller_configuration/config/local_joint_control/no_control/torso_lift_joint_params.yaml
[0.662s] -- Up-to-date symlink: /home/khaledob/bookros2_ws/install/tiago_controller_configuration/share/tiago_controller_configuration/config/mobile_base_controller.yaml
[0.662s] -- Up-to-date symlink: /home/khaledob/bookros2_ws/install/tiago_controller_configuration/share/tiago_controller_configuration/config/mobile_base_controller_multipliers.yaml
[0.662s] -- Up-to-date symlink: /home/khaledob/bookros2_ws/install/tiago_controller_configuration/share/tiago_controller_configuration/config/pal-gripper_gravity_compensation_with_controller_wrist_controller.yaml
[0.664s] -- Up-to-date symlink: /home/khaledob/bookros2_ws/install/tiago_controller_configuration/share/tiago_controller_configuration/config/pal-gripper_joint_trajectory_controllers.yaml
[0.664s] -- Up-to-date symlink: /home/khaledob/bookros2_ws/install/tiago_controller_configuration/share/tiago_controller_configuration/config/pal-hey5_gravity_compensation_with_controller_wrist_controller.yaml
[0.665s] -- Up-to-date symlink: /home/khaledob/bookros2_ws/install/tiago_controller_configuration/share/tiago_controller_configuration/config/pal-hey5_joint_trajectory_controllers.yaml
[0.665s] -- Up-to-date symlink: /home/khaledob/bookros2_ws/install/tiago_controller_configuration/share/tiago_controller_configuration/config/pids.yaml
[0.666s] -- Up-to-date symlink: /home/khaledob/bookros2_ws/install/tiago_controller_configuration/share/tiago_controller_configuration/config/schunk-wsg_gravity_compensation_with_controller_wrist_controller.yaml
[0.666s] -- Up-to-date symlink: /home/khaledob/bookros2_ws/install/tiago_controller_configuration/share/tiago_controller_configuration/config/schunk-wsg_joint_trajectory_controllers.yaml
[0.670s] -- Up-to-date symlink: /home/khaledob/bookros2_ws/install/tiago_controller_configuration/share/tiago_controller_configuration/config/torso_controller.yaml
[0.670s] -- Up-to-date symlink: /home/khaledob/bookros2_ws/install/tiago_controller_configuration/share/tiago_controller_configuration/launch/arm_controller.launch.py
[0.670s] -- Up-to-date symlink: /home/khaledob/bookros2_ws/install/tiago_controller_configuration/share/tiago_controller_configuration/launch/current_limit_controllers.launch
[0.670s] -- Up-to-date symlink: /home/khaledob/bookros2_ws/install/tiago_controller_configuration/share/tiago_controller_configuration/launch/default_controllers.launch
[0.670s] -- Up-to-date symlink: /home/khaledob/bookros2_ws/install/tiago_controller_configuration/share/tiago_controller_configuration/launch/default_controllers.launch.py
[0.670s] -- Up-to-date symlink: /home/khaledob/bookros2_ws/install/tiago_controller_configuration/share/tiago_controller_configuration/launch/force_torque_controller.launch
[0.670s] -- Up-to-date symlink: /home/khaledob/bookros2_ws/install/tiago_controller_configuration/share/tiago_controller_configuration/launch/gravity_compensation.launch
[0.670s] -- Up-to-date symlink: /home/khaledob/bookros2_ws/install/tiago_controller_configuration/share/tiago_controller_configuration/launch/gripper_controller.launch
[0.671s] -- Up-to-date symlink: /home/khaledob/bookros2_ws/install/tiago_controller_configuration/share/tiago_controller_configuration/launch/gripper_controller.launch.py
[0.671s] -- Up-to-date symlink: /home/khaledob/bookros2_ws/install/tiago_controller_configuration/share/tiago_controller_configuration/launch/head_controller.launch.py
[0.671s] -- Up-to-date symlink: /home/khaledob/bookros2_ws/install/tiago_controller_configuration/share/tiago_controller_configuration/launch/hey5_controller.launch
[0.671s] -- Up-to-date symlink: /home/khaledob/bookros2_ws/install/tiago_controller_configuration/share/tiago_controller_configuration/launch/imu_controller.launch
[0.671s] -- Up-to-date symlink: /home/khaledob/bookros2_ws/install/tiago_controller_configuration/share/tiago_controller_configuration/launch/joint_state_broadcaster.launch.py
[0.686s] -- Up-to-date symlink: /home/khaledob/bookros2_ws/install/tiago_controller_configuration/share/tiago_controller_configuration/launch/joint_state_controller.launch
[0.694s] -- Up-to-date symlink: /home/khaledob/bookros2_ws/install/tiago_controller_configuration/share/tiago_controller_configuration/launch/local_joint_control/direct_control.launch
[0.696s] -- Up-to-date symlink: /home/khaledob/bookros2_ws/install/tiago_controller_configuration/share/tiago_controller_configuration/launch/mobile_base_controller.launch.py
[0.696s] -- Up-to-date symlink: /home/khaledob/bookros2_ws/install/tiago_controller_configuration/share/tiago_controller_configuration/launch/pal-gripper_controller.launch.py
[0.696s] -- Up-to-date symlink: /home/khaledob/bookros2_ws/install/tiago_controller_configuration/share/tiago_controller_configuration/launch/pal-hey5_controller.launch.py
[0.719s] -- Up-to-date symlink: /home/khaledob/bookros2_ws/install/tiago_controller_configuration/share/tiago_controller_configuration/launch/tiago_controllers.launch
[0.719s] -- Up-to-date symlink: /home/khaledob/bookros2_ws/install/tiago_controller_configuration/share/tiago_controller_configuration/launch/torso_controller.launch.py
[0.720s] -- Up-to-date symlink: /home/khaledob/bookros2_ws/install/tiago_controller_configuration/share/tiago_controller_configuration/launch/wbc_controllers.launch
[0.723s] -- Up-to-date symlink: /home/khaledob/bookros2_ws/install/tiago_controller_configuration/share/ament_index/resource_index/package_run_dependencies/tiago_controller_configuration
[0.723s] -- Up-to-date symlink: /home/khaledob/bookros2_ws/install/tiago_controller_configuration/share/ament_index/resource_index/parent_prefix_path/tiago_controller_configuration
[0.723s] -- Up-to-date symlink: /home/khaledob/bookros2_ws/install/tiago_controller_configuration/share/tiago_controller_configuration/environment/ament_prefix_path.sh
[0.724s] -- Up-to-date symlink: /home/khaledob/bookros2_ws/install/tiago_controller_configuration/share/tiago_controller_configuration/environment/ament_prefix_path.dsv
[0.724s] -- Up-to-date symlink: /home/khaledob/bookros2_ws/install/tiago_controller_configuration/share/tiago_controller_configuration/environment/path.sh
[0.724s] -- Up-to-date symlink: /home/khaledob/bookros2_ws/install/tiago_controller_configuration/share/tiago_controller_configuration/environment/path.dsv
[0.724s] -- Up-to-date symlink: /home/khaledob/bookros2_ws/install/tiago_controller_configuration/share/tiago_controller_configuration/local_setup.bash
[0.725s] -- Up-to-date symlink: /home/khaledob/bookros2_ws/install/tiago_controller_configuration/share/tiago_controller_configuration/local_setup.sh
[0.725s] -- Up-to-date symlink: /home/khaledob/bookros2_ws/install/tiago_controller_configuration/share/tiago_controller_configuration/local_setup.zsh
[0.725s] -- Up-to-date symlink: /home/khaledob/bookros2_ws/install/tiago_controller_configuration/share/tiago_controller_configuration/local_setup.dsv
[0.725s] -- Up-to-date symlink: /home/khaledob/bookros2_ws/install/tiago_controller_configuration/share/tiago_controller_configuration/package.dsv
[0.726s] -- Up-to-date symlink: /home/khaledob/bookros2_ws/install/tiago_controller_configuration/share/ament_index/resource_index/packages/tiago_controller_configuration
[0.726s] -- Up-to-date symlink: /home/khaledob/bookros2_ws/install/tiago_controller_configuration/share/tiago_controller_configuration/cmake/tiago_controller_configurationConfig.cmake
[0.726s] -- Up-to-date symlink: /home/khaledob/bookros2_ws/install/tiago_controller_configuration/share/tiago_controller_configuration/cmake/tiago_controller_configurationConfig-version.cmake
[0.726s] -- Up-to-date symlink: /home/khaledob/bookros2_ws/install/tiago_controller_configuration/share/tiago_controller_configuration/package.xml
[0.774s] Invoked command in '/home/khaledob/bookros2_ws/build/tiago_controller_configuration' returned '0': AMENT_PREFIX_PATH=/home/khaledob/bookros2_ws/install/pal_gripper_controller_configuration:/home/khaledob/bookros2_ws/install/position_controllers:/home/khaledob/bookros2_ws/install/joint_state_controller:/home/khaledob/bookros2_ws/install/joint_trajectory_controller:/home/khaledob/bookros2_ws/install/joint_state_broadcaster:/home/khaledob/bookros2_ws/install/forward_command_controller:/home/khaledob/bookros2_ws/install/diff_drive_controller:/home/khaledob/bookros2_ws/install/controller_manager:/home/khaledob/bookros2_ws/install/controller_interface:/home/khaledob/bookros2_ws/install/hardware_interface:/home/khaledob/bookros2_ws/install/ros2_control_test_assets:/home/khaledob/bookros2_ws/install/controller_manager_msgs:${AMENT_PREFIX_PATH} CMAKE_PREFIX_PATH=/home/khaledob/bookros2_ws/install/pal_gripper_controller_configuration:/home/khaledob/bookros2_ws/install/position_controllers:/home/khaledob/bookros2_ws/install/joint_state_controller:/home/khaledob/bookros2_ws/install/joint_trajectory_controller:/home/khaledob/bookros2_ws/install/joint_state_broadcaster:/home/khaledob/bookros2_ws/install/forward_command_controller:/home/khaledob/bookros2_ws/install/diff_drive_controller:/home/khaledob/bookros2_ws/install/controller_manager:/home/khaledob/bookros2_ws/install/controller_interface:/home/khaledob/bookros2_ws/install/hardware_interface:/home/khaledob/bookros2_ws/install/ros2_control_test_assets:/home/khaledob/bookros2_ws/install/controller_manager_msgs:/opt/ros/foxy LD_LIBRARY_PATH=/home/khaledob/bookros2_ws/install/position_controllers/lib:/home/khaledob/bookros2_ws/install/joint_state_controller/lib:/home/khaledob/bookros2_ws/install/joint_trajectory_controller/lib:/home/khaledob/bookros2_ws/install/joint_state_broadcaster/lib:/home/khaledob/bookros2_ws/install/forward_command_controller/lib:/home/khaledob/bookros2_ws/install/diff_drive_controller/lib:/home/khaledob/bookros2_ws/install/controller_manager/lib:/home/khaledob/bookros2_ws/install/controller_interface/lib:/home/khaledob/bookros2_ws/install/hardware_interface/lib:/home/khaledob/bookros2_ws/install/controller_manager_msgs/lib:${LD_LIBRARY_PATH} PYTHONPATH=/home/khaledob/bookros2_ws/install/controller_manager/lib/python3.8/site-packages:/home/khaledob/bookros2_ws/install/controller_manager_msgs/lib/python3.8/site-packages:${PYTHONPATH} /usr/bin/cmake --install /home/khaledob/bookros2_ws/build/tiago_controller_configuration
