[0.528s] Invoking command in '/home/khaledob/bookros2_ws/build/controller_manager': AMENT_PREFIX_PATH=/home/khaledob/bookros2_ws/install/controller_interface:/home/khaledob/bookros2_ws/install/hardware_interface:/home/khaledob/bookros2_ws/install/ros2_control_test_assets:/home/khaledob/bookros2_ws/install/controller_manager_msgs:${AMENT_PREFIX_PATH} CMAKE_PREFIX_PATH=/home/khaledob/bookros2_ws/install/controller_interface:/home/khaledob/bookros2_ws/install/hardware_interface:/home/khaledob/bookros2_ws/install/ros2_control_test_assets:/home/khaledob/bookros2_ws/install/controller_manager_msgs:/opt/ros/foxy LD_LIBRARY_PATH=/home/khaledob/bookros2_ws/install/controller_interface/lib:/home/khaledob/bookros2_ws/install/hardware_interface/lib:/home/khaledob/bookros2_ws/install/controller_manager_msgs/lib:${LD_LIBRARY_PATH} PYTHONPATH=/home/khaledob/bookros2_ws/install/controller_manager_msgs/lib/python3.8/site-packages:${PYTHONPATH} /usr/bin/cmake --build /home/khaledob/bookros2_ws/build/controller_manager -- -j7 -l7
[1.227s] [  8%] Built target controller_manager
[1.341s] [ 16%] Built target gmock_main
[1.701s] [ 24%] Built target test_controller_failed_init
[2.096s] [ 32%] Built target ros2_control_node
[2.345s] [ 40%] Built target test_controller
[2.749s] [ 48%] Built target test_controller_with_interfaces
[2.998s] [ 60%] Built target gmock
[3.611s] [ 68%] Built target test_release_interfaces
[3.753s] [ 76%] Built target test_controller_manager_srvs
[3.960s] [ 84%] Built target test_spawner_unspawner
[4.467s] [ 92%] Built target test_load_controller
[4.801s] [100%] Built target test_controller_manager
[4.979s] Invoked command in '/home/khaledob/bookros2_ws/build/controller_manager' returned '0': AMENT_PREFIX_PATH=/home/khaledob/bookros2_ws/install/controller_interface:/home/khaledob/bookros2_ws/install/hardware_interface:/home/khaledob/bookros2_ws/install/ros2_control_test_assets:/home/khaledob/bookros2_ws/install/controller_manager_msgs:${AMENT_PREFIX_PATH} CMAKE_PREFIX_PATH=/home/khaledob/bookros2_ws/install/controller_interface:/home/khaledob/bookros2_ws/install/hardware_interface:/home/khaledob/bookros2_ws/install/ros2_control_test_assets:/home/khaledob/bookros2_ws/install/controller_manager_msgs:/opt/ros/foxy LD_LIBRARY_PATH=/home/khaledob/bookros2_ws/install/controller_interface/lib:/home/khaledob/bookros2_ws/install/hardware_interface/lib:/home/khaledob/bookros2_ws/install/controller_manager_msgs/lib:${LD_LIBRARY_PATH} PYTHONPATH=/home/khaledob/bookros2_ws/install/controller_manager_msgs/lib/python3.8/site-packages:${PYTHONPATH} /usr/bin/cmake --build /home/khaledob/bookros2_ws/build/controller_manager -- -j7 -l7
[4.997s] Invoking command in '/home/khaledob/bookros2_ws/build/controller_manager': AMENT_PREFIX_PATH=/home/khaledob/bookros2_ws/install/controller_interface:/home/khaledob/bookros2_ws/install/hardware_interface:/home/khaledob/bookros2_ws/install/ros2_control_test_assets:/home/khaledob/bookros2_ws/install/controller_manager_msgs:${AMENT_PREFIX_PATH} CMAKE_PREFIX_PATH=/home/khaledob/bookros2_ws/install/controller_interface:/home/khaledob/bookros2_ws/install/hardware_interface:/home/khaledob/bookros2_ws/install/ros2_control_test_assets:/home/khaledob/bookros2_ws/install/controller_manager_msgs:/opt/ros/foxy LD_LIBRARY_PATH=/home/khaledob/bookros2_ws/install/controller_interface/lib:/home/khaledob/bookros2_ws/install/hardware_interface/lib:/home/khaledob/bookros2_ws/install/controller_manager_msgs/lib:${LD_LIBRARY_PATH} PYTHONPATH=/home/khaledob/bookros2_ws/install/controller_manager_msgs/lib/python3.8/site-packages:${PYTHONPATH} /usr/bin/cmake --install /home/khaledob/bookros2_ws/build/controller_manager
[5.110s] -- Install configuration: ""
[5.111s] -- Execute custom install script
[5.111s] -- Up-to-date symlink: /home/khaledob/bookros2_ws/install/controller_manager/lib/libcontroller_manager.so
[5.111s] -- Up-to-date symlink: /home/khaledob/bookros2_ws/install/controller_manager/lib/controller_manager/ros2_control_node
[5.115s] -- Up-to-date symlink: /home/khaledob/bookros2_ws/install/controller_manager/include/controller_manager/controller_manager.hpp
[5.145s] -- Up-to-date symlink: /home/khaledob/bookros2_ws/install/controller_manager/include/controller_manager/controller_spec.hpp
[5.145s] -- Up-to-date symlink: /home/khaledob/bookros2_ws/install/controller_manager/include/controller_manager/visibility_control.h
[5.146s] -- Up-to-date symlink: /home/khaledob/bookros2_ws/install/controller_manager/lib/controller_manager/spawner.py
[5.147s] -- Up-to-date symlink: /home/khaledob/bookros2_ws/install/controller_manager/lib/controller_manager/unspawner.py
[5.167s] -- Up-to-date symlink: /home/khaledob/bookros2_ws/install/controller_manager/share/controller_manager/test/test_controller/test_controller.xml
[5.167s] -- Up-to-date symlink: /home/khaledob/bookros2_ws/install/controller_manager/lib/libtest_controller.so
[5.167s] -- Up-to-date symlink: /home/khaledob/bookros2_ws/install/controller_manager/share/controller_manager/test/test_controller_failed_init/test_controller_failed_init.xml
[5.167s] -- Up-to-date symlink: /home/khaledob/bookros2_ws/install/controller_manager/lib/libtest_controller_failed_init.so
[5.167s] -- Up-to-date symlink: /home/khaledob/bookros2_ws/install/controller_manager/share/controller_manager/test/test_controller_with_interfaces/test_controller_with_interfaces.xml
[5.203s] -- Up-to-date symlink: /home/khaledob/bookros2_ws/install/controller_manager/lib/libtest_controller_with_interfaces.so
[5.204s] -- Up-to-date symlink: /home/khaledob/bookros2_ws/install/controller_manager/share/controller_manager/environment/pythonpath.sh
[5.204s] -- Up-to-date symlink: /home/khaledob/bookros2_ws/install/controller_manager/share/controller_manager/environment/pythonpath.dsv
[5.204s] -- Up-to-date symlink: /home/khaledob/bookros2_ws/install/controller_manager/lib/python3.8/site-packages/controller_manager/__init__.py
[5.205s] -- Up-to-date symlink: /home/khaledob/bookros2_ws/install/controller_manager/lib/python3.8/site-packages/controller_manager/controller_manager_services.py
[5.205s] -- Up-to-date symlink: /home/khaledob/bookros2_ws/install/controller_manager/lib/python3.8/site-packages/controller_manager/launch_utils.py
[5.205s] -- Up-to-date symlink: /home/khaledob/bookros2_ws/install/controller_manager/share/controller_manager/environment/library_path.sh
[5.205s] -- Up-to-date symlink: /home/khaledob/bookros2_ws/install/controller_manager/share/controller_manager/environment/library_path.dsv
[5.206s] -- Up-to-date symlink: /home/khaledob/bookros2_ws/install/controller_manager/share/ament_index/resource_index/package_run_dependencies/controller_manager
[5.253s] -- Up-to-date symlink: /home/khaledob/bookros2_ws/install/controller_manager/share/ament_index/resource_index/parent_prefix_path/controller_manager
[5.254s] -- Up-to-date symlink: /home/khaledob/bookros2_ws/install/controller_manager/share/controller_manager/environment/ament_prefix_path.sh
[5.254s] -- Up-to-date symlink: /home/khaledob/bookros2_ws/install/controller_manager/share/controller_manager/environment/ament_prefix_path.dsv
[5.254s] -- Up-to-date symlink: /home/khaledob/bookros2_ws/install/controller_manager/share/controller_manager/environment/path.sh
[5.254s] -- Up-to-date symlink: /home/khaledob/bookros2_ws/install/controller_manager/share/controller_manager/environment/path.dsv
[5.255s] -- Up-to-date symlink: /home/khaledob/bookros2_ws/install/controller_manager/share/controller_manager/local_setup.bash
[5.255s] -- Up-to-date symlink: /home/khaledob/bookros2_ws/install/controller_manager/share/controller_manager/local_setup.sh
[5.255s] -- Up-to-date symlink: /home/khaledob/bookros2_ws/install/controller_manager/share/controller_manager/local_setup.zsh
[5.255s] -- Up-to-date symlink: /home/khaledob/bookros2_ws/install/controller_manager/share/controller_manager/local_setup.dsv
[5.256s] -- Symlinking: /home/khaledob/bookros2_ws/install/controller_manager/share/controller_manager/package.dsv
[5.320s] -- Up-to-date symlink: /home/khaledob/bookros2_ws/install/controller_manager/share/ament_index/resource_index/packages/controller_manager
[5.320s] -- Up-to-date symlink: /home/khaledob/bookros2_ws/install/controller_manager/share/ament_index/resource_index/controller_interface__pluginlib__plugin/controller_manager
[5.320s] -- Up-to-date symlink: /home/khaledob/bookros2_ws/install/controller_manager/share/controller_manager/cmake/ament_cmake_export_libraries-extras.cmake
[5.320s] -- Up-to-date symlink: /home/khaledob/bookros2_ws/install/controller_manager/share/controller_manager/cmake/ament_cmake_export_include_directories-extras.cmake
[5.321s] -- Up-to-date symlink: /home/khaledob/bookros2_ws/install/controller_manager/share/controller_manager/cmake/ament_cmake_export_dependencies-extras.cmake
[5.321s] -- Up-to-date symlink: /home/khaledob/bookros2_ws/install/controller_manager/share/controller_manager/cmake/controller_managerConfig.cmake
[5.321s] -- Up-to-date symlink: /home/khaledob/bookros2_ws/install/controller_manager/share/controller_manager/cmake/controller_managerConfig-version.cmake
[5.321s] -- Up-to-date symlink: /home/khaledob/bookros2_ws/install/controller_manager/share/controller_manager/package.xml
[5.456s] Listing '/home/khaledob/bookros2_ws/install/controller_manager/lib/python3.8/site-packages/controller_manager'...
[5.491s] Invoked command in '/home/khaledob/bookros2_ws/build/controller_manager' returned '0': AMENT_PREFIX_PATH=/home/khaledob/bookros2_ws/install/controller_interface:/home/khaledob/bookros2_ws/install/hardware_interface:/home/khaledob/bookros2_ws/install/ros2_control_test_assets:/home/khaledob/bookros2_ws/install/controller_manager_msgs:${AMENT_PREFIX_PATH} CMAKE_PREFIX_PATH=/home/khaledob/bookros2_ws/install/controller_interface:/home/khaledob/bookros2_ws/install/hardware_interface:/home/khaledob/bookros2_ws/install/ros2_control_test_assets:/home/khaledob/bookros2_ws/install/controller_manager_msgs:/opt/ros/foxy LD_LIBRARY_PATH=/home/khaledob/bookros2_ws/install/controller_interface/lib:/home/khaledob/bookros2_ws/install/hardware_interface/lib:/home/khaledob/bookros2_ws/install/controller_manager_msgs/lib:${LD_LIBRARY_PATH} PYTHONPATH=/home/khaledob/bookros2_ws/install/controller_manager_msgs/lib/python3.8/site-packages:${PYTHONPATH} /usr/bin/cmake --install /home/khaledob/bookros2_ws/build/controller_manager
