[0.184s] Invoking command in '/home/khaledob/bookros2_ws/build/br2_basics': CMAKE_PREFIX_PATH=${CMAKE_PREFIX_PATH}:/home/khaledob/bookros2_ws/install/ros2controlcli:/home/khaledob/bookros2_ws/install/launch_pal:/home/khaledob/bookros2_ws/install/br2_fsm_bumpgo_py:/opt/ros/foxy /usr/bin/cmake --build /home/khaledob/bookros2_ws/build/br2_basics -- -j7 -l7
[0.888s] [ 14%] Built target publisher
[1.190s] [ 28%] Built target param_reader
[1.315s] [ 42%] Built target logger_class
[1.639s] [ 57%] Built target subscriber_class
[1.868s] [ 71%] Built target publisher_class
[2.261s] [ 85%] Built target logger
[2.483s] [100%] Built target executors
[2.755s] Invoked command in '/home/khaledob/bookros2_ws/build/br2_basics' returned '0': CMAKE_PREFIX_PATH=${CMAKE_PREFIX_PATH}:/home/khaledob/bookros2_ws/install/ros2controlcli:/home/khaledob/bookros2_ws/install/launch_pal:/home/khaledob/bookros2_ws/install/br2_fsm_bumpgo_py:/opt/ros/foxy /usr/bin/cmake --build /home/khaledob/bookros2_ws/build/br2_basics -- -j7 -l7
[2.777s] Invoking command in '/home/khaledob/bookros2_ws/build/br2_basics': CMAKE_PREFIX_PATH=${CMAKE_PREFIX_PATH}:/home/khaledob/bookros2_ws/install/ros2controlcli:/home/khaledob/bookros2_ws/install/launch_pal:/home/khaledob/bookros2_ws/install/br2_fsm_bumpgo_py:/opt/ros/foxy /usr/bin/cmake --install /home/khaledob/bookros2_ws/build/br2_basics
[2.834s] -- Install configuration: ""
[2.849s] -- Execute custom install script
[2.877s] -- Up-to-date symlink: /home/khaledob/bookros2_ws/install/br2_basics/lib/br2_basics/publisher
[2.877s] -- Up-to-date symlink: /home/khaledob/bookros2_ws/install/br2_basics/lib/br2_basics/publisher_class
[2.918s] -- Up-to-date symlink: /home/khaledob/bookros2_ws/install/br2_basics/lib/br2_basics/subscriber_class
[2.918s] -- Up-to-date symlink: /home/khaledob/bookros2_ws/install/br2_basics/lib/br2_basics/executors
[2.918s] -- Up-to-date symlink: /home/khaledob/bookros2_ws/install/br2_basics/lib/br2_basics/logger
[2.918s] -- Up-to-date symlink: /home/khaledob/bookros2_ws/install/br2_basics/lib/br2_basics/logger_class
[2.919s] -- Up-to-date symlink: /home/khaledob/bookros2_ws/install/br2_basics/lib/br2_basics/param_reader
[2.921s] -- Up-to-date symlink: /home/khaledob/bookros2_ws/install/br2_basics/share/br2_basics/launch/includer_launch.py
[2.933s] -- Up-to-date symlink: /home/khaledob/bookros2_ws/install/br2_basics/share/br2_basics/launch/param_node_v1_launch.py
[2.937s] -- Up-to-date symlink: /home/khaledob/bookros2_ws/install/br2_basics/share/br2_basics/launch/param_node_v2_launch.py
[2.939s] -- Up-to-date symlink: /home/khaledob/bookros2_ws/install/br2_basics/share/br2_basics/launch/pub_sub_v1_launch.py
[2.940s] -- Up-to-date symlink: /home/khaledob/bookros2_ws/install/br2_basics/share/br2_basics/launch/pub_sub_v2_launch.py
[2.941s] -- Up-to-date symlink: /home/khaledob/bookros2_ws/install/br2_basics/share/br2_basics/config/params.yaml
[2.963s] -- Up-to-date symlink: /home/khaledob/bookros2_ws/install/br2_basics/share/ament_index/resource_index/package_run_dependencies/br2_basics
[2.972s] -- Up-to-date symlink: /home/khaledob/bookros2_ws/install/br2_basics/share/ament_index/resource_index/parent_prefix_path/br2_basics
[2.974s] -- Up-to-date symlink: /home/khaledob/bookros2_ws/install/br2_basics/share/br2_basics/environment/ament_prefix_path.sh
[2.975s] -- Up-to-date symlink: /home/khaledob/bookros2_ws/install/br2_basics/share/br2_basics/environment/ament_prefix_path.dsv
[2.975s] -- Up-to-date symlink: /home/khaledob/bookros2_ws/install/br2_basics/share/br2_basics/environment/path.sh
[3.008s] -- Up-to-date symlink: /home/khaledob/bookros2_ws/install/br2_basics/share/br2_basics/environment/path.dsv
[3.011s] -- Up-to-date symlink: /home/khaledob/bookros2_ws/install/br2_basics/share/br2_basics/local_setup.bash
[3.041s] -- Up-to-date symlink: /home/khaledob/bookros2_ws/install/br2_basics/share/br2_basics/local_setup.sh
[3.042s] -- Up-to-date symlink: /home/khaledob/bookros2_ws/install/br2_basics/share/br2_basics/local_setup.zsh
[3.042s] -- Up-to-date symlink: /home/khaledob/bookros2_ws/install/br2_basics/share/br2_basics/local_setup.dsv
[3.042s] -- Symlinking: /home/khaledob/bookros2_ws/install/br2_basics/share/br2_basics/package.dsv
[3.042s] -- Up-to-date symlink: /home/khaledob/bookros2_ws/install/br2_basics/share/ament_index/resource_index/packages/br2_basics
[3.042s] -- Up-to-date symlink: /home/khaledob/bookros2_ws/install/br2_basics/share/br2_basics/cmake/ament_cmake_export_dependencies-extras.cmake
[3.042s] -- Up-to-date symlink: /home/khaledob/bookros2_ws/install/br2_basics/share/br2_basics/cmake/br2_basicsConfig.cmake
[3.043s] -- Up-to-date symlink: /home/khaledob/bookros2_ws/install/br2_basics/share/br2_basics/cmake/br2_basicsConfig-version.cmake
[3.043s] -- Up-to-date symlink: /home/khaledob/bookros2_ws/install/br2_basics/share/br2_basics/package.xml
[3.369s] Invoked command in '/home/khaledob/bookros2_ws/build/br2_basics' returned '0': CMAKE_PREFIX_PATH=${CMAKE_PREFIX_PATH}:/home/khaledob/bookros2_ws/install/ros2controlcli:/home/khaledob/bookros2_ws/install/launch_pal:/home/khaledob/bookros2_ws/install/br2_fsm_bumpgo_py:/opt/ros/foxy /usr/bin/cmake --install /home/khaledob/bookros2_ws/build/br2_basics
