[0.357s] Invoking command in '/home/khaledob/bookros2_ws/build/br2_tracking': AMENT_PREFIX_PATH=/home/khaledob/bookros2_ws/install/br2_tracking_msgs:${AMENT_PREFIX_PATH} CMAKE_PREFIX_PATH=/home/khaledob/bookros2_ws/install/br2_tracking_msgs:/opt/ros/foxy LD_LIBRARY_PATH=/home/khaledob/bookros2_ws/install/br2_tracking_msgs/lib:${LD_LIBRARY_PATH} PYTHONPATH=/home/khaledob/bookros2_ws/install/br2_tracking_msgs/lib/python3.8/site-packages:${PYTHONPATH} /usr/bin/cmake --build /home/khaledob/bookros2_ws/build/br2_tracking -- -j7 -l7
[0.572s] [ 14%] Built target gtest
[0.574s] [ 28%] Built target gtest_main
[0.658s] [ 57%] Built target br2_tracking
[0.795s] [ 71%] Built target pid_test
[0.832s] [ 85%] Built target object_detector
[0.859s] [100%] Built target object_tracker
[0.936s] Invoked command in '/home/khaledob/bookros2_ws/build/br2_tracking' returned '0': AMENT_PREFIX_PATH=/home/khaledob/bookros2_ws/install/br2_tracking_msgs:${AMENT_PREFIX_PATH} CMAKE_PREFIX_PATH=/home/khaledob/bookros2_ws/install/br2_tracking_msgs:/opt/ros/foxy LD_LIBRARY_PATH=/home/khaledob/bookros2_ws/install/br2_tracking_msgs/lib:${LD_LIBRARY_PATH} PYTHONPATH=/home/khaledob/bookros2_ws/install/br2_tracking_msgs/lib/python3.8/site-packages:${PYTHONPATH} /usr/bin/cmake --build /home/khaledob/bookros2_ws/build/br2_tracking -- -j7 -l7
[0.938s] Invoking command in '/home/khaledob/bookros2_ws/build/br2_tracking': AMENT_PREFIX_PATH=/home/khaledob/bookros2_ws/install/br2_tracking_msgs:${AMENT_PREFIX_PATH} CMAKE_PREFIX_PATH=/home/khaledob/bookros2_ws/install/br2_tracking_msgs:/opt/ros/foxy LD_LIBRARY_PATH=/home/khaledob/bookros2_ws/install/br2_tracking_msgs/lib:${LD_LIBRARY_PATH} PYTHONPATH=/home/khaledob/bookros2_ws/install/br2_tracking_msgs/lib/python3.8/site-packages:${PYTHONPATH} /usr/bin/cmake --install /home/khaledob/bookros2_ws/build/br2_tracking
[0.961s] -- Install configuration: "Debug"
[0.962s] -- Execute custom install script
[0.962s] -- Up-to-date symlink: /home/khaledob/bookros2_ws/install/br2_tracking/lib/libbr2_tracking.so
[0.962s] -- Up-to-date symlink: /home/khaledob/bookros2_ws/install/br2_tracking/lib/br2_tracking/object_detector
[0.962s] -- Up-to-date symlink: /home/khaledob/bookros2_ws/install/br2_tracking/lib/br2_tracking/object_tracker
[0.968s] -- Up-to-date symlink: /home/khaledob/bookros2_ws/install/br2_tracking/include/include/br2_tracking/HeadController.hpp
[0.968s] -- Up-to-date symlink: /home/khaledob/bookros2_ws/install/br2_tracking/include/include/br2_tracking/ObjectDetector.hpp
[0.968s] -- Up-to-date symlink: /home/khaledob/bookros2_ws/install/br2_tracking/include/include/br2_tracking/PIDController.hpp
[0.969s] -- Up-to-date symlink: /home/khaledob/bookros2_ws/install/br2_tracking/share/br2_tracking/launch/tracking.launch.py
[0.969s] -- Up-to-date symlink: /home/khaledob/bookros2_ws/install/br2_tracking/share/br2_tracking/config/detector.yaml
[0.969s] -- Up-to-date symlink: /home/khaledob/bookros2_ws/install/br2_tracking/share/br2_tracking/environment/library_path.sh
[0.969s] -- Up-to-date symlink: /home/khaledob/bookros2_ws/install/br2_tracking/share/br2_tracking/environment/library_path.dsv
[0.971s] -- Up-to-date symlink: /home/khaledob/bookros2_ws/install/br2_tracking/share/ament_index/resource_index/package_run_dependencies/br2_tracking
[0.972s] -- Up-to-date symlink: /home/khaledob/bookros2_ws/install/br2_tracking/share/ament_index/resource_index/parent_prefix_path/br2_tracking
[0.972s] -- Up-to-date symlink: /home/khaledob/bookros2_ws/install/br2_tracking/share/br2_tracking/environment/ament_prefix_path.sh
[0.973s] -- Up-to-date symlink: /home/khaledob/bookros2_ws/install/br2_tracking/share/br2_tracking/environment/ament_prefix_path.dsv
[0.973s] -- Up-to-date symlink: /home/khaledob/bookros2_ws/install/br2_tracking/share/br2_tracking/environment/path.sh
[0.974s] -- Up-to-date symlink: /home/khaledob/bookros2_ws/install/br2_tracking/share/br2_tracking/environment/path.dsv
[0.976s] -- Up-to-date symlink: /home/khaledob/bookros2_ws/install/br2_tracking/share/br2_tracking/local_setup.bash
[0.978s] -- Up-to-date symlink: /home/khaledob/bookros2_ws/install/br2_tracking/share/br2_tracking/local_setup.sh
[0.979s] -- Up-to-date symlink: /home/khaledob/bookros2_ws/install/br2_tracking/share/br2_tracking/local_setup.zsh
[0.979s] -- Up-to-date symlink: /home/khaledob/bookros2_ws/install/br2_tracking/share/br2_tracking/local_setup.dsv
[0.979s] -- Symlinking: /home/khaledob/bookros2_ws/install/br2_tracking/share/br2_tracking/package.dsv
[1.088s] -- Up-to-date symlink: /home/khaledob/bookros2_ws/install/br2_tracking/share/ament_index/resource_index/packages/br2_tracking
[1.106s] -- Up-to-date symlink: /home/khaledob/bookros2_ws/install/br2_tracking/share/br2_tracking/cmake/ament_cmake_export_include_directories-extras.cmake
[1.107s] -- Up-to-date symlink: /home/khaledob/bookros2_ws/install/br2_tracking/share/br2_tracking/cmake/ament_cmake_export_libraries-extras.cmake
[1.108s] -- Up-to-date symlink: /home/khaledob/bookros2_ws/install/br2_tracking/share/br2_tracking/cmake/ament_cmake_export_dependencies-extras.cmake
[1.108s] -- Up-to-date symlink: /home/khaledob/bookros2_ws/install/br2_tracking/share/br2_tracking/cmake/br2_trackingConfig.cmake
[1.153s] -- Up-to-date symlink: /home/khaledob/bookros2_ws/install/br2_tracking/share/br2_tracking/cmake/br2_trackingConfig-version.cmake
[1.157s] -- Up-to-date symlink: /home/khaledob/bookros2_ws/install/br2_tracking/share/br2_tracking/package.xml
[1.287s] Invoked command in '/home/khaledob/bookros2_ws/build/br2_tracking' returned '0': AMENT_PREFIX_PATH=/home/khaledob/bookros2_ws/install/br2_tracking_msgs:${AMENT_PREFIX_PATH} CMAKE_PREFIX_PATH=/home/khaledob/bookros2_ws/install/br2_tracking_msgs:/opt/ros/foxy LD_LIBRARY_PATH=/home/khaledob/bookros2_ws/install/br2_tracking_msgs/lib:${LD_LIBRARY_PATH} PYTHONPATH=/home/khaledob/bookros2_ws/install/br2_tracking_msgs/lib/python3.8/site-packages:${PYTHONPATH} /usr/bin/cmake --install /home/khaledob/bookros2_ws/build/br2_tracking
