[0.186s] Invoking command in '/home/khaledob/bookros2_ws/build/br2_bt_patrolling': CMAKE_PREFIX_PATH=/opt/ros/foxy /usr/bin/cmake --build /home/khaledob/bookros2_ws/build/br2_bt_patrolling -- -j6 -l6
[0.548s] [ 10%] Built target patrolling_main
[0.589s] [ 20%] Built target br2_battery_checker_bt_node
[0.590s] [ 30%] Built target br2_recharge_bt_node
[0.699s] [ 40%] Built target br2_get_waypoint_bt_node
[0.700s] [ 50%] Built target br2_track_objects_bt_node
[0.703s] [ 60%] Built target br2_move_bt_node
[0.730s] [ 70%] Built target gtest_main
[0.731s] [ 80%] Built target gtest
[0.766s] [ 90%] Built target br2_patrol_bt_node
[0.915s] [100%] Built target bt_action_test
[1.212s] Invoked command in '/home/khaledob/bookros2_ws/build/br2_bt_patrolling' returned '0': CMAKE_PREFIX_PATH=/opt/ros/foxy /usr/bin/cmake --build /home/khaledob/bookros2_ws/build/br2_bt_patrolling -- -j6 -l6
[1.219s] Invoking command in '/home/khaledob/bookros2_ws/build/br2_bt_patrolling': CMAKE_PREFIX_PATH=/opt/ros/foxy /usr/bin/cmake --install /home/khaledob/bookros2_ws/build/br2_bt_patrolling
[1.285s] -- Install configuration: "Debug"
[1.306s] -- Execute custom install script
[1.306s] -- Up-to-date symlink: /home/khaledob/bookros2_ws/install/br2_bt_patrolling/lib/libbr2_recharge_bt_node.so
[1.306s] -- Up-to-date symlink: /home/khaledob/bookros2_ws/install/br2_bt_patrolling/lib/libbr2_patrol_bt_node.so
[1.306s] -- Up-to-date symlink: /home/khaledob/bookros2_ws/install/br2_bt_patrolling/lib/libbr2_move_bt_node.so
[1.306s] -- Up-to-date symlink: /home/khaledob/bookros2_ws/install/br2_bt_patrolling/lib/libbr2_get_waypoint_bt_node.so
[1.306s] -- Up-to-date symlink: /home/khaledob/bookros2_ws/install/br2_bt_patrolling/lib/libbr2_battery_checker_bt_node.so
[1.306s] -- Up-to-date symlink: /home/khaledob/bookros2_ws/install/br2_bt_patrolling/lib/libbr2_track_objects_bt_node.so
[1.306s] -- Up-to-date symlink: /home/khaledob/bookros2_ws/install/br2_bt_patrolling/lib/br2_bt_patrolling/patrolling_main
[1.306s] -- Up-to-date symlink: /home/khaledob/bookros2_ws/install/br2_bt_patrolling/include//br2_bt_patrolling/BatteryChecker.hpp
[1.307s] -- Up-to-date symlink: /home/khaledob/bookros2_ws/install/br2_bt_patrolling/include//br2_bt_patrolling/GetWaypoint.hpp
[1.307s] -- Up-to-date symlink: /home/khaledob/bookros2_ws/install/br2_bt_patrolling/include//br2_bt_patrolling/Move.hpp
[1.307s] -- Up-to-date symlink: /home/khaledob/bookros2_ws/install/br2_bt_patrolling/include//br2_bt_patrolling/Patrol.hpp
[1.307s] -- Up-to-date symlink: /home/khaledob/bookros2_ws/install/br2_bt_patrolling/include//br2_bt_patrolling/Recharge.hpp
[1.307s] -- Up-to-date symlink: /home/khaledob/bookros2_ws/install/br2_bt_patrolling/include//br2_bt_patrolling/TrackObjects.hpp
[1.307s] -- Up-to-date symlink: /home/khaledob/bookros2_ws/install/br2_bt_patrolling/include//br2_bt_patrolling/ctrl_support/BTActionNode.hpp
[1.307s] -- Up-to-date symlink: /home/khaledob/bookros2_ws/install/br2_bt_patrolling/include//br2_bt_patrolling/ctrl_support/BTLifecycleCtrlNode.hpp
[1.307s] -- Up-to-date symlink: /home/khaledob/bookros2_ws/install/br2_bt_patrolling/share/br2_bt_patrolling/behavior_tree_xml/patrolling.xml
[1.307s] -- Up-to-date symlink: /home/khaledob/bookros2_ws/install/br2_bt_patrolling/share/br2_bt_patrolling/launch/patrolling.launch.py
[1.307s] -- Up-to-date symlink: /home/khaledob/bookros2_ws/install/br2_bt_patrolling/share/ament_index/resource_index/package_run_dependencies/br2_bt_patrolling
[1.307s] -- Up-to-date symlink: /home/khaledob/bookros2_ws/install/br2_bt_patrolling/share/ament_index/resource_index/parent_prefix_path/br2_bt_patrolling
[1.307s] -- Up-to-date symlink: /home/khaledob/bookros2_ws/install/br2_bt_patrolling/share/br2_bt_patrolling/environment/ament_prefix_path.sh
[1.307s] -- Up-to-date symlink: /home/khaledob/bookros2_ws/install/br2_bt_patrolling/share/br2_bt_patrolling/environment/ament_prefix_path.dsv
[1.307s] -- Up-to-date symlink: /home/khaledob/bookros2_ws/install/br2_bt_patrolling/share/br2_bt_patrolling/environment/path.sh
[1.308s] -- Up-to-date symlink: /home/khaledob/bookros2_ws/install/br2_bt_patrolling/share/br2_bt_patrolling/environment/path.dsv
[1.308s] -- Up-to-date symlink: /home/khaledob/bookros2_ws/install/br2_bt_patrolling/share/br2_bt_patrolling/local_setup.bash
[1.308s] -- Up-to-date symlink: /home/khaledob/bookros2_ws/install/br2_bt_patrolling/share/br2_bt_patrolling/local_setup.sh
[1.308s] -- Up-to-date symlink: /home/khaledob/bookros2_ws/install/br2_bt_patrolling/share/br2_bt_patrolling/local_setup.zsh
[1.308s] -- Up-to-date symlink: /home/khaledob/bookros2_ws/install/br2_bt_patrolling/share/br2_bt_patrolling/local_setup.dsv
[1.308s] -- Symlinking: /home/khaledob/bookros2_ws/install/br2_bt_patrolling/share/br2_bt_patrolling/package.dsv
[1.309s] -- Up-to-date symlink: /home/khaledob/bookros2_ws/install/br2_bt_patrolling/share/ament_index/resource_index/packages/br2_bt_patrolling
[1.309s] -- Up-to-date symlink: /home/khaledob/bookros2_ws/install/br2_bt_patrolling/share/br2_bt_patrolling/cmake/ament_cmake_export_include_directories-extras.cmake
[1.309s] -- Up-to-date symlink: /home/khaledob/bookros2_ws/install/br2_bt_patrolling/share/br2_bt_patrolling/cmake/ament_cmake_export_dependencies-extras.cmake
[1.309s] -- Up-to-date symlink: /home/khaledob/bookros2_ws/install/br2_bt_patrolling/share/br2_bt_patrolling/cmake/br2_bt_patrollingConfig.cmake
[1.309s] -- Up-to-date symlink: /home/khaledob/bookros2_ws/install/br2_bt_patrolling/share/br2_bt_patrolling/cmake/br2_bt_patrollingConfig-version.cmake
[1.309s] -- Up-to-date symlink: /home/khaledob/bookros2_ws/install/br2_bt_patrolling/share/br2_bt_patrolling/package.xml
[1.535s] Invoked command in '/home/khaledob/bookros2_ws/build/br2_bt_patrolling' returned '0': CMAKE_PREFIX_PATH=/opt/ros/foxy /usr/bin/cmake --install /home/khaledob/bookros2_ws/build/br2_bt_patrolling
