[0.668s] Invoking command in '/home/khaledob/bookros2_ws/build/br2_tf2_detector': CMAKE_PREFIX_PATH=${CMAKE_PREFIX_PATH}:/home/khaledob/bookros2_ws/install/ros2controlcli:/home/khaledob/bookros2_ws/install/launch_pal:/home/khaledob/bookros2_ws/install/br2_fsm_bumpgo_py:/opt/ros/foxy /usr/bin/cmake --build /home/khaledob/bookros2_ws/build/br2_tf2_detector -- -j7 -l7
[1.278s] [ 50%] Built target br2_tf2_detector
[1.490s] [ 75%] Built target detector
[1.873s] [100%] Built target detector_improved
[1.959s] Invoked command in '/home/khaledob/bookros2_ws/build/br2_tf2_detector' returned '0': CMAKE_PREFIX_PATH=${CMAKE_PREFIX_PATH}:/home/khaledob/bookros2_ws/install/ros2controlcli:/home/khaledob/bookros2_ws/install/launch_pal:/home/khaledob/bookros2_ws/install/br2_fsm_bumpgo_py:/opt/ros/foxy /usr/bin/cmake --build /home/khaledob/bookros2_ws/build/br2_tf2_detector -- -j7 -l7
[2.000s] Invoking command in '/home/khaledob/bookros2_ws/build/br2_tf2_detector': CMAKE_PREFIX_PATH=${CMAKE_PREFIX_PATH}:/home/khaledob/bookros2_ws/install/ros2controlcli:/home/khaledob/bookros2_ws/install/launch_pal:/home/khaledob/bookros2_ws/install/br2_fsm_bumpgo_py:/opt/ros/foxy /usr/bin/cmake --install /home/khaledob/bookros2_ws/build/br2_tf2_detector
[2.791s] -- Install configuration: ""
[2.791s] -- Execute custom install script
[2.791s] -- Up-to-date symlink: /home/khaledob/bookros2_ws/install/br2_tf2_detector/lib/libbr2_tf2_detector.so
[2.792s] -- Up-to-date symlink: /home/khaledob/bookros2_ws/install/br2_tf2_detector/lib/br2_tf2_detector/detector
[2.792s] -- Up-to-date symlink: /home/khaledob/bookros2_ws/install/br2_tf2_detector/lib/br2_tf2_detector/detector_improved
[2.792s] -- Up-to-date symlink: /home/khaledob/bookros2_ws/install/br2_tf2_detector/share/br2_tf2_detector/launch/detector_basic.launch.py
[2.793s] -- Up-to-date symlink: /home/khaledob/bookros2_ws/install/br2_tf2_detector/share/br2_tf2_detector/launch/detector_improved.launch.py
[2.793s] -- Up-to-date symlink: /home/khaledob/bookros2_ws/install/br2_tf2_detector/share/ament_index/resource_index/package_run_dependencies/br2_tf2_detector
[2.793s] -- Up-to-date symlink: /home/khaledob/bookros2_ws/install/br2_tf2_detector/share/ament_index/resource_index/parent_prefix_path/br2_tf2_detector
[2.793s] -- Up-to-date symlink: /home/khaledob/bookros2_ws/install/br2_tf2_detector/share/br2_tf2_detector/environment/ament_prefix_path.sh
[2.793s] -- Up-to-date symlink: /home/khaledob/bookros2_ws/install/br2_tf2_detector/share/br2_tf2_detector/environment/ament_prefix_path.dsv
[2.793s] -- Up-to-date symlink: /home/khaledob/bookros2_ws/install/br2_tf2_detector/share/br2_tf2_detector/environment/path.sh
[2.793s] -- Up-to-date symlink: /home/khaledob/bookros2_ws/install/br2_tf2_detector/share/br2_tf2_detector/environment/path.dsv
[2.793s] -- Up-to-date symlink: /home/khaledob/bookros2_ws/install/br2_tf2_detector/share/br2_tf2_detector/local_setup.bash
[2.794s] -- Up-to-date symlink: /home/khaledob/bookros2_ws/install/br2_tf2_detector/share/br2_tf2_detector/local_setup.sh
[2.794s] -- Up-to-date symlink: /home/khaledob/bookros2_ws/install/br2_tf2_detector/share/br2_tf2_detector/local_setup.zsh
[2.794s] -- Up-to-date symlink: /home/khaledob/bookros2_ws/install/br2_tf2_detector/share/br2_tf2_detector/local_setup.dsv
[2.794s] -- Symlinking: /home/khaledob/bookros2_ws/install/br2_tf2_detector/share/br2_tf2_detector/package.dsv
[2.794s] -- Up-to-date symlink: /home/khaledob/bookros2_ws/install/br2_tf2_detector/share/ament_index/resource_index/packages/br2_tf2_detector
[2.794s] -- Up-to-date symlink: /home/khaledob/bookros2_ws/install/br2_tf2_detector/share/br2_tf2_detector/cmake/br2_tf2_detectorConfig.cmake
[2.794s] -- Up-to-date symlink: /home/khaledob/bookros2_ws/install/br2_tf2_detector/share/br2_tf2_detector/cmake/br2_tf2_detectorConfig-version.cmake
[2.795s] -- Up-to-date symlink: /home/khaledob/bookros2_ws/install/br2_tf2_detector/share/br2_tf2_detector/package.xml
[2.824s] Invoked command in '/home/khaledob/bookros2_ws/build/br2_tf2_detector' returned '0': CMAKE_PREFIX_PATH=${CMAKE_PREFIX_PATH}:/home/khaledob/bookros2_ws/install/ros2controlcli:/home/khaledob/bookros2_ws/install/launch_pal:/home/khaledob/bookros2_ws/install/br2_fsm_bumpgo_py:/opt/ros/foxy /usr/bin/cmake --install /home/khaledob/bookros2_ws/build/br2_tf2_detector
