[0.085s] Invoking command in '/home/khaledob/bookros2_ws/src/build/hardware_interface': AMENT_PREFIX_PATH=/home/khaledob/bookros2_ws/src/install/ros2_control_test_assets:${AMENT_PREFIX_PATH} CMAKE_PREFIX_PATH=/home/khaledob/bookros2_ws/src/install/ros2_control_test_assets:/opt/ros/foxy /usr/bin/cmake /home/khaledob/bookros2_ws/src/ThirdParty/ros2_control/hardware_interface -DAMENT_CMAKE_SYMLINK_INSTALL=1 -DCMAKE_INSTALL_PREFIX=/home/khaledob/bookros2_ws/src/install/hardware_interface
[0.372s] -- The C compiler identification is GNU 9.4.0
[0.619s] -- The CXX compiler identification is GNU 9.4.0
[0.661s] -- Check for working C compiler: /usr/bin/cc
[1.006s] -- Check for working C compiler: /usr/bin/cc -- works
[1.036s] -- Detecting C compiler ABI info
[1.398s] -- Detecting C compiler ABI info - done
[1.456s] -- Detecting C compile features
[1.456s] -- Detecting C compile features - done
[1.471s] -- Check for working CXX compiler: /usr/bin/c++
[1.846s] -- Check for working CXX compiler: /usr/bin/c++ -- works
[1.850s] -- Detecting CXX compiler ABI info
[2.218s] -- Detecting CXX compiler ABI info - done
[2.284s] -- Detecting CXX compile features
[2.286s] -- Detecting CXX compile features - done
[2.290s] -- Found ament_cmake: 0.9.12 (/opt/ros/foxy/share/ament_cmake/cmake)
[2.362s] -- Found PythonInterp: /usr/bin/python3 (found suitable version "3.8.10", minimum required is "3") 
[2.363s] -- Using PYTHON_EXECUTABLE: /usr/bin/python3
[2.957s] -- Override CMake install command with custom implementation using symlinks instead of copying resources
[2.999s] -- Found control_msgs: 2.5.1 (/opt/ros/foxy/share/control_msgs/cmake)
[3.072s] -- Using all available rosidl_typesupport_c: rosidl_typesupport_fastrtps_c;rosidl_typesupport_introspection_c
[3.080s] -- Found rosidl_adapter: 1.3.1 (/opt/ros/foxy/share/rosidl_adapter/cmake)
[3.443s] -- Found OpenSSL: /usr/lib/x86_64-linux-gnu/libcrypto.so (found version "1.1.1f")  
[3.518s] -- Found FastRTPS: /opt/ros/foxy/include  
[3.731s] -- Using all available rosidl_typesupport_cpp: rosidl_typesupport_fastrtps_cpp;rosidl_typesupport_introspection_cpp
[5.115s] -- Found pluginlib: 2.5.4 (/opt/ros/foxy/share/pluginlib/cmake)
[5.247s] -- Found TinyXML2: /usr/lib/x86_64-linux-gnu/libtinyxml2.so  
[5.271s] -- Found ament_lint_auto: 0.9.8 (/opt/ros/foxy/share/ament_lint_auto/cmake)
[5.602s] -- Found gmock sources under '/opt/ros/foxy/src/gmock_vendor': C++ tests using 'Google Mock' will be built
[5.718s] -- Found ament_cmake_gtest: 0.9.12 (/opt/ros/foxy/share/ament_cmake_gtest/cmake)
[5.729s] -- Found gtest sources under '/opt/ros/foxy/src/gtest_vendor': C++ tests using 'Google Test' will be built
[5.729s] -- Added test 'copyright' to check source files copyright and LICENSE
[5.729s] -- Added test 'cppcheck' to perform static code analysis on C / C++ code
[5.729s] -- Configured cppcheck include dirs: /home/khaledob/bookros2_ws/src/ThirdParty/ros2_control/hardware_interface/include
[5.729s] -- Configured cppcheck exclude dirs and/or files: 
[5.730s] -- Added test 'cpplint' to check C / C++ code against the Google style
[5.740s] -- Configured cpplint exclude dirs and/or files: 
[5.740s] -- Added test 'lint_cmake' to check CMake code style
[5.744s] -- Added test 'uncrustify' to check C / C++ code style
[5.744s] -- Configured uncrustify additional arguments: 
[5.746s] -- Added test 'xmllint' to check XML markup files
[5.777s] -- Configuring done
[5.956s] -- Generating done
[5.991s] -- Build files have been written to: /home/khaledob/bookros2_ws/src/build/hardware_interface
[6.113s] Invoked command in '/home/khaledob/bookros2_ws/src/build/hardware_interface' returned '0': AMENT_PREFIX_PATH=/home/khaledob/bookros2_ws/src/install/ros2_control_test_assets:${AMENT_PREFIX_PATH} CMAKE_PREFIX_PATH=/home/khaledob/bookros2_ws/src/install/ros2_control_test_assets:/opt/ros/foxy /usr/bin/cmake /home/khaledob/bookros2_ws/src/ThirdParty/ros2_control/hardware_interface -DAMENT_CMAKE_SYMLINK_INSTALL=1 -DCMAKE_INSTALL_PREFIX=/home/khaledob/bookros2_ws/src/install/hardware_interface
[6.133s] Invoking command in '/home/khaledob/bookros2_ws/src/build/hardware_interface': AMENT_PREFIX_PATH=/home/khaledob/bookros2_ws/src/install/ros2_control_test_assets:${AMENT_PREFIX_PATH} CMAKE_PREFIX_PATH=/home/khaledob/bookros2_ws/src/install/ros2_control_test_assets:/opt/ros/foxy /usr/bin/cmake --build /home/khaledob/bookros2_ws/src/build/hardware_interface -- -j7 -l7
[9.181s] [35m[1mScanning dependencies of target gmock_main[0m
[9.181s] [35m[1mScanning dependencies of target hardware_interface[0m
[9.182s] [35m[1mScanning dependencies of target gmock[0m
[9.182s] [  2%] [32mBuilding CXX object CMakeFiles/hardware_interface.dir/src/actuator.cpp.o[0m
[9.182s] [  5%] [32mBuilding CXX object CMakeFiles/hardware_interface.dir/src/resource_manager.cpp.o[0m
[9.182s] [  8%] [32mBuilding CXX object gmock/CMakeFiles/gmock.dir/opt/ros/foxy/src/gtest_vendor/src/gtest-all.cc.o[0m
[9.182s] [ 11%] [32mBuilding CXX object CMakeFiles/hardware_interface.dir/src/component_parser.cpp.o[0m
[9.182s] [ 14%] [32mBuilding CXX object gmock/CMakeFiles/gmock_main.dir/src/gmock_main.cc.o[0m
[9.182s] [ 17%] [32mBuilding CXX object CMakeFiles/hardware_interface.dir/src/sensor.cpp.o[0m
[9.182s] [ 20%] [32mBuilding CXX object gmock/CMakeFiles/gmock.dir/src/gmock-all.cc.o[0m
[11.356s] [ 23%] [32mBuilding CXX object CMakeFiles/hardware_interface.dir/src/system.cpp.o[0m
[15.849s] [ 26%] [32m[1mLinking CXX static library libgmock_main.a[0m
[16.684s] [ 26%] Built target gmock_main
[32.992s] [ 29%] [32m[1mLinking CXX static library libgmock.a[0m
[33.735s] [ 29%] Built target gmock
[41.825s] [ 32%] [32m[1mLinking CXX shared library libhardware_interface.so[0m
[43.858s] [ 32%] Built target hardware_interface
[43.961s] [35m[1mScanning dependencies of target test_macros[0m
[44.189s] [ 35%] [32mBuilding CXX object CMakeFiles/test_macros.dir/test/test_macros.cpp.o[0m
[50.173s] [ 38%] [32m[1mLinking CXX executable test_macros[0m
[50.855s] [ 38%] Built target test_macros
[51.054s] [35m[1mScanning dependencies of target test_hardware_components[0m
[51.276s] [ 41%] [32mBuilding CXX object CMakeFiles/test_hardware_components.dir/test/test_hardware_components/test_single_joint_actuator.cpp.o[0m
[54.459s] [ 44%] [32mBuilding CXX object CMakeFiles/test_hardware_components.dir/test/test_hardware_components/test_force_torque_sensor.cpp.o[0m
[57.787s] [ 47%] [32mBuilding CXX object CMakeFiles/test_hardware_components.dir/test/test_hardware_components/test_two_joint_system.cpp.o[0m
[60.403s] [ 50%] [32mBuilding CXX object CMakeFiles/test_hardware_components.dir/test/test_hardware_components/test_system_with_command_modes.cpp.o[0m
[62.789s] [ 52%] [32m[1mLinking CXX shared library libtest_hardware_components.so[0m
[63.350s] [ 52%] Built target test_hardware_components
[63.444s] [35m[1mScanning dependencies of target test_generic_system[0m
[63.642s] [ 55%] [32mBuilding CXX object CMakeFiles/test_generic_system.dir/test/fake_components/test_generic_system.cpp.o[0m
[68.840s] [ 58%] [32m[1mLinking CXX executable test_generic_system[0m
[69.729s] [ 58%] Built target test_generic_system
[70.146s] [35m[1mScanning dependencies of target test_resource_manager[0m
[70.282s] [ 61%] [32mBuilding CXX object CMakeFiles/test_resource_manager.dir/test/test_resource_manager.cpp.o[0m
[74.512s] [ 64%] [32m[1mLinking CXX executable test_resource_manager[0m
[75.378s] [ 64%] Built target test_resource_manager
[75.418s] [35m[1mScanning dependencies of target test_components[0m
[75.633s] [ 67%] [32mBuilding CXX object CMakeFiles/test_components.dir/test/test_components/test_actuator.cpp.o[0m
[78.011s] [ 70%] [32mBuilding CXX object CMakeFiles/test_components.dir/test/test_components/test_system.cpp.o[0m
[80.984s] [ 73%] [32mBuilding CXX object CMakeFiles/test_components.dir/test/test_components/test_sensor.cpp.o[0m
[83.088s] [ 76%] [32m[1mLinking CXX shared library libtest_components.so[0m
[83.519s] [ 76%] Built target test_components
[83.611s] [35m[1mScanning dependencies of target test_component_parser[0m
[83.953s] [ 79%] [32mBuilding CXX object CMakeFiles/test_component_parser.dir/test/test_component_parser.cpp.o[0m
[91.241s] [ 82%] [32m[1mLinking CXX executable test_component_parser[0m
[92.366s] [ 82%] Built target test_component_parser
[92.447s] [35m[1mScanning dependencies of target test_joint_handle[0m
[92.530s] [ 85%] [32mBuilding CXX object CMakeFiles/test_joint_handle.dir/test/test_handle.cpp.o[0m
[96.831s] [ 88%] [32m[1mLinking CXX executable test_joint_handle[0m
[97.941s] [ 88%] Built target test_joint_handle
[98.050s] [35m[1mScanning dependencies of target test_component_interfaces[0m
[98.178s] [ 91%] [32mBuilding CXX object CMakeFiles/test_component_interfaces.dir/test/test_component_interfaces.cpp.o[0m
[103.716s] [ 94%] [32m[1mLinking CXX executable test_component_interfaces[0m
[104.704s] [ 94%] Built target test_component_interfaces
[104.739s] [35m[1mScanning dependencies of target fake_components[0m
[104.893s] [ 97%] [32mBuilding CXX object CMakeFiles/fake_components.dir/src/fake_components/generic_system.cpp.o[0m
[108.457s] [100%] [32m[1mLinking CXX shared library libfake_components.so[0m
[108.940s] [100%] Built target fake_components
[109.003s] Invoked command in '/home/khaledob/bookros2_ws/src/build/hardware_interface' returned '0': AMENT_PREFIX_PATH=/home/khaledob/bookros2_ws/src/install/ros2_control_test_assets:${AMENT_PREFIX_PATH} CMAKE_PREFIX_PATH=/home/khaledob/bookros2_ws/src/install/ros2_control_test_assets:/opt/ros/foxy /usr/bin/cmake --build /home/khaledob/bookros2_ws/src/build/hardware_interface -- -j7 -l7
[109.004s] Invoking command in '/home/khaledob/bookros2_ws/src/build/hardware_interface': AMENT_PREFIX_PATH=/home/khaledob/bookros2_ws/src/install/ros2_control_test_assets:${AMENT_PREFIX_PATH} CMAKE_PREFIX_PATH=/home/khaledob/bookros2_ws/src/install/ros2_control_test_assets:/opt/ros/foxy /usr/bin/cmake --install /home/khaledob/bookros2_ws/src/build/hardware_interface
[109.128s] -- Install configuration: ""
[109.130s] -- Execute custom install script
[109.130s] -- Symlinking: /home/khaledob/bookros2_ws/src/install/hardware_interface/share/hardware_interface//fake_components_plugin_description.xml
[109.131s] -- Symlinking: /home/khaledob/bookros2_ws/src/install/hardware_interface/include/fake_components/generic_system.hpp
[109.131s] -- Symlinking: /home/khaledob/bookros2_ws/src/install/hardware_interface/include/fake_components/visibility_control.h
[109.131s] -- Symlinking: /home/khaledob/bookros2_ws/src/install/hardware_interface/include/hardware_interface/actuator.hpp
[109.174s] -- Symlinking: /home/khaledob/bookros2_ws/src/install/hardware_interface/include/hardware_interface/actuator_interface.hpp
[109.208s] -- Symlinking: /home/khaledob/bookros2_ws/src/install/hardware_interface/include/hardware_interface/base_interface.hpp
[109.419s] -- Symlinking: /home/khaledob/bookros2_ws/src/install/hardware_interface/include/hardware_interface/component_parser.hpp
[109.507s] -- Symlinking: /home/khaledob/bookros2_ws/src/install/hardware_interface/include/hardware_interface/controller_info.hpp
[109.651s] -- Symlinking: /home/khaledob/bookros2_ws/src/install/hardware_interface/include/hardware_interface/handle.hpp
[109.700s] -- Symlinking: /home/khaledob/bookros2_ws/src/install/hardware_interface/include/hardware_interface/hardware_info.hpp
[109.812s] -- Symlinking: /home/khaledob/bookros2_ws/src/install/hardware_interface/include/hardware_interface/loaned_command_interface.hpp
[109.816s] -- Symlinking: /home/khaledob/bookros2_ws/src/install/hardware_interface/include/hardware_interface/loaned_state_interface.hpp
[109.849s] -- Symlinking: /home/khaledob/bookros2_ws/src/install/hardware_interface/include/hardware_interface/macros.hpp
[110.832s] -- Symlinking: /home/khaledob/bookros2_ws/src/install/hardware_interface/include/hardware_interface/resource_manager.hpp
[110.875s] -- Symlinking: /home/khaledob/bookros2_ws/src/install/hardware_interface/include/hardware_interface/sensor.hpp
[110.985s] -- Symlinking: /home/khaledob/bookros2_ws/src/install/hardware_interface/include/hardware_interface/sensor_interface.hpp
[111.074s] -- Symlinking: /home/khaledob/bookros2_ws/src/install/hardware_interface/include/hardware_interface/system.hpp
[111.136s] -- Symlinking: /home/khaledob/bookros2_ws/src/install/hardware_interface/include/hardware_interface/system_interface.hpp
[111.159s] -- Symlinking: /home/khaledob/bookros2_ws/src/install/hardware_interface/include/hardware_interface/types/hardware_interface_return_values.hpp
[111.191s] -- Symlinking: /home/khaledob/bookros2_ws/src/install/hardware_interface/include/hardware_interface/types/hardware_interface_status_values.hpp
[111.216s] -- Symlinking: /home/khaledob/bookros2_ws/src/install/hardware_interface/include/hardware_interface/types/hardware_interface_type_values.hpp
[111.237s] -- Symlinking: /home/khaledob/bookros2_ws/src/install/hardware_interface/include/hardware_interface/visibility_control.h
[111.265s] -- Symlinking: /home/khaledob/bookros2_ws/src/install/hardware_interface/lib/libfake_components.so
[111.301s] -- Symlinking: /home/khaledob/bookros2_ws/src/install/hardware_interface/lib/libhardware_interface.so
[111.327s] -- Symlinking: /home/khaledob/bookros2_ws/src/install/hardware_interface/lib/libtest_components.so
[111.362s] -- Symlinking: /home/khaledob/bookros2_ws/src/install/hardware_interface/share/hardware_interface/test/test_components/test_components.xml
[111.392s] -- Symlinking: /home/khaledob/bookros2_ws/src/install/hardware_interface/lib/libtest_hardware_components.so
[111.417s] -- Symlinking: /home/khaledob/bookros2_ws/src/install/hardware_interface/share/hardware_interface/test/test_hardware_components/test_hardware_components.xml
[111.447s] -- Symlinking: /home/khaledob/bookros2_ws/src/install/hardware_interface/share/hardware_interface/environment/library_path.sh
[111.474s] -- Symlinking: /home/khaledob/bookros2_ws/src/install/hardware_interface/share/hardware_interface/environment/library_path.dsv
[111.504s] -- Symlinking: /home/khaledob/bookros2_ws/src/install/hardware_interface/share/ament_index/resource_index/package_run_dependencies/hardware_interface
[111.576s] -- Symlinking: /home/khaledob/bookros2_ws/src/install/hardware_interface/share/ament_index/resource_index/parent_prefix_path/hardware_interface
[111.604s] -- Symlinking: /home/khaledob/bookros2_ws/src/install/hardware_interface/share/hardware_interface/environment/ament_prefix_path.sh
[111.631s] -- Symlinking: /home/khaledob/bookros2_ws/src/install/hardware_interface/share/hardware_interface/environment/ament_prefix_path.dsv
[111.684s] -- Symlinking: /home/khaledob/bookros2_ws/src/install/hardware_interface/share/hardware_interface/environment/path.sh
[111.735s] -- Symlinking: /home/khaledob/bookros2_ws/src/install/hardware_interface/share/hardware_interface/environment/path.dsv
[111.779s] -- Symlinking: /home/khaledob/bookros2_ws/src/install/hardware_interface/share/hardware_interface/local_setup.bash
[111.798s] -- Symlinking: /home/khaledob/bookros2_ws/src/install/hardware_interface/share/hardware_interface/local_setup.sh
[111.826s] -- Symlinking: /home/khaledob/bookros2_ws/src/install/hardware_interface/share/hardware_interface/local_setup.zsh
[111.858s] -- Symlinking: /home/khaledob/bookros2_ws/src/install/hardware_interface/share/hardware_interface/local_setup.dsv
[111.914s] -- Symlinking: /home/khaledob/bookros2_ws/src/install/hardware_interface/share/hardware_interface/package.dsv
[111.981s] -- Symlinking: /home/khaledob/bookros2_ws/src/install/hardware_interface/share/ament_index/resource_index/packages/hardware_interface
[112.043s] -- Symlinking: /home/khaledob/bookros2_ws/src/install/hardware_interface/share/ament_index/resource_index/hardware_interface__pluginlib__plugin/hardware_interface
[112.116s] -- Symlinking: /home/khaledob/bookros2_ws/src/install/hardware_interface/share/hardware_interface/cmake/ament_cmake_export_include_directories-extras.cmake
[112.159s] -- Symlinking: /home/khaledob/bookros2_ws/src/install/hardware_interface/share/hardware_interface/cmake/ament_cmake_export_libraries-extras.cmake
[112.191s] -- Symlinking: /home/khaledob/bookros2_ws/src/install/hardware_interface/share/hardware_interface/cmake/ament_cmake_export_dependencies-extras.cmake
[112.232s] -- Symlinking: /home/khaledob/bookros2_ws/src/install/hardware_interface/share/hardware_interface/cmake/hardware_interfaceConfig.cmake
[112.286s] -- Symlinking: /home/khaledob/bookros2_ws/src/install/hardware_interface/share/hardware_interface/cmake/hardware_interfaceConfig-version.cmake
[112.333s] -- Symlinking: /home/khaledob/bookros2_ws/src/install/hardware_interface/share/hardware_interface/package.xml
[112.413s] Invoked command in '/home/khaledob/bookros2_ws/src/build/hardware_interface' returned '0': AMENT_PREFIX_PATH=/home/khaledob/bookros2_ws/src/install/ros2_control_test_assets:${AMENT_PREFIX_PATH} CMAKE_PREFIX_PATH=/home/khaledob/bookros2_ws/src/install/ros2_control_test_assets:/opt/ros/foxy /usr/bin/cmake --install /home/khaledob/bookros2_ws/src/build/hardware_interface
