[0.299s] Invoking command in '/home/khaledob/bookros2_ws/build/velocity_controllers': AMENT_PREFIX_PATH=/home/khaledob/bookros2_ws/install/forward_command_controller:/home/khaledob/bookros2_ws/install/controller_manager:/home/khaledob/bookros2_ws/install/controller_interface:/home/khaledob/bookros2_ws/install/hardware_interface:/home/khaledob/bookros2_ws/install/ros2_control_test_assets:/home/khaledob/bookros2_ws/install/controller_manager_msgs:${AMENT_PREFIX_PATH} CMAKE_PREFIX_PATH=/home/khaledob/bookros2_ws/install/forward_command_controller:/home/khaledob/bookros2_ws/install/controller_manager:/home/khaledob/bookros2_ws/install/controller_interface:/home/khaledob/bookros2_ws/install/hardware_interface:/home/khaledob/bookros2_ws/install/ros2_control_test_assets:/home/khaledob/bookros2_ws/install/controller_manager_msgs:/opt/ros/foxy LD_LIBRARY_PATH=/home/khaledob/bookros2_ws/install/forward_command_controller/lib:/home/khaledob/bookros2_ws/install/controller_manager/lib:/home/khaledob/bookros2_ws/install/controller_interface/lib:/home/khaledob/bookros2_ws/install/hardware_interface/lib:/home/khaledob/bookros2_ws/install/controller_manager_msgs/lib:${LD_LIBRARY_PATH} PYTHONPATH=/home/khaledob/bookros2_ws/install/controller_manager/lib/python3.8/site-packages:/home/khaledob/bookros2_ws/install/controller_manager_msgs/lib/python3.8/site-packages:${PYTHONPATH} /usr/bin/cmake --build /home/khaledob/bookros2_ws/build/velocity_controllers -- -j7 -l7
[0.540s] [ 18%] Built target gmock_main
[0.566s] [ 36%] Built target velocity_controllers
[0.569s] [ 63%] Built target gmock
[0.768s] [ 81%] Built target test_load_joint_group_velocity_controller
[0.931s] [100%] Built target test_joint_group_velocity_controller
[1.003s] Invoked command in '/home/khaledob/bookros2_ws/build/velocity_controllers' returned '0': AMENT_PREFIX_PATH=/home/khaledob/bookros2_ws/install/forward_command_controller:/home/khaledob/bookros2_ws/install/controller_manager:/home/khaledob/bookros2_ws/install/controller_interface:/home/khaledob/bookros2_ws/install/hardware_interface:/home/khaledob/bookros2_ws/install/ros2_control_test_assets:/home/khaledob/bookros2_ws/install/controller_manager_msgs:${AMENT_PREFIX_PATH} CMAKE_PREFIX_PATH=/home/khaledob/bookros2_ws/install/forward_command_controller:/home/khaledob/bookros2_ws/install/controller_manager:/home/khaledob/bookros2_ws/install/controller_interface:/home/khaledob/bookros2_ws/install/hardware_interface:/home/khaledob/bookros2_ws/install/ros2_control_test_assets:/home/khaledob/bookros2_ws/install/controller_manager_msgs:/opt/ros/foxy LD_LIBRARY_PATH=/home/khaledob/bookros2_ws/install/forward_command_controller/lib:/home/khaledob/bookros2_ws/install/controller_manager/lib:/home/khaledob/bookros2_ws/install/controller_interface/lib:/home/khaledob/bookros2_ws/install/hardware_interface/lib:/home/khaledob/bookros2_ws/install/controller_manager_msgs/lib:${LD_LIBRARY_PATH} PYTHONPATH=/home/khaledob/bookros2_ws/install/controller_manager/lib/python3.8/site-packages:/home/khaledob/bookros2_ws/install/controller_manager_msgs/lib/python3.8/site-packages:${PYTHONPATH} /usr/bin/cmake --build /home/khaledob/bookros2_ws/build/velocity_controllers -- -j7 -l7
[1.039s] Invoking command in '/home/khaledob/bookros2_ws/build/velocity_controllers': AMENT_PREFIX_PATH=/home/khaledob/bookros2_ws/install/forward_command_controller:/home/khaledob/bookros2_ws/install/controller_manager:/home/khaledob/bookros2_ws/install/controller_interface:/home/khaledob/bookros2_ws/install/hardware_interface:/home/khaledob/bookros2_ws/install/ros2_control_test_assets:/home/khaledob/bookros2_ws/install/controller_manager_msgs:${AMENT_PREFIX_PATH} CMAKE_PREFIX_PATH=/home/khaledob/bookros2_ws/install/forward_command_controller:/home/khaledob/bookros2_ws/install/controller_manager:/home/khaledob/bookros2_ws/install/controller_interface:/home/khaledob/bookros2_ws/install/hardware_interface:/home/khaledob/bookros2_ws/install/ros2_control_test_assets:/home/khaledob/bookros2_ws/install/controller_manager_msgs:/opt/ros/foxy LD_LIBRARY_PATH=/home/khaledob/bookros2_ws/install/forward_command_controller/lib:/home/khaledob/bookros2_ws/install/controller_manager/lib:/home/khaledob/bookros2_ws/install/controller_interface/lib:/home/khaledob/bookros2_ws/install/hardware_interface/lib:/home/khaledob/bookros2_ws/install/controller_manager_msgs/lib:${LD_LIBRARY_PATH} PYTHONPATH=/home/khaledob/bookros2_ws/install/controller_manager/lib/python3.8/site-packages:/home/khaledob/bookros2_ws/install/controller_manager_msgs/lib/python3.8/site-packages:${PYTHONPATH} /usr/bin/cmake --install /home/khaledob/bookros2_ws/build/velocity_controllers
[1.063s] -- Install configuration: ""
[1.063s] -- Execute custom install script
[1.063s] -- Up-to-date symlink: /home/khaledob/bookros2_ws/install/velocity_controllers/share/velocity_controllers//velocity_controllers_plugins.xml
[1.064s] -- Up-to-date symlink: /home/khaledob/bookros2_ws/install/velocity_controllers/include/velocity_controllers/joint_group_velocity_controller.hpp
[1.064s] -- Up-to-date symlink: /home/khaledob/bookros2_ws/install/velocity_controllers/include/velocity_controllers/visibility_control.h
[1.064s] -- Up-to-date symlink: /home/khaledob/bookros2_ws/install/velocity_controllers/lib/libvelocity_controllers.so
[1.064s] -- Up-to-date symlink: /home/khaledob/bookros2_ws/install/velocity_controllers/share/velocity_controllers/environment/library_path.sh
[1.065s] -- Up-to-date symlink: /home/khaledob/bookros2_ws/install/velocity_controllers/share/velocity_controllers/environment/library_path.dsv
[1.065s] -- Up-to-date symlink: /home/khaledob/bookros2_ws/install/velocity_controllers/share/ament_index/resource_index/package_run_dependencies/velocity_controllers
[1.065s] -- Up-to-date symlink: /home/khaledob/bookros2_ws/install/velocity_controllers/share/ament_index/resource_index/parent_prefix_path/velocity_controllers
[1.065s] -- Up-to-date symlink: /home/khaledob/bookros2_ws/install/velocity_controllers/share/velocity_controllers/environment/ament_prefix_path.sh
[1.065s] -- Up-to-date symlink: /home/khaledob/bookros2_ws/install/velocity_controllers/share/velocity_controllers/environment/ament_prefix_path.dsv
[1.065s] -- Up-to-date symlink: /home/khaledob/bookros2_ws/install/velocity_controllers/share/velocity_controllers/environment/path.sh
[1.065s] -- Up-to-date symlink: /home/khaledob/bookros2_ws/install/velocity_controllers/share/velocity_controllers/environment/path.dsv
[1.065s] -- Up-to-date symlink: /home/khaledob/bookros2_ws/install/velocity_controllers/share/velocity_controllers/local_setup.bash
[1.066s] -- Up-to-date symlink: /home/khaledob/bookros2_ws/install/velocity_controllers/share/velocity_controllers/local_setup.sh
[1.066s] -- Up-to-date symlink: /home/khaledob/bookros2_ws/install/velocity_controllers/share/velocity_controllers/local_setup.zsh
[1.066s] -- Up-to-date symlink: /home/khaledob/bookros2_ws/install/velocity_controllers/share/velocity_controllers/local_setup.dsv
[1.066s] -- Symlinking: /home/khaledob/bookros2_ws/install/velocity_controllers/share/velocity_controllers/package.dsv
[1.104s] -- Up-to-date symlink: /home/khaledob/bookros2_ws/install/velocity_controllers/share/ament_index/resource_index/packages/velocity_controllers
[1.104s] -- Up-to-date symlink: /home/khaledob/bookros2_ws/install/velocity_controllers/share/ament_index/resource_index/controller_interface__pluginlib__plugin/velocity_controllers
[1.104s] -- Up-to-date symlink: /home/khaledob/bookros2_ws/install/velocity_controllers/share/velocity_controllers/cmake/ament_cmake_export_dependencies-extras.cmake
[1.110s] -- Up-to-date symlink: /home/khaledob/bookros2_ws/install/velocity_controllers/share/velocity_controllers/cmake/ament_cmake_export_include_directories-extras.cmake
[1.110s] -- Up-to-date symlink: /home/khaledob/bookros2_ws/install/velocity_controllers/share/velocity_controllers/cmake/ament_cmake_export_libraries-extras.cmake
[1.111s] -- Up-to-date symlink: /home/khaledob/bookros2_ws/install/velocity_controllers/share/velocity_controllers/cmake/velocity_controllersConfig.cmake
[1.111s] -- Up-to-date symlink: /home/khaledob/bookros2_ws/install/velocity_controllers/share/velocity_controllers/cmake/velocity_controllersConfig-version.cmake
[1.112s] -- Up-to-date symlink: /home/khaledob/bookros2_ws/install/velocity_controllers/share/velocity_controllers/package.xml
[1.349s] Invoked command in '/home/khaledob/bookros2_ws/build/velocity_controllers' returned '0': AMENT_PREFIX_PATH=/home/khaledob/bookros2_ws/install/forward_command_controller:/home/khaledob/bookros2_ws/install/controller_manager:/home/khaledob/bookros2_ws/install/controller_interface:/home/khaledob/bookros2_ws/install/hardware_interface:/home/khaledob/bookros2_ws/install/ros2_control_test_assets:/home/khaledob/bookros2_ws/install/controller_manager_msgs:${AMENT_PREFIX_PATH} CMAKE_PREFIX_PATH=/home/khaledob/bookros2_ws/install/forward_command_controller:/home/khaledob/bookros2_ws/install/controller_manager:/home/khaledob/bookros2_ws/install/controller_interface:/home/khaledob/bookros2_ws/install/hardware_interface:/home/khaledob/bookros2_ws/install/ros2_control_test_assets:/home/khaledob/bookros2_ws/install/controller_manager_msgs:/opt/ros/foxy LD_LIBRARY_PATH=/home/khaledob/bookros2_ws/install/forward_command_controller/lib:/home/khaledob/bookros2_ws/install/controller_manager/lib:/home/khaledob/bookros2_ws/install/controller_interface/lib:/home/khaledob/bookros2_ws/install/hardware_interface/lib:/home/khaledob/bookros2_ws/install/controller_manager_msgs/lib:${LD_LIBRARY_PATH} PYTHONPATH=/home/khaledob/bookros2_ws/install/controller_manager/lib/python3.8/site-packages:/home/khaledob/bookros2_ws/install/controller_manager_msgs/lib/python3.8/site-packages:${PYTHONPATH} /usr/bin/cmake --install /home/khaledob/bookros2_ws/build/velocity_controllers
