[0.245s] Invoking command in '/home/khaledob/bookros2_ws/build/velocity_controllers': AMENT_PREFIX_PATH=/home/khaledob/bookros2_ws/install/forward_command_controller:/home/khaledob/bookros2_ws/install/controller_manager:/home/khaledob/bookros2_ws/install/controller_interface:/home/khaledob/bookros2_ws/install/hardware_interface:/home/khaledob/bookros2_ws/install/ros2_control_test_assets:/home/khaledob/bookros2_ws/install/controller_manager_msgs:${AMENT_PREFIX_PATH} CMAKE_PREFIX_PATH=/home/khaledob/bookros2_ws/install/forward_command_controller:/home/khaledob/bookros2_ws/install/controller_manager:/home/khaledob/bookros2_ws/install/controller_interface:/home/khaledob/bookros2_ws/install/hardware_interface:/home/khaledob/bookros2_ws/install/ros2_control_test_assets:/home/khaledob/bookros2_ws/install/controller_manager_msgs:/opt/ros/foxy LD_LIBRARY_PATH=/home/khaledob/bookros2_ws/install/forward_command_controller/lib:/home/khaledob/bookros2_ws/install/controller_manager/lib:/home/khaledob/bookros2_ws/install/controller_interface/lib:/home/khaledob/bookros2_ws/install/hardware_interface/lib:/home/khaledob/bookros2_ws/install/controller_manager_msgs/lib:${LD_LIBRARY_PATH} PYTHONPATH=/home/khaledob/bookros2_ws/install/controller_manager/lib/python3.8/site-packages:/home/khaledob/bookros2_ws/install/controller_manager_msgs/lib/python3.8/site-packages:${PYTHONPATH} /usr/bin/cmake --build /home/khaledob/bookros2_ws/build/velocity_controllers -- -j6 -l6
[0.605s] [ 27%] Built target gmock
[0.640s] [ 45%] Built target gmock_main
[0.686s] [ 63%] Built target velocity_controllers
[0.789s] [ 81%] Built target test_load_joint_group_velocity_controller
[0.833s] [100%] Built target test_joint_group_velocity_controller
[1.106s] Invoked command in '/home/khaledob/bookros2_ws/build/velocity_controllers' returned '0': AMENT_PREFIX_PATH=/home/khaledob/bookros2_ws/install/forward_command_controller:/home/khaledob/bookros2_ws/install/controller_manager:/home/khaledob/bookros2_ws/install/controller_interface:/home/khaledob/bookros2_ws/install/hardware_interface:/home/khaledob/bookros2_ws/install/ros2_control_test_assets:/home/khaledob/bookros2_ws/install/controller_manager_msgs:${AMENT_PREFIX_PATH} CMAKE_PREFIX_PATH=/home/khaledob/bookros2_ws/install/forward_command_controller:/home/khaledob/bookros2_ws/install/controller_manager:/home/khaledob/bookros2_ws/install/controller_interface:/home/khaledob/bookros2_ws/install/hardware_interface:/home/khaledob/bookros2_ws/install/ros2_control_test_assets:/home/khaledob/bookros2_ws/install/controller_manager_msgs:/opt/ros/foxy LD_LIBRARY_PATH=/home/khaledob/bookros2_ws/install/forward_command_controller/lib:/home/khaledob/bookros2_ws/install/controller_manager/lib:/home/khaledob/bookros2_ws/install/controller_interface/lib:/home/khaledob/bookros2_ws/install/hardware_interface/lib:/home/khaledob/bookros2_ws/install/controller_manager_msgs/lib:${LD_LIBRARY_PATH} PYTHONPATH=/home/khaledob/bookros2_ws/install/controller_manager/lib/python3.8/site-packages:/home/khaledob/bookros2_ws/install/controller_manager_msgs/lib/python3.8/site-packages:${PYTHONPATH} /usr/bin/cmake --build /home/khaledob/bookros2_ws/build/velocity_controllers -- -j6 -l6
[1.116s] Invoking command in '/home/khaledob/bookros2_ws/build/velocity_controllers': AMENT_PREFIX_PATH=/home/khaledob/bookros2_ws/install/forward_command_controller:/home/khaledob/bookros2_ws/install/controller_manager:/home/khaledob/bookros2_ws/install/controller_interface:/home/khaledob/bookros2_ws/install/hardware_interface:/home/khaledob/bookros2_ws/install/ros2_control_test_assets:/home/khaledob/bookros2_ws/install/controller_manager_msgs:${AMENT_PREFIX_PATH} CMAKE_PREFIX_PATH=/home/khaledob/bookros2_ws/install/forward_command_controller:/home/khaledob/bookros2_ws/install/controller_manager:/home/khaledob/bookros2_ws/install/controller_interface:/home/khaledob/bookros2_ws/install/hardware_interface:/home/khaledob/bookros2_ws/install/ros2_control_test_assets:/home/khaledob/bookros2_ws/install/controller_manager_msgs:/opt/ros/foxy LD_LIBRARY_PATH=/home/khaledob/bookros2_ws/install/forward_command_controller/lib:/home/khaledob/bookros2_ws/install/controller_manager/lib:/home/khaledob/bookros2_ws/install/controller_interface/lib:/home/khaledob/bookros2_ws/install/hardware_interface/lib:/home/khaledob/bookros2_ws/install/controller_manager_msgs/lib:${LD_LIBRARY_PATH} PYTHONPATH=/home/khaledob/bookros2_ws/install/controller_manager/lib/python3.8/site-packages:/home/khaledob/bookros2_ws/install/controller_manager_msgs/lib/python3.8/site-packages:${PYTHONPATH} /usr/bin/cmake --install /home/khaledob/bookros2_ws/build/velocity_controllers
[1.207s] -- Install configuration: ""
[1.207s] -- Execute custom install script
[1.207s] -- Up-to-date symlink: /home/khaledob/bookros2_ws/install/velocity_controllers/share/velocity_controllers//velocity_controllers_plugins.xml
[1.207s] -- Up-to-date symlink: /home/khaledob/bookros2_ws/install/velocity_controllers/include/velocity_controllers/joint_group_velocity_controller.hpp
[1.208s] -- Up-to-date symlink: /home/khaledob/bookros2_ws/install/velocity_controllers/include/velocity_controllers/visibility_control.h
[1.208s] -- Up-to-date symlink: /home/khaledob/bookros2_ws/install/velocity_controllers/lib/libvelocity_controllers.so
[1.208s] -- Up-to-date symlink: /home/khaledob/bookros2_ws/install/velocity_controllers/share/velocity_controllers/environment/library_path.sh
[1.208s] -- Up-to-date symlink: /home/khaledob/bookros2_ws/install/velocity_controllers/share/velocity_controllers/environment/library_path.dsv
[1.208s] -- Up-to-date symlink: /home/khaledob/bookros2_ws/install/velocity_controllers/share/ament_index/resource_index/package_run_dependencies/velocity_controllers
[1.208s] -- Up-to-date symlink: /home/khaledob/bookros2_ws/install/velocity_controllers/share/ament_index/resource_index/parent_prefix_path/velocity_controllers
[1.208s] -- Up-to-date symlink: /home/khaledob/bookros2_ws/install/velocity_controllers/share/velocity_controllers/environment/ament_prefix_path.sh
[1.208s] -- Up-to-date symlink: /home/khaledob/bookros2_ws/install/velocity_controllers/share/velocity_controllers/environment/ament_prefix_path.dsv
[1.208s] -- Up-to-date symlink: /home/khaledob/bookros2_ws/install/velocity_controllers/share/velocity_controllers/environment/path.sh
[1.208s] -- Up-to-date symlink: /home/khaledob/bookros2_ws/install/velocity_controllers/share/velocity_controllers/environment/path.dsv
[1.220s] -- Up-to-date symlink: /home/khaledob/bookros2_ws/install/velocity_controllers/share/velocity_controllers/local_setup.bash
[1.221s] -- Up-to-date symlink: /home/khaledob/bookros2_ws/install/velocity_controllers/share/velocity_controllers/local_setup.sh
[1.221s] -- Up-to-date symlink: /home/khaledob/bookros2_ws/install/velocity_controllers/share/velocity_controllers/local_setup.zsh
[1.221s] -- Up-to-date symlink: /home/khaledob/bookros2_ws/install/velocity_controllers/share/velocity_controllers/local_setup.dsv
[1.221s] -- Symlinking: /home/khaledob/bookros2_ws/install/velocity_controllers/share/velocity_controllers/package.dsv
[1.242s] -- Up-to-date symlink: /home/khaledob/bookros2_ws/install/velocity_controllers/share/ament_index/resource_index/packages/velocity_controllers
[1.243s] -- Up-to-date symlink: /home/khaledob/bookros2_ws/install/velocity_controllers/share/ament_index/resource_index/controller_interface__pluginlib__plugin/velocity_controllers
[1.243s] -- Up-to-date symlink: /home/khaledob/bookros2_ws/install/velocity_controllers/share/velocity_controllers/cmake/ament_cmake_export_dependencies-extras.cmake
[1.244s] -- Up-to-date symlink: /home/khaledob/bookros2_ws/install/velocity_controllers/share/velocity_controllers/cmake/ament_cmake_export_include_directories-extras.cmake
[1.245s] -- Up-to-date symlink: /home/khaledob/bookros2_ws/install/velocity_controllers/share/velocity_controllers/cmake/ament_cmake_export_libraries-extras.cmake
[1.245s] -- Up-to-date symlink: /home/khaledob/bookros2_ws/install/velocity_controllers/share/velocity_controllers/cmake/velocity_controllersConfig.cmake
[1.246s] -- Up-to-date symlink: /home/khaledob/bookros2_ws/install/velocity_controllers/share/velocity_controllers/cmake/velocity_controllersConfig-version.cmake
[1.247s] -- Up-to-date symlink: /home/khaledob/bookros2_ws/install/velocity_controllers/share/velocity_controllers/package.xml
[1.387s] Invoked command in '/home/khaledob/bookros2_ws/build/velocity_controllers' returned '0': AMENT_PREFIX_PATH=/home/khaledob/bookros2_ws/install/forward_command_controller:/home/khaledob/bookros2_ws/install/controller_manager:/home/khaledob/bookros2_ws/install/controller_interface:/home/khaledob/bookros2_ws/install/hardware_interface:/home/khaledob/bookros2_ws/install/ros2_control_test_assets:/home/khaledob/bookros2_ws/install/controller_manager_msgs:${AMENT_PREFIX_PATH} CMAKE_PREFIX_PATH=/home/khaledob/bookros2_ws/install/forward_command_controller:/home/khaledob/bookros2_ws/install/controller_manager:/home/khaledob/bookros2_ws/install/controller_interface:/home/khaledob/bookros2_ws/install/hardware_interface:/home/khaledob/bookros2_ws/install/ros2_control_test_assets:/home/khaledob/bookros2_ws/install/controller_manager_msgs:/opt/ros/foxy LD_LIBRARY_PATH=/home/khaledob/bookros2_ws/install/forward_command_controller/lib:/home/khaledob/bookros2_ws/install/controller_manager/lib:/home/khaledob/bookros2_ws/install/controller_interface/lib:/home/khaledob/bookros2_ws/install/hardware_interface/lib:/home/khaledob/bookros2_ws/install/controller_manager_msgs/lib:${LD_LIBRARY_PATH} PYTHONPATH=/home/khaledob/bookros2_ws/install/controller_manager/lib/python3.8/site-packages:/home/khaledob/bookros2_ws/install/controller_manager_msgs/lib/python3.8/site-packages:${PYTHONPATH} /usr/bin/cmake --install /home/khaledob/bookros2_ws/build/velocity_controllers
