[0.425s] Invoking command in '/home/khaledob/bookros2_ws/src/build/br2_tracking_msgs': CMAKE_PREFIX_PATH=/opt/ros/foxy /usr/bin/cmake --build /home/khaledob/bookros2_ws/src/build/br2_tracking_msgs -- -j7 -l7
[1.001s] [  3%] Built target br2_tracking_msgs__cpp
[1.259s] [ 12%] Built target br2_tracking_msgs__rosidl_generator_c
[1.399s] [ 22%] Built target br2_tracking_msgs__rosidl_typesupport_introspection_cpp
[1.458s] [ 32%] Built target br2_tracking_msgs__rosidl_typesupport_c
[1.736s] [ 41%] Built target br2_tracking_msgs__rosidl_typesupport_introspection_c
[2.008s] [ 51%] Built target br2_tracking_msgs__rosidl_typesupport_fastrtps_cpp
[2.338s] [ 61%] Built target br2_tracking_msgs__rosidl_typesupport_cpp
[2.716s] [ 70%] Built target br2_tracking_msgs__rosidl_typesupport_fastrtps_c
[2.893s] [ 70%] Built target br2_tracking_msgs
[3.151s] [ 74%] Built target br2_tracking_msgs__py
[3.389s] [ 80%] Built target br2_tracking_msgs__python
[3.594s] [ 87%] Built target br2_tracking_msgs__rosidl_typesupport_c__pyext
[3.842s] [ 93%] Built target br2_tracking_msgs__rosidl_typesupport_introspection_c__pyext
[4.057s] [100%] Built target br2_tracking_msgs__rosidl_typesupport_fastrtps_c__pyext
[5.553s] Invoked command in '/home/khaledob/bookros2_ws/src/build/br2_tracking_msgs' returned '0': CMAKE_PREFIX_PATH=/opt/ros/foxy /usr/bin/cmake --build /home/khaledob/bookros2_ws/src/build/br2_tracking_msgs -- -j7 -l7
[5.651s] Invoking command in '/home/khaledob/bookros2_ws/src/build/br2_tracking_msgs': CMAKE_PREFIX_PATH=/opt/ros/foxy /usr/bin/cmake --install /home/khaledob/bookros2_ws/src/build/br2_tracking_msgs
[5.837s] -- Install configuration: ""
[5.837s] -- Execute custom install script
[5.837s] -- Up-to-date symlink: /home/khaledob/bookros2_ws/src/install/br2_tracking_msgs/share/ament_index/resource_index/rosidl_interfaces/br2_tracking_msgs
[5.837s] -- Up-to-date symlink: /home/khaledob/bookros2_ws/src/install/br2_tracking_msgs/include/br2_tracking_msgs/msg/detail/pan_tilt_command__functions.h
[5.837s] -- Up-to-date symlink: /home/khaledob/bookros2_ws/src/install/br2_tracking_msgs/include/br2_tracking_msgs/msg/detail/pan_tilt_command__struct.h
[5.837s] -- Up-to-date symlink: /home/khaledob/bookros2_ws/src/install/br2_tracking_msgs/include/br2_tracking_msgs/msg/detail/pan_tilt_command__type_support.h
[5.837s] -- Up-to-date symlink: /home/khaledob/bookros2_ws/src/install/br2_tracking_msgs/include/br2_tracking_msgs/msg/pan_tilt_command.h
[5.837s] -- Up-to-date symlink: /home/khaledob/bookros2_ws/src/install/br2_tracking_msgs/include/br2_tracking_msgs/msg/rosidl_generator_c__visibility_control.h
[5.837s] -- Up-to-date symlink: /home/khaledob/bookros2_ws/src/install/br2_tracking_msgs/share/br2_tracking_msgs/environment/library_path.sh
[5.837s] -- Up-to-date symlink: /home/khaledob/bookros2_ws/src/install/br2_tracking_msgs/share/br2_tracking_msgs/environment/library_path.dsv
[5.855s] -- Up-to-date symlink: /home/khaledob/bookros2_ws/src/install/br2_tracking_msgs/include/br2_tracking_msgs/msg/detail/pan_tilt_command__rosidl_typesupport_fastrtps_c.h
[5.855s] -- Up-to-date symlink: /home/khaledob/bookros2_ws/src/install/br2_tracking_msgs/include/br2_tracking_msgs/msg/rosidl_typesupport_fastrtps_c__visibility_control.h
[5.855s] -- Up-to-date symlink: /home/khaledob/bookros2_ws/src/install/br2_tracking_msgs/lib/libbr2_tracking_msgs__rosidl_typesupport_fastrtps_c.so
[5.855s] -- Up-to-date symlink: /home/khaledob/bookros2_ws/src/install/br2_tracking_msgs/include/br2_tracking_msgs/msg/detail/pan_tilt_command__rosidl_typesupport_fastrtps_cpp.hpp
[5.855s] -- Up-to-date symlink: /home/khaledob/bookros2_ws/src/install/br2_tracking_msgs/include/br2_tracking_msgs/msg/rosidl_typesupport_fastrtps_cpp__visibility_control.h
[5.855s] -- Up-to-date symlink: /home/khaledob/bookros2_ws/src/install/br2_tracking_msgs/lib/libbr2_tracking_msgs__rosidl_typesupport_fastrtps_cpp.so
[5.855s] -- Up-to-date symlink: /home/khaledob/bookros2_ws/src/install/br2_tracking_msgs/include/br2_tracking_msgs/msg/detail/pan_tilt_command__rosidl_typesupport_introspection_c.h
[5.855s] -- Up-to-date symlink: /home/khaledob/bookros2_ws/src/install/br2_tracking_msgs/include/br2_tracking_msgs/msg/rosidl_typesupport_introspection_c__visibility_control.h
[5.855s] -- Up-to-date symlink: /home/khaledob/bookros2_ws/src/install/br2_tracking_msgs/include/br2_tracking_msgs/msg/detail/pan_tilt_command__builder.hpp
[5.856s] -- Up-to-date symlink: /home/khaledob/bookros2_ws/src/install/br2_tracking_msgs/include/br2_tracking_msgs/msg/detail/pan_tilt_command__struct.hpp
[5.856s] -- Up-to-date symlink: /home/khaledob/bookros2_ws/src/install/br2_tracking_msgs/include/br2_tracking_msgs/msg/detail/pan_tilt_command__traits.hpp
[5.856s] -- Up-to-date symlink: /home/khaledob/bookros2_ws/src/install/br2_tracking_msgs/include/br2_tracking_msgs/msg/detail/pan_tilt_command__type_support.hpp
[5.856s] -- Up-to-date symlink: /home/khaledob/bookros2_ws/src/install/br2_tracking_msgs/include/br2_tracking_msgs/msg/pan_tilt_command.hpp
[5.856s] -- Up-to-date symlink: /home/khaledob/bookros2_ws/src/install/br2_tracking_msgs/include/br2_tracking_msgs/msg/rosidl_generator_cpp__visibility_control.hpp
[5.856s] -- Up-to-date symlink: /home/khaledob/bookros2_ws/src/install/br2_tracking_msgs/include/br2_tracking_msgs/msg/detail/pan_tilt_command__rosidl_typesupport_introspection_cpp.hpp
[5.856s] -- Up-to-date symlink: /home/khaledob/bookros2_ws/src/install/br2_tracking_msgs/share/br2_tracking_msgs/environment/pythonpath.sh
[5.856s] -- Up-to-date symlink: /home/khaledob/bookros2_ws/src/install/br2_tracking_msgs/share/br2_tracking_msgs/environment/pythonpath.dsv
[5.857s] -- Up-to-date symlink: /home/khaledob/bookros2_ws/src/install/br2_tracking_msgs/lib/python3.8/site-packages/br2_tracking_msgs/__init__.py
[5.858s] -- Up-to-date symlink: /home/khaledob/bookros2_ws/src/install/br2_tracking_msgs/lib/python3.8/site-packages/br2_tracking_msgs/msg/__init__.py
[5.858s] -- Up-to-date symlink: /home/khaledob/bookros2_ws/src/install/br2_tracking_msgs/lib/python3.8/site-packages/br2_tracking_msgs/msg/_pan_tilt_command.py
[5.860s] -- Up-to-date symlink: /home/khaledob/bookros2_ws/src/install/br2_tracking_msgs/lib/python3.8/site-packages/br2_tracking_msgs/br2_tracking_msgs_s__rosidl_typesupport_fastrtps_c.cpython-38-x86_64-linux-gnu.so
[5.860s] -- Up-to-date symlink: /home/khaledob/bookros2_ws/src/install/br2_tracking_msgs/lib/python3.8/site-packages/br2_tracking_msgs/br2_tracking_msgs_s__rosidl_typesupport_introspection_c.cpython-38-x86_64-linux-gnu.so
[5.860s] -- Up-to-date symlink: /home/khaledob/bookros2_ws/src/install/br2_tracking_msgs/lib/python3.8/site-packages/br2_tracking_msgs/br2_tracking_msgs_s__rosidl_typesupport_c.cpython-38-x86_64-linux-gnu.so
[5.860s] -- Up-to-date symlink: /home/khaledob/bookros2_ws/src/install/br2_tracking_msgs/lib/libbr2_tracking_msgs__python.so
[5.860s] -- Up-to-date symlink: /home/khaledob/bookros2_ws/src/install/br2_tracking_msgs/share/br2_tracking_msgs/msg/PanTiltCommand.idl
[5.860s] -- Up-to-date symlink: /home/khaledob/bookros2_ws/src/install/br2_tracking_msgs/share/br2_tracking_msgs/msg/PanTiltCommand.msg
[5.860s] -- Up-to-date symlink: /home/khaledob/bookros2_ws/src/install/br2_tracking_msgs/share/ament_index/resource_index/package_run_dependencies/br2_tracking_msgs
[5.860s] -- Up-to-date symlink: /home/khaledob/bookros2_ws/src/install/br2_tracking_msgs/share/ament_index/resource_index/parent_prefix_path/br2_tracking_msgs
[5.860s] -- Up-to-date symlink: /home/khaledob/bookros2_ws/src/install/br2_tracking_msgs/share/br2_tracking_msgs/environment/ament_prefix_path.sh
[5.861s] -- Up-to-date symlink: /home/khaledob/bookros2_ws/src/install/br2_tracking_msgs/share/br2_tracking_msgs/environment/ament_prefix_path.dsv
[5.861s] -- Up-to-date symlink: /home/khaledob/bookros2_ws/src/install/br2_tracking_msgs/share/br2_tracking_msgs/environment/path.sh
[5.861s] -- Up-to-date symlink: /home/khaledob/bookros2_ws/src/install/br2_tracking_msgs/share/br2_tracking_msgs/environment/path.dsv
[5.861s] -- Up-to-date symlink: /home/khaledob/bookros2_ws/src/install/br2_tracking_msgs/share/br2_tracking_msgs/local_setup.bash
[5.872s] -- Up-to-date symlink: /home/khaledob/bookros2_ws/src/install/br2_tracking_msgs/share/br2_tracking_msgs/local_setup.sh
[5.877s] -- Up-to-date symlink: /home/khaledob/bookros2_ws/src/install/br2_tracking_msgs/share/br2_tracking_msgs/local_setup.zsh
[5.877s] -- Up-to-date symlink: /home/khaledob/bookros2_ws/src/install/br2_tracking_msgs/share/br2_tracking_msgs/local_setup.dsv
[5.877s] -- Symlinking: /home/khaledob/bookros2_ws/src/install/br2_tracking_msgs/share/br2_tracking_msgs/package.dsv
[5.917s] -- Up-to-date symlink: /home/khaledob/bookros2_ws/src/install/br2_tracking_msgs/share/ament_index/resource_index/packages/br2_tracking_msgs
[5.917s] -- Up-to-date symlink: /home/khaledob/bookros2_ws/src/install/br2_tracking_msgs/share/br2_tracking_msgs/cmake/rosidl_cmake-extras.cmake
[5.917s] -- Up-to-date symlink: /home/khaledob/bookros2_ws/src/install/br2_tracking_msgs/share/br2_tracking_msgs/cmake/ament_cmake_export_dependencies-extras.cmake
[5.917s] -- Up-to-date symlink: /home/khaledob/bookros2_ws/src/install/br2_tracking_msgs/share/br2_tracking_msgs/cmake/ament_cmake_export_libraries-extras.cmake
[5.918s] -- Up-to-date symlink: /home/khaledob/bookros2_ws/src/install/br2_tracking_msgs/share/br2_tracking_msgs/cmake/ament_cmake_export_targets-extras.cmake
[5.918s] -- Up-to-date symlink: /home/khaledob/bookros2_ws/src/install/br2_tracking_msgs/share/br2_tracking_msgs/cmake/ament_cmake_export_include_directories-extras.cmake
[5.918s] -- Up-to-date symlink: /home/khaledob/bookros2_ws/src/install/br2_tracking_msgs/share/br2_tracking_msgs/cmake/rosidl_cmake_export_typesupport_libraries-extras.cmake
[5.918s] -- Up-to-date symlink: /home/khaledob/bookros2_ws/src/install/br2_tracking_msgs/share/br2_tracking_msgs/cmake/rosidl_cmake_export_typesupport_targets-extras.cmake
[5.918s] -- Up-to-date symlink: /home/khaledob/bookros2_ws/src/install/br2_tracking_msgs/share/br2_tracking_msgs/cmake/br2_tracking_msgsConfig.cmake
[5.918s] -- Up-to-date symlink: /home/khaledob/bookros2_ws/src/install/br2_tracking_msgs/share/br2_tracking_msgs/cmake/br2_tracking_msgsConfig-version.cmake
[5.918s] -- Up-to-date symlink: /home/khaledob/bookros2_ws/src/install/br2_tracking_msgs/share/br2_tracking_msgs/package.xml
[5.918s] -- Up-to-date: /home/khaledob/bookros2_ws/src/install/br2_tracking_msgs/lib/libbr2_tracking_msgs__rosidl_generator_c.so
[5.919s] -- Up-to-date: /home/khaledob/bookros2_ws/src/install/br2_tracking_msgs/lib/libbr2_tracking_msgs__rosidl_typesupport_introspection_c.so
[5.919s] -- Up-to-date: /home/khaledob/bookros2_ws/src/install/br2_tracking_msgs/lib/libbr2_tracking_msgs__rosidl_typesupport_c.so
[5.919s] -- Up-to-date: /home/khaledob/bookros2_ws/src/install/br2_tracking_msgs/lib/libbr2_tracking_msgs__rosidl_typesupport_introspection_cpp.so
[5.919s] -- Up-to-date: /home/khaledob/bookros2_ws/src/install/br2_tracking_msgs/lib/libbr2_tracking_msgs__rosidl_typesupport_cpp.so
[6.075s] -- Up-to-date: /home/khaledob/bookros2_ws/src/install/br2_tracking_msgs/share/br2_tracking_msgs/cmake/br2_tracking_msgs__rosidl_generator_cExport.cmake
[6.076s] -- Up-to-date: /home/khaledob/bookros2_ws/src/install/br2_tracking_msgs/share/br2_tracking_msgs/cmake/br2_tracking_msgs__rosidl_generator_cExport-noconfig.cmake
[6.076s] -- Up-to-date: /home/khaledob/bookros2_ws/src/install/br2_tracking_msgs/share/br2_tracking_msgs/cmake/br2_tracking_msgs__rosidl_typesupport_introspection_cExport.cmake
[6.077s] -- Up-to-date: /home/khaledob/bookros2_ws/src/install/br2_tracking_msgs/share/br2_tracking_msgs/cmake/br2_tracking_msgs__rosidl_typesupport_introspection_cExport-noconfig.cmake
[6.077s] -- Up-to-date: /home/khaledob/bookros2_ws/src/install/br2_tracking_msgs/share/br2_tracking_msgs/cmake/br2_tracking_msgs__rosidl_typesupport_cExport.cmake
[6.078s] -- Up-to-date: /home/khaledob/bookros2_ws/src/install/br2_tracking_msgs/share/br2_tracking_msgs/cmake/br2_tracking_msgs__rosidl_typesupport_cExport-noconfig.cmake
[6.078s] -- Up-to-date: /home/khaledob/bookros2_ws/src/install/br2_tracking_msgs/share/br2_tracking_msgs/cmake/br2_tracking_msgs__rosidl_generator_cppExport.cmake
[6.081s] -- Up-to-date: /home/khaledob/bookros2_ws/src/install/br2_tracking_msgs/share/br2_tracking_msgs/cmake/br2_tracking_msgs__rosidl_typesupport_introspection_cppExport.cmake
[6.081s] -- Up-to-date: /home/khaledob/bookros2_ws/src/install/br2_tracking_msgs/share/br2_tracking_msgs/cmake/br2_tracking_msgs__rosidl_typesupport_introspection_cppExport-noconfig.cmake
[6.082s] -- Up-to-date: /home/khaledob/bookros2_ws/src/install/br2_tracking_msgs/share/br2_tracking_msgs/cmake/br2_tracking_msgs__rosidl_typesupport_cppExport.cmake
[6.082s] -- Up-to-date: /home/khaledob/bookros2_ws/src/install/br2_tracking_msgs/share/br2_tracking_msgs/cmake/br2_tracking_msgs__rosidl_typesupport_cppExport-noconfig.cmake
[6.670s] Invoked command in '/home/khaledob/bookros2_ws/src/build/br2_tracking_msgs' returned '0': CMAKE_PREFIX_PATH=/opt/ros/foxy /usr/bin/cmake --install /home/khaledob/bookros2_ws/src/build/br2_tracking_msgs
