[0.124s] Invoking command in '/home/khaledob/bookros2_ws/src/build/br2_tiago': CMAKE_PREFIX_PATH=/opt/ros/foxy /usr/bin/cmake --build /home/khaledob/bookros2_ws/src/build/br2_tiago -- -j7 -l7
[0.302s] Invoked command in '/home/khaledob/bookros2_ws/src/build/br2_tiago' returned '0': CMAKE_PREFIX_PATH=/opt/ros/foxy /usr/bin/cmake --build /home/khaledob/bookros2_ws/src/build/br2_tiago -- -j7 -l7
[0.345s] Invoking command in '/home/khaledob/bookros2_ws/src/build/br2_tiago': CMAKE_PREFIX_PATH=/opt/ros/foxy /usr/bin/cmake --install /home/khaledob/bookros2_ws/src/build/br2_tiago
[0.373s] -- Install configuration: ""
[0.376s] -- Execute custom install script
[0.387s] -- Up-to-date symlink: /home/khaledob/bookros2_ws/src/install/br2_tiago/share/br2_tiago/launch/sim.launch.py
[0.395s] -- Up-to-date symlink: /home/khaledob/bookros2_ws/src/install/br2_tiago/share/ament_index/resource_index/package_run_dependencies/br2_tiago
[0.397s] -- Up-to-date symlink: /home/khaledob/bookros2_ws/src/install/br2_tiago/share/ament_index/resource_index/parent_prefix_path/br2_tiago
[0.413s] -- Up-to-date symlink: /home/khaledob/bookros2_ws/src/install/br2_tiago/share/br2_tiago/environment/ament_prefix_path.sh
[0.413s] -- Up-to-date symlink: /home/khaledob/bookros2_ws/src/install/br2_tiago/share/br2_tiago/environment/ament_prefix_path.dsv
[0.414s] -- Up-to-date symlink: /home/khaledob/bookros2_ws/src/install/br2_tiago/share/br2_tiago/environment/path.sh
[0.417s] -- Up-to-date symlink: /home/khaledob/bookros2_ws/src/install/br2_tiago/share/br2_tiago/environment/path.dsv
[0.418s] -- Up-to-date symlink: /home/khaledob/bookros2_ws/src/install/br2_tiago/share/br2_tiago/local_setup.bash
[0.420s] -- Up-to-date symlink: /home/khaledob/bookros2_ws/src/install/br2_tiago/share/br2_tiago/local_setup.sh
[0.421s] -- Up-to-date symlink: /home/khaledob/bookros2_ws/src/install/br2_tiago/share/br2_tiago/local_setup.zsh
[0.423s] -- Up-to-date symlink: /home/khaledob/bookros2_ws/src/install/br2_tiago/share/br2_tiago/local_setup.dsv
[0.423s] -- Symlinking: /home/khaledob/bookros2_ws/src/install/br2_tiago/share/br2_tiago/package.dsv
[0.441s] -- Up-to-date symlink: /home/khaledob/bookros2_ws/src/install/br2_tiago/share/ament_index/resource_index/packages/br2_tiago
[0.443s] -- Up-to-date symlink: /home/khaledob/bookros2_ws/src/install/br2_tiago/share/br2_tiago/cmake/br2_tiagoConfig.cmake
[0.445s] -- Up-to-date symlink: /home/khaledob/bookros2_ws/src/install/br2_tiago/share/br2_tiago/cmake/br2_tiagoConfig-version.cmake
[0.446s] -- Up-to-date symlink: /home/khaledob/bookros2_ws/src/install/br2_tiago/share/br2_tiago/package.xml
[0.454s] Invoked command in '/home/khaledob/bookros2_ws/src/build/br2_tiago' returned '0': CMAKE_PREFIX_PATH=/opt/ros/foxy /usr/bin/cmake --install /home/khaledob/bookros2_ws/src/build/br2_tiago
