[0.564s] Invoking command in '/home/khaledob/bookros2_ws/build/br2_vff_avoidance': CMAKE_PREFIX_PATH=${CMAKE_PREFIX_PATH}:/home/khaledob/bookros2_ws/install/ros2controlcli:/home/khaledob/bookros2_ws/install/launch_pal:/home/khaledob/bookros2_ws/install/br2_fsm_bumpgo_py:/opt/ros/foxy /usr/bin/cmake --build /home/khaledob/bookros2_ws/build/br2_vff_avoidance -- -j7 -l7
[1.337s] [ 20%] Built target br2_vff_avoidance
[1.560s] [ 40%] Built target gtest_main
[1.788s] [ 60%] Built target avoidance_vff
[2.013s] [ 80%] Built target gtest
[2.303s] [100%] Built target vff_test
[2.500s] Invoked command in '/home/khaledob/bookros2_ws/build/br2_vff_avoidance' returned '0': CMAKE_PREFIX_PATH=${CMAKE_PREFIX_PATH}:/home/khaledob/bookros2_ws/install/ros2controlcli:/home/khaledob/bookros2_ws/install/launch_pal:/home/khaledob/bookros2_ws/install/br2_fsm_bumpgo_py:/opt/ros/foxy /usr/bin/cmake --build /home/khaledob/bookros2_ws/build/br2_vff_avoidance -- -j7 -l7
[2.502s] Invoking command in '/home/khaledob/bookros2_ws/build/br2_vff_avoidance': CMAKE_PREFIX_PATH=${CMAKE_PREFIX_PATH}:/home/khaledob/bookros2_ws/install/ros2controlcli:/home/khaledob/bookros2_ws/install/launch_pal:/home/khaledob/bookros2_ws/install/br2_fsm_bumpgo_py:/opt/ros/foxy /usr/bin/cmake --install /home/khaledob/bookros2_ws/build/br2_vff_avoidance
[2.657s] -- Install configuration: "Debug"
[2.657s] -- Execute custom install script
[2.658s] -- Up-to-date symlink: /home/khaledob/bookros2_ws/install/br2_vff_avoidance/lib/libbr2_vff_avoidance.so
[2.658s] -- Up-to-date symlink: /home/khaledob/bookros2_ws/install/br2_vff_avoidance/lib/br2_vff_avoidance/avoidance_vff
[2.658s] -- Up-to-date symlink: /home/khaledob/bookros2_ws/install/br2_vff_avoidance/share/br2_vff_avoidance/launch/avoidance_vff.launch.py
[2.658s] -- Up-to-date symlink: /home/khaledob/bookros2_ws/install/br2_vff_avoidance/share/ament_index/resource_index/package_run_dependencies/br2_vff_avoidance
[2.658s] -- Up-to-date symlink: /home/khaledob/bookros2_ws/install/br2_vff_avoidance/share/ament_index/resource_index/parent_prefix_path/br2_vff_avoidance
[2.658s] -- Up-to-date symlink: /home/khaledob/bookros2_ws/install/br2_vff_avoidance/share/br2_vff_avoidance/environment/ament_prefix_path.sh
[2.658s] -- Up-to-date symlink: /home/khaledob/bookros2_ws/install/br2_vff_avoidance/share/br2_vff_avoidance/environment/ament_prefix_path.dsv
[2.659s] -- Up-to-date symlink: /home/khaledob/bookros2_ws/install/br2_vff_avoidance/share/br2_vff_avoidance/environment/path.sh
[2.659s] -- Up-to-date symlink: /home/khaledob/bookros2_ws/install/br2_vff_avoidance/share/br2_vff_avoidance/environment/path.dsv
[2.659s] -- Up-to-date symlink: /home/khaledob/bookros2_ws/install/br2_vff_avoidance/share/br2_vff_avoidance/local_setup.bash
[2.659s] -- Up-to-date symlink: /home/khaledob/bookros2_ws/install/br2_vff_avoidance/share/br2_vff_avoidance/local_setup.sh
[2.659s] -- Up-to-date symlink: /home/khaledob/bookros2_ws/install/br2_vff_avoidance/share/br2_vff_avoidance/local_setup.zsh
[2.659s] -- Up-to-date symlink: /home/khaledob/bookros2_ws/install/br2_vff_avoidance/share/br2_vff_avoidance/local_setup.dsv
[2.659s] -- Symlinking: /home/khaledob/bookros2_ws/install/br2_vff_avoidance/share/br2_vff_avoidance/package.dsv
[2.659s] -- Up-to-date symlink: /home/khaledob/bookros2_ws/install/br2_vff_avoidance/share/ament_index/resource_index/packages/br2_vff_avoidance
[2.660s] -- Up-to-date symlink: /home/khaledob/bookros2_ws/install/br2_vff_avoidance/share/br2_vff_avoidance/cmake/ament_cmake_export_dependencies-extras.cmake
[2.669s] -- Up-to-date symlink: /home/khaledob/bookros2_ws/install/br2_vff_avoidance/share/br2_vff_avoidance/cmake/br2_vff_avoidanceConfig.cmake
[2.669s] -- Up-to-date symlink: /home/khaledob/bookros2_ws/install/br2_vff_avoidance/share/br2_vff_avoidance/cmake/br2_vff_avoidanceConfig-version.cmake
[2.670s] -- Up-to-date symlink: /home/khaledob/bookros2_ws/install/br2_vff_avoidance/share/br2_vff_avoidance/package.xml
[2.682s] Invoked command in '/home/khaledob/bookros2_ws/build/br2_vff_avoidance' returned '0': CMAKE_PREFIX_PATH=${CMAKE_PREFIX_PATH}:/home/khaledob/bookros2_ws/install/ros2controlcli:/home/khaledob/bookros2_ws/install/launch_pal:/home/khaledob/bookros2_ws/install/br2_fsm_bumpgo_py:/opt/ros/foxy /usr/bin/cmake --install /home/khaledob/bookros2_ws/build/br2_vff_avoidance
