[0.642s] Invoking command in '/home/khaledob/bookros2_ws/build/br2_bt_bumpgo': CMAKE_PREFIX_PATH=${CMAKE_PREFIX_PATH}:/home/khaledob/bookros2_ws/install/ros2controlcli:/home/khaledob/bookros2_ws/install/launch_pal:/home/khaledob/bookros2_ws/install/br2_fsm_bumpgo_py:/opt/ros/foxy /usr/bin/cmake --build /home/khaledob/bookros2_ws/build/br2_bt_bumpgo -- -j7 -l7
[1.319s] [ 11%] Built target br2_forward_bt_node
[1.679s] [ 22%] Built target gtest
[1.963s] [ 33%] Built target gtest_main
[2.241s] [ 44%] Built target bt_forward
[2.485s] [ 55%] Built target bt_action_test
[2.734s] [ 66%] Built target br2_is_obstacle_bt_node
[2.872s] [ 77%] Built target br2_back_bt_node
[3.152s] [ 88%] Built target bt_bumpgo
[3.351s] [100%] Built target br2_turn_bt_node
[3.995s] Invoked command in '/home/khaledob/bookros2_ws/build/br2_bt_bumpgo' returned '0': CMAKE_PREFIX_PATH=${CMAKE_PREFIX_PATH}:/home/khaledob/bookros2_ws/install/ros2controlcli:/home/khaledob/bookros2_ws/install/launch_pal:/home/khaledob/bookros2_ws/install/br2_fsm_bumpgo_py:/opt/ros/foxy /usr/bin/cmake --build /home/khaledob/bookros2_ws/build/br2_bt_bumpgo -- -j7 -l7
[3.997s] Invoking command in '/home/khaledob/bookros2_ws/build/br2_bt_bumpgo': CMAKE_PREFIX_PATH=${CMAKE_PREFIX_PATH}:/home/khaledob/bookros2_ws/install/ros2controlcli:/home/khaledob/bookros2_ws/install/launch_pal:/home/khaledob/bookros2_ws/install/br2_fsm_bumpgo_py:/opt/ros/foxy /usr/bin/cmake --install /home/khaledob/bookros2_ws/build/br2_bt_bumpgo
[3.999s] -- Install configuration: ""
[3.999s] -- Execute custom install script
[3.999s] -- Up-to-date symlink: /home/khaledob/bookros2_ws/install/br2_bt_bumpgo/lib/libbr2_forward_bt_node.so
[3.999s] -- Up-to-date symlink: /home/khaledob/bookros2_ws/install/br2_bt_bumpgo/lib/libbr2_back_bt_node.so
[3.999s] -- Up-to-date symlink: /home/khaledob/bookros2_ws/install/br2_bt_bumpgo/lib/libbr2_turn_bt_node.so
[3.999s] -- Up-to-date symlink: /home/khaledob/bookros2_ws/install/br2_bt_bumpgo/lib/libbr2_is_obstacle_bt_node.so
[3.999s] -- Up-to-date symlink: /home/khaledob/bookros2_ws/install/br2_bt_bumpgo/lib/br2_bt_bumpgo/bt_bumpgo
[3.999s] -- Up-to-date symlink: /home/khaledob/bookros2_ws/install/br2_bt_bumpgo/include//br2_bt_bumpgo/Back.hpp
[3.999s] -- Up-to-date symlink: /home/khaledob/bookros2_ws/install/br2_bt_bumpgo/include//br2_bt_bumpgo/Forward.hpp
[3.999s] -- Up-to-date symlink: /home/khaledob/bookros2_ws/install/br2_bt_bumpgo/include//br2_bt_bumpgo/IsObstacle.hpp
[4.000s] -- Up-to-date symlink: /home/khaledob/bookros2_ws/install/br2_bt_bumpgo/include//br2_bt_bumpgo/Turn.hpp
[4.000s] -- Up-to-date symlink: /home/khaledob/bookros2_ws/install/br2_bt_bumpgo/share/br2_bt_bumpgo/behavior_tree_xml/bumpgo.xml
[4.001s] -- Up-to-date symlink: /home/khaledob/bookros2_ws/install/br2_bt_bumpgo/lib/br2_bt_bumpgo/bt_forward
[4.001s] -- Up-to-date symlink: /home/khaledob/bookros2_ws/install/br2_bt_bumpgo/share/ament_index/resource_index/package_run_dependencies/br2_bt_bumpgo
[4.001s] -- Up-to-date symlink: /home/khaledob/bookros2_ws/install/br2_bt_bumpgo/share/ament_index/resource_index/parent_prefix_path/br2_bt_bumpgo
[4.001s] -- Up-to-date symlink: /home/khaledob/bookros2_ws/install/br2_bt_bumpgo/share/br2_bt_bumpgo/environment/ament_prefix_path.sh
[4.001s] -- Up-to-date symlink: /home/khaledob/bookros2_ws/install/br2_bt_bumpgo/share/br2_bt_bumpgo/environment/ament_prefix_path.dsv
[4.002s] -- Up-to-date symlink: /home/khaledob/bookros2_ws/install/br2_bt_bumpgo/share/br2_bt_bumpgo/environment/path.sh
[4.002s] -- Up-to-date symlink: /home/khaledob/bookros2_ws/install/br2_bt_bumpgo/share/br2_bt_bumpgo/environment/path.dsv
[4.002s] -- Up-to-date symlink: /home/khaledob/bookros2_ws/install/br2_bt_bumpgo/share/br2_bt_bumpgo/local_setup.bash
[4.002s] -- Up-to-date symlink: /home/khaledob/bookros2_ws/install/br2_bt_bumpgo/share/br2_bt_bumpgo/local_setup.sh
[4.002s] -- Up-to-date symlink: /home/khaledob/bookros2_ws/install/br2_bt_bumpgo/share/br2_bt_bumpgo/local_setup.zsh
[4.002s] -- Up-to-date symlink: /home/khaledob/bookros2_ws/install/br2_bt_bumpgo/share/br2_bt_bumpgo/local_setup.dsv
[4.002s] -- Symlinking: /home/khaledob/bookros2_ws/install/br2_bt_bumpgo/share/br2_bt_bumpgo/package.dsv
[4.134s] -- Up-to-date symlink: /home/khaledob/bookros2_ws/install/br2_bt_bumpgo/share/ament_index/resource_index/packages/br2_bt_bumpgo
[4.135s] -- Up-to-date symlink: /home/khaledob/bookros2_ws/install/br2_bt_bumpgo/share/br2_bt_bumpgo/cmake/ament_cmake_export_include_directories-extras.cmake
[4.137s] -- Up-to-date symlink: /home/khaledob/bookros2_ws/install/br2_bt_bumpgo/share/br2_bt_bumpgo/cmake/ament_cmake_export_dependencies-extras.cmake
[4.137s] -- Up-to-date symlink: /home/khaledob/bookros2_ws/install/br2_bt_bumpgo/share/br2_bt_bumpgo/cmake/br2_bt_bumpgoConfig.cmake
[4.138s] -- Up-to-date symlink: /home/khaledob/bookros2_ws/install/br2_bt_bumpgo/share/br2_bt_bumpgo/cmake/br2_bt_bumpgoConfig-version.cmake
[4.138s] -- Up-to-date symlink: /home/khaledob/bookros2_ws/install/br2_bt_bumpgo/share/br2_bt_bumpgo/package.xml
[4.632s] Invoked command in '/home/khaledob/bookros2_ws/build/br2_bt_bumpgo' returned '0': CMAKE_PREFIX_PATH=${CMAKE_PREFIX_PATH}:/home/khaledob/bookros2_ws/install/ros2controlcli:/home/khaledob/bookros2_ws/install/launch_pal:/home/khaledob/bookros2_ws/install/br2_fsm_bumpgo_py:/opt/ros/foxy /usr/bin/cmake --install /home/khaledob/bookros2_ws/build/br2_bt_bumpgo
