[0.273s] Invoking command in '/home/khaledob/bookros2_ws/build/tiago_description': AMENT_PREFIX_PATH=/home/khaledob/bookros2_ws/install/tiago_controller_configuration:/home/khaledob/bookros2_ws/install/pmb2_description:/home/khaledob/bookros2_ws/install/pmb2_controller_configuration:/home/khaledob/bookros2_ws/install/pal_gripper_controller_configuration:/home/khaledob/bookros2_ws/install/position_controllers:/home/khaledob/bookros2_ws/install/joint_state_controller:/home/khaledob/bookros2_ws/install/joint_trajectory_controller:/home/khaledob/bookros2_ws/install/joint_state_broadcaster:/home/khaledob/bookros2_ws/install/imu_sensor_broadcaster:/home/khaledob/bookros2_ws/install/forward_command_controller:/home/khaledob/bookros2_ws/install/diff_drive_controller:/home/khaledob/bookros2_ws/install/controller_manager:/home/khaledob/bookros2_ws/install/controller_interface:/home/khaledob/bookros2_ws/install/pal_gripper_description:/home/khaledob/bookros2_ws/install/hardware_interface:/home/khaledob/bookros2_ws/install/urdf_test:/home/khaledob/bookros2_ws/install/tiago_description_calibration:/home/khaledob/bookros2_ws/install/ros2_control_test_assets:/home/khaledob/bookros2_ws/install/launch_pal:/home/khaledob/bookros2_ws/install/hey5_description:/home/khaledob/bookros2_ws/install/controller_manager_msgs:${AMENT_PREFIX_PATH} CMAKE_PREFIX_PATH=/home/khaledob/bookros2_ws/install/tiago_controller_configuration:/home/khaledob/bookros2_ws/install/pmb2_description:/home/khaledob/bookros2_ws/install/pmb2_controller_configuration:/home/khaledob/bookros2_ws/install/pal_gripper_controller_configuration:/home/khaledob/bookros2_ws/install/position_controllers:/home/khaledob/bookros2_ws/install/joint_state_controller:/home/khaledob/bookros2_ws/install/joint_trajectory_controller:/home/khaledob/bookros2_ws/install/joint_state_broadcaster:/home/khaledob/bookros2_ws/install/imu_sensor_broadcaster:/home/khaledob/bookros2_ws/install/forward_command_controller:/home/khaledob/bookros2_ws/install/diff_drive_controller:/home/khaledob/bookros2_ws/install/controller_manager:/home/khaledob/bookros2_ws/install/controller_interface:/home/khaledob/bookros2_ws/install/pal_gripper_description:/home/khaledob/bookros2_ws/install/hardware_interface:/home/khaledob/bookros2_ws/install/urdf_test:/home/khaledob/bookros2_ws/install/tiago_description_calibration:/home/khaledob/bookros2_ws/install/ros2_control_test_assets:/home/khaledob/bookros2_ws/install/hey5_description:/home/khaledob/bookros2_ws/install/controller_manager_msgs:/opt/ros/foxy LD_LIBRARY_PATH=/home/khaledob/bookros2_ws/install/position_controllers/lib:/home/khaledob/bookros2_ws/install/joint_state_controller/lib:/home/khaledob/bookros2_ws/install/joint_trajectory_controller/lib:/home/khaledob/bookros2_ws/install/joint_state_broadcaster/lib:/home/khaledob/bookros2_ws/install/imu_sensor_broadcaster/lib:/home/khaledob/bookros2_ws/install/forward_command_controller/lib:/home/khaledob/bookros2_ws/install/diff_drive_controller/lib:/home/khaledob/bookros2_ws/install/controller_manager/lib:/home/khaledob/bookros2_ws/install/controller_interface/lib:/home/khaledob/bookros2_ws/install/hardware_interface/lib:/home/khaledob/bookros2_ws/install/controller_manager_msgs/lib:${LD_LIBRARY_PATH} PYTHONPATH=/home/khaledob/bookros2_ws/install/pmb2_description/lib/python3.8/site-packages:/home/khaledob/bookros2_ws/install/controller_manager/lib/python3.8/site-packages:/home/khaledob/bookros2_ws/install/urdf_test/lib/python3.8/site-packages:/home/khaledob/bookros2_ws/build/launch_pal:/home/khaledob/bookros2_ws/install/launch_pal/lib/python3.8/site-packages:/home/khaledob/bookros2_ws/install/controller_manager_msgs/lib/python3.8/site-packages:${PYTHONPATH} /usr/bin/cmake --build /home/khaledob/bookros2_ws/build/tiago_description -- -j7 -l7
[0.392s] Invoked command in '/home/khaledob/bookros2_ws/build/tiago_description' returned '0': AMENT_PREFIX_PATH=/home/khaledob/bookros2_ws/install/tiago_controller_configuration:/home/khaledob/bookros2_ws/install/pmb2_description:/home/khaledob/bookros2_ws/install/pmb2_controller_configuration:/home/khaledob/bookros2_ws/install/pal_gripper_controller_configuration:/home/khaledob/bookros2_ws/install/position_controllers:/home/khaledob/bookros2_ws/install/joint_state_controller:/home/khaledob/bookros2_ws/install/joint_trajectory_controller:/home/khaledob/bookros2_ws/install/joint_state_broadcaster:/home/khaledob/bookros2_ws/install/imu_sensor_broadcaster:/home/khaledob/bookros2_ws/install/forward_command_controller:/home/khaledob/bookros2_ws/install/diff_drive_controller:/home/khaledob/bookros2_ws/install/controller_manager:/home/khaledob/bookros2_ws/install/controller_interface:/home/khaledob/bookros2_ws/install/pal_gripper_description:/home/khaledob/bookros2_ws/install/hardware_interface:/home/khaledob/bookros2_ws/install/urdf_test:/home/khaledob/bookros2_ws/install/tiago_description_calibration:/home/khaledob/bookros2_ws/install/ros2_control_test_assets:/home/khaledob/bookros2_ws/install/launch_pal:/home/khaledob/bookros2_ws/install/hey5_description:/home/khaledob/bookros2_ws/install/controller_manager_msgs:${AMENT_PREFIX_PATH} CMAKE_PREFIX_PATH=/home/khaledob/bookros2_ws/install/tiago_controller_configuration:/home/khaledob/bookros2_ws/install/pmb2_description:/home/khaledob/bookros2_ws/install/pmb2_controller_configuration:/home/khaledob/bookros2_ws/install/pal_gripper_controller_configuration:/home/khaledob/bookros2_ws/install/position_controllers:/home/khaledob/bookros2_ws/install/joint_state_controller:/home/khaledob/bookros2_ws/install/joint_trajectory_controller:/home/khaledob/bookros2_ws/install/joint_state_broadcaster:/home/khaledob/bookros2_ws/install/imu_sensor_broadcaster:/home/khaledob/bookros2_ws/install/forward_command_controller:/home/khaledob/bookros2_ws/install/diff_drive_controller:/home/khaledob/bookros2_ws/install/controller_manager:/home/khaledob/bookros2_ws/install/controller_interface:/home/khaledob/bookros2_ws/install/pal_gripper_description:/home/khaledob/bookros2_ws/install/hardware_interface:/home/khaledob/bookros2_ws/install/urdf_test:/home/khaledob/bookros2_ws/install/tiago_description_calibration:/home/khaledob/bookros2_ws/install/ros2_control_test_assets:/home/khaledob/bookros2_ws/install/hey5_description:/home/khaledob/bookros2_ws/install/controller_manager_msgs:/opt/ros/foxy LD_LIBRARY_PATH=/home/khaledob/bookros2_ws/install/position_controllers/lib:/home/khaledob/bookros2_ws/install/joint_state_controller/lib:/home/khaledob/bookros2_ws/install/joint_trajectory_controller/lib:/home/khaledob/bookros2_ws/install/joint_state_broadcaster/lib:/home/khaledob/bookros2_ws/install/imu_sensor_broadcaster/lib:/home/khaledob/bookros2_ws/install/forward_command_controller/lib:/home/khaledob/bookros2_ws/install/diff_drive_controller/lib:/home/khaledob/bookros2_ws/install/controller_manager/lib:/home/khaledob/bookros2_ws/install/controller_interface/lib:/home/khaledob/bookros2_ws/install/hardware_interface/lib:/home/khaledob/bookros2_ws/install/controller_manager_msgs/lib:${LD_LIBRARY_PATH} PYTHONPATH=/home/khaledob/bookros2_ws/install/pmb2_description/lib/python3.8/site-packages:/home/khaledob/bookros2_ws/install/controller_manager/lib/python3.8/site-packages:/home/khaledob/bookros2_ws/install/urdf_test/lib/python3.8/site-packages:/home/khaledob/bookros2_ws/build/launch_pal:/home/khaledob/bookros2_ws/install/launch_pal/lib/python3.8/site-packages:/home/khaledob/bookros2_ws/install/controller_manager_msgs/lib/python3.8/site-packages:${PYTHONPATH} /usr/bin/cmake --build /home/khaledob/bookros2_ws/build/tiago_description -- -j7 -l7
[0.437s] Invoking command in '/home/khaledob/bookros2_ws/build/tiago_description': AMENT_PREFIX_PATH=/home/khaledob/bookros2_ws/install/tiago_controller_configuration:/home/khaledob/bookros2_ws/install/pmb2_description:/home/khaledob/bookros2_ws/install/pmb2_controller_configuration:/home/khaledob/bookros2_ws/install/pal_gripper_controller_configuration:/home/khaledob/bookros2_ws/install/position_controllers:/home/khaledob/bookros2_ws/install/joint_state_controller:/home/khaledob/bookros2_ws/install/joint_trajectory_controller:/home/khaledob/bookros2_ws/install/joint_state_broadcaster:/home/khaledob/bookros2_ws/install/imu_sensor_broadcaster:/home/khaledob/bookros2_ws/install/forward_command_controller:/home/khaledob/bookros2_ws/install/diff_drive_controller:/home/khaledob/bookros2_ws/install/controller_manager:/home/khaledob/bookros2_ws/install/controller_interface:/home/khaledob/bookros2_ws/install/pal_gripper_description:/home/khaledob/bookros2_ws/install/hardware_interface:/home/khaledob/bookros2_ws/install/urdf_test:/home/khaledob/bookros2_ws/install/tiago_description_calibration:/home/khaledob/bookros2_ws/install/ros2_control_test_assets:/home/khaledob/bookros2_ws/install/launch_pal:/home/khaledob/bookros2_ws/install/hey5_description:/home/khaledob/bookros2_ws/install/controller_manager_msgs:${AMENT_PREFIX_PATH} CMAKE_PREFIX_PATH=/home/khaledob/bookros2_ws/install/tiago_controller_configuration:/home/khaledob/bookros2_ws/install/pmb2_description:/home/khaledob/bookros2_ws/install/pmb2_controller_configuration:/home/khaledob/bookros2_ws/install/pal_gripper_controller_configuration:/home/khaledob/bookros2_ws/install/position_controllers:/home/khaledob/bookros2_ws/install/joint_state_controller:/home/khaledob/bookros2_ws/install/joint_trajectory_controller:/home/khaledob/bookros2_ws/install/joint_state_broadcaster:/home/khaledob/bookros2_ws/install/imu_sensor_broadcaster:/home/khaledob/bookros2_ws/install/forward_command_controller:/home/khaledob/bookros2_ws/install/diff_drive_controller:/home/khaledob/bookros2_ws/install/controller_manager:/home/khaledob/bookros2_ws/install/controller_interface:/home/khaledob/bookros2_ws/install/pal_gripper_description:/home/khaledob/bookros2_ws/install/hardware_interface:/home/khaledob/bookros2_ws/install/urdf_test:/home/khaledob/bookros2_ws/install/tiago_description_calibration:/home/khaledob/bookros2_ws/install/ros2_control_test_assets:/home/khaledob/bookros2_ws/install/hey5_description:/home/khaledob/bookros2_ws/install/controller_manager_msgs:/opt/ros/foxy LD_LIBRARY_PATH=/home/khaledob/bookros2_ws/install/position_controllers/lib:/home/khaledob/bookros2_ws/install/joint_state_controller/lib:/home/khaledob/bookros2_ws/install/joint_trajectory_controller/lib:/home/khaledob/bookros2_ws/install/joint_state_broadcaster/lib:/home/khaledob/bookros2_ws/install/imu_sensor_broadcaster/lib:/home/khaledob/bookros2_ws/install/forward_command_controller/lib:/home/khaledob/bookros2_ws/install/diff_drive_controller/lib:/home/khaledob/bookros2_ws/install/controller_manager/lib:/home/khaledob/bookros2_ws/install/controller_interface/lib:/home/khaledob/bookros2_ws/install/hardware_interface/lib:/home/khaledob/bookros2_ws/install/controller_manager_msgs/lib:${LD_LIBRARY_PATH} PYTHONPATH=/home/khaledob/bookros2_ws/install/pmb2_description/lib/python3.8/site-packages:/home/khaledob/bookros2_ws/install/controller_manager/lib/python3.8/site-packages:/home/khaledob/bookros2_ws/install/urdf_test/lib/python3.8/site-packages:/home/khaledob/bookros2_ws/build/launch_pal:/home/khaledob/bookros2_ws/install/launch_pal/lib/python3.8/site-packages:/home/khaledob/bookros2_ws/install/controller_manager_msgs/lib/python3.8/site-packages:${PYTHONPATH} /usr/bin/cmake --install /home/khaledob/bookros2_ws/build/tiago_description
[0.468s] -- Install configuration: ""
[0.470s] -- Execute custom install script
[0.470s] -- Up-to-date symlink: /home/khaledob/bookros2_ws/install/tiago_description/share/tiago_description/environment/pythonpath.sh
[0.472s] -- Up-to-date symlink: /home/khaledob/bookros2_ws/install/tiago_description/share/tiago_description/environment/pythonpath.dsv
[0.472s] -- Up-to-date symlink: /home/khaledob/bookros2_ws/install/tiago_description/lib/python3.8/site-packages/tiago_description/__init__.py
[0.472s] -- Up-to-date symlink: /home/khaledob/bookros2_ws/install/tiago_description/lib/python3.8/site-packages/tiago_description/tiago_launch_utils.py
[0.473s] -- Up-to-date symlink: /home/khaledob/bookros2_ws/install/tiago_description/share/tiago_description/config/collision/collision_parameters.yaml
[0.473s] -- Up-to-date symlink: /home/khaledob/bookros2_ws/install/tiago_description/share/tiago_description/gazebo/gazebo.urdf.xacro
[0.473s] -- Up-to-date symlink: /home/khaledob/bookros2_ws/install/tiago_description/share/tiago_description/launch/robot_state_publisher.launch.py
[0.473s] -- Up-to-date symlink: /home/khaledob/bookros2_ws/install/tiago_description/share/tiago_description/launch/show.launch.py
[0.473s] -- Up-to-date symlink: /home/khaledob/bookros2_ws/install/tiago_description/share/tiago_description/Media/materials/scripts/markers.material
[0.474s] -- Up-to-date symlink: /home/khaledob/bookros2_ws/install/tiago_description/share/tiago_description/Media/materials/textures/aruco-26_8cm.png
[0.474s] -- Up-to-date symlink: /home/khaledob/bookros2_ws/install/tiago_description/share/tiago_description/Media/materials/textures/aruco-582_8cm.png
[0.474s] -- Up-to-date symlink: /home/khaledob/bookros2_ws/install/tiago_description/share/tiago_description/Media/materials/textures/pal_logo_1_7cm.jpg
[0.474s] -- Up-to-date symlink: /home/khaledob/bookros2_ws/install/tiago_description/share/tiago_description/Media/materials/textures/pal_logo_2_7cm.jpg
[0.474s] -- Up-to-date symlink: /home/khaledob/bookros2_ws/install/tiago_description/share/tiago_description/Media/materials/textures/pal_logo_3_7cm.jpg
[0.476s] -- Up-to-date symlink: /home/khaledob/bookros2_ws/install/tiago_description/share/tiago_description/meshes/arm/arm_1.stl
[0.476s] -- Up-to-date symlink: /home/khaledob/bookros2_ws/install/tiago_description/share/tiago_description/meshes/arm/arm_1_collision.dae
[0.476s] -- Up-to-date symlink: /home/khaledob/bookros2_ws/install/tiago_description/share/tiago_description/meshes/arm/arm_1_color.png
[0.477s] -- Up-to-date symlink: /home/khaledob/bookros2_ws/install/tiago_description/share/tiago_description/meshes/arm/arm_1_normals.png
[0.477s] -- Up-to-date symlink: /home/khaledob/bookros2_ws/install/tiago_description/share/tiago_description/meshes/arm/arm_1_specular.png
[0.477s] -- Up-to-date symlink: /home/khaledob/bookros2_ws/install/tiago_description/share/tiago_description/meshes/arm/arm_2.stl
[0.477s] -- Up-to-date symlink: /home/khaledob/bookros2_ws/install/tiago_description/share/tiago_description/meshes/arm/arm_2_collision.dae
[0.478s] -- Up-to-date symlink: /home/khaledob/bookros2_ws/install/tiago_description/share/tiago_description/meshes/arm/arm_2_color.png
[0.479s] -- Up-to-date symlink: /home/khaledob/bookros2_ws/install/tiago_description/share/tiago_description/meshes/arm/arm_2_normals.png
[0.479s] -- Up-to-date symlink: /home/khaledob/bookros2_ws/install/tiago_description/share/tiago_description/meshes/arm/arm_2_specular.png
[0.481s] -- Up-to-date symlink: /home/khaledob/bookros2_ws/install/tiago_description/share/tiago_description/meshes/arm/arm_3.stl
[0.481s] -- Up-to-date symlink: /home/khaledob/bookros2_ws/install/tiago_description/share/tiago_description/meshes/arm/arm_3_collision.dae
[0.483s] -- Up-to-date symlink: /home/khaledob/bookros2_ws/install/tiago_description/share/tiago_description/meshes/arm/arm_3_color.png
[0.483s] -- Up-to-date symlink: /home/khaledob/bookros2_ws/install/tiago_description/share/tiago_description/meshes/arm/arm_3_normals.png
[0.484s] -- Up-to-date symlink: /home/khaledob/bookros2_ws/install/tiago_description/share/tiago_description/meshes/arm/arm_3_specular.png
[0.484s] -- Up-to-date symlink: /home/khaledob/bookros2_ws/install/tiago_description/share/tiago_description/meshes/arm/arm_4.stl
[0.484s] -- Up-to-date symlink: /home/khaledob/bookros2_ws/install/tiago_description/share/tiago_description/meshes/arm/arm_4_collision.dae
[0.485s] -- Up-to-date symlink: /home/khaledob/bookros2_ws/install/tiago_description/share/tiago_description/meshes/arm/arm_4_collision.stl
[0.485s] -- Up-to-date symlink: /home/khaledob/bookros2_ws/install/tiago_description/share/tiago_description/meshes/arm/arm_4_color.png
[0.485s] -- Up-to-date symlink: /home/khaledob/bookros2_ws/install/tiago_description/share/tiago_description/meshes/arm/arm_4_normals.png
[0.485s] -- Up-to-date symlink: /home/khaledob/bookros2_ws/install/tiago_description/share/tiago_description/meshes/arm/arm_4_specular.png
[0.486s] -- Up-to-date symlink: /home/khaledob/bookros2_ws/install/tiago_description/share/tiago_description/meshes/arm/arm_5-wrist-2010.stl
[0.487s] -- Up-to-date symlink: /home/khaledob/bookros2_ws/install/tiago_description/share/tiago_description/meshes/arm/arm_5-wrist-2017.stl
[0.487s] -- Up-to-date symlink: /home/khaledob/bookros2_ws/install/tiago_description/share/tiago_description/meshes/arm/arm_5_collision-wrist-2010.dae
[0.487s] -- Up-to-date symlink: /home/khaledob/bookros2_ws/install/tiago_description/share/tiago_description/meshes/arm/arm_5_collision-wrist-2017.dae
[0.487s] -- Up-to-date symlink: /home/khaledob/bookros2_ws/install/tiago_description/share/tiago_description/meshes/arm/arm_6-wrist-2010.stl
[0.487s] -- Up-to-date symlink: /home/khaledob/bookros2_ws/install/tiago_description/share/tiago_description/meshes/arm/arm_6-wrist-2017.stl
[0.488s] -- Up-to-date symlink: /home/khaledob/bookros2_ws/install/tiago_description/share/tiago_description/meshes/arm/arm_6_collision-wrist-2010.dae
[0.488s] -- Up-to-date symlink: /home/khaledob/bookros2_ws/install/tiago_description/share/tiago_description/meshes/arm/arm_6_collision-wrist-2017.dae
[0.488s] -- Up-to-date symlink: /home/khaledob/bookros2_ws/install/tiago_description/share/tiago_description/meshes/arm/arm_6_color.png
[0.488s] -- Up-to-date symlink: /home/khaledob/bookros2_ws/install/tiago_description/share/tiago_description/meshes/arm/arm_6_normals.png
[0.488s] -- Up-to-date symlink: /home/khaledob/bookros2_ws/install/tiago_description/share/tiago_description/meshes/arm/arm_6_specular.png
[0.489s] -- Up-to-date symlink: /home/khaledob/bookros2_ws/install/tiago_description/share/tiago_description/meshes/head/head_1.stl
[0.489s] -- Up-to-date symlink: /home/khaledob/bookros2_ws/install/tiago_description/share/tiago_description/meshes/head/head_1_collision.dae
[0.489s] -- Up-to-date symlink: /home/khaledob/bookros2_ws/install/tiago_description/share/tiago_description/meshes/head/head_2.stl
[0.490s] -- Up-to-date symlink: /home/khaledob/bookros2_ws/install/tiago_description/share/tiago_description/meshes/head/head_2_collision.dae
[0.490s] -- Up-to-date symlink: /home/khaledob/bookros2_ws/install/tiago_description/share/tiago_description/meshes/sensors/xtion_pro_live/xtion_pro_live.dae
[0.490s] -- Up-to-date symlink: /home/khaledob/bookros2_ws/install/tiago_description/share/tiago_description/meshes/sensors/xtion_pro_live/xtion_pro_live.png
[0.490s] -- Up-to-date symlink: /home/khaledob/bookros2_ws/install/tiago_description/share/tiago_description/meshes/torso/torso_fix.stl
[0.490s] -- Up-to-date symlink: /home/khaledob/bookros2_ws/install/tiago_description/share/tiago_description/meshes/torso/torso_lift_collision.dae
[0.491s] -- Up-to-date symlink: /home/khaledob/bookros2_ws/install/tiago_description/share/tiago_description/meshes/torso/torso_lift_collision_core.dae
[0.491s] -- Up-to-date symlink: /home/khaledob/bookros2_ws/install/tiago_description/share/tiago_description/meshes/torso/torso_lift_collision_neck.dae
[0.491s] -- Up-to-date symlink: /home/khaledob/bookros2_ws/install/tiago_description/share/tiago_description/meshes/torso/torso_lift_collision_shoulder.dae
[0.491s] -- Up-to-date symlink: /home/khaledob/bookros2_ws/install/tiago_description/share/tiago_description/meshes/torso/torso_lift_with_arm.stl
[0.491s] -- Up-to-date symlink: /home/khaledob/bookros2_ws/install/tiago_description/share/tiago_description/meshes/torso/torso_lift_without_arm.stl
[0.492s] -- Up-to-date symlink: /home/khaledob/bookros2_ws/install/tiago_description/share/tiago_description/robots/show.launch
[0.492s] -- Up-to-date symlink: /home/khaledob/bookros2_ws/install/tiago_description/share/tiago_description/robots/tiago.urdf.xacro
[0.494s] -- Up-to-date symlink: /home/khaledob/bookros2_ws/install/tiago_description/share/tiago_description/robots/upload.launch
[0.495s] -- Up-to-date symlink: /home/khaledob/bookros2_ws/install/tiago_description/share/tiago_description/ros2_control/ros2_control.urdf.xacro
[0.495s] -- Up-to-date symlink: /home/khaledob/bookros2_ws/install/tiago_description/share/tiago_description/urdf/arm/arm.ros2_control.xacro
[0.496s] -- Up-to-date symlink: /home/khaledob/bookros2_ws/install/tiago_description/share/tiago_description/urdf/arm/arm.transmission.xacro
[0.497s] -- Up-to-date symlink: /home/khaledob/bookros2_ws/install/tiago_description/share/tiago_description/urdf/arm/arm.urdf.xacro
[0.497s] -- Up-to-date symlink: /home/khaledob/bookros2_ws/install/tiago_description/share/tiago_description/urdf/arm/wrist.ros2_control.xacro
[0.497s] -- Up-to-date symlink: /home/khaledob/bookros2_ws/install/tiago_description/share/tiago_description/urdf/arm/wrist.transmission.xacro
[0.498s] -- Up-to-date symlink: /home/khaledob/bookros2_ws/install/tiago_description/share/tiago_description/urdf/arm/wrist.urdf.xacro
[0.499s] -- Up-to-date symlink: /home/khaledob/bookros2_ws/install/tiago_description/share/tiago_description/urdf/deg_to_rad.xacro
[0.499s] -- Up-to-date symlink: /home/khaledob/bookros2_ws/install/tiago_description/share/tiago_description/urdf/end_effector/end_effector.urdf.xacro
[0.499s] -- Up-to-date symlink: /home/khaledob/bookros2_ws/install/tiago_description/share/tiago_description/urdf/end_effector/pal-hey5.ros2_control.xacro
[0.499s] -- Up-to-date symlink: /home/khaledob/bookros2_ws/install/tiago_description/share/tiago_description/urdf/head/head.ros2_control.xacro
[0.500s] -- Up-to-date symlink: /home/khaledob/bookros2_ws/install/tiago_description/share/tiago_description/urdf/head/head.transmission.xacro
[0.500s] -- Up-to-date symlink: /home/khaledob/bookros2_ws/install/tiago_description/share/tiago_description/urdf/head/head.urdf.xacro
[0.500s] -- Up-to-date symlink: /home/khaledob/bookros2_ws/install/tiago_description/share/tiago_description/urdf/materials.urdf.xacro
[0.500s] -- Up-to-date symlink: /home/khaledob/bookros2_ws/install/tiago_description/share/tiago_description/urdf/sensors/ftsensor.gazebo.xacro
[0.500s] -- Up-to-date symlink: /home/khaledob/bookros2_ws/install/tiago_description/share/tiago_description/urdf/sensors/ftsensor.urdf.xacro
[0.501s] -- Up-to-date symlink: /home/khaledob/bookros2_ws/install/tiago_description/share/tiago_description/urdf/sensors/openni.gazebo.xacro
[0.501s] -- Up-to-date symlink: /home/khaledob/bookros2_ws/install/tiago_description/share/tiago_description/urdf/sensors/orbbec_astra.urdf.xacro
[0.501s] -- Up-to-date symlink: /home/khaledob/bookros2_ws/install/tiago_description/share/tiago_description/urdf/sensors/sensors.ros2_control.xacro
[0.501s] -- Up-to-date symlink: /home/khaledob/bookros2_ws/install/tiago_description/share/tiago_description/urdf/sensors/xtion_pro_live.urdf.xacro
[0.502s] -- Up-to-date symlink: /home/khaledob/bookros2_ws/install/tiago_description/share/tiago_description/urdf/torso/torso.ros2_control.xacro
[0.503s] -- Up-to-date symlink: /home/khaledob/bookros2_ws/install/tiago_description/share/tiago_description/urdf/torso/torso.transmission.xacro
[0.503s] -- Up-to-date symlink: /home/khaledob/bookros2_ws/install/tiago_description/share/tiago_description/urdf/torso/torso.urdf.xacro
[0.504s] -- Up-to-date symlink: /home/khaledob/bookros2_ws/install/tiago_description/share/ament_index/resource_index/package_run_dependencies/tiago_description
[0.507s] -- Up-to-date symlink: /home/khaledob/bookros2_ws/install/tiago_description/share/ament_index/resource_index/parent_prefix_path/tiago_description
[0.508s] -- Up-to-date symlink: /home/khaledob/bookros2_ws/install/tiago_description/share/tiago_description/environment/ament_prefix_path.sh
[0.508s] -- Up-to-date symlink: /home/khaledob/bookros2_ws/install/tiago_description/share/tiago_description/environment/ament_prefix_path.dsv
[0.508s] -- Up-to-date symlink: /home/khaledob/bookros2_ws/install/tiago_description/share/tiago_description/environment/path.sh
[0.509s] -- Up-to-date symlink: /home/khaledob/bookros2_ws/install/tiago_description/share/tiago_description/environment/path.dsv
[0.509s] -- Up-to-date symlink: /home/khaledob/bookros2_ws/install/tiago_description/share/tiago_description/local_setup.bash
[0.514s] -- Up-to-date symlink: /home/khaledob/bookros2_ws/install/tiago_description/share/tiago_description/local_setup.sh
[0.514s] -- Up-to-date symlink: /home/khaledob/bookros2_ws/install/tiago_description/share/tiago_description/local_setup.zsh
[0.516s] -- Up-to-date symlink: /home/khaledob/bookros2_ws/install/tiago_description/share/tiago_description/local_setup.dsv
[0.516s] -- Symlinking: /home/khaledob/bookros2_ws/install/tiago_description/share/tiago_description/package.dsv
[0.517s] -- Up-to-date symlink: /home/khaledob/bookros2_ws/install/tiago_description/share/ament_index/resource_index/packages/tiago_description
[0.517s] -- Up-to-date symlink: /home/khaledob/bookros2_ws/install/tiago_description/share/tiago_description/cmake/tiago_descriptionConfig.cmake
[0.517s] -- Up-to-date symlink: /home/khaledob/bookros2_ws/install/tiago_description/share/tiago_description/cmake/tiago_descriptionConfig-version.cmake
[0.518s] -- Up-to-date symlink: /home/khaledob/bookros2_ws/install/tiago_description/share/tiago_description/package.xml
[0.532s] Listing '/home/khaledob/bookros2_ws/install/tiago_description/lib/python3.8/site-packages/tiago_description'...
[0.640s] Invoked command in '/home/khaledob/bookros2_ws/build/tiago_description' returned '0': AMENT_PREFIX_PATH=/home/khaledob/bookros2_ws/install/tiago_controller_configuration:/home/khaledob/bookros2_ws/install/pmb2_description:/home/khaledob/bookros2_ws/install/pmb2_controller_configuration:/home/khaledob/bookros2_ws/install/pal_gripper_controller_configuration:/home/khaledob/bookros2_ws/install/position_controllers:/home/khaledob/bookros2_ws/install/joint_state_controller:/home/khaledob/bookros2_ws/install/joint_trajectory_controller:/home/khaledob/bookros2_ws/install/joint_state_broadcaster:/home/khaledob/bookros2_ws/install/imu_sensor_broadcaster:/home/khaledob/bookros2_ws/install/forward_command_controller:/home/khaledob/bookros2_ws/install/diff_drive_controller:/home/khaledob/bookros2_ws/install/controller_manager:/home/khaledob/bookros2_ws/install/controller_interface:/home/khaledob/bookros2_ws/install/pal_gripper_description:/home/khaledob/bookros2_ws/install/hardware_interface:/home/khaledob/bookros2_ws/install/urdf_test:/home/khaledob/bookros2_ws/install/tiago_description_calibration:/home/khaledob/bookros2_ws/install/ros2_control_test_assets:/home/khaledob/bookros2_ws/install/launch_pal:/home/khaledob/bookros2_ws/install/hey5_description:/home/khaledob/bookros2_ws/install/controller_manager_msgs:${AMENT_PREFIX_PATH} CMAKE_PREFIX_PATH=/home/khaledob/bookros2_ws/install/tiago_controller_configuration:/home/khaledob/bookros2_ws/install/pmb2_description:/home/khaledob/bookros2_ws/install/pmb2_controller_configuration:/home/khaledob/bookros2_ws/install/pal_gripper_controller_configuration:/home/khaledob/bookros2_ws/install/position_controllers:/home/khaledob/bookros2_ws/install/joint_state_controller:/home/khaledob/bookros2_ws/install/joint_trajectory_controller:/home/khaledob/bookros2_ws/install/joint_state_broadcaster:/home/khaledob/bookros2_ws/install/imu_sensor_broadcaster:/home/khaledob/bookros2_ws/install/forward_command_controller:/home/khaledob/bookros2_ws/install/diff_drive_controller:/home/khaledob/bookros2_ws/install/controller_manager:/home/khaledob/bookros2_ws/install/controller_interface:/home/khaledob/bookros2_ws/install/pal_gripper_description:/home/khaledob/bookros2_ws/install/hardware_interface:/home/khaledob/bookros2_ws/install/urdf_test:/home/khaledob/bookros2_ws/install/tiago_description_calibration:/home/khaledob/bookros2_ws/install/ros2_control_test_assets:/home/khaledob/bookros2_ws/install/hey5_description:/home/khaledob/bookros2_ws/install/controller_manager_msgs:/opt/ros/foxy LD_LIBRARY_PATH=/home/khaledob/bookros2_ws/install/position_controllers/lib:/home/khaledob/bookros2_ws/install/joint_state_controller/lib:/home/khaledob/bookros2_ws/install/joint_trajectory_controller/lib:/home/khaledob/bookros2_ws/install/joint_state_broadcaster/lib:/home/khaledob/bookros2_ws/install/imu_sensor_broadcaster/lib:/home/khaledob/bookros2_ws/install/forward_command_controller/lib:/home/khaledob/bookros2_ws/install/diff_drive_controller/lib:/home/khaledob/bookros2_ws/install/controller_manager/lib:/home/khaledob/bookros2_ws/install/controller_interface/lib:/home/khaledob/bookros2_ws/install/hardware_interface/lib:/home/khaledob/bookros2_ws/install/controller_manager_msgs/lib:${LD_LIBRARY_PATH} PYTHONPATH=/home/khaledob/bookros2_ws/install/pmb2_description/lib/python3.8/site-packages:/home/khaledob/bookros2_ws/install/controller_manager/lib/python3.8/site-packages:/home/khaledob/bookros2_ws/install/urdf_test/lib/python3.8/site-packages:/home/khaledob/bookros2_ws/build/launch_pal:/home/khaledob/bookros2_ws/install/launch_pal/lib/python3.8/site-packages:/home/khaledob/bookros2_ws/install/controller_manager_msgs/lib/python3.8/site-packages:${PYTHONPATH} /usr/bin/cmake --install /home/khaledob/bookros2_ws/build/tiago_description
