[1.424s] Invoking command in '/home/khaledob/bookros2_ws/build/br2_navigation': CMAKE_PREFIX_PATH=${CMAKE_PREFIX_PATH}:/home/khaledob/bookros2_ws/install/ros2controlcli:/home/khaledob/bookros2_ws/install/launch_pal:/home/khaledob/bookros2_ws/install/br2_fsm_bumpgo_py:/opt/ros/foxy /usr/bin/cmake --build /home/khaledob/bookros2_ws/build/br2_navigation -- -j7 -l7
[1.959s] Invoked command in '/home/khaledob/bookros2_ws/build/br2_navigation' returned '0': CMAKE_PREFIX_PATH=${CMAKE_PREFIX_PATH}:/home/khaledob/bookros2_ws/install/ros2controlcli:/home/khaledob/bookros2_ws/install/launch_pal:/home/khaledob/bookros2_ws/install/br2_fsm_bumpgo_py:/opt/ros/foxy /usr/bin/cmake --build /home/khaledob/bookros2_ws/build/br2_navigation -- -j7 -l7
[1.962s] Invoking command in '/home/khaledob/bookros2_ws/build/br2_navigation': CMAKE_PREFIX_PATH=${CMAKE_PREFIX_PATH}:/home/khaledob/bookros2_ws/install/ros2controlcli:/home/khaledob/bookros2_ws/install/launch_pal:/home/khaledob/bookros2_ws/install/br2_fsm_bumpgo_py:/opt/ros/foxy /usr/bin/cmake --install /home/khaledob/bookros2_ws/build/br2_navigation
[2.102s] -- Install configuration: ""
[2.106s] -- Execute custom install script
[2.124s] -- Up-to-date symlink: /home/khaledob/bookros2_ws/install/br2_navigation/share/br2_navigation/launch/navigation_launch.py
[2.124s] -- Up-to-date symlink: /home/khaledob/bookros2_ws/install/br2_navigation/share/br2_navigation/launch/tiago_navigation.launch.py
[2.124s] -- Up-to-date symlink: /home/khaledob/bookros2_ws/install/br2_navigation/share/br2_navigation/params/mapper_params_online_async.yaml
[2.124s] -- Up-to-date symlink: /home/khaledob/bookros2_ws/install/br2_navigation/share/br2_navigation/params/tiago_nav_params.yaml
[2.125s] -- Up-to-date symlink: /home/khaledob/bookros2_ws/install/br2_navigation/share/br2_navigation/maps/home.pgm
[2.125s] -- Up-to-date symlink: /home/khaledob/bookros2_ws/install/br2_navigation/share/br2_navigation/maps/home.yaml
[2.125s] -- Up-to-date symlink: /home/khaledob/bookros2_ws/install/br2_navigation/share/ament_index/resource_index/package_run_dependencies/br2_navigation
[2.125s] -- Up-to-date symlink: /home/khaledob/bookros2_ws/install/br2_navigation/share/ament_index/resource_index/parent_prefix_path/br2_navigation
[2.126s] -- Up-to-date symlink: /home/khaledob/bookros2_ws/install/br2_navigation/share/br2_navigation/environment/ament_prefix_path.sh
[2.183s] -- Up-to-date symlink: /home/khaledob/bookros2_ws/install/br2_navigation/share/br2_navigation/environment/ament_prefix_path.dsv
[2.184s] -- Up-to-date symlink: /home/khaledob/bookros2_ws/install/br2_navigation/share/br2_navigation/environment/path.sh
[2.184s] -- Up-to-date symlink: /home/khaledob/bookros2_ws/install/br2_navigation/share/br2_navigation/environment/path.dsv
[2.184s] -- Up-to-date symlink: /home/khaledob/bookros2_ws/install/br2_navigation/share/br2_navigation/local_setup.bash
[2.185s] -- Up-to-date symlink: /home/khaledob/bookros2_ws/install/br2_navigation/share/br2_navigation/local_setup.sh
[2.185s] -- Up-to-date symlink: /home/khaledob/bookros2_ws/install/br2_navigation/share/br2_navigation/local_setup.zsh
[2.185s] -- Up-to-date symlink: /home/khaledob/bookros2_ws/install/br2_navigation/share/br2_navigation/local_setup.dsv
[2.185s] -- Symlinking: /home/khaledob/bookros2_ws/install/br2_navigation/share/br2_navigation/package.dsv
[2.256s] -- Up-to-date symlink: /home/khaledob/bookros2_ws/install/br2_navigation/share/ament_index/resource_index/packages/br2_navigation
[2.256s] -- Up-to-date symlink: /home/khaledob/bookros2_ws/install/br2_navigation/share/br2_navigation/cmake/br2_navigationConfig.cmake
[2.256s] -- Up-to-date symlink: /home/khaledob/bookros2_ws/install/br2_navigation/share/br2_navigation/cmake/br2_navigationConfig-version.cmake
[2.256s] -- Up-to-date symlink: /home/khaledob/bookros2_ws/install/br2_navigation/share/br2_navigation/package.xml
[2.673s] Invoked command in '/home/khaledob/bookros2_ws/build/br2_navigation' returned '0': CMAKE_PREFIX_PATH=${CMAKE_PREFIX_PATH}:/home/khaledob/bookros2_ws/install/ros2controlcli:/home/khaledob/bookros2_ws/install/launch_pal:/home/khaledob/bookros2_ws/install/br2_fsm_bumpgo_py:/opt/ros/foxy /usr/bin/cmake --install /home/khaledob/bookros2_ws/build/br2_navigation
