[1.188s] Invoking command in '/home/khaledob/bookros2_ws/build/tiago_description_calibration': CMAKE_PREFIX_PATH=/opt/ros/foxy /usr/bin/cmake --build /home/khaledob/bookros2_ws/build/tiago_description_calibration -- -j7 -l7
[1.590s] Invoked command in '/home/khaledob/bookros2_ws/build/tiago_description_calibration' returned '0': CMAKE_PREFIX_PATH=/opt/ros/foxy /usr/bin/cmake --build /home/khaledob/bookros2_ws/build/tiago_description_calibration -- -j7 -l7
[1.677s] Invoking command in '/home/khaledob/bookros2_ws/build/tiago_description_calibration': CMAKE_PREFIX_PATH=/opt/ros/foxy /usr/bin/cmake --install /home/khaledob/bookros2_ws/build/tiago_description_calibration
[1.953s] -- Install configuration: ""
[1.953s] -- Execute custom install script
[1.953s] -- Up-to-date symlink: /home/khaledob/bookros2_ws/install/tiago_description_calibration/share/tiago_description_calibration/urdf/calibration/calibration_constants.urdf.xacro
[1.954s] -- Up-to-date symlink: /home/khaledob/bookros2_ws/install/tiago_description_calibration/share/tiago_description_calibration/urdf/calibration/extrinsic_camera_calibration_constants.urdf.xacro
[1.954s] -- Up-to-date symlink: /home/khaledob/bookros2_ws/install/tiago_description_calibration/share/tiago_description_calibration/urdf/deg_to_rad.xacro
[1.954s] -- Up-to-date symlink: /home/khaledob/bookros2_ws/install/tiago_description_calibration/share/ament_index/resource_index/package_run_dependencies/tiago_description_calibration
[1.954s] -- Up-to-date symlink: /home/khaledob/bookros2_ws/install/tiago_description_calibration/share/ament_index/resource_index/parent_prefix_path/tiago_description_calibration
[1.954s] -- Up-to-date symlink: /home/khaledob/bookros2_ws/install/tiago_description_calibration/share/tiago_description_calibration/environment/ament_prefix_path.sh
[1.954s] -- Up-to-date symlink: /home/khaledob/bookros2_ws/install/tiago_description_calibration/share/tiago_description_calibration/environment/ament_prefix_path.dsv
[1.955s] -- Up-to-date symlink: /home/khaledob/bookros2_ws/install/tiago_description_calibration/share/tiago_description_calibration/environment/path.sh
[1.955s] -- Up-to-date symlink: /home/khaledob/bookros2_ws/install/tiago_description_calibration/share/tiago_description_calibration/environment/path.dsv
[1.955s] -- Up-to-date symlink: /home/khaledob/bookros2_ws/install/tiago_description_calibration/share/tiago_description_calibration/local_setup.bash
[1.955s] -- Up-to-date symlink: /home/khaledob/bookros2_ws/install/tiago_description_calibration/share/tiago_description_calibration/local_setup.sh
[1.955s] -- Up-to-date symlink: /home/khaledob/bookros2_ws/install/tiago_description_calibration/share/tiago_description_calibration/local_setup.zsh
[1.956s] -- Up-to-date symlink: /home/khaledob/bookros2_ws/install/tiago_description_calibration/share/tiago_description_calibration/local_setup.dsv
[1.956s] -- Symlinking: /home/khaledob/bookros2_ws/install/tiago_description_calibration/share/tiago_description_calibration/package.dsv
[1.956s] -- Up-to-date symlink: /home/khaledob/bookros2_ws/install/tiago_description_calibration/share/ament_index/resource_index/packages/tiago_description_calibration
[1.956s] -- Up-to-date symlink: /home/khaledob/bookros2_ws/install/tiago_description_calibration/share/tiago_description_calibration/cmake/tiago_description_calibrationConfig.cmake
[1.956s] -- Up-to-date symlink: /home/khaledob/bookros2_ws/install/tiago_description_calibration/share/tiago_description_calibration/cmake/tiago_description_calibrationConfig-version.cmake
[1.956s] -- Up-to-date symlink: /home/khaledob/bookros2_ws/install/tiago_description_calibration/share/tiago_description_calibration/package.xml
[2.195s] Invoked command in '/home/khaledob/bookros2_ws/build/tiago_description_calibration' returned '0': CMAKE_PREFIX_PATH=/opt/ros/foxy /usr/bin/cmake --install /home/khaledob/bookros2_ws/build/tiago_description_calibration
