[1.416s] Invoking command in '/home/khaledob/bookros2_ws/build/br2_navigation': CMAKE_PREFIX_PATH=/opt/ros/foxy /usr/bin/cmake --build /home/khaledob/bookros2_ws/build/br2_navigation -- -j7 -l7
[2.129s] Invoked command in '/home/khaledob/bookros2_ws/build/br2_navigation' returned '0': CMAKE_PREFIX_PATH=/opt/ros/foxy /usr/bin/cmake --build /home/khaledob/bookros2_ws/build/br2_navigation -- -j7 -l7
[2.131s] Invoking command in '/home/khaledob/bookros2_ws/build/br2_navigation': CMAKE_PREFIX_PATH=/opt/ros/foxy /usr/bin/cmake --install /home/khaledob/bookros2_ws/build/br2_navigation
[2.247s] -- Install configuration: ""
[2.247s] -- Execute custom install script
[2.247s] -- Up-to-date symlink: /home/khaledob/bookros2_ws/install/br2_navigation/share/br2_navigation/launch/navigation_launch.py
[2.247s] -- Up-to-date symlink: /home/khaledob/bookros2_ws/install/br2_navigation/share/br2_navigation/launch/tiago_navigation.launch.py
[2.248s] -- Up-to-date symlink: /home/khaledob/bookros2_ws/install/br2_navigation/share/br2_navigation/params/mapper_params_online_async.yaml
[2.248s] -- Up-to-date symlink: /home/khaledob/bookros2_ws/install/br2_navigation/share/br2_navigation/params/tiago_nav_params.yaml
[2.255s] -- Up-to-date symlink: /home/khaledob/bookros2_ws/install/br2_navigation/share/br2_navigation/maps/home.pgm
[2.256s] -- Up-to-date symlink: /home/khaledob/bookros2_ws/install/br2_navigation/share/br2_navigation/maps/home.yaml
[2.280s] -- Up-to-date symlink: /home/khaledob/bookros2_ws/install/br2_navigation/share/ament_index/resource_index/package_run_dependencies/br2_navigation
[2.281s] -- Up-to-date symlink: /home/khaledob/bookros2_ws/install/br2_navigation/share/ament_index/resource_index/parent_prefix_path/br2_navigation
[2.282s] -- Up-to-date symlink: /home/khaledob/bookros2_ws/install/br2_navigation/share/br2_navigation/environment/ament_prefix_path.sh
[2.288s] -- Up-to-date symlink: /home/khaledob/bookros2_ws/install/br2_navigation/share/br2_navigation/environment/ament_prefix_path.dsv
[2.289s] -- Up-to-date symlink: /home/khaledob/bookros2_ws/install/br2_navigation/share/br2_navigation/environment/path.sh
[2.289s] -- Up-to-date symlink: /home/khaledob/bookros2_ws/install/br2_navigation/share/br2_navigation/environment/path.dsv
[2.289s] -- Up-to-date symlink: /home/khaledob/bookros2_ws/install/br2_navigation/share/br2_navigation/local_setup.bash
[2.289s] -- Up-to-date symlink: /home/khaledob/bookros2_ws/install/br2_navigation/share/br2_navigation/local_setup.sh
[2.289s] -- Up-to-date symlink: /home/khaledob/bookros2_ws/install/br2_navigation/share/br2_navigation/local_setup.zsh
[2.289s] -- Up-to-date symlink: /home/khaledob/bookros2_ws/install/br2_navigation/share/br2_navigation/local_setup.dsv
[2.289s] -- Symlinking: /home/khaledob/bookros2_ws/install/br2_navigation/share/br2_navigation/package.dsv
[2.301s] -- Up-to-date symlink: /home/khaledob/bookros2_ws/install/br2_navigation/share/ament_index/resource_index/packages/br2_navigation
[2.303s] -- Up-to-date symlink: /home/khaledob/bookros2_ws/install/br2_navigation/share/br2_navigation/cmake/br2_navigationConfig.cmake
[2.304s] -- Up-to-date symlink: /home/khaledob/bookros2_ws/install/br2_navigation/share/br2_navigation/cmake/br2_navigationConfig-version.cmake
[2.305s] -- Up-to-date symlink: /home/khaledob/bookros2_ws/install/br2_navigation/share/br2_navigation/package.xml
[3.295s] Invoked command in '/home/khaledob/bookros2_ws/build/br2_navigation' returned '0': CMAKE_PREFIX_PATH=/opt/ros/foxy /usr/bin/cmake --install /home/khaledob/bookros2_ws/build/br2_navigation
