[0.170s] Invoking command in '/home/khaledob/bookros2_ws/build/controller_interface': AMENT_PREFIX_PATH=/home/khaledob/bookros2_ws/install/hardware_interface:/home/khaledob/bookros2_ws/install/ros2_control_test_assets:${AMENT_PREFIX_PATH} CMAKE_PREFIX_PATH=/home/khaledob/bookros2_ws/install/hardware_interface:/home/khaledob/bookros2_ws/install/ros2_control_test_assets:/opt/ros/foxy LD_LIBRARY_PATH=/home/khaledob/bookros2_ws/install/hardware_interface/lib:${LD_LIBRARY_PATH} /usr/bin/cmake --build /home/khaledob/bookros2_ws/build/controller_interface -- -j6 -l6
[0.973s] [ 20%] Built target gmock
[1.121s] [ 33%] Built target controller_interface
[1.378s] [ 46%] Built target gmock_main
[1.686s] [ 60%] Built target test_force_torque_sensor
[1.806s] [ 73%] Built target test_imu_sensor
[1.950s] [ 86%] Built target test_semantic_component_interface
[2.216s] [100%] Built target test_controller_with_options
[3.074s] Invoked command in '/home/khaledob/bookros2_ws/build/controller_interface' returned '0': AMENT_PREFIX_PATH=/home/khaledob/bookros2_ws/install/hardware_interface:/home/khaledob/bookros2_ws/install/ros2_control_test_assets:${AMENT_PREFIX_PATH} CMAKE_PREFIX_PATH=/home/khaledob/bookros2_ws/install/hardware_interface:/home/khaledob/bookros2_ws/install/ros2_control_test_assets:/opt/ros/foxy LD_LIBRARY_PATH=/home/khaledob/bookros2_ws/install/hardware_interface/lib:${LD_LIBRARY_PATH} /usr/bin/cmake --build /home/khaledob/bookros2_ws/build/controller_interface -- -j6 -l6
[3.094s] Invoking command in '/home/khaledob/bookros2_ws/build/controller_interface': AMENT_PREFIX_PATH=/home/khaledob/bookros2_ws/install/hardware_interface:/home/khaledob/bookros2_ws/install/ros2_control_test_assets:${AMENT_PREFIX_PATH} CMAKE_PREFIX_PATH=/home/khaledob/bookros2_ws/install/hardware_interface:/home/khaledob/bookros2_ws/install/ros2_control_test_assets:/opt/ros/foxy LD_LIBRARY_PATH=/home/khaledob/bookros2_ws/install/hardware_interface/lib:${LD_LIBRARY_PATH} /usr/bin/cmake --install /home/khaledob/bookros2_ws/build/controller_interface
[3.215s] -- Install configuration: ""
[3.215s] -- Execute custom install script
[3.215s] -- Up-to-date symlink: /home/khaledob/bookros2_ws/install/controller_interface/include/controller_interface/controller_interface.hpp
[3.227s] -- Up-to-date symlink: /home/khaledob/bookros2_ws/install/controller_interface/include/controller_interface/controller_state_names.hpp
[3.227s] -- Up-to-date symlink: /home/khaledob/bookros2_ws/install/controller_interface/include/controller_interface/helpers.hpp
[3.227s] -- Up-to-date symlink: /home/khaledob/bookros2_ws/install/controller_interface/include/controller_interface/visibility_control.h
[3.227s] -- Up-to-date symlink: /home/khaledob/bookros2_ws/install/controller_interface/include/semantic_components/force_torque_sensor.hpp
[3.227s] -- Up-to-date symlink: /home/khaledob/bookros2_ws/install/controller_interface/include/semantic_components/imu_sensor.hpp
[3.227s] -- Up-to-date symlink: /home/khaledob/bookros2_ws/install/controller_interface/include/semantic_components/semantic_component_interface.hpp
[3.266s] -- Up-to-date symlink: /home/khaledob/bookros2_ws/install/controller_interface/lib/libcontroller_interface.so
[3.266s] -- Up-to-date symlink: /home/khaledob/bookros2_ws/install/controller_interface/share/controller_interface/environment/library_path.sh
[3.266s] -- Up-to-date symlink: /home/khaledob/bookros2_ws/install/controller_interface/share/controller_interface/environment/library_path.dsv
[3.266s] -- Up-to-date symlink: /home/khaledob/bookros2_ws/install/controller_interface/share/ament_index/resource_index/package_run_dependencies/controller_interface
[3.266s] -- Up-to-date symlink: /home/khaledob/bookros2_ws/install/controller_interface/share/ament_index/resource_index/parent_prefix_path/controller_interface
[3.267s] -- Up-to-date symlink: /home/khaledob/bookros2_ws/install/controller_interface/share/controller_interface/environment/ament_prefix_path.sh
[3.267s] -- Up-to-date symlink: /home/khaledob/bookros2_ws/install/controller_interface/share/controller_interface/environment/ament_prefix_path.dsv
[3.267s] -- Up-to-date symlink: /home/khaledob/bookros2_ws/install/controller_interface/share/controller_interface/environment/path.sh
[3.267s] -- Up-to-date symlink: /home/khaledob/bookros2_ws/install/controller_interface/share/controller_interface/environment/path.dsv
[3.267s] -- Up-to-date symlink: /home/khaledob/bookros2_ws/install/controller_interface/share/controller_interface/local_setup.bash
[3.267s] -- Up-to-date symlink: /home/khaledob/bookros2_ws/install/controller_interface/share/controller_interface/local_setup.sh
[3.267s] -- Up-to-date symlink: /home/khaledob/bookros2_ws/install/controller_interface/share/controller_interface/local_setup.zsh
[3.267s] -- Up-to-date symlink: /home/khaledob/bookros2_ws/install/controller_interface/share/controller_interface/local_setup.dsv
[3.267s] -- Symlinking: /home/khaledob/bookros2_ws/install/controller_interface/share/controller_interface/package.dsv
[3.333s] -- Up-to-date symlink: /home/khaledob/bookros2_ws/install/controller_interface/share/ament_index/resource_index/packages/controller_interface
[3.333s] -- Up-to-date symlink: /home/khaledob/bookros2_ws/install/controller_interface/share/controller_interface/cmake/ament_cmake_export_dependencies-extras.cmake
[3.334s] -- Up-to-date symlink: /home/khaledob/bookros2_ws/install/controller_interface/share/controller_interface/cmake/ament_cmake_export_include_directories-extras.cmake
[3.334s] -- Up-to-date symlink: /home/khaledob/bookros2_ws/install/controller_interface/share/controller_interface/cmake/ament_cmake_export_libraries-extras.cmake
[3.334s] -- Up-to-date symlink: /home/khaledob/bookros2_ws/install/controller_interface/share/controller_interface/cmake/controller_interfaceConfig.cmake
[3.334s] -- Up-to-date symlink: /home/khaledob/bookros2_ws/install/controller_interface/share/controller_interface/cmake/controller_interfaceConfig-version.cmake
[3.349s] -- Up-to-date symlink: /home/khaledob/bookros2_ws/install/controller_interface/share/controller_interface/package.xml
[3.782s] Invoked command in '/home/khaledob/bookros2_ws/build/controller_interface' returned '0': AMENT_PREFIX_PATH=/home/khaledob/bookros2_ws/install/hardware_interface:/home/khaledob/bookros2_ws/install/ros2_control_test_assets:${AMENT_PREFIX_PATH} CMAKE_PREFIX_PATH=/home/khaledob/bookros2_ws/install/hardware_interface:/home/khaledob/bookros2_ws/install/ros2_control_test_assets:/opt/ros/foxy LD_LIBRARY_PATH=/home/khaledob/bookros2_ws/install/hardware_interface/lib:${LD_LIBRARY_PATH} /usr/bin/cmake --install /home/khaledob/bookros2_ws/build/controller_interface
