[0.179s] Invoking command in '/home/khaledob/bookros2_ws/build/groot': CMAKE_PREFIX_PATH=${CMAKE_PREFIX_PATH}:/home/khaledob/bookros2_ws/install/ros2controlcli:/home/khaledob/bookros2_ws/install/launch_pal:/home/khaledob/bookros2_ws/install/br2_fsm_bumpgo_py:/opt/ros/foxy /usr/bin/cmake --build /home/khaledob/bookros2_ws/build/groot -- -j7 -l7
[0.445s] [  1%] [34m[1mAutomatic MOC and UIC for target QtNodeEditor[0m
[0.525s] [  1%] Built target QtNodeEditor_autogen
[0.722s] [ 57%] Built target QtNodeEditor
[0.846s] [ 58%] [34m[1mAutomatic MOC and UIC for target behavior_tree_editor[0m
[0.887s] [ 58%] Built target behavior_tree_editor_autogen
[1.058s] [ 74%] Built target behavior_tree_editor
[1.106s] [ 75%] [34m[1mAutomatic MOC and UIC for target replay_test[0m
[1.186s] [ 75%] [34m[1mAutomatic MOC and UIC for target editor_test[0m
[1.186s] [ 76%] [34m[1mAutomatic MOC and UIC for target Groot[0m
[1.263s] [ 76%] Built target editor_test_autogen
[1.268s] [ 76%] Built target Groot_autogen
[1.271s] [ 76%] Built target replay_test_autogen
[1.351s] [ 82%] Built target Groot
[1.378s] [100%] Built target editor_test
[1.378s] [100%] Built target replay_test
[1.510s] Invoked command in '/home/khaledob/bookros2_ws/build/groot' returned '0': CMAKE_PREFIX_PATH=${CMAKE_PREFIX_PATH}:/home/khaledob/bookros2_ws/install/ros2controlcli:/home/khaledob/bookros2_ws/install/launch_pal:/home/khaledob/bookros2_ws/install/br2_fsm_bumpgo_py:/opt/ros/foxy /usr/bin/cmake --build /home/khaledob/bookros2_ws/build/groot -- -j7 -l7
[1.512s] Invoking command in '/home/khaledob/bookros2_ws/build/groot': CMAKE_PREFIX_PATH=${CMAKE_PREFIX_PATH}:/home/khaledob/bookros2_ws/install/ros2controlcli:/home/khaledob/bookros2_ws/install/launch_pal:/home/khaledob/bookros2_ws/install/br2_fsm_bumpgo_py:/opt/ros/foxy /usr/bin/cmake --install /home/khaledob/bookros2_ws/build/groot
[1.541s] -- Install configuration: ""
[1.543s] -- Execute custom install script
[1.545s] -- Up-to-date symlink: /home/khaledob/bookros2_ws/install/groot/lib/libbehavior_tree_editor.so
[1.546s] -- Up-to-date symlink: /home/khaledob/bookros2_ws/install/groot/lib/groot/Groot
[1.546s] -- Up-to-date symlink: /home/khaledob/bookros2_ws/install/groot/share/groot/environment/library_path.sh
[1.547s] -- Up-to-date symlink: /home/khaledob/bookros2_ws/install/groot/share/groot/environment/library_path.dsv
[1.548s] -- Up-to-date symlink: /home/khaledob/bookros2_ws/install/groot/share/ament_index/resource_index/package_run_dependencies/groot
[1.549s] -- Up-to-date symlink: /home/khaledob/bookros2_ws/install/groot/share/ament_index/resource_index/parent_prefix_path/groot
[1.549s] -- Up-to-date symlink: /home/khaledob/bookros2_ws/install/groot/share/groot/environment/ament_prefix_path.sh
[1.550s] -- Up-to-date symlink: /home/khaledob/bookros2_ws/install/groot/share/groot/environment/ament_prefix_path.dsv
[1.550s] -- Up-to-date symlink: /home/khaledob/bookros2_ws/install/groot/share/groot/environment/path.sh
[1.554s] -- Up-to-date symlink: /home/khaledob/bookros2_ws/install/groot/share/groot/environment/path.dsv
[1.555s] -- Up-to-date symlink: /home/khaledob/bookros2_ws/install/groot/share/groot/local_setup.bash
[1.555s] -- Up-to-date symlink: /home/khaledob/bookros2_ws/install/groot/share/groot/local_setup.sh
[1.555s] -- Up-to-date symlink: /home/khaledob/bookros2_ws/install/groot/share/groot/local_setup.zsh
[1.555s] -- Up-to-date symlink: /home/khaledob/bookros2_ws/install/groot/share/groot/local_setup.dsv
[1.555s] -- Symlinking: /home/khaledob/bookros2_ws/install/groot/share/groot/package.dsv
[1.573s] -- Up-to-date symlink: /home/khaledob/bookros2_ws/install/groot/share/ament_index/resource_index/packages/groot
[1.579s] -- Up-to-date symlink: /home/khaledob/bookros2_ws/install/groot/share/groot/cmake/ament_cmake_export_include_directories-extras.cmake
[1.579s] -- Up-to-date symlink: /home/khaledob/bookros2_ws/install/groot/share/groot/cmake/ament_cmake_export_dependencies-extras.cmake
[1.580s] -- Up-to-date symlink: /home/khaledob/bookros2_ws/install/groot/share/groot/cmake/ament_cmake_export_libraries-extras.cmake
[1.580s] -- Up-to-date symlink: /home/khaledob/bookros2_ws/install/groot/share/groot/cmake/grootConfig.cmake
[1.580s] -- Up-to-date symlink: /home/khaledob/bookros2_ws/install/groot/share/groot/cmake/grootConfig-version.cmake
[1.581s] -- Up-to-date symlink: /home/khaledob/bookros2_ws/install/groot/share/groot/package.xml
[1.618s] Invoked command in '/home/khaledob/bookros2_ws/build/groot' returned '0': CMAKE_PREFIX_PATH=${CMAKE_PREFIX_PATH}:/home/khaledob/bookros2_ws/install/ros2controlcli:/home/khaledob/bookros2_ws/install/launch_pal:/home/khaledob/bookros2_ws/install/br2_fsm_bumpgo_py:/opt/ros/foxy /usr/bin/cmake --install /home/khaledob/bookros2_ws/build/groot
