[0.565s] Invoking command in '/home/khaledob/bookros2_ws/build/twist_mux': CMAKE_PREFIX_PATH=${CMAKE_PREFIX_PATH}:/home/khaledob/bookros2_ws/install/ros2controlcli:/home/khaledob/bookros2_ws/install/launch_pal:/home/khaledob/bookros2_ws/install/br2_fsm_bumpgo_py:/opt/ros/foxy /usr/bin/cmake --build /home/khaledob/bookros2_ws/build/twist_mux -- -j7 -l7
[0.779s] [ 33%] Built target twist_marker
[0.796s] [100%] Built target twist_mux
[0.940s] Invoked command in '/home/khaledob/bookros2_ws/build/twist_mux' returned '0': CMAKE_PREFIX_PATH=${CMAKE_PREFIX_PATH}:/home/khaledob/bookros2_ws/install/ros2controlcli:/home/khaledob/bookros2_ws/install/launch_pal:/home/khaledob/bookros2_ws/install/br2_fsm_bumpgo_py:/opt/ros/foxy /usr/bin/cmake --build /home/khaledob/bookros2_ws/build/twist_mux -- -j7 -l7
[0.943s] Invoking command in '/home/khaledob/bookros2_ws/build/twist_mux': CMAKE_PREFIX_PATH=${CMAKE_PREFIX_PATH}:/home/khaledob/bookros2_ws/install/ros2controlcli:/home/khaledob/bookros2_ws/install/launch_pal:/home/khaledob/bookros2_ws/install/br2_fsm_bumpgo_py:/opt/ros/foxy /usr/bin/cmake --install /home/khaledob/bookros2_ws/build/twist_mux
[0.991s] -- Install configuration: ""
[0.991s] -- Execute custom install script
[0.992s] -- Up-to-date symlink: /home/khaledob/bookros2_ws/install/twist_mux/lib/twist_mux/twist_mux
[0.992s] -- Up-to-date symlink: /home/khaledob/bookros2_ws/install/twist_mux/lib/twist_mux/twist_marker
[0.992s] -- Up-to-date symlink: /home/khaledob/bookros2_ws/install/twist_mux/share/twist_mux/launch/twist_mux.launch
[0.994s] -- Up-to-date symlink: /home/khaledob/bookros2_ws/install/twist_mux/share/twist_mux/launch/twist_mux_launch.py
[0.995s] -- Up-to-date symlink: /home/khaledob/bookros2_ws/install/twist_mux/share/twist_mux/config/joystick.yaml
[0.996s] -- Up-to-date symlink: /home/khaledob/bookros2_ws/install/twist_mux/share/twist_mux/config/twist_mux_locks.yaml
[0.997s] -- Up-to-date symlink: /home/khaledob/bookros2_ws/install/twist_mux/share/twist_mux/config/twist_mux_topics.yaml
[0.998s] -- Up-to-date symlink: /home/khaledob/bookros2_ws/install/twist_mux/include/twist_mux/params_helpers.hpp
[0.998s] -- Up-to-date symlink: /home/khaledob/bookros2_ws/install/twist_mux/include/twist_mux/topic_handle.hpp
[0.998s] -- Up-to-date symlink: /home/khaledob/bookros2_ws/install/twist_mux/include/twist_mux/twist_mux.hpp
[0.998s] -- Up-to-date symlink: /home/khaledob/bookros2_ws/install/twist_mux/include/twist_mux/twist_mux_diagnostics.hpp
[0.998s] -- Up-to-date symlink: /home/khaledob/bookros2_ws/install/twist_mux/include/twist_mux/twist_mux_diagnostics_status.hpp
[0.999s] -- Up-to-date symlink: /home/khaledob/bookros2_ws/install/twist_mux/include/twist_mux/utils.hpp
[0.999s] -- Up-to-date symlink: /home/khaledob/bookros2_ws/install/twist_mux/share/ament_index/resource_index/package_run_dependencies/twist_mux
[0.999s] -- Up-to-date symlink: /home/khaledob/bookros2_ws/install/twist_mux/share/ament_index/resource_index/parent_prefix_path/twist_mux
[0.999s] -- Up-to-date symlink: /home/khaledob/bookros2_ws/install/twist_mux/share/twist_mux/environment/ament_prefix_path.sh
[0.999s] -- Up-to-date symlink: /home/khaledob/bookros2_ws/install/twist_mux/share/twist_mux/environment/ament_prefix_path.dsv
[1.000s] -- Up-to-date symlink: /home/khaledob/bookros2_ws/install/twist_mux/share/twist_mux/environment/path.sh
[1.000s] -- Up-to-date symlink: /home/khaledob/bookros2_ws/install/twist_mux/share/twist_mux/environment/path.dsv
[1.000s] -- Up-to-date symlink: /home/khaledob/bookros2_ws/install/twist_mux/share/twist_mux/local_setup.bash
[1.000s] -- Up-to-date symlink: /home/khaledob/bookros2_ws/install/twist_mux/share/twist_mux/local_setup.sh
[1.000s] -- Up-to-date symlink: /home/khaledob/bookros2_ws/install/twist_mux/share/twist_mux/local_setup.zsh
[1.000s] -- Up-to-date symlink: /home/khaledob/bookros2_ws/install/twist_mux/share/twist_mux/local_setup.dsv
[1.000s] -- Symlinking: /home/khaledob/bookros2_ws/install/twist_mux/share/twist_mux/package.dsv
[1.000s] -- Up-to-date symlink: /home/khaledob/bookros2_ws/install/twist_mux/share/ament_index/resource_index/packages/twist_mux
[1.001s] -- Up-to-date symlink: /home/khaledob/bookros2_ws/install/twist_mux/share/twist_mux/cmake/ament_cmake_export_include_directories-extras.cmake
[1.001s] -- Up-to-date symlink: /home/khaledob/bookros2_ws/install/twist_mux/share/twist_mux/cmake/ament_cmake_export_dependencies-extras.cmake
[1.001s] -- Up-to-date symlink: /home/khaledob/bookros2_ws/install/twist_mux/share/twist_mux/cmake/twist_muxConfig.cmake
[1.073s] -- Up-to-date symlink: /home/khaledob/bookros2_ws/install/twist_mux/share/twist_mux/cmake/twist_muxConfig-version.cmake
[1.095s] -- Up-to-date symlink: /home/khaledob/bookros2_ws/install/twist_mux/share/twist_mux/package.xml
[1.210s] Invoked command in '/home/khaledob/bookros2_ws/build/twist_mux' returned '0': CMAKE_PREFIX_PATH=${CMAKE_PREFIX_PATH}:/home/khaledob/bookros2_ws/install/ros2controlcli:/home/khaledob/bookros2_ws/install/launch_pal:/home/khaledob/bookros2_ws/install/br2_fsm_bumpgo_py:/opt/ros/foxy /usr/bin/cmake --install /home/khaledob/bookros2_ws/build/twist_mux
