[0.206s] Invoking command in '/home/khaledob/bookros2_ws/src/build/br2_tf2_detector': CMAKE_PREFIX_PATH=/opt/ros/foxy /usr/bin/cmake --build /home/khaledob/bookros2_ws/src/build/br2_tf2_detector -- -j7 -l7
[0.459s] [ 50%] Built target br2_tf2_detector
[0.654s] [ 75%] Built target detector_improved
[0.813s] [100%] Built target detector
[0.929s] Invoked command in '/home/khaledob/bookros2_ws/src/build/br2_tf2_detector' returned '0': CMAKE_PREFIX_PATH=/opt/ros/foxy /usr/bin/cmake --build /home/khaledob/bookros2_ws/src/build/br2_tf2_detector -- -j7 -l7
[0.949s] Invoking command in '/home/khaledob/bookros2_ws/src/build/br2_tf2_detector': CMAKE_PREFIX_PATH=/opt/ros/foxy /usr/bin/cmake --install /home/khaledob/bookros2_ws/src/build/br2_tf2_detector
[0.986s] -- Install configuration: ""
[0.987s] -- Execute custom install script
[0.999s] -- Up-to-date symlink: /home/khaledob/bookros2_ws/src/install/br2_tf2_detector/lib/libbr2_tf2_detector.so
[1.003s] -- Up-to-date symlink: /home/khaledob/bookros2_ws/src/install/br2_tf2_detector/lib/br2_tf2_detector/detector
[1.006s] -- Up-to-date symlink: /home/khaledob/bookros2_ws/src/install/br2_tf2_detector/lib/br2_tf2_detector/detector_improved
[1.014s] -- Up-to-date symlink: /home/khaledob/bookros2_ws/src/install/br2_tf2_detector/share/br2_tf2_detector/launch/detector_basic.launch.py
[1.015s] -- Up-to-date symlink: /home/khaledob/bookros2_ws/src/install/br2_tf2_detector/share/br2_tf2_detector/launch/detector_improved.launch.py
[1.032s] -- Up-to-date symlink: /home/khaledob/bookros2_ws/src/install/br2_tf2_detector/share/ament_index/resource_index/package_run_dependencies/br2_tf2_detector
[1.033s] -- Up-to-date symlink: /home/khaledob/bookros2_ws/src/install/br2_tf2_detector/share/ament_index/resource_index/parent_prefix_path/br2_tf2_detector
[1.033s] -- Up-to-date symlink: /home/khaledob/bookros2_ws/src/install/br2_tf2_detector/share/br2_tf2_detector/environment/ament_prefix_path.sh
[1.033s] -- Up-to-date symlink: /home/khaledob/bookros2_ws/src/install/br2_tf2_detector/share/br2_tf2_detector/environment/ament_prefix_path.dsv
[1.033s] -- Up-to-date symlink: /home/khaledob/bookros2_ws/src/install/br2_tf2_detector/share/br2_tf2_detector/environment/path.sh
[1.033s] -- Up-to-date symlink: /home/khaledob/bookros2_ws/src/install/br2_tf2_detector/share/br2_tf2_detector/environment/path.dsv
[1.035s] -- Up-to-date symlink: /home/khaledob/bookros2_ws/src/install/br2_tf2_detector/share/br2_tf2_detector/local_setup.bash
[1.036s] -- Up-to-date symlink: /home/khaledob/bookros2_ws/src/install/br2_tf2_detector/share/br2_tf2_detector/local_setup.sh
[1.038s] -- Up-to-date symlink: /home/khaledob/bookros2_ws/src/install/br2_tf2_detector/share/br2_tf2_detector/local_setup.zsh
[1.040s] -- Up-to-date symlink: /home/khaledob/bookros2_ws/src/install/br2_tf2_detector/share/br2_tf2_detector/local_setup.dsv
[1.041s] -- Symlinking: /home/khaledob/bookros2_ws/src/install/br2_tf2_detector/share/br2_tf2_detector/package.dsv
[1.116s] -- Up-to-date symlink: /home/khaledob/bookros2_ws/src/install/br2_tf2_detector/share/ament_index/resource_index/packages/br2_tf2_detector
[1.119s] -- Up-to-date symlink: /home/khaledob/bookros2_ws/src/install/br2_tf2_detector/share/br2_tf2_detector/cmake/br2_tf2_detectorConfig.cmake
[1.121s] -- Up-to-date symlink: /home/khaledob/bookros2_ws/src/install/br2_tf2_detector/share/br2_tf2_detector/cmake/br2_tf2_detectorConfig-version.cmake
[1.123s] -- Up-to-date symlink: /home/khaledob/bookros2_ws/src/install/br2_tf2_detector/share/br2_tf2_detector/package.xml
[1.130s] Invoked command in '/home/khaledob/bookros2_ws/src/build/br2_tf2_detector' returned '0': CMAKE_PREFIX_PATH=/opt/ros/foxy /usr/bin/cmake --install /home/khaledob/bookros2_ws/src/build/br2_tf2_detector
