[0.115s] Invoking command in '/home/khaledob/bookros2_ws/build/transmission_interface': AMENT_PREFIX_PATH=/home/khaledob/bookros2_ws/install/hardware_interface:/home/khaledob/bookros2_ws/install/ros2_control_test_assets:${AMENT_PREFIX_PATH} CMAKE_PREFIX_PATH=/home/khaledob/bookros2_ws/install/hardware_interface:/home/khaledob/bookros2_ws/install/ros2_control_test_assets:/opt/ros/foxy LD_LIBRARY_PATH=/home/khaledob/bookros2_ws/install/hardware_interface/lib:${LD_LIBRARY_PATH} /usr/bin/cmake --build /home/khaledob/bookros2_ws/build/transmission_interface -- -j7 -l7
[0.340s] [ 33%] Built target gmock
[0.340s] [ 26%] Built target transmission_parser
[0.386s] [ 46%] Built target gmock_main
[0.594s] [ 60%] Built target test_simple_transmission
[0.594s] [ 73%] Built target test_transmission_parser
[0.595s] [ 86%] Built target test_differential_transmission
[0.641s] [100%] Built target test_four_bar_linkage_transmission
[0.714s] Invoked command in '/home/khaledob/bookros2_ws/build/transmission_interface' returned '0': AMENT_PREFIX_PATH=/home/khaledob/bookros2_ws/install/hardware_interface:/home/khaledob/bookros2_ws/install/ros2_control_test_assets:${AMENT_PREFIX_PATH} CMAKE_PREFIX_PATH=/home/khaledob/bookros2_ws/install/hardware_interface:/home/khaledob/bookros2_ws/install/ros2_control_test_assets:/opt/ros/foxy LD_LIBRARY_PATH=/home/khaledob/bookros2_ws/install/hardware_interface/lib:${LD_LIBRARY_PATH} /usr/bin/cmake --build /home/khaledob/bookros2_ws/build/transmission_interface -- -j7 -l7
[0.720s] Invoking command in '/home/khaledob/bookros2_ws/build/transmission_interface': AMENT_PREFIX_PATH=/home/khaledob/bookros2_ws/install/hardware_interface:/home/khaledob/bookros2_ws/install/ros2_control_test_assets:${AMENT_PREFIX_PATH} CMAKE_PREFIX_PATH=/home/khaledob/bookros2_ws/install/hardware_interface:/home/khaledob/bookros2_ws/install/ros2_control_test_assets:/opt/ros/foxy LD_LIBRARY_PATH=/home/khaledob/bookros2_ws/install/hardware_interface/lib:${LD_LIBRARY_PATH} /usr/bin/cmake --install /home/khaledob/bookros2_ws/build/transmission_interface
[0.772s] -- Install configuration: ""
[0.772s] -- Execute custom install script
[0.773s] -- Up-to-date symlink: /home/khaledob/bookros2_ws/install/transmission_interface/include/transmission_interface/accessor.hpp
[0.774s] -- Up-to-date symlink: /home/khaledob/bookros2_ws/install/transmission_interface/include/transmission_interface/differential_transmission.hpp
[0.774s] -- Up-to-date symlink: /home/khaledob/bookros2_ws/install/transmission_interface/include/transmission_interface/exception.hpp
[0.775s] -- Up-to-date symlink: /home/khaledob/bookros2_ws/install/transmission_interface/include/transmission_interface/four_bar_linkage_transmission.hpp
[0.776s] -- Up-to-date symlink: /home/khaledob/bookros2_ws/install/transmission_interface/include/transmission_interface/handle.hpp
[0.783s] -- Up-to-date symlink: /home/khaledob/bookros2_ws/install/transmission_interface/include/transmission_interface/simple_transmission.hpp
[0.783s] -- Up-to-date symlink: /home/khaledob/bookros2_ws/install/transmission_interface/include/transmission_interface/transmission.hpp
[0.783s] -- Up-to-date symlink: /home/khaledob/bookros2_ws/install/transmission_interface/include/transmission_interface/transmission_info.hpp
[0.783s] -- Up-to-date symlink: /home/khaledob/bookros2_ws/install/transmission_interface/include/transmission_interface/transmission_parser.hpp
[0.785s] -- Up-to-date symlink: /home/khaledob/bookros2_ws/install/transmission_interface/include/transmission_interface/visibility_control.h
[0.788s] -- Up-to-date symlink: /home/khaledob/bookros2_ws/install/transmission_interface/share/ament_index/resource_index/package_run_dependencies/transmission_interface
[0.789s] -- Up-to-date symlink: /home/khaledob/bookros2_ws/install/transmission_interface/share/ament_index/resource_index/parent_prefix_path/transmission_interface
[0.789s] -- Up-to-date symlink: /home/khaledob/bookros2_ws/install/transmission_interface/share/transmission_interface/environment/ament_prefix_path.sh
[0.789s] -- Up-to-date symlink: /home/khaledob/bookros2_ws/install/transmission_interface/share/transmission_interface/environment/ament_prefix_path.dsv
[0.791s] -- Up-to-date symlink: /home/khaledob/bookros2_ws/install/transmission_interface/share/transmission_interface/environment/path.sh
[0.792s] -- Up-to-date symlink: /home/khaledob/bookros2_ws/install/transmission_interface/share/transmission_interface/environment/path.dsv
[0.793s] -- Up-to-date symlink: /home/khaledob/bookros2_ws/install/transmission_interface/share/transmission_interface/local_setup.bash
[0.793s] -- Up-to-date symlink: /home/khaledob/bookros2_ws/install/transmission_interface/share/transmission_interface/local_setup.sh
[0.795s] -- Up-to-date symlink: /home/khaledob/bookros2_ws/install/transmission_interface/share/transmission_interface/local_setup.zsh
[0.795s] -- Up-to-date symlink: /home/khaledob/bookros2_ws/install/transmission_interface/share/transmission_interface/local_setup.dsv
[0.795s] -- Symlinking: /home/khaledob/bookros2_ws/install/transmission_interface/share/transmission_interface/package.dsv
[0.874s] -- Up-to-date symlink: /home/khaledob/bookros2_ws/install/transmission_interface/share/ament_index/resource_index/packages/transmission_interface
[0.875s] -- Up-to-date symlink: /home/khaledob/bookros2_ws/install/transmission_interface/share/transmission_interface/cmake/ament_cmake_export_include_directories-extras.cmake
[0.876s] -- Up-to-date symlink: /home/khaledob/bookros2_ws/install/transmission_interface/share/transmission_interface/cmake/ament_cmake_export_dependencies-extras.cmake
[0.877s] -- Up-to-date symlink: /home/khaledob/bookros2_ws/install/transmission_interface/share/transmission_interface/cmake/transmission_interfaceConfig.cmake
[0.877s] -- Up-to-date symlink: /home/khaledob/bookros2_ws/install/transmission_interface/share/transmission_interface/cmake/transmission_interfaceConfig-version.cmake
[0.877s] -- Up-to-date symlink: /home/khaledob/bookros2_ws/install/transmission_interface/share/transmission_interface/package.xml
[1.020s] Invoked command in '/home/khaledob/bookros2_ws/build/transmission_interface' returned '0': AMENT_PREFIX_PATH=/home/khaledob/bookros2_ws/install/hardware_interface:/home/khaledob/bookros2_ws/install/ros2_control_test_assets:${AMENT_PREFIX_PATH} CMAKE_PREFIX_PATH=/home/khaledob/bookros2_ws/install/hardware_interface:/home/khaledob/bookros2_ws/install/ros2_control_test_assets:/opt/ros/foxy LD_LIBRARY_PATH=/home/khaledob/bookros2_ws/install/hardware_interface/lib:${LD_LIBRARY_PATH} /usr/bin/cmake --install /home/khaledob/bookros2_ws/build/transmission_interface
