[0.068s] Invoking command in '/home/khaledob/bookros2_ws/build/transmission_interface': AMENT_PREFIX_PATH=/home/khaledob/bookros2_ws/install/hardware_interface:/home/khaledob/bookros2_ws/install/ros2_control_test_assets:${AMENT_PREFIX_PATH} CMAKE_PREFIX_PATH=/home/khaledob/bookros2_ws/install/hardware_interface:/home/khaledob/bookros2_ws/install/ros2_control_test_assets:/opt/ros/foxy LD_LIBRARY_PATH=/home/khaledob/bookros2_ws/install/hardware_interface/lib:${LD_LIBRARY_PATH} /usr/bin/cmake --build /home/khaledob/bookros2_ws/build/transmission_interface -- -j7 -l7
[0.337s] [ 20%] Built target gmock
[0.354s] [ 33%] Built target gmock_main
[0.363s] [ 46%] Built target transmission_parser
[0.563s] [ 60%] Built target test_transmission_parser
[0.571s] [ 73%] Built target test_simple_transmission
[0.572s] [ 86%] Built target test_differential_transmission
[0.575s] [100%] Built target test_four_bar_linkage_transmission
[0.708s] Invoked command in '/home/khaledob/bookros2_ws/build/transmission_interface' returned '0': AMENT_PREFIX_PATH=/home/khaledob/bookros2_ws/install/hardware_interface:/home/khaledob/bookros2_ws/install/ros2_control_test_assets:${AMENT_PREFIX_PATH} CMAKE_PREFIX_PATH=/home/khaledob/bookros2_ws/install/hardware_interface:/home/khaledob/bookros2_ws/install/ros2_control_test_assets:/opt/ros/foxy LD_LIBRARY_PATH=/home/khaledob/bookros2_ws/install/hardware_interface/lib:${LD_LIBRARY_PATH} /usr/bin/cmake --build /home/khaledob/bookros2_ws/build/transmission_interface -- -j7 -l7
[0.714s] Invoking command in '/home/khaledob/bookros2_ws/build/transmission_interface': AMENT_PREFIX_PATH=/home/khaledob/bookros2_ws/install/hardware_interface:/home/khaledob/bookros2_ws/install/ros2_control_test_assets:${AMENT_PREFIX_PATH} CMAKE_PREFIX_PATH=/home/khaledob/bookros2_ws/install/hardware_interface:/home/khaledob/bookros2_ws/install/ros2_control_test_assets:/opt/ros/foxy LD_LIBRARY_PATH=/home/khaledob/bookros2_ws/install/hardware_interface/lib:${LD_LIBRARY_PATH} /usr/bin/cmake --install /home/khaledob/bookros2_ws/build/transmission_interface
[0.742s] -- Install configuration: ""
[0.744s] -- Execute custom install script
[0.751s] -- Up-to-date symlink: /home/khaledob/bookros2_ws/install/transmission_interface/include/transmission_interface/accessor.hpp
[0.752s] -- Up-to-date symlink: /home/khaledob/bookros2_ws/install/transmission_interface/include/transmission_interface/differential_transmission.hpp
[0.765s] -- Up-to-date symlink: /home/khaledob/bookros2_ws/install/transmission_interface/include/transmission_interface/exception.hpp
[0.795s] -- Up-to-date symlink: /home/khaledob/bookros2_ws/install/transmission_interface/include/transmission_interface/four_bar_linkage_transmission.hpp
[0.795s] -- Up-to-date symlink: /home/khaledob/bookros2_ws/install/transmission_interface/include/transmission_interface/handle.hpp
[0.795s] -- Up-to-date symlink: /home/khaledob/bookros2_ws/install/transmission_interface/include/transmission_interface/simple_transmission.hpp
[0.795s] -- Up-to-date symlink: /home/khaledob/bookros2_ws/install/transmission_interface/include/transmission_interface/transmission.hpp
[0.795s] -- Up-to-date symlink: /home/khaledob/bookros2_ws/install/transmission_interface/include/transmission_interface/transmission_info.hpp
[0.796s] -- Up-to-date symlink: /home/khaledob/bookros2_ws/install/transmission_interface/include/transmission_interface/transmission_parser.hpp
[0.796s] -- Up-to-date symlink: /home/khaledob/bookros2_ws/install/transmission_interface/include/transmission_interface/visibility_control.h
[0.796s] -- Up-to-date symlink: /home/khaledob/bookros2_ws/install/transmission_interface/share/ament_index/resource_index/package_run_dependencies/transmission_interface
[0.796s] -- Up-to-date symlink: /home/khaledob/bookros2_ws/install/transmission_interface/share/ament_index/resource_index/parent_prefix_path/transmission_interface
[0.796s] -- Up-to-date symlink: /home/khaledob/bookros2_ws/install/transmission_interface/share/transmission_interface/environment/ament_prefix_path.sh
[0.796s] -- Up-to-date symlink: /home/khaledob/bookros2_ws/install/transmission_interface/share/transmission_interface/environment/ament_prefix_path.dsv
[0.796s] -- Up-to-date symlink: /home/khaledob/bookros2_ws/install/transmission_interface/share/transmission_interface/environment/path.sh
[0.797s] -- Up-to-date symlink: /home/khaledob/bookros2_ws/install/transmission_interface/share/transmission_interface/environment/path.dsv
[0.801s] -- Up-to-date symlink: /home/khaledob/bookros2_ws/install/transmission_interface/share/transmission_interface/local_setup.bash
[0.801s] -- Up-to-date symlink: /home/khaledob/bookros2_ws/install/transmission_interface/share/transmission_interface/local_setup.sh
[0.801s] -- Up-to-date symlink: /home/khaledob/bookros2_ws/install/transmission_interface/share/transmission_interface/local_setup.zsh
[0.802s] -- Up-to-date symlink: /home/khaledob/bookros2_ws/install/transmission_interface/share/transmission_interface/local_setup.dsv
[0.802s] -- Symlinking: /home/khaledob/bookros2_ws/install/transmission_interface/share/transmission_interface/package.dsv
[0.824s] -- Up-to-date symlink: /home/khaledob/bookros2_ws/install/transmission_interface/share/ament_index/resource_index/packages/transmission_interface
[0.824s] -- Up-to-date symlink: /home/khaledob/bookros2_ws/install/transmission_interface/share/transmission_interface/cmake/ament_cmake_export_include_directories-extras.cmake
[0.824s] -- Up-to-date symlink: /home/khaledob/bookros2_ws/install/transmission_interface/share/transmission_interface/cmake/ament_cmake_export_dependencies-extras.cmake
[0.824s] -- Up-to-date symlink: /home/khaledob/bookros2_ws/install/transmission_interface/share/transmission_interface/cmake/transmission_interfaceConfig.cmake
[0.824s] -- Up-to-date symlink: /home/khaledob/bookros2_ws/install/transmission_interface/share/transmission_interface/cmake/transmission_interfaceConfig-version.cmake
[0.824s] -- Up-to-date symlink: /home/khaledob/bookros2_ws/install/transmission_interface/share/transmission_interface/package.xml
[1.014s] Invoked command in '/home/khaledob/bookros2_ws/build/transmission_interface' returned '0': AMENT_PREFIX_PATH=/home/khaledob/bookros2_ws/install/hardware_interface:/home/khaledob/bookros2_ws/install/ros2_control_test_assets:${AMENT_PREFIX_PATH} CMAKE_PREFIX_PATH=/home/khaledob/bookros2_ws/install/hardware_interface:/home/khaledob/bookros2_ws/install/ros2_control_test_assets:/opt/ros/foxy LD_LIBRARY_PATH=/home/khaledob/bookros2_ws/install/hardware_interface/lib:${LD_LIBRARY_PATH} /usr/bin/cmake --install /home/khaledob/bookros2_ws/build/transmission_interface
