[0.468s] Invoking command in '/home/khaledob/bookros2_ws/build/br2_tracking': AMENT_PREFIX_PATH=/home/khaledob/bookros2_ws/install/br2_tracking_msgs:${AMENT_PREFIX_PATH} CMAKE_PREFIX_PATH=/home/khaledob/bookros2_ws/install/br2_tracking_msgs:/opt/ros/foxy LD_LIBRARY_PATH=/home/khaledob/bookros2_ws/install/br2_tracking_msgs/lib:${LD_LIBRARY_PATH} PYTHONPATH=/home/khaledob/bookros2_ws/install/br2_tracking_msgs/lib/python3.8/site-packages:${PYTHONPATH} /usr/bin/cmake --build /home/khaledob/bookros2_ws/build/br2_tracking -- -j7 -l7
[1.293s] [ 28%] Built target br2_tracking
[1.435s] [ 42%] Built target gtest_main
[1.775s] [ 57%] Built target object_tracker
[2.114s] [ 71%] Built target object_detector
[2.395s] [ 85%] Built target gtest
[2.660s] [100%] Built target pid_test
[2.966s] Invoked command in '/home/khaledob/bookros2_ws/build/br2_tracking' returned '0': AMENT_PREFIX_PATH=/home/khaledob/bookros2_ws/install/br2_tracking_msgs:${AMENT_PREFIX_PATH} CMAKE_PREFIX_PATH=/home/khaledob/bookros2_ws/install/br2_tracking_msgs:/opt/ros/foxy LD_LIBRARY_PATH=/home/khaledob/bookros2_ws/install/br2_tracking_msgs/lib:${LD_LIBRARY_PATH} PYTHONPATH=/home/khaledob/bookros2_ws/install/br2_tracking_msgs/lib/python3.8/site-packages:${PYTHONPATH} /usr/bin/cmake --build /home/khaledob/bookros2_ws/build/br2_tracking -- -j7 -l7
[2.972s] Invoking command in '/home/khaledob/bookros2_ws/build/br2_tracking': AMENT_PREFIX_PATH=/home/khaledob/bookros2_ws/install/br2_tracking_msgs:${AMENT_PREFIX_PATH} CMAKE_PREFIX_PATH=/home/khaledob/bookros2_ws/install/br2_tracking_msgs:/opt/ros/foxy LD_LIBRARY_PATH=/home/khaledob/bookros2_ws/install/br2_tracking_msgs/lib:${LD_LIBRARY_PATH} PYTHONPATH=/home/khaledob/bookros2_ws/install/br2_tracking_msgs/lib/python3.8/site-packages:${PYTHONPATH} /usr/bin/cmake --install /home/khaledob/bookros2_ws/build/br2_tracking
[3.352s] -- Install configuration: "Debug"
[3.352s] -- Execute custom install script
[3.352s] -- Up-to-date symlink: /home/khaledob/bookros2_ws/install/br2_tracking/lib/libbr2_tracking.so
[3.352s] -- Up-to-date symlink: /home/khaledob/bookros2_ws/install/br2_tracking/lib/br2_tracking/object_detector
[3.352s] -- Up-to-date symlink: /home/khaledob/bookros2_ws/install/br2_tracking/lib/br2_tracking/object_tracker
[3.352s] -- Up-to-date symlink: /home/khaledob/bookros2_ws/install/br2_tracking/include/include/br2_tracking/HeadController.hpp
[3.352s] -- Up-to-date symlink: /home/khaledob/bookros2_ws/install/br2_tracking/include/include/br2_tracking/ObjectDetector.hpp
[3.353s] -- Up-to-date symlink: /home/khaledob/bookros2_ws/install/br2_tracking/include/include/br2_tracking/PIDController.hpp
[3.353s] -- Up-to-date symlink: /home/khaledob/bookros2_ws/install/br2_tracking/share/br2_tracking/launch/tracking.launch.py
[3.353s] -- Up-to-date symlink: /home/khaledob/bookros2_ws/install/br2_tracking/share/br2_tracking/config/detector.yaml
[3.353s] -- Up-to-date symlink: /home/khaledob/bookros2_ws/install/br2_tracking/share/br2_tracking/environment/library_path.sh
[3.353s] -- Up-to-date symlink: /home/khaledob/bookros2_ws/install/br2_tracking/share/br2_tracking/environment/library_path.dsv
[3.353s] -- Up-to-date symlink: /home/khaledob/bookros2_ws/install/br2_tracking/share/ament_index/resource_index/package_run_dependencies/br2_tracking
[3.353s] -- Up-to-date symlink: /home/khaledob/bookros2_ws/install/br2_tracking/share/ament_index/resource_index/parent_prefix_path/br2_tracking
[3.353s] -- Up-to-date symlink: /home/khaledob/bookros2_ws/install/br2_tracking/share/br2_tracking/environment/ament_prefix_path.sh
[3.353s] -- Up-to-date symlink: /home/khaledob/bookros2_ws/install/br2_tracking/share/br2_tracking/environment/ament_prefix_path.dsv
[3.353s] -- Up-to-date symlink: /home/khaledob/bookros2_ws/install/br2_tracking/share/br2_tracking/environment/path.sh
[3.353s] -- Up-to-date symlink: /home/khaledob/bookros2_ws/install/br2_tracking/share/br2_tracking/environment/path.dsv
[3.353s] -- Up-to-date symlink: /home/khaledob/bookros2_ws/install/br2_tracking/share/br2_tracking/local_setup.bash
[3.353s] -- Up-to-date symlink: /home/khaledob/bookros2_ws/install/br2_tracking/share/br2_tracking/local_setup.sh
[3.354s] -- Up-to-date symlink: /home/khaledob/bookros2_ws/install/br2_tracking/share/br2_tracking/local_setup.zsh
[3.354s] -- Up-to-date symlink: /home/khaledob/bookros2_ws/install/br2_tracking/share/br2_tracking/local_setup.dsv
[3.354s] -- Symlinking: /home/khaledob/bookros2_ws/install/br2_tracking/share/br2_tracking/package.dsv
[3.356s] -- Up-to-date symlink: /home/khaledob/bookros2_ws/install/br2_tracking/share/ament_index/resource_index/packages/br2_tracking
[3.367s] -- Up-to-date symlink: /home/khaledob/bookros2_ws/install/br2_tracking/share/br2_tracking/cmake/ament_cmake_export_include_directories-extras.cmake
[3.367s] -- Up-to-date symlink: /home/khaledob/bookros2_ws/install/br2_tracking/share/br2_tracking/cmake/ament_cmake_export_libraries-extras.cmake
[3.371s] -- Up-to-date symlink: /home/khaledob/bookros2_ws/install/br2_tracking/share/br2_tracking/cmake/ament_cmake_export_dependencies-extras.cmake
[3.372s] -- Up-to-date symlink: /home/khaledob/bookros2_ws/install/br2_tracking/share/br2_tracking/cmake/br2_trackingConfig.cmake
[3.372s] -- Up-to-date symlink: /home/khaledob/bookros2_ws/install/br2_tracking/share/br2_tracking/cmake/br2_trackingConfig-version.cmake
[3.376s] -- Up-to-date symlink: /home/khaledob/bookros2_ws/install/br2_tracking/share/br2_tracking/package.xml
[3.392s] Invoked command in '/home/khaledob/bookros2_ws/build/br2_tracking' returned '0': AMENT_PREFIX_PATH=/home/khaledob/bookros2_ws/install/br2_tracking_msgs:${AMENT_PREFIX_PATH} CMAKE_PREFIX_PATH=/home/khaledob/bookros2_ws/install/br2_tracking_msgs:/opt/ros/foxy LD_LIBRARY_PATH=/home/khaledob/bookros2_ws/install/br2_tracking_msgs/lib:${LD_LIBRARY_PATH} PYTHONPATH=/home/khaledob/bookros2_ws/install/br2_tracking_msgs/lib/python3.8/site-packages:${PYTHONPATH} /usr/bin/cmake --install /home/khaledob/bookros2_ws/build/br2_tracking
