[0.296s] Invoking command in '/home/khaledob/bookros2_ws/build/task1': CMAKE_PREFIX_PATH=/opt/ros/foxy /usr/bin/cmake --build /home/khaledob/bookros2_ws/build/task1 -- -j7 -l7
[0.643s] [100%] Built target node
[0.755s] Invoked command in '/home/khaledob/bookros2_ws/build/task1' returned '0': CMAKE_PREFIX_PATH=/opt/ros/foxy /usr/bin/cmake --build /home/khaledob/bookros2_ws/build/task1 -- -j7 -l7
[0.767s] Invoking command in '/home/khaledob/bookros2_ws/build/task1': CMAKE_PREFIX_PATH=/opt/ros/foxy /usr/bin/cmake --install /home/khaledob/bookros2_ws/build/task1
[0.818s] -- Install configuration: ""
[0.819s] -- Execute custom install script
[0.821s] -- Up-to-date symlink: /home/khaledob/bookros2_ws/install/task1/lib/task1/node
[0.830s] -- Up-to-date symlink: /home/khaledob/bookros2_ws/install/task1/share/task1/launch/my_launch_file.py
[0.847s] -- Up-to-date symlink: /home/khaledob/bookros2_ws/install/task1/share/ament_index/resource_index/package_run_dependencies/task1
[0.848s] -- Up-to-date symlink: /home/khaledob/bookros2_ws/install/task1/share/ament_index/resource_index/parent_prefix_path/task1
[0.849s] -- Up-to-date symlink: /home/khaledob/bookros2_ws/install/task1/share/task1/environment/ament_prefix_path.sh
[0.849s] -- Up-to-date symlink: /home/khaledob/bookros2_ws/install/task1/share/task1/environment/ament_prefix_path.dsv
[0.852s] -- Up-to-date symlink: /home/khaledob/bookros2_ws/install/task1/share/task1/environment/path.sh
[0.852s] -- Up-to-date symlink: /home/khaledob/bookros2_ws/install/task1/share/task1/environment/path.dsv
[0.852s] -- Up-to-date symlink: /home/khaledob/bookros2_ws/install/task1/share/task1/local_setup.bash
[0.852s] -- Up-to-date symlink: /home/khaledob/bookros2_ws/install/task1/share/task1/local_setup.sh
[0.853s] -- Up-to-date symlink: /home/khaledob/bookros2_ws/install/task1/share/task1/local_setup.zsh
[0.853s] -- Up-to-date symlink: /home/khaledob/bookros2_ws/install/task1/share/task1/local_setup.dsv
[0.855s] -- Symlinking: /home/khaledob/bookros2_ws/install/task1/share/task1/package.dsv
[0.904s] -- Up-to-date symlink: /home/khaledob/bookros2_ws/install/task1/share/ament_index/resource_index/packages/task1
[0.909s] -- Up-to-date symlink: /home/khaledob/bookros2_ws/install/task1/share/task1/cmake/task1Config.cmake
[0.910s] -- Up-to-date symlink: /home/khaledob/bookros2_ws/install/task1/share/task1/cmake/task1Config-version.cmake
[0.916s] -- Up-to-date symlink: /home/khaledob/bookros2_ws/install/task1/share/task1/package.xml
[1.090s] Invoked command in '/home/khaledob/bookros2_ws/build/task1' returned '0': CMAKE_PREFIX_PATH=/opt/ros/foxy /usr/bin/cmake --install /home/khaledob/bookros2_ws/build/task1
