[0.235s] Invoking command in '/home/khaledob/bookros2_ws/build/groot': CMAKE_PREFIX_PATH=/opt/ros/foxy /usr/bin/cmake --build /home/khaledob/bookros2_ws/build/groot -- -j7 -l7
[0.451s] [  1%] [34m[1mAutomatic MOC and UIC for target QtNodeEditor[0m
[0.545s] [  1%] Built target QtNodeEditor_autogen
[0.748s] [ 57%] Built target QtNodeEditor
[0.863s] [ 58%] [34m[1mAutomatic MOC and UIC for target behavior_tree_editor[0m
[0.951s] [ 58%] Built target behavior_tree_editor_autogen
[1.151s] [ 74%] Built target behavior_tree_editor
[1.224s] [ 74%] [34m[1mAutomatic MOC and UIC for target editor_test[0m
[1.243s] [ 75%] [34m[1mAutomatic MOC and UIC for target Groot[0m
[1.263s] [ 76%] [34m[1mAutomatic MOC and UIC for target replay_test[0m
[1.327s] [ 76%] Built target editor_test_autogen
[1.345s] [ 76%] Built target Groot_autogen
[1.367s] [ 76%] Built target replay_test_autogen
[1.503s] [ 82%] Built target Groot
[1.529s] [ 91%] Built target editor_test
[1.606s] [100%] Built target replay_test
[1.828s] Invoked command in '/home/khaledob/bookros2_ws/build/groot' returned '0': CMAKE_PREFIX_PATH=/opt/ros/foxy /usr/bin/cmake --build /home/khaledob/bookros2_ws/build/groot -- -j7 -l7
[1.829s] Invoking command in '/home/khaledob/bookros2_ws/build/groot': CMAKE_PREFIX_PATH=/opt/ros/foxy /usr/bin/cmake --install /home/khaledob/bookros2_ws/build/groot
[1.927s] -- Install configuration: ""
[1.927s] -- Execute custom install script
[1.927s] -- Up-to-date symlink: /home/khaledob/bookros2_ws/install/groot/lib/libbehavior_tree_editor.so
[1.927s] -- Up-to-date symlink: /home/khaledob/bookros2_ws/install/groot/lib/groot/Groot
[1.927s] -- Up-to-date symlink: /home/khaledob/bookros2_ws/install/groot/share/groot/environment/library_path.sh
[1.928s] -- Up-to-date symlink: /home/khaledob/bookros2_ws/install/groot/share/groot/environment/library_path.dsv
[1.928s] -- Up-to-date symlink: /home/khaledob/bookros2_ws/install/groot/share/ament_index/resource_index/package_run_dependencies/groot
[1.928s] -- Up-to-date symlink: /home/khaledob/bookros2_ws/install/groot/share/ament_index/resource_index/parent_prefix_path/groot
[1.928s] -- Up-to-date symlink: /home/khaledob/bookros2_ws/install/groot/share/groot/environment/ament_prefix_path.sh
[1.928s] -- Up-to-date symlink: /home/khaledob/bookros2_ws/install/groot/share/groot/environment/ament_prefix_path.dsv
[1.928s] -- Up-to-date symlink: /home/khaledob/bookros2_ws/install/groot/share/groot/environment/path.sh
[1.930s] -- Up-to-date symlink: /home/khaledob/bookros2_ws/install/groot/share/groot/environment/path.dsv
[1.930s] -- Up-to-date symlink: /home/khaledob/bookros2_ws/install/groot/share/groot/local_setup.bash
[1.930s] -- Up-to-date symlink: /home/khaledob/bookros2_ws/install/groot/share/groot/local_setup.sh
[1.930s] -- Up-to-date symlink: /home/khaledob/bookros2_ws/install/groot/share/groot/local_setup.zsh
[1.930s] -- Up-to-date symlink: /home/khaledob/bookros2_ws/install/groot/share/groot/local_setup.dsv
[1.930s] -- Symlinking: /home/khaledob/bookros2_ws/install/groot/share/groot/package.dsv
[1.946s] -- Up-to-date symlink: /home/khaledob/bookros2_ws/install/groot/share/ament_index/resource_index/packages/groot
[1.960s] -- Up-to-date symlink: /home/khaledob/bookros2_ws/install/groot/share/groot/cmake/ament_cmake_export_include_directories-extras.cmake
[1.961s] -- Up-to-date symlink: /home/khaledob/bookros2_ws/install/groot/share/groot/cmake/ament_cmake_export_dependencies-extras.cmake
[1.961s] -- Up-to-date symlink: /home/khaledob/bookros2_ws/install/groot/share/groot/cmake/ament_cmake_export_libraries-extras.cmake
[1.962s] -- Up-to-date symlink: /home/khaledob/bookros2_ws/install/groot/share/groot/cmake/grootConfig.cmake
[1.981s] -- Up-to-date symlink: /home/khaledob/bookros2_ws/install/groot/share/groot/cmake/grootConfig-version.cmake
[1.981s] -- Up-to-date symlink: /home/khaledob/bookros2_ws/install/groot/share/groot/package.xml
[2.135s] Invoked command in '/home/khaledob/bookros2_ws/build/groot' returned '0': CMAKE_PREFIX_PATH=/opt/ros/foxy /usr/bin/cmake --install /home/khaledob/bookros2_ws/build/groot
