[1.498s] Invoking command in '/home/khaledob/bookros2_ws/build/effort_controllers': AMENT_PREFIX_PATH=/home/khaledob/bookros2_ws/install/forward_command_controller:/home/khaledob/bookros2_ws/install/controller_manager:/home/khaledob/bookros2_ws/install/controller_interface:/home/khaledob/bookros2_ws/install/hardware_interface:/home/khaledob/bookros2_ws/install/ros2_control_test_assets:/home/khaledob/bookros2_ws/install/controller_manager_msgs:${AMENT_PREFIX_PATH} CMAKE_PREFIX_PATH=/home/khaledob/bookros2_ws/install/forward_command_controller:/home/khaledob/bookros2_ws/install/controller_manager:/home/khaledob/bookros2_ws/install/controller_interface:/home/khaledob/bookros2_ws/install/hardware_interface:/home/khaledob/bookros2_ws/install/ros2_control_test_assets:/home/khaledob/bookros2_ws/install/controller_manager_msgs:/opt/ros/foxy LD_LIBRARY_PATH=/home/khaledob/bookros2_ws/install/forward_command_controller/lib:/home/khaledob/bookros2_ws/install/controller_manager/lib:/home/khaledob/bookros2_ws/install/controller_interface/lib:/home/khaledob/bookros2_ws/install/hardware_interface/lib:/home/khaledob/bookros2_ws/install/controller_manager_msgs/lib:${LD_LIBRARY_PATH} PYTHONPATH=/home/khaledob/bookros2_ws/install/controller_manager/lib/python3.8/site-packages:/home/khaledob/bookros2_ws/install/controller_manager_msgs/lib/python3.8/site-packages:${PYTHONPATH} /usr/bin/cmake --build /home/khaledob/bookros2_ws/build/effort_controllers -- -j7 -l7
[2.100s] [ 27%] Built target gmock
[2.528s] [ 45%] Built target effort_controllers
[2.849s] [ 63%] Built target gmock_main
[3.316s] [ 81%] Built target test_load_joint_group_effort_controller
[3.762s] [100%] Built target test_joint_group_effort_controller
[3.914s] Invoked command in '/home/khaledob/bookros2_ws/build/effort_controllers' returned '0': AMENT_PREFIX_PATH=/home/khaledob/bookros2_ws/install/forward_command_controller:/home/khaledob/bookros2_ws/install/controller_manager:/home/khaledob/bookros2_ws/install/controller_interface:/home/khaledob/bookros2_ws/install/hardware_interface:/home/khaledob/bookros2_ws/install/ros2_control_test_assets:/home/khaledob/bookros2_ws/install/controller_manager_msgs:${AMENT_PREFIX_PATH} CMAKE_PREFIX_PATH=/home/khaledob/bookros2_ws/install/forward_command_controller:/home/khaledob/bookros2_ws/install/controller_manager:/home/khaledob/bookros2_ws/install/controller_interface:/home/khaledob/bookros2_ws/install/hardware_interface:/home/khaledob/bookros2_ws/install/ros2_control_test_assets:/home/khaledob/bookros2_ws/install/controller_manager_msgs:/opt/ros/foxy LD_LIBRARY_PATH=/home/khaledob/bookros2_ws/install/forward_command_controller/lib:/home/khaledob/bookros2_ws/install/controller_manager/lib:/home/khaledob/bookros2_ws/install/controller_interface/lib:/home/khaledob/bookros2_ws/install/hardware_interface/lib:/home/khaledob/bookros2_ws/install/controller_manager_msgs/lib:${LD_LIBRARY_PATH} PYTHONPATH=/home/khaledob/bookros2_ws/install/controller_manager/lib/python3.8/site-packages:/home/khaledob/bookros2_ws/install/controller_manager_msgs/lib/python3.8/site-packages:${PYTHONPATH} /usr/bin/cmake --build /home/khaledob/bookros2_ws/build/effort_controllers -- -j7 -l7
[3.952s] Invoking command in '/home/khaledob/bookros2_ws/build/effort_controllers': AMENT_PREFIX_PATH=/home/khaledob/bookros2_ws/install/forward_command_controller:/home/khaledob/bookros2_ws/install/controller_manager:/home/khaledob/bookros2_ws/install/controller_interface:/home/khaledob/bookros2_ws/install/hardware_interface:/home/khaledob/bookros2_ws/install/ros2_control_test_assets:/home/khaledob/bookros2_ws/install/controller_manager_msgs:${AMENT_PREFIX_PATH} CMAKE_PREFIX_PATH=/home/khaledob/bookros2_ws/install/forward_command_controller:/home/khaledob/bookros2_ws/install/controller_manager:/home/khaledob/bookros2_ws/install/controller_interface:/home/khaledob/bookros2_ws/install/hardware_interface:/home/khaledob/bookros2_ws/install/ros2_control_test_assets:/home/khaledob/bookros2_ws/install/controller_manager_msgs:/opt/ros/foxy LD_LIBRARY_PATH=/home/khaledob/bookros2_ws/install/forward_command_controller/lib:/home/khaledob/bookros2_ws/install/controller_manager/lib:/home/khaledob/bookros2_ws/install/controller_interface/lib:/home/khaledob/bookros2_ws/install/hardware_interface/lib:/home/khaledob/bookros2_ws/install/controller_manager_msgs/lib:${LD_LIBRARY_PATH} PYTHONPATH=/home/khaledob/bookros2_ws/install/controller_manager/lib/python3.8/site-packages:/home/khaledob/bookros2_ws/install/controller_manager_msgs/lib/python3.8/site-packages:${PYTHONPATH} /usr/bin/cmake --install /home/khaledob/bookros2_ws/build/effort_controllers
[4.149s] -- Install configuration: ""
[4.156s] -- Execute custom install script
[4.157s] -- Up-to-date symlink: /home/khaledob/bookros2_ws/install/effort_controllers/share/effort_controllers//effort_controllers_plugins.xml
[4.158s] -- Up-to-date symlink: /home/khaledob/bookros2_ws/install/effort_controllers/include/effort_controllers/joint_group_effort_controller.hpp
[4.159s] -- Up-to-date symlink: /home/khaledob/bookros2_ws/install/effort_controllers/include/effort_controllers/visibility_control.h
[4.159s] -- Up-to-date symlink: /home/khaledob/bookros2_ws/install/effort_controllers/lib/libeffort_controllers.so
[4.159s] -- Up-to-date symlink: /home/khaledob/bookros2_ws/install/effort_controllers/share/effort_controllers/environment/library_path.sh
[4.159s] -- Up-to-date symlink: /home/khaledob/bookros2_ws/install/effort_controllers/share/effort_controllers/environment/library_path.dsv
[4.160s] -- Up-to-date symlink: /home/khaledob/bookros2_ws/install/effort_controllers/share/ament_index/resource_index/package_run_dependencies/effort_controllers
[4.160s] -- Up-to-date symlink: /home/khaledob/bookros2_ws/install/effort_controllers/share/ament_index/resource_index/parent_prefix_path/effort_controllers
[4.176s] -- Up-to-date symlink: /home/khaledob/bookros2_ws/install/effort_controllers/share/effort_controllers/environment/ament_prefix_path.sh
[4.177s] -- Up-to-date symlink: /home/khaledob/bookros2_ws/install/effort_controllers/share/effort_controllers/environment/ament_prefix_path.dsv
[4.177s] -- Up-to-date symlink: /home/khaledob/bookros2_ws/install/effort_controllers/share/effort_controllers/environment/path.sh
[4.177s] -- Up-to-date symlink: /home/khaledob/bookros2_ws/install/effort_controllers/share/effort_controllers/environment/path.dsv
[4.298s] -- Up-to-date symlink: /home/khaledob/bookros2_ws/install/effort_controllers/share/effort_controllers/local_setup.bash
[4.299s] -- Up-to-date symlink: /home/khaledob/bookros2_ws/install/effort_controllers/share/effort_controllers/local_setup.sh
[4.299s] -- Up-to-date symlink: /home/khaledob/bookros2_ws/install/effort_controllers/share/effort_controllers/local_setup.zsh
[4.299s] -- Up-to-date symlink: /home/khaledob/bookros2_ws/install/effort_controllers/share/effort_controllers/local_setup.dsv
[4.299s] -- Symlinking: /home/khaledob/bookros2_ws/install/effort_controllers/share/effort_controllers/package.dsv
[4.440s] -- Up-to-date symlink: /home/khaledob/bookros2_ws/install/effort_controllers/share/ament_index/resource_index/packages/effort_controllers
[4.441s] -- Up-to-date symlink: /home/khaledob/bookros2_ws/install/effort_controllers/share/ament_index/resource_index/controller_interface__pluginlib__plugin/effort_controllers
[4.441s] -- Up-to-date symlink: /home/khaledob/bookros2_ws/install/effort_controllers/share/effort_controllers/cmake/ament_cmake_export_dependencies-extras.cmake
[4.441s] -- Up-to-date symlink: /home/khaledob/bookros2_ws/install/effort_controllers/share/effort_controllers/cmake/ament_cmake_export_include_directories-extras.cmake
[4.442s] -- Up-to-date symlink: /home/khaledob/bookros2_ws/install/effort_controllers/share/effort_controllers/cmake/ament_cmake_export_libraries-extras.cmake
[4.442s] -- Up-to-date symlink: /home/khaledob/bookros2_ws/install/effort_controllers/share/effort_controllers/cmake/effort_controllersConfig.cmake
[4.444s] -- Up-to-date symlink: /home/khaledob/bookros2_ws/install/effort_controllers/share/effort_controllers/cmake/effort_controllersConfig-version.cmake
[4.444s] -- Up-to-date symlink: /home/khaledob/bookros2_ws/install/effort_controllers/share/effort_controllers/package.xml
[4.482s] Invoked command in '/home/khaledob/bookros2_ws/build/effort_controllers' returned '0': AMENT_PREFIX_PATH=/home/khaledob/bookros2_ws/install/forward_command_controller:/home/khaledob/bookros2_ws/install/controller_manager:/home/khaledob/bookros2_ws/install/controller_interface:/home/khaledob/bookros2_ws/install/hardware_interface:/home/khaledob/bookros2_ws/install/ros2_control_test_assets:/home/khaledob/bookros2_ws/install/controller_manager_msgs:${AMENT_PREFIX_PATH} CMAKE_PREFIX_PATH=/home/khaledob/bookros2_ws/install/forward_command_controller:/home/khaledob/bookros2_ws/install/controller_manager:/home/khaledob/bookros2_ws/install/controller_interface:/home/khaledob/bookros2_ws/install/hardware_interface:/home/khaledob/bookros2_ws/install/ros2_control_test_assets:/home/khaledob/bookros2_ws/install/controller_manager_msgs:/opt/ros/foxy LD_LIBRARY_PATH=/home/khaledob/bookros2_ws/install/forward_command_controller/lib:/home/khaledob/bookros2_ws/install/controller_manager/lib:/home/khaledob/bookros2_ws/install/controller_interface/lib:/home/khaledob/bookros2_ws/install/hardware_interface/lib:/home/khaledob/bookros2_ws/install/controller_manager_msgs/lib:${LD_LIBRARY_PATH} PYTHONPATH=/home/khaledob/bookros2_ws/install/controller_manager/lib/python3.8/site-packages:/home/khaledob/bookros2_ws/install/controller_manager_msgs/lib/python3.8/site-packages:${PYTHONPATH} /usr/bin/cmake --install /home/khaledob/bookros2_ws/build/effort_controllers
