[0.312s] Invoking command in '/home/khaledob/bookros2_ws/build/pmb2_maps': CMAKE_PREFIX_PATH=${CMAKE_PREFIX_PATH}:/home/khaledob/bookros2_ws/install/tiago_controller_configuration:/home/khaledob/bookros2_ws/install/ros2controlcli:/home/khaledob/bookros2_ws/install/launch_pal:/home/khaledob/bookros2_ws/install/joint_trajectory_controller:/home/khaledob/bookros2_ws/install/imu_sensor_broadcaster:/home/khaledob/bookros2_ws/install/br2_fsm_bumpgo_py:/opt/ros/foxy /usr/bin/cmake --build /home/khaledob/bookros2_ws/build/pmb2_maps -- -j7 -l7
[0.519s] Invoked command in '/home/khaledob/bookros2_ws/build/pmb2_maps' returned '0': CMAKE_PREFIX_PATH=${CMAKE_PREFIX_PATH}:/home/khaledob/bookros2_ws/install/tiago_controller_configuration:/home/khaledob/bookros2_ws/install/ros2controlcli:/home/khaledob/bookros2_ws/install/launch_pal:/home/khaledob/bookros2_ws/install/joint_trajectory_controller:/home/khaledob/bookros2_ws/install/imu_sensor_broadcaster:/home/khaledob/bookros2_ws/install/br2_fsm_bumpgo_py:/opt/ros/foxy /usr/bin/cmake --build /home/khaledob/bookros2_ws/build/pmb2_maps -- -j7 -l7
[0.521s] Invoking command in '/home/khaledob/bookros2_ws/build/pmb2_maps': CMAKE_PREFIX_PATH=${CMAKE_PREFIX_PATH}:/home/khaledob/bookros2_ws/install/tiago_controller_configuration:/home/khaledob/bookros2_ws/install/ros2controlcli:/home/khaledob/bookros2_ws/install/launch_pal:/home/khaledob/bookros2_ws/install/joint_trajectory_controller:/home/khaledob/bookros2_ws/install/imu_sensor_broadcaster:/home/khaledob/bookros2_ws/install/br2_fsm_bumpgo_py:/opt/ros/foxy /usr/bin/cmake --install /home/khaledob/bookros2_ws/build/pmb2_maps
[0.686s] -- Install configuration: ""
[0.687s] -- Execute custom install script
[0.687s] -- Up-to-date symlink: /home/khaledob/bookros2_ws/install/pmb2_maps/share/pmb2_maps/config/map.pgm
[0.688s] -- Up-to-date symlink: /home/khaledob/bookros2_ws/install/pmb2_maps/share/pmb2_maps/config/map.yaml
[0.691s] -- Up-to-date symlink: /home/khaledob/bookros2_ws/install/pmb2_maps/share/pmb2_maps/config/mmap.yaml
[0.691s] -- Up-to-date symlink: /home/khaledob/bookros2_ws/install/pmb2_maps/share/pmb2_maps/configurations/pal_office/map.pgm
[0.692s] -- Up-to-date symlink: /home/khaledob/bookros2_ws/install/pmb2_maps/share/pmb2_maps/configurations/pal_office/map.yaml
[0.692s] -- Up-to-date symlink: /home/khaledob/bookros2_ws/install/pmb2_maps/share/pmb2_maps/configurations/pal_office/mmap.yaml
[0.700s] -- Up-to-date symlink: /home/khaledob/bookros2_ws/install/pmb2_maps/share/pmb2_maps/configurations/small_office/map.bmp
[0.701s] -- Up-to-date symlink: /home/khaledob/bookros2_ws/install/pmb2_maps/share/pmb2_maps/configurations/small_office/map.bt
[0.701s] -- Up-to-date symlink: /home/khaledob/bookros2_ws/install/pmb2_maps/share/pmb2_maps/configurations/small_office/map.ot
[0.702s] -- Up-to-date symlink: /home/khaledob/bookros2_ws/install/pmb2_maps/share/pmb2_maps/configurations/small_office/map.pgm
[0.702s] -- Up-to-date symlink: /home/khaledob/bookros2_ws/install/pmb2_maps/share/pmb2_maps/configurations/small_office/map.yaml
[0.702s] -- Up-to-date symlink: /home/khaledob/bookros2_ws/install/pmb2_maps/share/pmb2_maps/configurations/small_office/mmap.yaml
[0.702s] -- Up-to-date symlink: /home/khaledob/bookros2_ws/install/pmb2_maps/share/pmb2_maps/configurations/small_office/transformation.yaml
[0.702s] -- Up-to-date symlink: /home/khaledob/bookros2_ws/install/pmb2_maps/share/ament_index/resource_index/package_run_dependencies/pmb2_maps
[0.702s] -- Up-to-date symlink: /home/khaledob/bookros2_ws/install/pmb2_maps/share/ament_index/resource_index/parent_prefix_path/pmb2_maps
[0.703s] -- Up-to-date symlink: /home/khaledob/bookros2_ws/install/pmb2_maps/share/pmb2_maps/environment/ament_prefix_path.sh
[0.703s] -- Up-to-date symlink: /home/khaledob/bookros2_ws/install/pmb2_maps/share/pmb2_maps/environment/ament_prefix_path.dsv
[0.704s] -- Up-to-date symlink: /home/khaledob/bookros2_ws/install/pmb2_maps/share/pmb2_maps/environment/path.sh
[0.704s] -- Up-to-date symlink: /home/khaledob/bookros2_ws/install/pmb2_maps/share/pmb2_maps/environment/path.dsv
[0.705s] -- Up-to-date symlink: /home/khaledob/bookros2_ws/install/pmb2_maps/share/pmb2_maps/local_setup.bash
[0.707s] -- Up-to-date symlink: /home/khaledob/bookros2_ws/install/pmb2_maps/share/pmb2_maps/local_setup.sh
[0.708s] -- Up-to-date symlink: /home/khaledob/bookros2_ws/install/pmb2_maps/share/pmb2_maps/local_setup.zsh
[0.709s] -- Up-to-date symlink: /home/khaledob/bookros2_ws/install/pmb2_maps/share/pmb2_maps/local_setup.dsv
[0.709s] -- Symlinking: /home/khaledob/bookros2_ws/install/pmb2_maps/share/pmb2_maps/package.dsv
[0.754s] -- Up-to-date symlink: /home/khaledob/bookros2_ws/install/pmb2_maps/share/ament_index/resource_index/packages/pmb2_maps
[0.755s] -- Up-to-date symlink: /home/khaledob/bookros2_ws/install/pmb2_maps/share/pmb2_maps/cmake/pmb2_mapsConfig.cmake
[0.757s] -- Up-to-date symlink: /home/khaledob/bookros2_ws/install/pmb2_maps/share/pmb2_maps/cmake/pmb2_mapsConfig-version.cmake
[0.768s] -- Up-to-date symlink: /home/khaledob/bookros2_ws/install/pmb2_maps/share/pmb2_maps/package.xml
[0.939s] Invoked command in '/home/khaledob/bookros2_ws/build/pmb2_maps' returned '0': CMAKE_PREFIX_PATH=${CMAKE_PREFIX_PATH}:/home/khaledob/bookros2_ws/install/tiago_controller_configuration:/home/khaledob/bookros2_ws/install/ros2controlcli:/home/khaledob/bookros2_ws/install/launch_pal:/home/khaledob/bookros2_ws/install/joint_trajectory_controller:/home/khaledob/bookros2_ws/install/imu_sensor_broadcaster:/home/khaledob/bookros2_ws/install/br2_fsm_bumpgo_py:/opt/ros/foxy /usr/bin/cmake --install /home/khaledob/bookros2_ws/build/pmb2_maps
