[1.348s] Invoking command in '/home/khaledob/bookros2_ws/build/twist_mux': CMAKE_PREFIX_PATH=/opt/ros/foxy /usr/bin/cmake --build /home/khaledob/bookros2_ws/build/twist_mux -- -j7 -l7
[1.841s] [ 66%] Built target twist_mux
[1.928s] [100%] Built target twist_marker
[2.368s] Invoked command in '/home/khaledob/bookros2_ws/build/twist_mux' returned '0': CMAKE_PREFIX_PATH=/opt/ros/foxy /usr/bin/cmake --build /home/khaledob/bookros2_ws/build/twist_mux -- -j7 -l7
[2.388s] Invoking command in '/home/khaledob/bookros2_ws/build/twist_mux': CMAKE_PREFIX_PATH=/opt/ros/foxy /usr/bin/cmake --install /home/khaledob/bookros2_ws/build/twist_mux
[3.036s] -- Install configuration: ""
[3.048s] -- Execute custom install script
[3.058s] -- Up-to-date symlink: /home/khaledob/bookros2_ws/install/twist_mux/lib/twist_mux/twist_mux
[3.062s] -- Up-to-date symlink: /home/khaledob/bookros2_ws/install/twist_mux/lib/twist_mux/twist_marker
[3.065s] -- Up-to-date symlink: /home/khaledob/bookros2_ws/install/twist_mux/share/twist_mux/launch/twist_mux.launch
[3.066s] -- Up-to-date symlink: /home/khaledob/bookros2_ws/install/twist_mux/share/twist_mux/launch/twist_mux_launch.py
[3.084s] -- Up-to-date symlink: /home/khaledob/bookros2_ws/install/twist_mux/share/twist_mux/config/joystick.yaml
[3.085s] -- Up-to-date symlink: /home/khaledob/bookros2_ws/install/twist_mux/share/twist_mux/config/twist_mux_locks.yaml
[3.086s] -- Up-to-date symlink: /home/khaledob/bookros2_ws/install/twist_mux/share/twist_mux/config/twist_mux_topics.yaml
[3.087s] -- Up-to-date symlink: /home/khaledob/bookros2_ws/install/twist_mux/include/twist_mux/params_helpers.hpp
[3.088s] -- Up-to-date symlink: /home/khaledob/bookros2_ws/install/twist_mux/include/twist_mux/topic_handle.hpp
[3.089s] -- Up-to-date symlink: /home/khaledob/bookros2_ws/install/twist_mux/include/twist_mux/twist_mux.hpp
[3.090s] -- Up-to-date symlink: /home/khaledob/bookros2_ws/install/twist_mux/include/twist_mux/twist_mux_diagnostics.hpp
[3.092s] -- Up-to-date symlink: /home/khaledob/bookros2_ws/install/twist_mux/include/twist_mux/twist_mux_diagnostics_status.hpp
[3.093s] -- Up-to-date symlink: /home/khaledob/bookros2_ws/install/twist_mux/include/twist_mux/utils.hpp
[3.094s] -- Up-to-date symlink: /home/khaledob/bookros2_ws/install/twist_mux/share/ament_index/resource_index/package_run_dependencies/twist_mux
[3.097s] -- Up-to-date symlink: /home/khaledob/bookros2_ws/install/twist_mux/share/ament_index/resource_index/parent_prefix_path/twist_mux
[3.098s] -- Up-to-date symlink: /home/khaledob/bookros2_ws/install/twist_mux/share/twist_mux/environment/ament_prefix_path.sh
[3.098s] -- Up-to-date symlink: /home/khaledob/bookros2_ws/install/twist_mux/share/twist_mux/environment/ament_prefix_path.dsv
[3.099s] -- Up-to-date symlink: /home/khaledob/bookros2_ws/install/twist_mux/share/twist_mux/environment/path.sh
[3.099s] -- Up-to-date symlink: /home/khaledob/bookros2_ws/install/twist_mux/share/twist_mux/environment/path.dsv
[3.121s] -- Up-to-date symlink: /home/khaledob/bookros2_ws/install/twist_mux/share/twist_mux/local_setup.bash
[3.122s] -- Up-to-date symlink: /home/khaledob/bookros2_ws/install/twist_mux/share/twist_mux/local_setup.sh
[3.123s] -- Up-to-date symlink: /home/khaledob/bookros2_ws/install/twist_mux/share/twist_mux/local_setup.zsh
[3.229s] -- Up-to-date symlink: /home/khaledob/bookros2_ws/install/twist_mux/share/twist_mux/local_setup.dsv
[3.229s] -- Symlinking: /home/khaledob/bookros2_ws/install/twist_mux/share/twist_mux/package.dsv
[3.342s] -- Up-to-date symlink: /home/khaledob/bookros2_ws/install/twist_mux/share/ament_index/resource_index/packages/twist_mux
[3.343s] -- Up-to-date symlink: /home/khaledob/bookros2_ws/install/twist_mux/share/twist_mux/cmake/ament_cmake_export_include_directories-extras.cmake
[3.343s] -- Up-to-date symlink: /home/khaledob/bookros2_ws/install/twist_mux/share/twist_mux/cmake/ament_cmake_export_dependencies-extras.cmake
[3.346s] -- Up-to-date symlink: /home/khaledob/bookros2_ws/install/twist_mux/share/twist_mux/cmake/twist_muxConfig.cmake
[3.346s] -- Up-to-date symlink: /home/khaledob/bookros2_ws/install/twist_mux/share/twist_mux/cmake/twist_muxConfig-version.cmake
[3.346s] -- Up-to-date symlink: /home/khaledob/bookros2_ws/install/twist_mux/share/twist_mux/package.xml
[4.295s] Invoked command in '/home/khaledob/bookros2_ws/build/twist_mux' returned '0': CMAKE_PREFIX_PATH=/opt/ros/foxy /usr/bin/cmake --install /home/khaledob/bookros2_ws/build/twist_mux
