[0.269s] Invoking command in '/home/khaledob/bookros2_ws/build/position_controllers': AMENT_PREFIX_PATH=/home/khaledob/bookros2_ws/install/forward_command_controller:/home/khaledob/bookros2_ws/install/controller_manager:/home/khaledob/bookros2_ws/install/controller_interface:/home/khaledob/bookros2_ws/install/hardware_interface:/home/khaledob/bookros2_ws/install/ros2_control_test_assets:/home/khaledob/bookros2_ws/install/controller_manager_msgs:${AMENT_PREFIX_PATH} CMAKE_PREFIX_PATH=/home/khaledob/bookros2_ws/install/forward_command_controller:/home/khaledob/bookros2_ws/install/controller_manager:/home/khaledob/bookros2_ws/install/controller_interface:/home/khaledob/bookros2_ws/install/hardware_interface:/home/khaledob/bookros2_ws/install/ros2_control_test_assets:/home/khaledob/bookros2_ws/install/controller_manager_msgs:/opt/ros/foxy LD_LIBRARY_PATH=/home/khaledob/bookros2_ws/install/forward_command_controller/lib:/home/khaledob/bookros2_ws/install/controller_manager/lib:/home/khaledob/bookros2_ws/install/controller_interface/lib:/home/khaledob/bookros2_ws/install/hardware_interface/lib:/home/khaledob/bookros2_ws/install/controller_manager_msgs/lib:${LD_LIBRARY_PATH} PYTHONPATH=/home/khaledob/bookros2_ws/install/controller_manager/lib/python3.8/site-packages:/home/khaledob/bookros2_ws/install/controller_manager_msgs/lib/python3.8/site-packages:${PYTHONPATH} /usr/bin/cmake --build /home/khaledob/bookros2_ws/build/position_controllers -- -j7 -l7
[0.858s] [ 27%] Built target gmock
[1.143s] [ 45%] Built target gmock_main
[1.654s] [ 63%] Built target position_controllers
[1.883s] [ 81%] Built target test_load_joint_group_position_controller
[2.366s] [100%] Built target test_joint_group_position_controller
[3.356s] Invoked command in '/home/khaledob/bookros2_ws/build/position_controllers' returned '0': AMENT_PREFIX_PATH=/home/khaledob/bookros2_ws/install/forward_command_controller:/home/khaledob/bookros2_ws/install/controller_manager:/home/khaledob/bookros2_ws/install/controller_interface:/home/khaledob/bookros2_ws/install/hardware_interface:/home/khaledob/bookros2_ws/install/ros2_control_test_assets:/home/khaledob/bookros2_ws/install/controller_manager_msgs:${AMENT_PREFIX_PATH} CMAKE_PREFIX_PATH=/home/khaledob/bookros2_ws/install/forward_command_controller:/home/khaledob/bookros2_ws/install/controller_manager:/home/khaledob/bookros2_ws/install/controller_interface:/home/khaledob/bookros2_ws/install/hardware_interface:/home/khaledob/bookros2_ws/install/ros2_control_test_assets:/home/khaledob/bookros2_ws/install/controller_manager_msgs:/opt/ros/foxy LD_LIBRARY_PATH=/home/khaledob/bookros2_ws/install/forward_command_controller/lib:/home/khaledob/bookros2_ws/install/controller_manager/lib:/home/khaledob/bookros2_ws/install/controller_interface/lib:/home/khaledob/bookros2_ws/install/hardware_interface/lib:/home/khaledob/bookros2_ws/install/controller_manager_msgs/lib:${LD_LIBRARY_PATH} PYTHONPATH=/home/khaledob/bookros2_ws/install/controller_manager/lib/python3.8/site-packages:/home/khaledob/bookros2_ws/install/controller_manager_msgs/lib/python3.8/site-packages:${PYTHONPATH} /usr/bin/cmake --build /home/khaledob/bookros2_ws/build/position_controllers -- -j7 -l7
[3.466s] Invoking command in '/home/khaledob/bookros2_ws/build/position_controllers': AMENT_PREFIX_PATH=/home/khaledob/bookros2_ws/install/forward_command_controller:/home/khaledob/bookros2_ws/install/controller_manager:/home/khaledob/bookros2_ws/install/controller_interface:/home/khaledob/bookros2_ws/install/hardware_interface:/home/khaledob/bookros2_ws/install/ros2_control_test_assets:/home/khaledob/bookros2_ws/install/controller_manager_msgs:${AMENT_PREFIX_PATH} CMAKE_PREFIX_PATH=/home/khaledob/bookros2_ws/install/forward_command_controller:/home/khaledob/bookros2_ws/install/controller_manager:/home/khaledob/bookros2_ws/install/controller_interface:/home/khaledob/bookros2_ws/install/hardware_interface:/home/khaledob/bookros2_ws/install/ros2_control_test_assets:/home/khaledob/bookros2_ws/install/controller_manager_msgs:/opt/ros/foxy LD_LIBRARY_PATH=/home/khaledob/bookros2_ws/install/forward_command_controller/lib:/home/khaledob/bookros2_ws/install/controller_manager/lib:/home/khaledob/bookros2_ws/install/controller_interface/lib:/home/khaledob/bookros2_ws/install/hardware_interface/lib:/home/khaledob/bookros2_ws/install/controller_manager_msgs/lib:${LD_LIBRARY_PATH} PYTHONPATH=/home/khaledob/bookros2_ws/install/controller_manager/lib/python3.8/site-packages:/home/khaledob/bookros2_ws/install/controller_manager_msgs/lib/python3.8/site-packages:${PYTHONPATH} /usr/bin/cmake --install /home/khaledob/bookros2_ws/build/position_controllers
[3.725s] -- Install configuration: ""
[3.726s] -- Execute custom install script
[3.726s] -- Up-to-date symlink: /home/khaledob/bookros2_ws/install/position_controllers/share/position_controllers//position_controllers_plugins.xml
[3.726s] -- Up-to-date symlink: /home/khaledob/bookros2_ws/install/position_controllers/include/position_controllers/joint_group_position_controller.hpp
[3.726s] -- Up-to-date symlink: /home/khaledob/bookros2_ws/install/position_controllers/include/position_controllers/visibility_control.h
[3.726s] -- Up-to-date symlink: /home/khaledob/bookros2_ws/install/position_controllers/lib/libposition_controllers.so
[3.727s] -- Up-to-date symlink: /home/khaledob/bookros2_ws/install/position_controllers/share/position_controllers/environment/library_path.sh
[3.727s] -- Up-to-date symlink: /home/khaledob/bookros2_ws/install/position_controllers/share/position_controllers/environment/library_path.dsv
[3.727s] -- Up-to-date symlink: /home/khaledob/bookros2_ws/install/position_controllers/share/ament_index/resource_index/package_run_dependencies/position_controllers
[3.727s] -- Up-to-date symlink: /home/khaledob/bookros2_ws/install/position_controllers/share/ament_index/resource_index/parent_prefix_path/position_controllers
[3.727s] -- Up-to-date symlink: /home/khaledob/bookros2_ws/install/position_controllers/share/position_controllers/environment/ament_prefix_path.sh
[3.727s] -- Up-to-date symlink: /home/khaledob/bookros2_ws/install/position_controllers/share/position_controllers/environment/ament_prefix_path.dsv
[3.727s] -- Up-to-date symlink: /home/khaledob/bookros2_ws/install/position_controllers/share/position_controllers/environment/path.sh
[3.727s] -- Up-to-date symlink: /home/khaledob/bookros2_ws/install/position_controllers/share/position_controllers/environment/path.dsv
[3.728s] -- Up-to-date symlink: /home/khaledob/bookros2_ws/install/position_controllers/share/position_controllers/local_setup.bash
[3.728s] -- Up-to-date symlink: /home/khaledob/bookros2_ws/install/position_controllers/share/position_controllers/local_setup.sh
[3.728s] -- Up-to-date symlink: /home/khaledob/bookros2_ws/install/position_controllers/share/position_controllers/local_setup.zsh
[3.728s] -- Up-to-date symlink: /home/khaledob/bookros2_ws/install/position_controllers/share/position_controllers/local_setup.dsv
[3.729s] -- Symlinking: /home/khaledob/bookros2_ws/install/position_controllers/share/position_controllers/package.dsv
[3.729s] -- Up-to-date symlink: /home/khaledob/bookros2_ws/install/position_controllers/share/ament_index/resource_index/packages/position_controllers
[3.729s] -- Up-to-date symlink: /home/khaledob/bookros2_ws/install/position_controllers/share/ament_index/resource_index/controller_interface__pluginlib__plugin/position_controllers
[3.746s] -- Up-to-date symlink: /home/khaledob/bookros2_ws/install/position_controllers/share/position_controllers/cmake/ament_cmake_export_dependencies-extras.cmake
[3.752s] -- Up-to-date symlink: /home/khaledob/bookros2_ws/install/position_controllers/share/position_controllers/cmake/ament_cmake_export_include_directories-extras.cmake
[3.752s] -- Up-to-date symlink: /home/khaledob/bookros2_ws/install/position_controllers/share/position_controllers/cmake/ament_cmake_export_libraries-extras.cmake
[3.752s] -- Up-to-date symlink: /home/khaledob/bookros2_ws/install/position_controllers/share/position_controllers/cmake/position_controllersConfig.cmake
[3.752s] -- Up-to-date symlink: /home/khaledob/bookros2_ws/install/position_controllers/share/position_controllers/cmake/position_controllersConfig-version.cmake
[3.772s] -- Up-to-date symlink: /home/khaledob/bookros2_ws/install/position_controllers/share/position_controllers/package.xml
[4.013s] Invoked command in '/home/khaledob/bookros2_ws/build/position_controllers' returned '0': AMENT_PREFIX_PATH=/home/khaledob/bookros2_ws/install/forward_command_controller:/home/khaledob/bookros2_ws/install/controller_manager:/home/khaledob/bookros2_ws/install/controller_interface:/home/khaledob/bookros2_ws/install/hardware_interface:/home/khaledob/bookros2_ws/install/ros2_control_test_assets:/home/khaledob/bookros2_ws/install/controller_manager_msgs:${AMENT_PREFIX_PATH} CMAKE_PREFIX_PATH=/home/khaledob/bookros2_ws/install/forward_command_controller:/home/khaledob/bookros2_ws/install/controller_manager:/home/khaledob/bookros2_ws/install/controller_interface:/home/khaledob/bookros2_ws/install/hardware_interface:/home/khaledob/bookros2_ws/install/ros2_control_test_assets:/home/khaledob/bookros2_ws/install/controller_manager_msgs:/opt/ros/foxy LD_LIBRARY_PATH=/home/khaledob/bookros2_ws/install/forward_command_controller/lib:/home/khaledob/bookros2_ws/install/controller_manager/lib:/home/khaledob/bookros2_ws/install/controller_interface/lib:/home/khaledob/bookros2_ws/install/hardware_interface/lib:/home/khaledob/bookros2_ws/install/controller_manager_msgs/lib:${LD_LIBRARY_PATH} PYTHONPATH=/home/khaledob/bookros2_ws/install/controller_manager/lib/python3.8/site-packages:/home/khaledob/bookros2_ws/install/controller_manager_msgs/lib/python3.8/site-packages:${PYTHONPATH} /usr/bin/cmake --install /home/khaledob/bookros2_ws/build/position_controllers
