[0.076s] Invoking command in '/home/khaledob/bookros2_ws/src/build/br2_vff_avoidance': CMAKE_PREFIX_PATH=/opt/ros/foxy /usr/bin/cmake /home/khaledob/bookros2_ws/src/book_ros2/br2_vff_avoidance -DAMENT_CMAKE_SYMLINK_INSTALL=1 -DCMAKE_INSTALL_PREFIX=/home/khaledob/bookros2_ws/src/install/br2_vff_avoidance
[4.964s] -- The C compiler identification is GNU 9.4.0
[4.965s] -- The CXX compiler identification is GNU 9.4.0
[4.965s] -- Check for working C compiler: /usr/bin/cc
[4.965s] -- Check for working C compiler: /usr/bin/cc -- works
[4.965s] -- Detecting C compiler ABI info
[4.966s] -- Detecting C compiler ABI info - done
[4.966s] -- Detecting C compile features
[4.966s] -- Detecting C compile features - done
[4.966s] -- Check for working CXX compiler: /usr/bin/c++
[4.966s] -- Check for working CXX compiler: /usr/bin/c++ -- works
[4.966s] -- Detecting CXX compiler ABI info
[4.967s] -- Detecting CXX compiler ABI info - done
[4.967s] -- Detecting CXX compile features
[4.967s] -- Detecting CXX compile features - done
[4.967s] -- Found ament_cmake: 0.9.12 (/opt/ros/foxy/share/ament_cmake/cmake)
[4.967s] -- Found PythonInterp: /usr/bin/python3 (found suitable version "3.8.10", minimum required is "3") 
[4.967s] -- Using PYTHON_EXECUTABLE: /usr/bin/python3
[4.968s] -- Override CMake install command with custom implementation using symlinks instead of copying resources
[4.968s] -- Found rclcpp: 2.4.3 (/opt/ros/foxy/share/rclcpp/cmake)
[4.968s] -- Using all available rosidl_typesupport_c: rosidl_typesupport_fastrtps_c;rosidl_typesupport_introspection_c
[4.968s] -- Found rosidl_adapter: 1.3.1 (/opt/ros/foxy/share/rosidl_adapter/cmake)
[5.985s] -- Found OpenSSL: /usr/lib/x86_64-linux-gnu/libcrypto.so (found version "1.1.1f")  
[6.103s] -- Found FastRTPS: /opt/ros/foxy/include  
[6.405s] -- Using all available rosidl_typesupport_cpp: rosidl_typesupport_fastrtps_cpp;rosidl_typesupport_introspection_cpp
[6.597s] -- Found rmw_implementation_cmake: 1.0.4 (/opt/ros/foxy/share/rmw_implementation_cmake/cmake)
[6.600s] -- Using RMW implementation 'rmw_fastrtps_cpp' as default
[6.602s] -- Looking for pthread.h
[7.017s] -- Looking for pthread.h - found
[7.018s] -- Performing Test CMAKE_HAVE_LIBC_PTHREAD
[7.437s] -- Performing Test CMAKE_HAVE_LIBC_PTHREAD - Failed
[7.438s] -- Looking for pthread_create in pthreads
[7.982s] -- Looking for pthread_create in pthreads - not found
[7.983s] -- Looking for pthread_create in pthread
[8.798s] -- Looking for pthread_create in pthread - found
[8.808s] -- Found Threads: TRUE  
[9.277s] -- Found sensor_msgs: 2.0.5 (/opt/ros/foxy/share/sensor_msgs/cmake)
[9.683s] -- Found visualization_msgs: 2.0.5 (/opt/ros/foxy/share/visualization_msgs/cmake)
[10.094s] -- Found ament_lint_auto: 0.9.8 (/opt/ros/foxy/share/ament_lint_auto/cmake)
[10.292s] -- Found gtest sources under '/opt/ros/foxy/src/gtest_vendor': C++ tests using 'Google Test' will be built
[10.298s] -- Check if compiler accepts -pthread
[10.975s] -- Check if compiler accepts -pthread - yes
[10.996s] -- Added test 'copyright' to check source files copyright and LICENSE
[10.999s] -- Added test 'cppcheck' to perform static code analysis on C / C++ code
[11.000s] -- Configured cppcheck include dirs: /home/khaledob/bookros2_ws/src/book_ros2/br2_vff_avoidance/include
[11.000s] -- Configured cppcheck exclude dirs and/or files: 
[11.003s] -- Added test 'cpplint' to check C / C++ code against the Google style
[11.003s] -- Configured cpplint exclude dirs and/or files: 
[11.005s] -- Added test 'flake8' to check Python code syntax and style conventions
[11.011s] -- Added test 'lint_cmake' to check CMake code style
[11.011s] -- Added test 'pep257' to check Python code against some of the style conventions in PEP 257
[11.011s] -- Added test 'uncrustify' to check C / C++ code style
[11.011s] -- Configured uncrustify additional arguments: 
[11.013s] -- Added test 'xmllint' to check XML markup files
[11.068s] -- Configuring done
[11.121s] -- Generating done
[11.148s] -- Build files have been written to: /home/khaledob/bookros2_ws/src/build/br2_vff_avoidance
[11.229s] Invoked command in '/home/khaledob/bookros2_ws/src/build/br2_vff_avoidance' returned '0': CMAKE_PREFIX_PATH=/opt/ros/foxy /usr/bin/cmake /home/khaledob/bookros2_ws/src/book_ros2/br2_vff_avoidance -DAMENT_CMAKE_SYMLINK_INSTALL=1 -DCMAKE_INSTALL_PREFIX=/home/khaledob/bookros2_ws/src/install/br2_vff_avoidance
[11.232s] Invoking command in '/home/khaledob/bookros2_ws/src/build/br2_vff_avoidance': CMAKE_PREFIX_PATH=/opt/ros/foxy /usr/bin/cmake --build /home/khaledob/bookros2_ws/src/build/br2_vff_avoidance -- -j7 -l7
[23.768s] [35m[1mScanning dependencies of target br2_vff_avoidance[0m
[23.783s] [ 10%] [32mBuilding CXX object CMakeFiles/br2_vff_avoidance.dir/src/br2_vff_avoidance/AvoidanceNode.cpp.o[0m
[33.938s] [ 20%] [32m[1mLinking CXX shared library libbr2_vff_avoidance.so[0m
[35.771s] [ 20%] Built target br2_vff_avoidance
[36.511s] [35m[1mScanning dependencies of target gtest_main[0m
[36.615s] [ 30%] [32mBuilding CXX object gtest/CMakeFiles/gtest_main.dir/src/gtest_main.cc.o[0m
[39.409s] [ 40%] [32m[1mLinking CXX static library libgtest_main.a[0m
[39.920s] [ 40%] Built target gtest_main
[40.006s] [35m[1mScanning dependencies of target avoidance_vff[0m
[40.070s] make[2]: *** [CMakeFiles/avoidance_vff.dir/build.make:159: CMakeFiles/avoidance_vff.dir/depend] Interrupt
[40.072s] make[1]: *** [CMakeFiles/Makefile2:120: CMakeFiles/avoidance_vff.dir/all] Interrupt
[40.073s] make: *** [Makefile:141: all] Interrupt
