[0.591s] Invoking command in '/home/khaledob/bookros2_ws/build/tiago_description_calibration': CMAKE_PREFIX_PATH=${CMAKE_PREFIX_PATH}:/home/khaledob/bookros2_ws/install/ros2controlcli:/home/khaledob/bookros2_ws/install/launch_pal:/home/khaledob/bookros2_ws/install/br2_fsm_bumpgo_py:/opt/ros/foxy /usr/bin/cmake --build /home/khaledob/bookros2_ws/build/tiago_description_calibration -- -j7 -l7
[0.952s] Invoked command in '/home/khaledob/bookros2_ws/build/tiago_description_calibration' returned '0': CMAKE_PREFIX_PATH=${CMAKE_PREFIX_PATH}:/home/khaledob/bookros2_ws/install/ros2controlcli:/home/khaledob/bookros2_ws/install/launch_pal:/home/khaledob/bookros2_ws/install/br2_fsm_bumpgo_py:/opt/ros/foxy /usr/bin/cmake --build /home/khaledob/bookros2_ws/build/tiago_description_calibration -- -j7 -l7
[0.958s] Invoking command in '/home/khaledob/bookros2_ws/build/tiago_description_calibration': CMAKE_PREFIX_PATH=${CMAKE_PREFIX_PATH}:/home/khaledob/bookros2_ws/install/ros2controlcli:/home/khaledob/bookros2_ws/install/launch_pal:/home/khaledob/bookros2_ws/install/br2_fsm_bumpgo_py:/opt/ros/foxy /usr/bin/cmake --install /home/khaledob/bookros2_ws/build/tiago_description_calibration
[1.085s] -- Install configuration: ""
[1.087s] -- Execute custom install script
[1.088s] -- Up-to-date symlink: /home/khaledob/bookros2_ws/install/tiago_description_calibration/share/tiago_description_calibration/urdf/calibration/calibration_constants.urdf.xacro
[1.090s] -- Up-to-date symlink: /home/khaledob/bookros2_ws/install/tiago_description_calibration/share/tiago_description_calibration/urdf/calibration/extrinsic_camera_calibration_constants.urdf.xacro
[1.091s] -- Up-to-date symlink: /home/khaledob/bookros2_ws/install/tiago_description_calibration/share/tiago_description_calibration/urdf/deg_to_rad.xacro
[1.091s] -- Up-to-date symlink: /home/khaledob/bookros2_ws/install/tiago_description_calibration/share/ament_index/resource_index/package_run_dependencies/tiago_description_calibration
[1.092s] -- Up-to-date symlink: /home/khaledob/bookros2_ws/install/tiago_description_calibration/share/ament_index/resource_index/parent_prefix_path/tiago_description_calibration
[1.092s] -- Up-to-date symlink: /home/khaledob/bookros2_ws/install/tiago_description_calibration/share/tiago_description_calibration/environment/ament_prefix_path.sh
[1.093s] -- Up-to-date symlink: /home/khaledob/bookros2_ws/install/tiago_description_calibration/share/tiago_description_calibration/environment/ament_prefix_path.dsv
[1.094s] -- Up-to-date symlink: /home/khaledob/bookros2_ws/install/tiago_description_calibration/share/tiago_description_calibration/environment/path.sh
[1.094s] -- Up-to-date symlink: /home/khaledob/bookros2_ws/install/tiago_description_calibration/share/tiago_description_calibration/environment/path.dsv
[1.095s] -- Up-to-date symlink: /home/khaledob/bookros2_ws/install/tiago_description_calibration/share/tiago_description_calibration/local_setup.bash
[1.096s] -- Up-to-date symlink: /home/khaledob/bookros2_ws/install/tiago_description_calibration/share/tiago_description_calibration/local_setup.sh
[1.096s] -- Up-to-date symlink: /home/khaledob/bookros2_ws/install/tiago_description_calibration/share/tiago_description_calibration/local_setup.zsh
[1.096s] -- Up-to-date symlink: /home/khaledob/bookros2_ws/install/tiago_description_calibration/share/tiago_description_calibration/local_setup.dsv
[1.097s] -- Symlinking: /home/khaledob/bookros2_ws/install/tiago_description_calibration/share/tiago_description_calibration/package.dsv
[1.097s] -- Up-to-date symlink: /home/khaledob/bookros2_ws/install/tiago_description_calibration/share/ament_index/resource_index/packages/tiago_description_calibration
[1.097s] -- Up-to-date symlink: /home/khaledob/bookros2_ws/install/tiago_description_calibration/share/tiago_description_calibration/cmake/tiago_description_calibrationConfig.cmake
[1.098s] -- Up-to-date symlink: /home/khaledob/bookros2_ws/install/tiago_description_calibration/share/tiago_description_calibration/cmake/tiago_description_calibrationConfig-version.cmake
[1.098s] -- Up-to-date symlink: /home/khaledob/bookros2_ws/install/tiago_description_calibration/share/tiago_description_calibration/package.xml
[1.314s] Invoked command in '/home/khaledob/bookros2_ws/build/tiago_description_calibration' returned '0': CMAKE_PREFIX_PATH=${CMAKE_PREFIX_PATH}:/home/khaledob/bookros2_ws/install/ros2controlcli:/home/khaledob/bookros2_ws/install/launch_pal:/home/khaledob/bookros2_ws/install/br2_fsm_bumpgo_py:/opt/ros/foxy /usr/bin/cmake --install /home/khaledob/bookros2_ws/build/tiago_description_calibration
