[0.252s] Invoking command in '/home/khaledob/bookros2_ws/build/task2a': CMAKE_PREFIX_PATH=${CMAKE_PREFIX_PATH}:/home/khaledob/bookros2_ws/install/ros2controlcli:/home/khaledob/bookros2_ws/install/launch_pal:/home/khaledob/bookros2_ws/install/br2_fsm_bumpgo_py:/opt/ros/foxy /usr/bin/cmake --build /home/khaledob/bookros2_ws/build/task2a -- -j7 -l7
[0.684s] [100%] Built target node
[1.112s] Invoked command in '/home/khaledob/bookros2_ws/build/task2a' returned '0': CMAKE_PREFIX_PATH=${CMAKE_PREFIX_PATH}:/home/khaledob/bookros2_ws/install/ros2controlcli:/home/khaledob/bookros2_ws/install/launch_pal:/home/khaledob/bookros2_ws/install/br2_fsm_bumpgo_py:/opt/ros/foxy /usr/bin/cmake --build /home/khaledob/bookros2_ws/build/task2a -- -j7 -l7
[1.132s] Invoking command in '/home/khaledob/bookros2_ws/build/task2a': CMAKE_PREFIX_PATH=${CMAKE_PREFIX_PATH}:/home/khaledob/bookros2_ws/install/ros2controlcli:/home/khaledob/bookros2_ws/install/launch_pal:/home/khaledob/bookros2_ws/install/br2_fsm_bumpgo_py:/opt/ros/foxy /usr/bin/cmake --install /home/khaledob/bookros2_ws/build/task2a
[1.300s] -- Install configuration: ""
[1.300s] -- Execute custom install script
[1.300s] -- Up-to-date symlink: /home/khaledob/bookros2_ws/install/task2a/lib/task2a/node
[1.301s] -- Up-to-date symlink: /home/khaledob/bookros2_ws/install/task2a/share/task2a/launch/my_launch2a_file.py
[1.321s] -- Up-to-date symlink: /home/khaledob/bookros2_ws/install/task2a/share/ament_index/resource_index/package_run_dependencies/task2a
[1.322s] -- Up-to-date symlink: /home/khaledob/bookros2_ws/install/task2a/share/ament_index/resource_index/parent_prefix_path/task2a
[1.322s] -- Up-to-date symlink: /home/khaledob/bookros2_ws/install/task2a/share/task2a/environment/ament_prefix_path.sh
[1.322s] -- Up-to-date symlink: /home/khaledob/bookros2_ws/install/task2a/share/task2a/environment/ament_prefix_path.dsv
[1.322s] -- Up-to-date symlink: /home/khaledob/bookros2_ws/install/task2a/share/task2a/environment/path.sh
[1.322s] -- Up-to-date symlink: /home/khaledob/bookros2_ws/install/task2a/share/task2a/environment/path.dsv
[1.322s] -- Up-to-date symlink: /home/khaledob/bookros2_ws/install/task2a/share/task2a/local_setup.bash
[1.323s] -- Up-to-date symlink: /home/khaledob/bookros2_ws/install/task2a/share/task2a/local_setup.sh
[1.369s] -- Up-to-date symlink: /home/khaledob/bookros2_ws/install/task2a/share/task2a/local_setup.zsh
[1.370s] -- Up-to-date symlink: /home/khaledob/bookros2_ws/install/task2a/share/task2a/local_setup.dsv
[1.371s] -- Symlinking: /home/khaledob/bookros2_ws/install/task2a/share/task2a/package.dsv
[1.371s] -- Up-to-date symlink: /home/khaledob/bookros2_ws/install/task2a/share/ament_index/resource_index/packages/task2a
[1.372s] -- Up-to-date symlink: /home/khaledob/bookros2_ws/install/task2a/share/task2a/cmake/task2aConfig.cmake
[1.372s] -- Up-to-date symlink: /home/khaledob/bookros2_ws/install/task2a/share/task2a/cmake/task2aConfig-version.cmake
[1.372s] -- Up-to-date symlink: /home/khaledob/bookros2_ws/install/task2a/share/task2a/package.xml
[1.867s] Invoked command in '/home/khaledob/bookros2_ws/build/task2a' returned '0': CMAKE_PREFIX_PATH=${CMAKE_PREFIX_PATH}:/home/khaledob/bookros2_ws/install/ros2controlcli:/home/khaledob/bookros2_ws/install/launch_pal:/home/khaledob/bookros2_ws/install/br2_fsm_bumpgo_py:/opt/ros/foxy /usr/bin/cmake --install /home/khaledob/bookros2_ws/build/task2a
