[0.402s] Invoking command in '/home/khaledob/bookros2_ws/src/build/br2_bt_bumpgo': CMAKE_PREFIX_PATH=${CMAKE_PREFIX_PATH}:/home/khaledob/bookros2_ws/src/install/ros2controlcli:/home/khaledob/bookros2_ws/src/install/launch_pal:/home/khaledob/bookros2_ws/src/install/br2_fsm_bumpgo_py:/opt/ros/foxy /usr/bin/cmake --build /home/khaledob/bookros2_ws/src/build/br2_bt_bumpgo -- -j7 -l7
[0.678s] [ 11%] Built target br2_turn_bt_node
[0.691s] [ 22%] Built target bt_bumpgo
[0.734s] [ 38%] Built target gtest
[0.734s] [ 44%] Built target br2_forward_bt_node
[0.735s] [ 55%] Built target br2_is_obstacle_bt_node
[0.758s] [ 77%] Built target bt_forward
[0.786s] [ 77%] Built target br2_back_bt_node
[0.829s] [ 88%] Built target gtest_main
[1.020s] [100%] Built target bt_action_test
[1.278s] Invoked command in '/home/khaledob/bookros2_ws/src/build/br2_bt_bumpgo' returned '0': CMAKE_PREFIX_PATH=${CMAKE_PREFIX_PATH}:/home/khaledob/bookros2_ws/src/install/ros2controlcli:/home/khaledob/bookros2_ws/src/install/launch_pal:/home/khaledob/bookros2_ws/src/install/br2_fsm_bumpgo_py:/opt/ros/foxy /usr/bin/cmake --build /home/khaledob/bookros2_ws/src/build/br2_bt_bumpgo -- -j7 -l7
[1.285s] Invoking command in '/home/khaledob/bookros2_ws/src/build/br2_bt_bumpgo': CMAKE_PREFIX_PATH=${CMAKE_PREFIX_PATH}:/home/khaledob/bookros2_ws/src/install/ros2controlcli:/home/khaledob/bookros2_ws/src/install/launch_pal:/home/khaledob/bookros2_ws/src/install/br2_fsm_bumpgo_py:/opt/ros/foxy /usr/bin/cmake --install /home/khaledob/bookros2_ws/src/build/br2_bt_bumpgo
[1.751s] -- Install configuration: ""
[1.753s] -- Execute custom install script
[1.761s] -- Up-to-date symlink: /home/khaledob/bookros2_ws/src/install/br2_bt_bumpgo/lib/libbr2_forward_bt_node.so
[1.766s] -- Up-to-date symlink: /home/khaledob/bookros2_ws/src/install/br2_bt_bumpgo/lib/libbr2_back_bt_node.so
[1.766s] -- Up-to-date symlink: /home/khaledob/bookros2_ws/src/install/br2_bt_bumpgo/lib/libbr2_turn_bt_node.so
[1.768s] -- Up-to-date symlink: /home/khaledob/bookros2_ws/src/install/br2_bt_bumpgo/lib/libbr2_is_obstacle_bt_node.so
[1.768s] -- Up-to-date symlink: /home/khaledob/bookros2_ws/src/install/br2_bt_bumpgo/lib/br2_bt_bumpgo/bt_bumpgo
[1.784s] -- Up-to-date symlink: /home/khaledob/bookros2_ws/src/install/br2_bt_bumpgo/include//br2_bt_bumpgo/Back.hpp
[1.785s] -- Up-to-date symlink: /home/khaledob/bookros2_ws/src/install/br2_bt_bumpgo/include//br2_bt_bumpgo/Forward.hpp
[1.787s] -- Up-to-date symlink: /home/khaledob/bookros2_ws/src/install/br2_bt_bumpgo/include//br2_bt_bumpgo/IsObstacle.hpp
[1.787s] -- Up-to-date symlink: /home/khaledob/bookros2_ws/src/install/br2_bt_bumpgo/include//br2_bt_bumpgo/Turn.hpp
[1.788s] -- Up-to-date symlink: /home/khaledob/bookros2_ws/src/install/br2_bt_bumpgo/share/br2_bt_bumpgo/behavior_tree_xml/bumpgo.xml
[1.788s] -- Up-to-date symlink: /home/khaledob/bookros2_ws/src/install/br2_bt_bumpgo/lib/br2_bt_bumpgo/bt_forward
[1.789s] -- Up-to-date symlink: /home/khaledob/bookros2_ws/src/install/br2_bt_bumpgo/share/ament_index/resource_index/package_run_dependencies/br2_bt_bumpgo
[1.789s] -- Up-to-date symlink: /home/khaledob/bookros2_ws/src/install/br2_bt_bumpgo/share/ament_index/resource_index/parent_prefix_path/br2_bt_bumpgo
[1.789s] -- Up-to-date symlink: /home/khaledob/bookros2_ws/src/install/br2_bt_bumpgo/share/br2_bt_bumpgo/environment/ament_prefix_path.sh
[1.789s] -- Up-to-date symlink: /home/khaledob/bookros2_ws/src/install/br2_bt_bumpgo/share/br2_bt_bumpgo/environment/ament_prefix_path.dsv
[1.789s] -- Up-to-date symlink: /home/khaledob/bookros2_ws/src/install/br2_bt_bumpgo/share/br2_bt_bumpgo/environment/path.sh
[1.790s] -- Up-to-date symlink: /home/khaledob/bookros2_ws/src/install/br2_bt_bumpgo/share/br2_bt_bumpgo/environment/path.dsv
[1.790s] -- Up-to-date symlink: /home/khaledob/bookros2_ws/src/install/br2_bt_bumpgo/share/br2_bt_bumpgo/local_setup.bash
[1.790s] -- Up-to-date symlink: /home/khaledob/bookros2_ws/src/install/br2_bt_bumpgo/share/br2_bt_bumpgo/local_setup.sh
[1.790s] -- Up-to-date symlink: /home/khaledob/bookros2_ws/src/install/br2_bt_bumpgo/share/br2_bt_bumpgo/local_setup.zsh
[1.790s] -- Up-to-date symlink: /home/khaledob/bookros2_ws/src/install/br2_bt_bumpgo/share/br2_bt_bumpgo/local_setup.dsv
[1.791s] -- Symlinking: /home/khaledob/bookros2_ws/src/install/br2_bt_bumpgo/share/br2_bt_bumpgo/package.dsv
[1.791s] -- Up-to-date symlink: /home/khaledob/bookros2_ws/src/install/br2_bt_bumpgo/share/ament_index/resource_index/packages/br2_bt_bumpgo
[1.791s] -- Up-to-date symlink: /home/khaledob/bookros2_ws/src/install/br2_bt_bumpgo/share/br2_bt_bumpgo/cmake/ament_cmake_export_include_directories-extras.cmake
[1.791s] -- Up-to-date symlink: /home/khaledob/bookros2_ws/src/install/br2_bt_bumpgo/share/br2_bt_bumpgo/cmake/ament_cmake_export_dependencies-extras.cmake
[1.792s] -- Up-to-date symlink: /home/khaledob/bookros2_ws/src/install/br2_bt_bumpgo/share/br2_bt_bumpgo/cmake/br2_bt_bumpgoConfig.cmake
[1.793s] -- Up-to-date symlink: /home/khaledob/bookros2_ws/src/install/br2_bt_bumpgo/share/br2_bt_bumpgo/cmake/br2_bt_bumpgoConfig-version.cmake
[1.793s] -- Up-to-date symlink: /home/khaledob/bookros2_ws/src/install/br2_bt_bumpgo/share/br2_bt_bumpgo/package.xml
[1.888s] Invoked command in '/home/khaledob/bookros2_ws/src/build/br2_bt_bumpgo' returned '0': CMAKE_PREFIX_PATH=${CMAKE_PREFIX_PATH}:/home/khaledob/bookros2_ws/src/install/ros2controlcli:/home/khaledob/bookros2_ws/src/install/launch_pal:/home/khaledob/bookros2_ws/src/install/br2_fsm_bumpgo_py:/opt/ros/foxy /usr/bin/cmake --install /home/khaledob/bookros2_ws/src/build/br2_bt_bumpgo
