[0.221s] Invoking command in '/home/khaledob/bookros2_ws/build/transmission_interface': AMENT_PREFIX_PATH=/home/khaledob/bookros2_ws/install/hardware_interface:/home/khaledob/bookros2_ws/install/ros2_control_test_assets:${AMENT_PREFIX_PATH} CMAKE_PREFIX_PATH=/home/khaledob/bookros2_ws/install/hardware_interface:/home/khaledob/bookros2_ws/install/ros2_control_test_assets:/opt/ros/foxy LD_LIBRARY_PATH=/home/khaledob/bookros2_ws/install/hardware_interface/lib:${LD_LIBRARY_PATH} /usr/bin/cmake --build /home/khaledob/bookros2_ws/build/transmission_interface -- -j7 -l7
[0.444s] [ 20%] Built target gmock
[0.487s] [ 33%] Built target gmock_main
[0.491s] [ 46%] Built target transmission_parser
[0.562s] [ 60%] Built target test_differential_transmission
[0.603s] [ 73%] Built target test_simple_transmission
[0.646s] [ 86%] Built target test_transmission_parser
[0.656s] [100%] Built target test_four_bar_linkage_transmission
[0.946s] Invoked command in '/home/khaledob/bookros2_ws/build/transmission_interface' returned '0': AMENT_PREFIX_PATH=/home/khaledob/bookros2_ws/install/hardware_interface:/home/khaledob/bookros2_ws/install/ros2_control_test_assets:${AMENT_PREFIX_PATH} CMAKE_PREFIX_PATH=/home/khaledob/bookros2_ws/install/hardware_interface:/home/khaledob/bookros2_ws/install/ros2_control_test_assets:/opt/ros/foxy LD_LIBRARY_PATH=/home/khaledob/bookros2_ws/install/hardware_interface/lib:${LD_LIBRARY_PATH} /usr/bin/cmake --build /home/khaledob/bookros2_ws/build/transmission_interface -- -j7 -l7
[0.949s] Invoking command in '/home/khaledob/bookros2_ws/build/transmission_interface': AMENT_PREFIX_PATH=/home/khaledob/bookros2_ws/install/hardware_interface:/home/khaledob/bookros2_ws/install/ros2_control_test_assets:${AMENT_PREFIX_PATH} CMAKE_PREFIX_PATH=/home/khaledob/bookros2_ws/install/hardware_interface:/home/khaledob/bookros2_ws/install/ros2_control_test_assets:/opt/ros/foxy LD_LIBRARY_PATH=/home/khaledob/bookros2_ws/install/hardware_interface/lib:${LD_LIBRARY_PATH} /usr/bin/cmake --install /home/khaledob/bookros2_ws/build/transmission_interface
[1.002s] -- Install configuration: ""
[1.002s] -- Execute custom install script
[1.002s] -- Up-to-date symlink: /home/khaledob/bookros2_ws/install/transmission_interface/include/transmission_interface/accessor.hpp
[1.002s] -- Up-to-date symlink: /home/khaledob/bookros2_ws/install/transmission_interface/include/transmission_interface/differential_transmission.hpp
[1.002s] -- Up-to-date symlink: /home/khaledob/bookros2_ws/install/transmission_interface/include/transmission_interface/exception.hpp
[1.009s] -- Up-to-date symlink: /home/khaledob/bookros2_ws/install/transmission_interface/include/transmission_interface/four_bar_linkage_transmission.hpp
[1.009s] -- Up-to-date symlink: /home/khaledob/bookros2_ws/install/transmission_interface/include/transmission_interface/handle.hpp
[1.009s] -- Up-to-date symlink: /home/khaledob/bookros2_ws/install/transmission_interface/include/transmission_interface/simple_transmission.hpp
[1.010s] -- Up-to-date symlink: /home/khaledob/bookros2_ws/install/transmission_interface/include/transmission_interface/transmission.hpp
[1.010s] -- Up-to-date symlink: /home/khaledob/bookros2_ws/install/transmission_interface/include/transmission_interface/transmission_info.hpp
[1.010s] -- Up-to-date symlink: /home/khaledob/bookros2_ws/install/transmission_interface/include/transmission_interface/transmission_parser.hpp
[1.011s] -- Up-to-date symlink: /home/khaledob/bookros2_ws/install/transmission_interface/include/transmission_interface/visibility_control.h
[1.011s] -- Up-to-date symlink: /home/khaledob/bookros2_ws/install/transmission_interface/share/ament_index/resource_index/package_run_dependencies/transmission_interface
[1.011s] -- Up-to-date symlink: /home/khaledob/bookros2_ws/install/transmission_interface/share/ament_index/resource_index/parent_prefix_path/transmission_interface
[1.011s] -- Up-to-date symlink: /home/khaledob/bookros2_ws/install/transmission_interface/share/transmission_interface/environment/ament_prefix_path.sh
[1.011s] -- Up-to-date symlink: /home/khaledob/bookros2_ws/install/transmission_interface/share/transmission_interface/environment/ament_prefix_path.dsv
[1.011s] -- Up-to-date symlink: /home/khaledob/bookros2_ws/install/transmission_interface/share/transmission_interface/environment/path.sh
[1.012s] -- Up-to-date symlink: /home/khaledob/bookros2_ws/install/transmission_interface/share/transmission_interface/environment/path.dsv
[1.012s] -- Up-to-date symlink: /home/khaledob/bookros2_ws/install/transmission_interface/share/transmission_interface/local_setup.bash
[1.012s] -- Up-to-date symlink: /home/khaledob/bookros2_ws/install/transmission_interface/share/transmission_interface/local_setup.sh
[1.012s] -- Up-to-date symlink: /home/khaledob/bookros2_ws/install/transmission_interface/share/transmission_interface/local_setup.zsh
[1.027s] -- Up-to-date symlink: /home/khaledob/bookros2_ws/install/transmission_interface/share/transmission_interface/local_setup.dsv
[1.027s] -- Symlinking: /home/khaledob/bookros2_ws/install/transmission_interface/share/transmission_interface/package.dsv
[1.050s] -- Up-to-date symlink: /home/khaledob/bookros2_ws/install/transmission_interface/share/ament_index/resource_index/packages/transmission_interface
[1.050s] -- Up-to-date symlink: /home/khaledob/bookros2_ws/install/transmission_interface/share/transmission_interface/cmake/ament_cmake_export_include_directories-extras.cmake
[1.059s] -- Up-to-date symlink: /home/khaledob/bookros2_ws/install/transmission_interface/share/transmission_interface/cmake/ament_cmake_export_dependencies-extras.cmake
[1.060s] -- Up-to-date symlink: /home/khaledob/bookros2_ws/install/transmission_interface/share/transmission_interface/cmake/transmission_interfaceConfig.cmake
[1.067s] -- Up-to-date symlink: /home/khaledob/bookros2_ws/install/transmission_interface/share/transmission_interface/cmake/transmission_interfaceConfig-version.cmake
[1.067s] -- Up-to-date symlink: /home/khaledob/bookros2_ws/install/transmission_interface/share/transmission_interface/package.xml
[1.176s] Invoked command in '/home/khaledob/bookros2_ws/build/transmission_interface' returned '0': AMENT_PREFIX_PATH=/home/khaledob/bookros2_ws/install/hardware_interface:/home/khaledob/bookros2_ws/install/ros2_control_test_assets:${AMENT_PREFIX_PATH} CMAKE_PREFIX_PATH=/home/khaledob/bookros2_ws/install/hardware_interface:/home/khaledob/bookros2_ws/install/ros2_control_test_assets:/opt/ros/foxy LD_LIBRARY_PATH=/home/khaledob/bookros2_ws/install/hardware_interface/lib:${LD_LIBRARY_PATH} /usr/bin/cmake --install /home/khaledob/bookros2_ws/build/transmission_interface
