[0.558s] Invoking command in '/home/khaledob/bookros2_ws/build/controller_interface': AMENT_PREFIX_PATH=/home/khaledob/bookros2_ws/install/hardware_interface:/home/khaledob/bookros2_ws/install/ros2_control_test_assets:${AMENT_PREFIX_PATH} CMAKE_PREFIX_PATH=/home/khaledob/bookros2_ws/install/hardware_interface:/home/khaledob/bookros2_ws/install/ros2_control_test_assets:/opt/ros/foxy LD_LIBRARY_PATH=/home/khaledob/bookros2_ws/install/hardware_interface/lib:${LD_LIBRARY_PATH} /usr/bin/cmake --build /home/khaledob/bookros2_ws/build/controller_interface -- -j7 -l7
[0.949s] [ 20%] Built target gmock
[1.025s] [ 33%] Built target controller_interface
[1.026s] [ 46%] Built target gmock_main
[1.175s] [ 60%] Built target test_controller_with_options
[1.176s] [ 73%] Built target test_force_torque_sensor
[1.231s] [ 86%] Built target test_semantic_component_interface
[1.364s] [100%] Built target test_imu_sensor
[2.251s] Invoked command in '/home/khaledob/bookros2_ws/build/controller_interface' returned '0': AMENT_PREFIX_PATH=/home/khaledob/bookros2_ws/install/hardware_interface:/home/khaledob/bookros2_ws/install/ros2_control_test_assets:${AMENT_PREFIX_PATH} CMAKE_PREFIX_PATH=/home/khaledob/bookros2_ws/install/hardware_interface:/home/khaledob/bookros2_ws/install/ros2_control_test_assets:/opt/ros/foxy LD_LIBRARY_PATH=/home/khaledob/bookros2_ws/install/hardware_interface/lib:${LD_LIBRARY_PATH} /usr/bin/cmake --build /home/khaledob/bookros2_ws/build/controller_interface -- -j7 -l7
[2.256s] Invoking command in '/home/khaledob/bookros2_ws/build/controller_interface': AMENT_PREFIX_PATH=/home/khaledob/bookros2_ws/install/hardware_interface:/home/khaledob/bookros2_ws/install/ros2_control_test_assets:${AMENT_PREFIX_PATH} CMAKE_PREFIX_PATH=/home/khaledob/bookros2_ws/install/hardware_interface:/home/khaledob/bookros2_ws/install/ros2_control_test_assets:/opt/ros/foxy LD_LIBRARY_PATH=/home/khaledob/bookros2_ws/install/hardware_interface/lib:${LD_LIBRARY_PATH} /usr/bin/cmake --install /home/khaledob/bookros2_ws/build/controller_interface
[2.425s] -- Install configuration: ""
[2.425s] -- Execute custom install script
[2.425s] -- Up-to-date symlink: /home/khaledob/bookros2_ws/install/controller_interface/include/controller_interface/controller_interface.hpp
[2.425s] -- Up-to-date symlink: /home/khaledob/bookros2_ws/install/controller_interface/include/controller_interface/controller_state_names.hpp
[2.425s] -- Up-to-date symlink: /home/khaledob/bookros2_ws/install/controller_interface/include/controller_interface/helpers.hpp
[2.425s] -- Up-to-date symlink: /home/khaledob/bookros2_ws/install/controller_interface/include/controller_interface/visibility_control.h
[2.426s] -- Up-to-date symlink: /home/khaledob/bookros2_ws/install/controller_interface/include/semantic_components/force_torque_sensor.hpp
[2.426s] -- Up-to-date symlink: /home/khaledob/bookros2_ws/install/controller_interface/include/semantic_components/imu_sensor.hpp
[2.426s] -- Up-to-date symlink: /home/khaledob/bookros2_ws/install/controller_interface/include/semantic_components/semantic_component_interface.hpp
[2.427s] -- Up-to-date symlink: /home/khaledob/bookros2_ws/install/controller_interface/lib/libcontroller_interface.so
[2.427s] -- Up-to-date symlink: /home/khaledob/bookros2_ws/install/controller_interface/share/controller_interface/environment/library_path.sh
[2.427s] -- Up-to-date symlink: /home/khaledob/bookros2_ws/install/controller_interface/share/controller_interface/environment/library_path.dsv
[2.427s] -- Up-to-date symlink: /home/khaledob/bookros2_ws/install/controller_interface/share/ament_index/resource_index/package_run_dependencies/controller_interface
[2.427s] -- Up-to-date symlink: /home/khaledob/bookros2_ws/install/controller_interface/share/ament_index/resource_index/parent_prefix_path/controller_interface
[2.427s] -- Up-to-date symlink: /home/khaledob/bookros2_ws/install/controller_interface/share/controller_interface/environment/ament_prefix_path.sh
[2.427s] -- Up-to-date symlink: /home/khaledob/bookros2_ws/install/controller_interface/share/controller_interface/environment/ament_prefix_path.dsv
[2.427s] -- Up-to-date symlink: /home/khaledob/bookros2_ws/install/controller_interface/share/controller_interface/environment/path.sh
[2.427s] -- Up-to-date symlink: /home/khaledob/bookros2_ws/install/controller_interface/share/controller_interface/environment/path.dsv
[2.427s] -- Up-to-date symlink: /home/khaledob/bookros2_ws/install/controller_interface/share/controller_interface/local_setup.bash
[2.427s] -- Up-to-date symlink: /home/khaledob/bookros2_ws/install/controller_interface/share/controller_interface/local_setup.sh
[2.428s] -- Up-to-date symlink: /home/khaledob/bookros2_ws/install/controller_interface/share/controller_interface/local_setup.zsh
[2.428s] -- Up-to-date symlink: /home/khaledob/bookros2_ws/install/controller_interface/share/controller_interface/local_setup.dsv
[2.428s] -- Symlinking: /home/khaledob/bookros2_ws/install/controller_interface/share/controller_interface/package.dsv
[2.428s] -- Up-to-date symlink: /home/khaledob/bookros2_ws/install/controller_interface/share/ament_index/resource_index/packages/controller_interface
[2.428s] -- Up-to-date symlink: /home/khaledob/bookros2_ws/install/controller_interface/share/controller_interface/cmake/ament_cmake_export_dependencies-extras.cmake
[2.428s] -- Up-to-date symlink: /home/khaledob/bookros2_ws/install/controller_interface/share/controller_interface/cmake/ament_cmake_export_include_directories-extras.cmake
[2.428s] -- Up-to-date symlink: /home/khaledob/bookros2_ws/install/controller_interface/share/controller_interface/cmake/ament_cmake_export_libraries-extras.cmake
[2.428s] -- Up-to-date symlink: /home/khaledob/bookros2_ws/install/controller_interface/share/controller_interface/cmake/controller_interfaceConfig.cmake
[2.428s] -- Up-to-date symlink: /home/khaledob/bookros2_ws/install/controller_interface/share/controller_interface/cmake/controller_interfaceConfig-version.cmake
[2.429s] -- Up-to-date symlink: /home/khaledob/bookros2_ws/install/controller_interface/share/controller_interface/package.xml
[2.613s] Invoked command in '/home/khaledob/bookros2_ws/build/controller_interface' returned '0': AMENT_PREFIX_PATH=/home/khaledob/bookros2_ws/install/hardware_interface:/home/khaledob/bookros2_ws/install/ros2_control_test_assets:${AMENT_PREFIX_PATH} CMAKE_PREFIX_PATH=/home/khaledob/bookros2_ws/install/hardware_interface:/home/khaledob/bookros2_ws/install/ros2_control_test_assets:/opt/ros/foxy LD_LIBRARY_PATH=/home/khaledob/bookros2_ws/install/hardware_interface/lib:${LD_LIBRARY_PATH} /usr/bin/cmake --install /home/khaledob/bookros2_ws/build/controller_interface
