[0.439s] Invoking command in '/home/khaledob/bookros2_ws/build/controller_manager_msgs': CMAKE_PREFIX_PATH=${CMAKE_PREFIX_PATH}:/home/khaledob/bookros2_ws/install/ros2controlcli:/home/khaledob/bookros2_ws/install/launch_pal:/home/khaledob/bookros2_ws/install/br2_fsm_bumpgo_py:/opt/ros/foxy /usr/bin/cmake --build /home/khaledob/bookros2_ws/build/controller_manager_msgs -- -j7 -l7
[1.388s] [ 12%] Built target controller_manager_msgs__rosidl_generator_c
[1.388s] [ 12%] Built target controller_manager_msgs__cpp
[1.388s] [ 24%] Built target controller_manager_msgs__rosidl_typesupport_c
[1.388s] [ 36%] Built target controller_manager_msgs__rosidl_typesupport_introspection_cpp
[1.675s] [ 48%] Built target controller_manager_msgs__rosidl_typesupport_fastrtps_cpp
[1.988s] [ 60%] Built target controller_manager_msgs__rosidl_typesupport_cpp
[2.476s] [ 72%] Built target controller_manager_msgs__rosidl_typesupport_fastrtps_c
[2.652s] [ 84%] Built target controller_manager_msgs__rosidl_typesupport_introspection_c
[2.900s] [ 84%] Built target controller_manager_msgs
[3.111s] [ 85%] Built target controller_manager_msgs__py
[3.438s] [ 96%] Built target controller_manager_msgs__python
[3.865s] [ 97%] Built target controller_manager_msgs__rosidl_typesupport_c__pyext
[4.188s] [ 98%] Built target controller_manager_msgs__rosidl_typesupport_fastrtps_c__pyext
[4.608s] [100%] Built target controller_manager_msgs__rosidl_typesupport_introspection_c__pyext
[5.039s] Invoked command in '/home/khaledob/bookros2_ws/build/controller_manager_msgs' returned '0': CMAKE_PREFIX_PATH=${CMAKE_PREFIX_PATH}:/home/khaledob/bookros2_ws/install/ros2controlcli:/home/khaledob/bookros2_ws/install/launch_pal:/home/khaledob/bookros2_ws/install/br2_fsm_bumpgo_py:/opt/ros/foxy /usr/bin/cmake --build /home/khaledob/bookros2_ws/build/controller_manager_msgs -- -j7 -l7
[5.039s] Invoking command in '/home/khaledob/bookros2_ws/build/controller_manager_msgs': CMAKE_PREFIX_PATH=${CMAKE_PREFIX_PATH}:/home/khaledob/bookros2_ws/install/ros2controlcli:/home/khaledob/bookros2_ws/install/launch_pal:/home/khaledob/bookros2_ws/install/br2_fsm_bumpgo_py:/opt/ros/foxy /usr/bin/cmake --install /home/khaledob/bookros2_ws/build/controller_manager_msgs
[5.220s] -- Install configuration: ""
[5.220s] -- Execute custom install script
[5.226s] -- Up-to-date symlink: /home/khaledob/bookros2_ws/install/controller_manager_msgs/share/ament_index/resource_index/rosidl_interfaces/controller_manager_msgs
[5.316s] -- Up-to-date symlink: /home/khaledob/bookros2_ws/install/controller_manager_msgs/include/controller_manager_msgs/msg/controller_state.h
[5.316s] -- Up-to-date symlink: /home/khaledob/bookros2_ws/install/controller_manager_msgs/include/controller_manager_msgs/msg/detail/controller_state__functions.h
[5.316s] -- Up-to-date symlink: /home/khaledob/bookros2_ws/install/controller_manager_msgs/include/controller_manager_msgs/msg/detail/controller_state__struct.h
[5.317s] -- Up-to-date symlink: /home/khaledob/bookros2_ws/install/controller_manager_msgs/include/controller_manager_msgs/msg/detail/controller_state__type_support.h
[5.317s] -- Up-to-date symlink: /home/khaledob/bookros2_ws/install/controller_manager_msgs/include/controller_manager_msgs/msg/detail/hardware_interface__functions.h
[5.317s] -- Up-to-date symlink: /home/khaledob/bookros2_ws/install/controller_manager_msgs/include/controller_manager_msgs/msg/detail/hardware_interface__struct.h
[5.317s] -- Up-to-date symlink: /home/khaledob/bookros2_ws/install/controller_manager_msgs/include/controller_manager_msgs/msg/detail/hardware_interface__type_support.h
[5.317s] -- Up-to-date symlink: /home/khaledob/bookros2_ws/install/controller_manager_msgs/include/controller_manager_msgs/msg/hardware_interface.h
[5.317s] -- Up-to-date symlink: /home/khaledob/bookros2_ws/install/controller_manager_msgs/include/controller_manager_msgs/msg/rosidl_generator_c__visibility_control.h
[5.317s] -- Up-to-date symlink: /home/khaledob/bookros2_ws/install/controller_manager_msgs/include/controller_manager_msgs/srv/configure_controller.h
[5.317s] -- Up-to-date symlink: /home/khaledob/bookros2_ws/install/controller_manager_msgs/include/controller_manager_msgs/srv/configure_start_controller.h
[5.317s] -- Up-to-date symlink: /home/khaledob/bookros2_ws/install/controller_manager_msgs/include/controller_manager_msgs/srv/detail/configure_controller__functions.h
[5.317s] -- Up-to-date symlink: /home/khaledob/bookros2_ws/install/controller_manager_msgs/include/controller_manager_msgs/srv/detail/configure_controller__struct.h
[5.318s] -- Up-to-date symlink: /home/khaledob/bookros2_ws/install/controller_manager_msgs/include/controller_manager_msgs/srv/detail/configure_controller__type_support.h
[5.318s] -- Up-to-date symlink: /home/khaledob/bookros2_ws/install/controller_manager_msgs/include/controller_manager_msgs/srv/detail/configure_start_controller__functions.h
[5.318s] -- Up-to-date symlink: /home/khaledob/bookros2_ws/install/controller_manager_msgs/include/controller_manager_msgs/srv/detail/configure_start_controller__struct.h
[5.318s] -- Up-to-date symlink: /home/khaledob/bookros2_ws/install/controller_manager_msgs/include/controller_manager_msgs/srv/detail/configure_start_controller__type_support.h
[5.318s] -- Up-to-date symlink: /home/khaledob/bookros2_ws/install/controller_manager_msgs/include/controller_manager_msgs/srv/detail/list_controller_types__functions.h
[5.318s] -- Up-to-date symlink: /home/khaledob/bookros2_ws/install/controller_manager_msgs/include/controller_manager_msgs/srv/detail/list_controller_types__struct.h
[5.318s] -- Up-to-date symlink: /home/khaledob/bookros2_ws/install/controller_manager_msgs/include/controller_manager_msgs/srv/detail/list_controller_types__type_support.h
[5.318s] -- Up-to-date symlink: /home/khaledob/bookros2_ws/install/controller_manager_msgs/include/controller_manager_msgs/srv/detail/list_controllers__functions.h
[5.319s] -- Up-to-date symlink: /home/khaledob/bookros2_ws/install/controller_manager_msgs/include/controller_manager_msgs/srv/detail/list_controllers__struct.h
[5.319s] -- Up-to-date symlink: /home/khaledob/bookros2_ws/install/controller_manager_msgs/include/controller_manager_msgs/srv/detail/list_controllers__type_support.h
[5.319s] -- Up-to-date symlink: /home/khaledob/bookros2_ws/install/controller_manager_msgs/include/controller_manager_msgs/srv/detail/list_hardware_interfaces__functions.h
[5.319s] -- Up-to-date symlink: /home/khaledob/bookros2_ws/install/controller_manager_msgs/include/controller_manager_msgs/srv/detail/list_hardware_interfaces__struct.h
[5.319s] -- Up-to-date symlink: /home/khaledob/bookros2_ws/install/controller_manager_msgs/include/controller_manager_msgs/srv/detail/list_hardware_interfaces__type_support.h
[5.319s] -- Up-to-date symlink: /home/khaledob/bookros2_ws/install/controller_manager_msgs/include/controller_manager_msgs/srv/detail/load_configure_controller__functions.h
[5.319s] -- Up-to-date symlink: /home/khaledob/bookros2_ws/install/controller_manager_msgs/include/controller_manager_msgs/srv/detail/load_configure_controller__struct.h
[5.319s] -- Up-to-date symlink: /home/khaledob/bookros2_ws/install/controller_manager_msgs/include/controller_manager_msgs/srv/detail/load_configure_controller__type_support.h
[5.319s] -- Up-to-date symlink: /home/khaledob/bookros2_ws/install/controller_manager_msgs/include/controller_manager_msgs/srv/detail/load_controller__functions.h
[5.320s] -- Up-to-date symlink: /home/khaledob/bookros2_ws/install/controller_manager_msgs/include/controller_manager_msgs/srv/detail/load_controller__struct.h
[5.320s] -- Up-to-date symlink: /home/khaledob/bookros2_ws/install/controller_manager_msgs/include/controller_manager_msgs/srv/detail/load_controller__type_support.h
[5.320s] -- Up-to-date symlink: /home/khaledob/bookros2_ws/install/controller_manager_msgs/include/controller_manager_msgs/srv/detail/load_start_controller__functions.h
[5.320s] -- Up-to-date symlink: /home/khaledob/bookros2_ws/install/controller_manager_msgs/include/controller_manager_msgs/srv/detail/load_start_controller__struct.h
[5.320s] -- Up-to-date symlink: /home/khaledob/bookros2_ws/install/controller_manager_msgs/include/controller_manager_msgs/srv/detail/load_start_controller__type_support.h
[5.320s] -- Up-to-date symlink: /home/khaledob/bookros2_ws/install/controller_manager_msgs/include/controller_manager_msgs/srv/detail/reload_controller_libraries__functions.h
[5.320s] -- Up-to-date symlink: /home/khaledob/bookros2_ws/install/controller_manager_msgs/include/controller_manager_msgs/srv/detail/reload_controller_libraries__struct.h
[5.320s] -- Up-to-date symlink: /home/khaledob/bookros2_ws/install/controller_manager_msgs/include/controller_manager_msgs/srv/detail/reload_controller_libraries__type_support.h
[5.320s] -- Up-to-date symlink: /home/khaledob/bookros2_ws/install/controller_manager_msgs/include/controller_manager_msgs/srv/detail/switch_controller__functions.h
[5.320s] -- Up-to-date symlink: /home/khaledob/bookros2_ws/install/controller_manager_msgs/include/controller_manager_msgs/srv/detail/switch_controller__struct.h
[5.321s] -- Up-to-date symlink: /home/khaledob/bookros2_ws/install/controller_manager_msgs/include/controller_manager_msgs/srv/detail/switch_controller__type_support.h
[5.321s] -- Up-to-date symlink: /home/khaledob/bookros2_ws/install/controller_manager_msgs/include/controller_manager_msgs/srv/detail/unload_controller__functions.h
[5.321s] -- Up-to-date symlink: /home/khaledob/bookros2_ws/install/controller_manager_msgs/include/controller_manager_msgs/srv/detail/unload_controller__struct.h
[5.321s] -- Up-to-date symlink: /home/khaledob/bookros2_ws/install/controller_manager_msgs/include/controller_manager_msgs/srv/detail/unload_controller__type_support.h
[5.321s] -- Up-to-date symlink: /home/khaledob/bookros2_ws/install/controller_manager_msgs/include/controller_manager_msgs/srv/list_controller_types.h
[5.321s] -- Up-to-date symlink: /home/khaledob/bookros2_ws/install/controller_manager_msgs/include/controller_manager_msgs/srv/list_controllers.h
[5.321s] -- Up-to-date symlink: /home/khaledob/bookros2_ws/install/controller_manager_msgs/include/controller_manager_msgs/srv/list_hardware_interfaces.h
[5.321s] -- Up-to-date symlink: /home/khaledob/bookros2_ws/install/controller_manager_msgs/include/controller_manager_msgs/srv/load_configure_controller.h
[5.321s] -- Up-to-date symlink: /home/khaledob/bookros2_ws/install/controller_manager_msgs/include/controller_manager_msgs/srv/load_controller.h
[5.321s] -- Up-to-date symlink: /home/khaledob/bookros2_ws/install/controller_manager_msgs/include/controller_manager_msgs/srv/load_start_controller.h
[5.322s] -- Up-to-date symlink: /home/khaledob/bookros2_ws/install/controller_manager_msgs/include/controller_manager_msgs/srv/reload_controller_libraries.h
[5.322s] -- Up-to-date symlink: /home/khaledob/bookros2_ws/install/controller_manager_msgs/include/controller_manager_msgs/srv/switch_controller.h
[5.322s] -- Up-to-date symlink: /home/khaledob/bookros2_ws/install/controller_manager_msgs/include/controller_manager_msgs/srv/unload_controller.h
[5.322s] -- Up-to-date symlink: /home/khaledob/bookros2_ws/install/controller_manager_msgs/share/controller_manager_msgs/environment/library_path.sh
[5.322s] -- Up-to-date symlink: /home/khaledob/bookros2_ws/install/controller_manager_msgs/share/controller_manager_msgs/environment/library_path.dsv
[5.322s] -- Up-to-date symlink: /home/khaledob/bookros2_ws/install/controller_manager_msgs/include/controller_manager_msgs/msg/detail/controller_state__rosidl_typesupport_fastrtps_c.h
[5.322s] -- Up-to-date symlink: /home/khaledob/bookros2_ws/install/controller_manager_msgs/include/controller_manager_msgs/msg/detail/hardware_interface__rosidl_typesupport_fastrtps_c.h
[5.322s] -- Up-to-date symlink: /home/khaledob/bookros2_ws/install/controller_manager_msgs/include/controller_manager_msgs/msg/rosidl_typesupport_fastrtps_c__visibility_control.h
[5.322s] -- Up-to-date symlink: /home/khaledob/bookros2_ws/install/controller_manager_msgs/include/controller_manager_msgs/srv/detail/configure_controller__rosidl_typesupport_fastrtps_c.h
[5.322s] -- Up-to-date symlink: /home/khaledob/bookros2_ws/install/controller_manager_msgs/include/controller_manager_msgs/srv/detail/configure_start_controller__rosidl_typesupport_fastrtps_c.h
[5.323s] -- Up-to-date symlink: /home/khaledob/bookros2_ws/install/controller_manager_msgs/include/controller_manager_msgs/srv/detail/list_controller_types__rosidl_typesupport_fastrtps_c.h
[5.323s] -- Up-to-date symlink: /home/khaledob/bookros2_ws/install/controller_manager_msgs/include/controller_manager_msgs/srv/detail/list_controllers__rosidl_typesupport_fastrtps_c.h
[5.323s] -- Up-to-date symlink: /home/khaledob/bookros2_ws/install/controller_manager_msgs/include/controller_manager_msgs/srv/detail/list_hardware_interfaces__rosidl_typesupport_fastrtps_c.h
[5.323s] -- Up-to-date symlink: /home/khaledob/bookros2_ws/install/controller_manager_msgs/include/controller_manager_msgs/srv/detail/load_configure_controller__rosidl_typesupport_fastrtps_c.h
[5.323s] -- Up-to-date symlink: /home/khaledob/bookros2_ws/install/controller_manager_msgs/include/controller_manager_msgs/srv/detail/load_controller__rosidl_typesupport_fastrtps_c.h
[5.323s] -- Up-to-date symlink: /home/khaledob/bookros2_ws/install/controller_manager_msgs/include/controller_manager_msgs/srv/detail/load_start_controller__rosidl_typesupport_fastrtps_c.h
[5.323s] -- Up-to-date symlink: /home/khaledob/bookros2_ws/install/controller_manager_msgs/include/controller_manager_msgs/srv/detail/reload_controller_libraries__rosidl_typesupport_fastrtps_c.h
[5.343s] -- Up-to-date symlink: /home/khaledob/bookros2_ws/install/controller_manager_msgs/include/controller_manager_msgs/srv/detail/switch_controller__rosidl_typesupport_fastrtps_c.h
[5.343s] -- Up-to-date symlink: /home/khaledob/bookros2_ws/install/controller_manager_msgs/include/controller_manager_msgs/srv/detail/unload_controller__rosidl_typesupport_fastrtps_c.h
[5.343s] -- Up-to-date symlink: /home/khaledob/bookros2_ws/install/controller_manager_msgs/lib/libcontroller_manager_msgs__rosidl_typesupport_fastrtps_c.so
[5.343s] -- Up-to-date symlink: /home/khaledob/bookros2_ws/install/controller_manager_msgs/include/controller_manager_msgs/msg/detail/controller_state__rosidl_typesupport_fastrtps_cpp.hpp
[5.343s] -- Up-to-date symlink: /home/khaledob/bookros2_ws/install/controller_manager_msgs/include/controller_manager_msgs/msg/detail/hardware_interface__rosidl_typesupport_fastrtps_cpp.hpp
[5.343s] -- Up-to-date symlink: /home/khaledob/bookros2_ws/install/controller_manager_msgs/include/controller_manager_msgs/msg/rosidl_typesupport_fastrtps_cpp__visibility_control.h
[5.343s] -- Up-to-date symlink: /home/khaledob/bookros2_ws/install/controller_manager_msgs/include/controller_manager_msgs/srv/detail/configure_controller__rosidl_typesupport_fastrtps_cpp.hpp
[5.345s] -- Up-to-date symlink: /home/khaledob/bookros2_ws/install/controller_manager_msgs/include/controller_manager_msgs/srv/detail/configure_start_controller__rosidl_typesupport_fastrtps_cpp.hpp
[5.345s] -- Up-to-date symlink: /home/khaledob/bookros2_ws/install/controller_manager_msgs/include/controller_manager_msgs/srv/detail/list_controller_types__rosidl_typesupport_fastrtps_cpp.hpp
[5.345s] -- Up-to-date symlink: /home/khaledob/bookros2_ws/install/controller_manager_msgs/include/controller_manager_msgs/srv/detail/list_controllers__rosidl_typesupport_fastrtps_cpp.hpp
[5.345s] -- Up-to-date symlink: /home/khaledob/bookros2_ws/install/controller_manager_msgs/include/controller_manager_msgs/srv/detail/list_hardware_interfaces__rosidl_typesupport_fastrtps_cpp.hpp
[5.345s] -- Up-to-date symlink: /home/khaledob/bookros2_ws/install/controller_manager_msgs/include/controller_manager_msgs/srv/detail/load_configure_controller__rosidl_typesupport_fastrtps_cpp.hpp
[5.345s] -- Up-to-date symlink: /home/khaledob/bookros2_ws/install/controller_manager_msgs/include/controller_manager_msgs/srv/detail/load_controller__rosidl_typesupport_fastrtps_cpp.hpp
[5.346s] -- Up-to-date symlink: /home/khaledob/bookros2_ws/install/controller_manager_msgs/include/controller_manager_msgs/srv/detail/load_start_controller__rosidl_typesupport_fastrtps_cpp.hpp
[5.347s] -- Up-to-date symlink: /home/khaledob/bookros2_ws/install/controller_manager_msgs/include/controller_manager_msgs/srv/detail/reload_controller_libraries__rosidl_typesupport_fastrtps_cpp.hpp
[5.347s] -- Up-to-date symlink: /home/khaledob/bookros2_ws/install/controller_manager_msgs/include/controller_manager_msgs/srv/detail/switch_controller__rosidl_typesupport_fastrtps_cpp.hpp
[5.348s] -- Up-to-date symlink: /home/khaledob/bookros2_ws/install/controller_manager_msgs/include/controller_manager_msgs/srv/detail/unload_controller__rosidl_typesupport_fastrtps_cpp.hpp
[5.348s] -- Up-to-date symlink: /home/khaledob/bookros2_ws/install/controller_manager_msgs/lib/libcontroller_manager_msgs__rosidl_typesupport_fastrtps_cpp.so
[5.348s] -- Up-to-date symlink: /home/khaledob/bookros2_ws/install/controller_manager_msgs/include/controller_manager_msgs/msg/detail/controller_state__rosidl_typesupport_introspection_c.h
[5.348s] -- Up-to-date symlink: /home/khaledob/bookros2_ws/install/controller_manager_msgs/include/controller_manager_msgs/msg/detail/hardware_interface__rosidl_typesupport_introspection_c.h
[5.348s] -- Up-to-date symlink: /home/khaledob/bookros2_ws/install/controller_manager_msgs/include/controller_manager_msgs/msg/rosidl_typesupport_introspection_c__visibility_control.h
[5.348s] -- Up-to-date symlink: /home/khaledob/bookros2_ws/install/controller_manager_msgs/include/controller_manager_msgs/srv/detail/configure_controller__rosidl_typesupport_introspection_c.h
[5.408s] -- Up-to-date symlink: /home/khaledob/bookros2_ws/install/controller_manager_msgs/include/controller_manager_msgs/srv/detail/configure_start_controller__rosidl_typesupport_introspection_c.h
[5.421s] -- Up-to-date symlink: /home/khaledob/bookros2_ws/install/controller_manager_msgs/include/controller_manager_msgs/srv/detail/list_controller_types__rosidl_typesupport_introspection_c.h
[5.422s] -- Up-to-date symlink: /home/khaledob/bookros2_ws/install/controller_manager_msgs/include/controller_manager_msgs/srv/detail/list_controllers__rosidl_typesupport_introspection_c.h
[5.422s] -- Up-to-date symlink: /home/khaledob/bookros2_ws/install/controller_manager_msgs/include/controller_manager_msgs/srv/detail/list_hardware_interfaces__rosidl_typesupport_introspection_c.h
[5.423s] -- Up-to-date symlink: /home/khaledob/bookros2_ws/install/controller_manager_msgs/include/controller_manager_msgs/srv/detail/load_configure_controller__rosidl_typesupport_introspection_c.h
[5.423s] -- Up-to-date symlink: /home/khaledob/bookros2_ws/install/controller_manager_msgs/include/controller_manager_msgs/srv/detail/load_controller__rosidl_typesupport_introspection_c.h
[5.423s] -- Up-to-date symlink: /home/khaledob/bookros2_ws/install/controller_manager_msgs/include/controller_manager_msgs/srv/detail/load_start_controller__rosidl_typesupport_introspection_c.h
[5.424s] -- Up-to-date symlink: /home/khaledob/bookros2_ws/install/controller_manager_msgs/include/controller_manager_msgs/srv/detail/reload_controller_libraries__rosidl_typesupport_introspection_c.h
[5.441s] -- Up-to-date symlink: /home/khaledob/bookros2_ws/install/controller_manager_msgs/include/controller_manager_msgs/srv/detail/switch_controller__rosidl_typesupport_introspection_c.h
[5.442s] -- Up-to-date symlink: /home/khaledob/bookros2_ws/install/controller_manager_msgs/include/controller_manager_msgs/srv/detail/unload_controller__rosidl_typesupport_introspection_c.h
[5.442s] -- Up-to-date symlink: /home/khaledob/bookros2_ws/install/controller_manager_msgs/include/controller_manager_msgs/msg/controller_state.hpp
[5.447s] -- Up-to-date symlink: /home/khaledob/bookros2_ws/install/controller_manager_msgs/include/controller_manager_msgs/msg/detail/controller_state__builder.hpp
[5.448s] -- Up-to-date symlink: /home/khaledob/bookros2_ws/install/controller_manager_msgs/include/controller_manager_msgs/msg/detail/controller_state__struct.hpp
[5.448s] -- Up-to-date symlink: /home/khaledob/bookros2_ws/install/controller_manager_msgs/include/controller_manager_msgs/msg/detail/controller_state__traits.hpp
[5.448s] -- Up-to-date symlink: /home/khaledob/bookros2_ws/install/controller_manager_msgs/include/controller_manager_msgs/msg/detail/controller_state__type_support.hpp
[5.449s] -- Up-to-date symlink: /home/khaledob/bookros2_ws/install/controller_manager_msgs/include/controller_manager_msgs/msg/detail/hardware_interface__builder.hpp
[5.449s] -- Up-to-date symlink: /home/khaledob/bookros2_ws/install/controller_manager_msgs/include/controller_manager_msgs/msg/detail/hardware_interface__struct.hpp
[5.449s] -- Up-to-date symlink: /home/khaledob/bookros2_ws/install/controller_manager_msgs/include/controller_manager_msgs/msg/detail/hardware_interface__traits.hpp
[5.449s] -- Up-to-date symlink: /home/khaledob/bookros2_ws/install/controller_manager_msgs/include/controller_manager_msgs/msg/detail/hardware_interface__type_support.hpp
[5.449s] -- Up-to-date symlink: /home/khaledob/bookros2_ws/install/controller_manager_msgs/include/controller_manager_msgs/msg/hardware_interface.hpp
[5.449s] -- Up-to-date symlink: /home/khaledob/bookros2_ws/install/controller_manager_msgs/include/controller_manager_msgs/msg/rosidl_generator_cpp__visibility_control.hpp
[5.449s] -- Up-to-date symlink: /home/khaledob/bookros2_ws/install/controller_manager_msgs/include/controller_manager_msgs/srv/configure_controller.hpp
[5.450s] -- Up-to-date symlink: /home/khaledob/bookros2_ws/install/controller_manager_msgs/include/controller_manager_msgs/srv/configure_start_controller.hpp
[5.450s] -- Up-to-date symlink: /home/khaledob/bookros2_ws/install/controller_manager_msgs/include/controller_manager_msgs/srv/detail/configure_controller__builder.hpp
[5.450s] -- Up-to-date symlink: /home/khaledob/bookros2_ws/install/controller_manager_msgs/include/controller_manager_msgs/srv/detail/configure_controller__struct.hpp
[5.450s] -- Up-to-date symlink: /home/khaledob/bookros2_ws/install/controller_manager_msgs/include/controller_manager_msgs/srv/detail/configure_controller__traits.hpp
[5.450s] -- Up-to-date symlink: /home/khaledob/bookros2_ws/install/controller_manager_msgs/include/controller_manager_msgs/srv/detail/configure_controller__type_support.hpp
[5.452s] -- Up-to-date symlink: /home/khaledob/bookros2_ws/install/controller_manager_msgs/include/controller_manager_msgs/srv/detail/configure_start_controller__builder.hpp
[5.453s] -- Up-to-date symlink: /home/khaledob/bookros2_ws/install/controller_manager_msgs/include/controller_manager_msgs/srv/detail/configure_start_controller__struct.hpp
[5.453s] -- Up-to-date symlink: /home/khaledob/bookros2_ws/install/controller_manager_msgs/include/controller_manager_msgs/srv/detail/configure_start_controller__traits.hpp
[5.453s] -- Up-to-date symlink: /home/khaledob/bookros2_ws/install/controller_manager_msgs/include/controller_manager_msgs/srv/detail/configure_start_controller__type_support.hpp
[5.453s] -- Up-to-date symlink: /home/khaledob/bookros2_ws/install/controller_manager_msgs/include/controller_manager_msgs/srv/detail/list_controller_types__builder.hpp
[5.454s] -- Up-to-date symlink: /home/khaledob/bookros2_ws/install/controller_manager_msgs/include/controller_manager_msgs/srv/detail/list_controller_types__struct.hpp
[5.454s] -- Up-to-date symlink: /home/khaledob/bookros2_ws/install/controller_manager_msgs/include/controller_manager_msgs/srv/detail/list_controller_types__traits.hpp
[5.454s] -- Up-to-date symlink: /home/khaledob/bookros2_ws/install/controller_manager_msgs/include/controller_manager_msgs/srv/detail/list_controller_types__type_support.hpp
[5.454s] -- Up-to-date symlink: /home/khaledob/bookros2_ws/install/controller_manager_msgs/include/controller_manager_msgs/srv/detail/list_controllers__builder.hpp
[5.454s] -- Up-to-date symlink: /home/khaledob/bookros2_ws/install/controller_manager_msgs/include/controller_manager_msgs/srv/detail/list_controllers__struct.hpp
[5.454s] -- Up-to-date symlink: /home/khaledob/bookros2_ws/install/controller_manager_msgs/include/controller_manager_msgs/srv/detail/list_controllers__traits.hpp
[5.456s] -- Up-to-date symlink: /home/khaledob/bookros2_ws/install/controller_manager_msgs/include/controller_manager_msgs/srv/detail/list_controllers__type_support.hpp
[5.456s] -- Up-to-date symlink: /home/khaledob/bookros2_ws/install/controller_manager_msgs/include/controller_manager_msgs/srv/detail/list_hardware_interfaces__builder.hpp
[5.462s] -- Up-to-date symlink: /home/khaledob/bookros2_ws/install/controller_manager_msgs/include/controller_manager_msgs/srv/detail/list_hardware_interfaces__struct.hpp
[5.462s] -- Up-to-date symlink: /home/khaledob/bookros2_ws/install/controller_manager_msgs/include/controller_manager_msgs/srv/detail/list_hardware_interfaces__traits.hpp
[5.462s] -- Up-to-date symlink: /home/khaledob/bookros2_ws/install/controller_manager_msgs/include/controller_manager_msgs/srv/detail/list_hardware_interfaces__type_support.hpp
[5.463s] -- Up-to-date symlink: /home/khaledob/bookros2_ws/install/controller_manager_msgs/include/controller_manager_msgs/srv/detail/load_configure_controller__builder.hpp
[5.464s] -- Up-to-date symlink: /home/khaledob/bookros2_ws/install/controller_manager_msgs/include/controller_manager_msgs/srv/detail/load_configure_controller__struct.hpp
[5.464s] -- Up-to-date symlink: /home/khaledob/bookros2_ws/install/controller_manager_msgs/include/controller_manager_msgs/srv/detail/load_configure_controller__traits.hpp
[5.464s] -- Up-to-date symlink: /home/khaledob/bookros2_ws/install/controller_manager_msgs/include/controller_manager_msgs/srv/detail/load_configure_controller__type_support.hpp
[5.464s] -- Up-to-date symlink: /home/khaledob/bookros2_ws/install/controller_manager_msgs/include/controller_manager_msgs/srv/detail/load_controller__builder.hpp
[5.464s] -- Up-to-date symlink: /home/khaledob/bookros2_ws/install/controller_manager_msgs/include/controller_manager_msgs/srv/detail/load_controller__struct.hpp
[5.464s] -- Up-to-date symlink: /home/khaledob/bookros2_ws/install/controller_manager_msgs/include/controller_manager_msgs/srv/detail/load_controller__traits.hpp
[5.464s] -- Up-to-date symlink: /home/khaledob/bookros2_ws/install/controller_manager_msgs/include/controller_manager_msgs/srv/detail/load_controller__type_support.hpp
[5.465s] -- Up-to-date symlink: /home/khaledob/bookros2_ws/install/controller_manager_msgs/include/controller_manager_msgs/srv/detail/load_start_controller__builder.hpp
[5.480s] -- Up-to-date symlink: /home/khaledob/bookros2_ws/install/controller_manager_msgs/include/controller_manager_msgs/srv/detail/load_start_controller__struct.hpp
[5.481s] -- Up-to-date symlink: /home/khaledob/bookros2_ws/install/controller_manager_msgs/include/controller_manager_msgs/srv/detail/load_start_controller__traits.hpp
[5.483s] -- Up-to-date symlink: /home/khaledob/bookros2_ws/install/controller_manager_msgs/include/controller_manager_msgs/srv/detail/load_start_controller__type_support.hpp
[5.483s] -- Up-to-date symlink: /home/khaledob/bookros2_ws/install/controller_manager_msgs/include/controller_manager_msgs/srv/detail/reload_controller_libraries__builder.hpp
[5.484s] -- Up-to-date symlink: /home/khaledob/bookros2_ws/install/controller_manager_msgs/include/controller_manager_msgs/srv/detail/reload_controller_libraries__struct.hpp
[5.484s] -- Up-to-date symlink: /home/khaledob/bookros2_ws/install/controller_manager_msgs/include/controller_manager_msgs/srv/detail/reload_controller_libraries__traits.hpp
[5.485s] -- Up-to-date symlink: /home/khaledob/bookros2_ws/install/controller_manager_msgs/include/controller_manager_msgs/srv/detail/reload_controller_libraries__type_support.hpp
[5.485s] -- Up-to-date symlink: /home/khaledob/bookros2_ws/install/controller_manager_msgs/include/controller_manager_msgs/srv/detail/switch_controller__builder.hpp
[5.485s] -- Up-to-date symlink: /home/khaledob/bookros2_ws/install/controller_manager_msgs/include/controller_manager_msgs/srv/detail/switch_controller__struct.hpp
[5.485s] -- Up-to-date symlink: /home/khaledob/bookros2_ws/install/controller_manager_msgs/include/controller_manager_msgs/srv/detail/switch_controller__traits.hpp
[5.485s] -- Up-to-date symlink: /home/khaledob/bookros2_ws/install/controller_manager_msgs/include/controller_manager_msgs/srv/detail/switch_controller__type_support.hpp
[5.486s] -- Up-to-date symlink: /home/khaledob/bookros2_ws/install/controller_manager_msgs/include/controller_manager_msgs/srv/detail/unload_controller__builder.hpp
[5.486s] -- Up-to-date symlink: /home/khaledob/bookros2_ws/install/controller_manager_msgs/include/controller_manager_msgs/srv/detail/unload_controller__struct.hpp
[5.486s] -- Up-to-date symlink: /home/khaledob/bookros2_ws/install/controller_manager_msgs/include/controller_manager_msgs/srv/detail/unload_controller__traits.hpp
[5.486s] -- Up-to-date symlink: /home/khaledob/bookros2_ws/install/controller_manager_msgs/include/controller_manager_msgs/srv/detail/unload_controller__type_support.hpp
[5.487s] -- Up-to-date symlink: /home/khaledob/bookros2_ws/install/controller_manager_msgs/include/controller_manager_msgs/srv/list_controller_types.hpp
[5.487s] -- Up-to-date symlink: /home/khaledob/bookros2_ws/install/controller_manager_msgs/include/controller_manager_msgs/srv/list_controllers.hpp
[5.487s] -- Up-to-date symlink: /home/khaledob/bookros2_ws/install/controller_manager_msgs/include/controller_manager_msgs/srv/list_hardware_interfaces.hpp
[5.487s] -- Up-to-date symlink: /home/khaledob/bookros2_ws/install/controller_manager_msgs/include/controller_manager_msgs/srv/load_configure_controller.hpp
[5.487s] -- Up-to-date symlink: /home/khaledob/bookros2_ws/install/controller_manager_msgs/include/controller_manager_msgs/srv/load_controller.hpp
[5.487s] -- Up-to-date symlink: /home/khaledob/bookros2_ws/install/controller_manager_msgs/include/controller_manager_msgs/srv/load_start_controller.hpp
[5.488s] -- Up-to-date symlink: /home/khaledob/bookros2_ws/install/controller_manager_msgs/include/controller_manager_msgs/srv/reload_controller_libraries.hpp
[5.488s] -- Up-to-date symlink: /home/khaledob/bookros2_ws/install/controller_manager_msgs/include/controller_manager_msgs/srv/switch_controller.hpp
[5.488s] -- Up-to-date symlink: /home/khaledob/bookros2_ws/install/controller_manager_msgs/include/controller_manager_msgs/srv/unload_controller.hpp
[5.488s] -- Up-to-date symlink: /home/khaledob/bookros2_ws/install/controller_manager_msgs/include/controller_manager_msgs/msg/detail/controller_state__rosidl_typesupport_introspection_cpp.hpp
[5.489s] -- Up-to-date symlink: /home/khaledob/bookros2_ws/install/controller_manager_msgs/include/controller_manager_msgs/msg/detail/hardware_interface__rosidl_typesupport_introspection_cpp.hpp
[5.489s] -- Up-to-date symlink: /home/khaledob/bookros2_ws/install/controller_manager_msgs/include/controller_manager_msgs/srv/detail/configure_controller__rosidl_typesupport_introspection_cpp.hpp
[5.489s] -- Up-to-date symlink: /home/khaledob/bookros2_ws/install/controller_manager_msgs/include/controller_manager_msgs/srv/detail/configure_start_controller__rosidl_typesupport_introspection_cpp.hpp
[5.489s] -- Up-to-date symlink: /home/khaledob/bookros2_ws/install/controller_manager_msgs/include/controller_manager_msgs/srv/detail/list_controller_types__rosidl_typesupport_introspection_cpp.hpp
[5.489s] -- Up-to-date symlink: /home/khaledob/bookros2_ws/install/controller_manager_msgs/include/controller_manager_msgs/srv/detail/list_controllers__rosidl_typesupport_introspection_cpp.hpp
[5.490s] -- Up-to-date symlink: /home/khaledob/bookros2_ws/install/controller_manager_msgs/include/controller_manager_msgs/srv/detail/list_hardware_interfaces__rosidl_typesupport_introspection_cpp.hpp
[5.490s] -- Up-to-date symlink: /home/khaledob/bookros2_ws/install/controller_manager_msgs/include/controller_manager_msgs/srv/detail/load_configure_controller__rosidl_typesupport_introspection_cpp.hpp
[5.490s] -- Up-to-date symlink: /home/khaledob/bookros2_ws/install/controller_manager_msgs/include/controller_manager_msgs/srv/detail/load_controller__rosidl_typesupport_introspection_cpp.hpp
[5.490s] -- Up-to-date symlink: /home/khaledob/bookros2_ws/install/controller_manager_msgs/include/controller_manager_msgs/srv/detail/load_start_controller__rosidl_typesupport_introspection_cpp.hpp
[5.490s] -- Up-to-date symlink: /home/khaledob/bookros2_ws/install/controller_manager_msgs/include/controller_manager_msgs/srv/detail/reload_controller_libraries__rosidl_typesupport_introspection_cpp.hpp
[5.490s] -- Up-to-date symlink: /home/khaledob/bookros2_ws/install/controller_manager_msgs/include/controller_manager_msgs/srv/detail/switch_controller__rosidl_typesupport_introspection_cpp.hpp
[5.491s] -- Up-to-date symlink: /home/khaledob/bookros2_ws/install/controller_manager_msgs/include/controller_manager_msgs/srv/detail/unload_controller__rosidl_typesupport_introspection_cpp.hpp
[5.491s] -- Up-to-date symlink: /home/khaledob/bookros2_ws/install/controller_manager_msgs/share/controller_manager_msgs/environment/pythonpath.sh
[5.491s] -- Up-to-date symlink: /home/khaledob/bookros2_ws/install/controller_manager_msgs/share/controller_manager_msgs/environment/pythonpath.dsv
[5.491s] -- Up-to-date symlink: /home/khaledob/bookros2_ws/install/controller_manager_msgs/lib/python3.8/site-packages/controller_manager_msgs/__init__.py
[5.491s] -- Up-to-date symlink: /home/khaledob/bookros2_ws/install/controller_manager_msgs/lib/python3.8/site-packages/controller_manager_msgs/msg/__init__.py
[5.491s] -- Up-to-date symlink: /home/khaledob/bookros2_ws/install/controller_manager_msgs/lib/python3.8/site-packages/controller_manager_msgs/msg/_controller_state.py
[5.513s] -- Up-to-date symlink: /home/khaledob/bookros2_ws/install/controller_manager_msgs/lib/python3.8/site-packages/controller_manager_msgs/msg/_hardware_interface.py
[5.517s] -- Up-to-date symlink: /home/khaledob/bookros2_ws/install/controller_manager_msgs/lib/python3.8/site-packages/controller_manager_msgs/srv/__init__.py
[5.517s] -- Up-to-date symlink: /home/khaledob/bookros2_ws/install/controller_manager_msgs/lib/python3.8/site-packages/controller_manager_msgs/srv/_configure_controller.py
[5.517s] -- Up-to-date symlink: /home/khaledob/bookros2_ws/install/controller_manager_msgs/lib/python3.8/site-packages/controller_manager_msgs/srv/_configure_start_controller.py
[5.518s] -- Up-to-date symlink: /home/khaledob/bookros2_ws/install/controller_manager_msgs/lib/python3.8/site-packages/controller_manager_msgs/srv/_list_controller_types.py
[5.518s] -- Up-to-date symlink: /home/khaledob/bookros2_ws/install/controller_manager_msgs/lib/python3.8/site-packages/controller_manager_msgs/srv/_list_controllers.py
[5.518s] -- Up-to-date symlink: /home/khaledob/bookros2_ws/install/controller_manager_msgs/lib/python3.8/site-packages/controller_manager_msgs/srv/_list_hardware_interfaces.py
[5.519s] -- Up-to-date symlink: /home/khaledob/bookros2_ws/install/controller_manager_msgs/lib/python3.8/site-packages/controller_manager_msgs/srv/_load_configure_controller.py
[5.519s] -- Up-to-date symlink: /home/khaledob/bookros2_ws/install/controller_manager_msgs/lib/python3.8/site-packages/controller_manager_msgs/srv/_load_controller.py
[5.519s] -- Up-to-date symlink: /home/khaledob/bookros2_ws/install/controller_manager_msgs/lib/python3.8/site-packages/controller_manager_msgs/srv/_load_start_controller.py
[5.519s] -- Up-to-date symlink: /home/khaledob/bookros2_ws/install/controller_manager_msgs/lib/python3.8/site-packages/controller_manager_msgs/srv/_reload_controller_libraries.py
[5.519s] -- Up-to-date symlink: /home/khaledob/bookros2_ws/install/controller_manager_msgs/lib/python3.8/site-packages/controller_manager_msgs/srv/_switch_controller.py
[5.520s] -- Up-to-date symlink: /home/khaledob/bookros2_ws/install/controller_manager_msgs/lib/python3.8/site-packages/controller_manager_msgs/srv/_unload_controller.py
[5.520s] -- Up-to-date symlink: /home/khaledob/bookros2_ws/install/controller_manager_msgs/lib/python3.8/site-packages/controller_manager_msgs/controller_manager_msgs_s__rosidl_typesupport_fastrtps_c.cpython-38-x86_64-linux-gnu.so
[5.520s] -- Up-to-date symlink: /home/khaledob/bookros2_ws/install/controller_manager_msgs/lib/python3.8/site-packages/controller_manager_msgs/controller_manager_msgs_s__rosidl_typesupport_introspection_c.cpython-38-x86_64-linux-gnu.so
[5.520s] -- Up-to-date symlink: /home/khaledob/bookros2_ws/install/controller_manager_msgs/lib/python3.8/site-packages/controller_manager_msgs/controller_manager_msgs_s__rosidl_typesupport_c.cpython-38-x86_64-linux-gnu.so
[5.521s] -- Up-to-date symlink: /home/khaledob/bookros2_ws/install/controller_manager_msgs/lib/libcontroller_manager_msgs__python.so
[5.521s] -- Up-to-date symlink: /home/khaledob/bookros2_ws/install/controller_manager_msgs/share/controller_manager_msgs/msg/ControllerState.idl
[5.521s] -- Up-to-date symlink: /home/khaledob/bookros2_ws/install/controller_manager_msgs/share/controller_manager_msgs/msg/HardwareInterface.idl
[5.521s] -- Up-to-date symlink: /home/khaledob/bookros2_ws/install/controller_manager_msgs/share/controller_manager_msgs/srv/ConfigureController.idl
[5.522s] -- Up-to-date symlink: /home/khaledob/bookros2_ws/install/controller_manager_msgs/share/controller_manager_msgs/srv/ConfigureStartController.idl
[5.522s] -- Up-to-date symlink: /home/khaledob/bookros2_ws/install/controller_manager_msgs/share/controller_manager_msgs/srv/ListControllers.idl
[5.522s] -- Up-to-date symlink: /home/khaledob/bookros2_ws/install/controller_manager_msgs/share/controller_manager_msgs/srv/ListControllerTypes.idl
[5.522s] -- Up-to-date symlink: /home/khaledob/bookros2_ws/install/controller_manager_msgs/share/controller_manager_msgs/srv/ListHardwareInterfaces.idl
[5.529s] -- Up-to-date symlink: /home/khaledob/bookros2_ws/install/controller_manager_msgs/share/controller_manager_msgs/srv/LoadConfigureController.idl
[5.529s] -- Up-to-date symlink: /home/khaledob/bookros2_ws/install/controller_manager_msgs/share/controller_manager_msgs/srv/LoadController.idl
[5.530s] -- Up-to-date symlink: /home/khaledob/bookros2_ws/install/controller_manager_msgs/share/controller_manager_msgs/srv/LoadStartController.idl
[5.530s] -- Up-to-date symlink: /home/khaledob/bookros2_ws/install/controller_manager_msgs/share/controller_manager_msgs/srv/ReloadControllerLibraries.idl
[5.530s] -- Up-to-date symlink: /home/khaledob/bookros2_ws/install/controller_manager_msgs/share/controller_manager_msgs/srv/SwitchController.idl
[5.530s] -- Up-to-date symlink: /home/khaledob/bookros2_ws/install/controller_manager_msgs/share/controller_manager_msgs/srv/UnloadController.idl
[5.530s] -- Up-to-date symlink: /home/khaledob/bookros2_ws/install/controller_manager_msgs/share/controller_manager_msgs/msg/ControllerState.msg
[5.530s] -- Up-to-date symlink: /home/khaledob/bookros2_ws/install/controller_manager_msgs/share/controller_manager_msgs/msg/HardwareInterface.msg
[5.542s] -- Up-to-date symlink: /home/khaledob/bookros2_ws/install/controller_manager_msgs/share/controller_manager_msgs/srv/ConfigureController.srv
[5.542s] -- Up-to-date symlink: /home/khaledob/bookros2_ws/install/controller_manager_msgs/share/controller_manager_msgs/srv/ConfigureController_Request.msg
[5.547s] -- Up-to-date symlink: /home/khaledob/bookros2_ws/install/controller_manager_msgs/share/controller_manager_msgs/srv/ConfigureController_Response.msg
[5.547s] -- Up-to-date symlink: /home/khaledob/bookros2_ws/install/controller_manager_msgs/share/controller_manager_msgs/srv/ConfigureStartController.srv
[5.547s] -- Up-to-date symlink: /home/khaledob/bookros2_ws/install/controller_manager_msgs/share/controller_manager_msgs/srv/ConfigureStartController_Request.msg
[5.547s] -- Up-to-date symlink: /home/khaledob/bookros2_ws/install/controller_manager_msgs/share/controller_manager_msgs/srv/ConfigureStartController_Response.msg
[5.547s] -- Up-to-date symlink: /home/khaledob/bookros2_ws/install/controller_manager_msgs/share/controller_manager_msgs/srv/ListControllers.srv
[5.548s] -- Up-to-date symlink: /home/khaledob/bookros2_ws/install/controller_manager_msgs/share/controller_manager_msgs/srv/ListControllers_Request.msg
[5.548s] -- Up-to-date symlink: /home/khaledob/bookros2_ws/install/controller_manager_msgs/share/controller_manager_msgs/srv/ListControllers_Response.msg
[5.556s] -- Up-to-date symlink: /home/khaledob/bookros2_ws/install/controller_manager_msgs/share/controller_manager_msgs/srv/ListControllerTypes.srv
[5.583s] -- Up-to-date symlink: /home/khaledob/bookros2_ws/install/controller_manager_msgs/share/controller_manager_msgs/srv/ListControllerTypes_Request.msg
[5.587s] -- Up-to-date symlink: /home/khaledob/bookros2_ws/install/controller_manager_msgs/share/controller_manager_msgs/srv/ListControllerTypes_Response.msg
[5.587s] -- Up-to-date symlink: /home/khaledob/bookros2_ws/install/controller_manager_msgs/share/controller_manager_msgs/srv/ListHardwareInterfaces.srv
[5.587s] -- Up-to-date symlink: /home/khaledob/bookros2_ws/install/controller_manager_msgs/share/controller_manager_msgs/srv/ListHardwareInterfaces_Request.msg
[5.587s] -- Up-to-date symlink: /home/khaledob/bookros2_ws/install/controller_manager_msgs/share/controller_manager_msgs/srv/ListHardwareInterfaces_Response.msg
[5.587s] -- Up-to-date symlink: /home/khaledob/bookros2_ws/install/controller_manager_msgs/share/controller_manager_msgs/srv/LoadConfigureController.srv
[5.587s] -- Up-to-date symlink: /home/khaledob/bookros2_ws/install/controller_manager_msgs/share/controller_manager_msgs/srv/LoadConfigureController_Request.msg
[5.587s] -- Up-to-date symlink: /home/khaledob/bookros2_ws/install/controller_manager_msgs/share/controller_manager_msgs/srv/LoadConfigureController_Response.msg
[5.588s] -- Up-to-date symlink: /home/khaledob/bookros2_ws/install/controller_manager_msgs/share/controller_manager_msgs/srv/LoadController.srv
[5.588s] -- Up-to-date symlink: /home/khaledob/bookros2_ws/install/controller_manager_msgs/share/controller_manager_msgs/srv/LoadController_Request.msg
[5.588s] -- Up-to-date symlink: /home/khaledob/bookros2_ws/install/controller_manager_msgs/share/controller_manager_msgs/srv/LoadController_Response.msg
[5.618s] -- Up-to-date symlink: /home/khaledob/bookros2_ws/install/controller_manager_msgs/share/controller_manager_msgs/srv/LoadStartController.srv
[5.620s] -- Up-to-date symlink: /home/khaledob/bookros2_ws/install/controller_manager_msgs/share/controller_manager_msgs/srv/LoadStartController_Request.msg
[5.632s] -- Up-to-date symlink: /home/khaledob/bookros2_ws/install/controller_manager_msgs/share/controller_manager_msgs/srv/LoadStartController_Response.msg
[5.638s] -- Up-to-date symlink: /home/khaledob/bookros2_ws/install/controller_manager_msgs/share/controller_manager_msgs/srv/ReloadControllerLibraries.srv
[5.638s] -- Up-to-date symlink: /home/khaledob/bookros2_ws/install/controller_manager_msgs/share/controller_manager_msgs/srv/ReloadControllerLibraries_Request.msg
[5.721s] -- Up-to-date symlink: /home/khaledob/bookros2_ws/install/controller_manager_msgs/share/controller_manager_msgs/srv/ReloadControllerLibraries_Response.msg
[5.721s] -- Up-to-date symlink: /home/khaledob/bookros2_ws/install/controller_manager_msgs/share/controller_manager_msgs/srv/SwitchController.srv
[5.722s] -- Up-to-date symlink: /home/khaledob/bookros2_ws/install/controller_manager_msgs/share/controller_manager_msgs/srv/SwitchController_Request.msg
[5.722s] -- Up-to-date symlink: /home/khaledob/bookros2_ws/install/controller_manager_msgs/share/controller_manager_msgs/srv/SwitchController_Response.msg
[5.722s] -- Up-to-date symlink: /home/khaledob/bookros2_ws/install/controller_manager_msgs/share/controller_manager_msgs/srv/UnloadController.srv
[5.723s] -- Up-to-date symlink: /home/khaledob/bookros2_ws/install/controller_manager_msgs/share/controller_manager_msgs/srv/UnloadController_Request.msg
[5.723s] -- Up-to-date symlink: /home/khaledob/bookros2_ws/install/controller_manager_msgs/share/controller_manager_msgs/srv/UnloadController_Response.msg
[5.723s] -- Up-to-date symlink: /home/khaledob/bookros2_ws/install/controller_manager_msgs/share/ament_index/resource_index/package_run_dependencies/controller_manager_msgs
[5.723s] -- Up-to-date symlink: /home/khaledob/bookros2_ws/install/controller_manager_msgs/share/ament_index/resource_index/parent_prefix_path/controller_manager_msgs
[5.723s] -- Up-to-date symlink: /home/khaledob/bookros2_ws/install/controller_manager_msgs/share/controller_manager_msgs/environment/ament_prefix_path.sh
[5.724s] -- Up-to-date symlink: /home/khaledob/bookros2_ws/install/controller_manager_msgs/share/controller_manager_msgs/environment/ament_prefix_path.dsv
[5.827s] -- Up-to-date symlink: /home/khaledob/bookros2_ws/install/controller_manager_msgs/share/controller_manager_msgs/environment/path.sh
[5.830s] -- Up-to-date symlink: /home/khaledob/bookros2_ws/install/controller_manager_msgs/share/controller_manager_msgs/environment/path.dsv
[5.830s] -- Up-to-date symlink: /home/khaledob/bookros2_ws/install/controller_manager_msgs/share/controller_manager_msgs/local_setup.bash
[5.831s] -- Up-to-date symlink: /home/khaledob/bookros2_ws/install/controller_manager_msgs/share/controller_manager_msgs/local_setup.sh
[5.831s] -- Up-to-date symlink: /home/khaledob/bookros2_ws/install/controller_manager_msgs/share/controller_manager_msgs/local_setup.zsh
[5.831s] -- Up-to-date symlink: /home/khaledob/bookros2_ws/install/controller_manager_msgs/share/controller_manager_msgs/local_setup.dsv
[5.831s] -- Symlinking: /home/khaledob/bookros2_ws/install/controller_manager_msgs/share/controller_manager_msgs/package.dsv
[5.832s] -- Up-to-date symlink: /home/khaledob/bookros2_ws/install/controller_manager_msgs/share/ament_index/resource_index/packages/controller_manager_msgs
[5.832s] -- Up-to-date symlink: /home/khaledob/bookros2_ws/install/controller_manager_msgs/share/controller_manager_msgs/cmake/rosidl_cmake-extras.cmake
[5.832s] -- Up-to-date symlink: /home/khaledob/bookros2_ws/install/controller_manager_msgs/share/controller_manager_msgs/cmake/ament_cmake_export_dependencies-extras.cmake
[5.832s] -- Up-to-date symlink: /home/khaledob/bookros2_ws/install/controller_manager_msgs/share/controller_manager_msgs/cmake/ament_cmake_export_libraries-extras.cmake
[5.832s] -- Up-to-date symlink: /home/khaledob/bookros2_ws/install/controller_manager_msgs/share/controller_manager_msgs/cmake/ament_cmake_export_targets-extras.cmake
[5.832s] -- Up-to-date symlink: /home/khaledob/bookros2_ws/install/controller_manager_msgs/share/controller_manager_msgs/cmake/ament_cmake_export_include_directories-extras.cmake
[5.833s] -- Up-to-date symlink: /home/khaledob/bookros2_ws/install/controller_manager_msgs/share/controller_manager_msgs/cmake/rosidl_cmake_export_typesupport_libraries-extras.cmake
[5.834s] -- Up-to-date symlink: /home/khaledob/bookros2_ws/install/controller_manager_msgs/share/controller_manager_msgs/cmake/rosidl_cmake_export_typesupport_targets-extras.cmake
[5.834s] -- Up-to-date symlink: /home/khaledob/bookros2_ws/install/controller_manager_msgs/share/controller_manager_msgs/cmake/controller_manager_msgsConfig.cmake
[5.835s] -- Up-to-date symlink: /home/khaledob/bookros2_ws/install/controller_manager_msgs/share/controller_manager_msgs/cmake/controller_manager_msgsConfig-version.cmake
[5.835s] -- Up-to-date symlink: /home/khaledob/bookros2_ws/install/controller_manager_msgs/share/controller_manager_msgs/package.xml
[5.835s] -- Up-to-date: /home/khaledob/bookros2_ws/install/controller_manager_msgs/lib/libcontroller_manager_msgs__rosidl_generator_c.so
[5.836s] -- Up-to-date: /home/khaledob/bookros2_ws/install/controller_manager_msgs/lib/libcontroller_manager_msgs__rosidl_typesupport_introspection_c.so
[5.836s] -- Up-to-date: /home/khaledob/bookros2_ws/install/controller_manager_msgs/lib/libcontroller_manager_msgs__rosidl_typesupport_c.so
[5.836s] -- Up-to-date: /home/khaledob/bookros2_ws/install/controller_manager_msgs/lib/libcontroller_manager_msgs__rosidl_typesupport_introspection_cpp.so
[5.836s] -- Up-to-date: /home/khaledob/bookros2_ws/install/controller_manager_msgs/lib/libcontroller_manager_msgs__rosidl_typesupport_cpp.so
[5.970s] -- Up-to-date: /home/khaledob/bookros2_ws/install/controller_manager_msgs/share/controller_manager_msgs/cmake/controller_manager_msgs__rosidl_generator_cExport.cmake
[5.971s] -- Up-to-date: /home/khaledob/bookros2_ws/install/controller_manager_msgs/share/controller_manager_msgs/cmake/controller_manager_msgs__rosidl_generator_cExport-noconfig.cmake
[5.979s] -- Up-to-date: /home/khaledob/bookros2_ws/install/controller_manager_msgs/share/controller_manager_msgs/cmake/controller_manager_msgs__rosidl_typesupport_introspection_cExport.cmake
[5.981s] -- Up-to-date: /home/khaledob/bookros2_ws/install/controller_manager_msgs/share/controller_manager_msgs/cmake/controller_manager_msgs__rosidl_typesupport_introspection_cExport-noconfig.cmake
[5.982s] -- Up-to-date: /home/khaledob/bookros2_ws/install/controller_manager_msgs/share/controller_manager_msgs/cmake/controller_manager_msgs__rosidl_typesupport_cExport.cmake
[5.982s] -- Up-to-date: /home/khaledob/bookros2_ws/install/controller_manager_msgs/share/controller_manager_msgs/cmake/controller_manager_msgs__rosidl_typesupport_cExport-noconfig.cmake
[5.982s] -- Up-to-date: /home/khaledob/bookros2_ws/install/controller_manager_msgs/share/controller_manager_msgs/cmake/controller_manager_msgs__rosidl_generator_cppExport.cmake
[5.982s] -- Up-to-date: /home/khaledob/bookros2_ws/install/controller_manager_msgs/share/controller_manager_msgs/cmake/controller_manager_msgs__rosidl_typesupport_introspection_cppExport.cmake
[5.982s] -- Up-to-date: /home/khaledob/bookros2_ws/install/controller_manager_msgs/share/controller_manager_msgs/cmake/controller_manager_msgs__rosidl_typesupport_introspection_cppExport-noconfig.cmake
[5.982s] -- Up-to-date: /home/khaledob/bookros2_ws/install/controller_manager_msgs/share/controller_manager_msgs/cmake/controller_manager_msgs__rosidl_typesupport_cppExport.cmake
[5.983s] -- Up-to-date: /home/khaledob/bookros2_ws/install/controller_manager_msgs/share/controller_manager_msgs/cmake/controller_manager_msgs__rosidl_typesupport_cppExport-noconfig.cmake
[6.216s] Invoked command in '/home/khaledob/bookros2_ws/build/controller_manager_msgs' returned '0': CMAKE_PREFIX_PATH=${CMAKE_PREFIX_PATH}:/home/khaledob/bookros2_ws/install/ros2controlcli:/home/khaledob/bookros2_ws/install/launch_pal:/home/khaledob/bookros2_ws/install/br2_fsm_bumpgo_py:/opt/ros/foxy /usr/bin/cmake --install /home/khaledob/bookros2_ws/build/controller_manager_msgs
