[1.547s] Invoking command in '/home/khaledob/bookros2_ws/build/joint_state_controller': AMENT_PREFIX_PATH=/home/khaledob/bookros2_ws/install/joint_state_broadcaster:/home/khaledob/bookros2_ws/install/controller_manager:/home/khaledob/bookros2_ws/install/controller_interface:/home/khaledob/bookros2_ws/install/hardware_interface:/home/khaledob/bookros2_ws/install/ros2_control_test_assets:/home/khaledob/bookros2_ws/install/controller_manager_msgs:${AMENT_PREFIX_PATH} CMAKE_PREFIX_PATH=/home/khaledob/bookros2_ws/install/joint_state_broadcaster:/home/khaledob/bookros2_ws/install/controller_manager:/home/khaledob/bookros2_ws/install/controller_interface:/home/khaledob/bookros2_ws/install/hardware_interface:/home/khaledob/bookros2_ws/install/ros2_control_test_assets:/home/khaledob/bookros2_ws/install/controller_manager_msgs:/opt/ros/foxy LD_LIBRARY_PATH=/home/khaledob/bookros2_ws/install/joint_state_broadcaster/lib:/home/khaledob/bookros2_ws/install/controller_manager/lib:/home/khaledob/bookros2_ws/install/controller_interface/lib:/home/khaledob/bookros2_ws/install/hardware_interface/lib:/home/khaledob/bookros2_ws/install/controller_manager_msgs/lib:${LD_LIBRARY_PATH} PYTHONPATH=/home/khaledob/bookros2_ws/install/controller_manager/lib/python3.8/site-packages:/home/khaledob/bookros2_ws/install/controller_manager_msgs/lib/python3.8/site-packages:${PYTHONPATH} /usr/bin/cmake --build /home/khaledob/bookros2_ws/build/joint_state_controller -- -j7 -l7
[1.807s] [ 33%] Built target gmock
[2.002s] [ 55%] Built target joint_state_controller
[2.044s] [ 77%] Built target gmock_main
[2.162s] [100%] Built target test_load_joint_state_controller
[3.004s] Invoked command in '/home/khaledob/bookros2_ws/build/joint_state_controller' returned '0': AMENT_PREFIX_PATH=/home/khaledob/bookros2_ws/install/joint_state_broadcaster:/home/khaledob/bookros2_ws/install/controller_manager:/home/khaledob/bookros2_ws/install/controller_interface:/home/khaledob/bookros2_ws/install/hardware_interface:/home/khaledob/bookros2_ws/install/ros2_control_test_assets:/home/khaledob/bookros2_ws/install/controller_manager_msgs:${AMENT_PREFIX_PATH} CMAKE_PREFIX_PATH=/home/khaledob/bookros2_ws/install/joint_state_broadcaster:/home/khaledob/bookros2_ws/install/controller_manager:/home/khaledob/bookros2_ws/install/controller_interface:/home/khaledob/bookros2_ws/install/hardware_interface:/home/khaledob/bookros2_ws/install/ros2_control_test_assets:/home/khaledob/bookros2_ws/install/controller_manager_msgs:/opt/ros/foxy LD_LIBRARY_PATH=/home/khaledob/bookros2_ws/install/joint_state_broadcaster/lib:/home/khaledob/bookros2_ws/install/controller_manager/lib:/home/khaledob/bookros2_ws/install/controller_interface/lib:/home/khaledob/bookros2_ws/install/hardware_interface/lib:/home/khaledob/bookros2_ws/install/controller_manager_msgs/lib:${LD_LIBRARY_PATH} PYTHONPATH=/home/khaledob/bookros2_ws/install/controller_manager/lib/python3.8/site-packages:/home/khaledob/bookros2_ws/install/controller_manager_msgs/lib/python3.8/site-packages:${PYTHONPATH} /usr/bin/cmake --build /home/khaledob/bookros2_ws/build/joint_state_controller -- -j7 -l7
[3.006s] Invoking command in '/home/khaledob/bookros2_ws/build/joint_state_controller': AMENT_PREFIX_PATH=/home/khaledob/bookros2_ws/install/joint_state_broadcaster:/home/khaledob/bookros2_ws/install/controller_manager:/home/khaledob/bookros2_ws/install/controller_interface:/home/khaledob/bookros2_ws/install/hardware_interface:/home/khaledob/bookros2_ws/install/ros2_control_test_assets:/home/khaledob/bookros2_ws/install/controller_manager_msgs:${AMENT_PREFIX_PATH} CMAKE_PREFIX_PATH=/home/khaledob/bookros2_ws/install/joint_state_broadcaster:/home/khaledob/bookros2_ws/install/controller_manager:/home/khaledob/bookros2_ws/install/controller_interface:/home/khaledob/bookros2_ws/install/hardware_interface:/home/khaledob/bookros2_ws/install/ros2_control_test_assets:/home/khaledob/bookros2_ws/install/controller_manager_msgs:/opt/ros/foxy LD_LIBRARY_PATH=/home/khaledob/bookros2_ws/install/joint_state_broadcaster/lib:/home/khaledob/bookros2_ws/install/controller_manager/lib:/home/khaledob/bookros2_ws/install/controller_interface/lib:/home/khaledob/bookros2_ws/install/hardware_interface/lib:/home/khaledob/bookros2_ws/install/controller_manager_msgs/lib:${LD_LIBRARY_PATH} PYTHONPATH=/home/khaledob/bookros2_ws/install/controller_manager/lib/python3.8/site-packages:/home/khaledob/bookros2_ws/install/controller_manager_msgs/lib/python3.8/site-packages:${PYTHONPATH} /usr/bin/cmake --install /home/khaledob/bookros2_ws/build/joint_state_controller
[3.141s] -- Install configuration: ""
[3.143s] -- Execute custom install script
[3.144s] -- Up-to-date symlink: /home/khaledob/bookros2_ws/install/joint_state_controller/share/joint_state_controller//joint_state_plugin.xml
[3.153s] -- Up-to-date symlink: /home/khaledob/bookros2_ws/install/joint_state_controller/lib/libjoint_state_controller.so
[3.189s] -- Up-to-date symlink: /home/khaledob/bookros2_ws/install/joint_state_controller/share/joint_state_controller/environment/library_path.sh
[3.236s] -- Up-to-date symlink: /home/khaledob/bookros2_ws/install/joint_state_controller/share/joint_state_controller/environment/library_path.dsv
[3.236s] -- Up-to-date symlink: /home/khaledob/bookros2_ws/install/joint_state_controller/share/ament_index/resource_index/package_run_dependencies/joint_state_controller
[3.237s] -- Up-to-date symlink: /home/khaledob/bookros2_ws/install/joint_state_controller/share/ament_index/resource_index/parent_prefix_path/joint_state_controller
[3.237s] -- Up-to-date symlink: /home/khaledob/bookros2_ws/install/joint_state_controller/share/joint_state_controller/environment/ament_prefix_path.sh
[3.237s] -- Up-to-date symlink: /home/khaledob/bookros2_ws/install/joint_state_controller/share/joint_state_controller/environment/ament_prefix_path.dsv
[3.237s] -- Up-to-date symlink: /home/khaledob/bookros2_ws/install/joint_state_controller/share/joint_state_controller/environment/path.sh
[3.237s] -- Up-to-date symlink: /home/khaledob/bookros2_ws/install/joint_state_controller/share/joint_state_controller/environment/path.dsv
[3.237s] -- Up-to-date symlink: /home/khaledob/bookros2_ws/install/joint_state_controller/share/joint_state_controller/local_setup.bash
[3.237s] -- Up-to-date symlink: /home/khaledob/bookros2_ws/install/joint_state_controller/share/joint_state_controller/local_setup.sh
[3.237s] -- Up-to-date symlink: /home/khaledob/bookros2_ws/install/joint_state_controller/share/joint_state_controller/local_setup.zsh
[3.237s] -- Up-to-date symlink: /home/khaledob/bookros2_ws/install/joint_state_controller/share/joint_state_controller/local_setup.dsv
[3.237s] -- Symlinking: /home/khaledob/bookros2_ws/install/joint_state_controller/share/joint_state_controller/package.dsv
[3.239s] -- Up-to-date symlink: /home/khaledob/bookros2_ws/install/joint_state_controller/share/ament_index/resource_index/packages/joint_state_controller
[3.241s] -- Up-to-date symlink: /home/khaledob/bookros2_ws/install/joint_state_controller/share/ament_index/resource_index/controller_interface__pluginlib__plugin/joint_state_controller
[3.242s] -- Up-to-date symlink: /home/khaledob/bookros2_ws/install/joint_state_controller/share/joint_state_controller/cmake/ament_cmake_export_dependencies-extras.cmake
[3.243s] -- Up-to-date symlink: /home/khaledob/bookros2_ws/install/joint_state_controller/share/joint_state_controller/cmake/ament_cmake_export_libraries-extras.cmake
[3.243s] -- Up-to-date symlink: /home/khaledob/bookros2_ws/install/joint_state_controller/share/joint_state_controller/cmake/joint_state_controllerConfig.cmake
[3.243s] -- Up-to-date symlink: /home/khaledob/bookros2_ws/install/joint_state_controller/share/joint_state_controller/cmake/joint_state_controllerConfig-version.cmake
[3.244s] -- Up-to-date symlink: /home/khaledob/bookros2_ws/install/joint_state_controller/share/joint_state_controller/package.xml
[3.345s] Invoked command in '/home/khaledob/bookros2_ws/build/joint_state_controller' returned '0': AMENT_PREFIX_PATH=/home/khaledob/bookros2_ws/install/joint_state_broadcaster:/home/khaledob/bookros2_ws/install/controller_manager:/home/khaledob/bookros2_ws/install/controller_interface:/home/khaledob/bookros2_ws/install/hardware_interface:/home/khaledob/bookros2_ws/install/ros2_control_test_assets:/home/khaledob/bookros2_ws/install/controller_manager_msgs:${AMENT_PREFIX_PATH} CMAKE_PREFIX_PATH=/home/khaledob/bookros2_ws/install/joint_state_broadcaster:/home/khaledob/bookros2_ws/install/controller_manager:/home/khaledob/bookros2_ws/install/controller_interface:/home/khaledob/bookros2_ws/install/hardware_interface:/home/khaledob/bookros2_ws/install/ros2_control_test_assets:/home/khaledob/bookros2_ws/install/controller_manager_msgs:/opt/ros/foxy LD_LIBRARY_PATH=/home/khaledob/bookros2_ws/install/joint_state_broadcaster/lib:/home/khaledob/bookros2_ws/install/controller_manager/lib:/home/khaledob/bookros2_ws/install/controller_interface/lib:/home/khaledob/bookros2_ws/install/hardware_interface/lib:/home/khaledob/bookros2_ws/install/controller_manager_msgs/lib:${LD_LIBRARY_PATH} PYTHONPATH=/home/khaledob/bookros2_ws/install/controller_manager/lib/python3.8/site-packages:/home/khaledob/bookros2_ws/install/controller_manager_msgs/lib/python3.8/site-packages:${PYTHONPATH} /usr/bin/cmake --install /home/khaledob/bookros2_ws/build/joint_state_controller
