[0.342s] Invoking command in '/home/khaledob/bookros2_ws/build/task2b': CMAKE_PREFIX_PATH=${CMAKE_PREFIX_PATH}:/home/khaledob/bookros2_ws/install/ros2controlcli:/home/khaledob/bookros2_ws/install/launch_pal:/home/khaledob/bookros2_ws/install/br2_fsm_bumpgo_py:/opt/ros/foxy /usr/bin/cmake --build /home/khaledob/bookros2_ws/build/task2b -- -j7 -l7
[1.919s] [100%] Built target node
[2.428s] Invoked command in '/home/khaledob/bookros2_ws/build/task2b' returned '0': CMAKE_PREFIX_PATH=${CMAKE_PREFIX_PATH}:/home/khaledob/bookros2_ws/install/ros2controlcli:/home/khaledob/bookros2_ws/install/launch_pal:/home/khaledob/bookros2_ws/install/br2_fsm_bumpgo_py:/opt/ros/foxy /usr/bin/cmake --build /home/khaledob/bookros2_ws/build/task2b -- -j7 -l7
[2.449s] Invoking command in '/home/khaledob/bookros2_ws/build/task2b': CMAKE_PREFIX_PATH=${CMAKE_PREFIX_PATH}:/home/khaledob/bookros2_ws/install/ros2controlcli:/home/khaledob/bookros2_ws/install/launch_pal:/home/khaledob/bookros2_ws/install/br2_fsm_bumpgo_py:/opt/ros/foxy /usr/bin/cmake --install /home/khaledob/bookros2_ws/build/task2b
[2.618s] -- Install configuration: ""
[2.619s] -- Execute custom install script
[2.619s] -- Up-to-date symlink: /home/khaledob/bookros2_ws/install/task2b/lib/task2b/node
[2.620s] -- Up-to-date symlink: /home/khaledob/bookros2_ws/install/task2b/share/task2b/launch/my_launch2b_file.py
[2.620s] -- Up-to-date symlink: /home/khaledob/bookros2_ws/install/task2b/share/ament_index/resource_index/package_run_dependencies/task2b
[2.620s] -- Up-to-date symlink: /home/khaledob/bookros2_ws/install/task2b/share/ament_index/resource_index/parent_prefix_path/task2b
[2.620s] -- Up-to-date symlink: /home/khaledob/bookros2_ws/install/task2b/share/task2b/environment/ament_prefix_path.sh
[2.620s] -- Up-to-date symlink: /home/khaledob/bookros2_ws/install/task2b/share/task2b/environment/ament_prefix_path.dsv
[2.620s] -- Up-to-date symlink: /home/khaledob/bookros2_ws/install/task2b/share/task2b/environment/path.sh
[2.620s] -- Up-to-date symlink: /home/khaledob/bookros2_ws/install/task2b/share/task2b/environment/path.dsv
[2.621s] -- Up-to-date symlink: /home/khaledob/bookros2_ws/install/task2b/share/task2b/local_setup.bash
[2.621s] -- Up-to-date symlink: /home/khaledob/bookros2_ws/install/task2b/share/task2b/local_setup.sh
[2.621s] -- Up-to-date symlink: /home/khaledob/bookros2_ws/install/task2b/share/task2b/local_setup.zsh
[2.621s] -- Up-to-date symlink: /home/khaledob/bookros2_ws/install/task2b/share/task2b/local_setup.dsv
[2.621s] -- Symlinking: /home/khaledob/bookros2_ws/install/task2b/share/task2b/package.dsv
[2.653s] -- Up-to-date symlink: /home/khaledob/bookros2_ws/install/task2b/share/ament_index/resource_index/packages/task2b
[2.653s] -- Up-to-date symlink: /home/khaledob/bookros2_ws/install/task2b/share/task2b/cmake/task2bConfig.cmake
[2.653s] -- Up-to-date symlink: /home/khaledob/bookros2_ws/install/task2b/share/task2b/cmake/task2bConfig-version.cmake
[2.657s] -- Up-to-date symlink: /home/khaledob/bookros2_ws/install/task2b/share/task2b/package.xml
[3.608s] Invoked command in '/home/khaledob/bookros2_ws/build/task2b' returned '0': CMAKE_PREFIX_PATH=${CMAKE_PREFIX_PATH}:/home/khaledob/bookros2_ws/install/ros2controlcli:/home/khaledob/bookros2_ws/install/launch_pal:/home/khaledob/bookros2_ws/install/br2_fsm_bumpgo_py:/opt/ros/foxy /usr/bin/cmake --install /home/khaledob/bookros2_ws/build/task2b
