[0.849s] Invoking command in '/home/khaledob/bookros2_ws/build/transmission_interface': AMENT_PREFIX_PATH=/home/khaledob/bookros2_ws/install/hardware_interface:/home/khaledob/bookros2_ws/install/ros2_control_test_assets:${AMENT_PREFIX_PATH} CMAKE_PREFIX_PATH=/home/khaledob/bookros2_ws/install/hardware_interface:/home/khaledob/bookros2_ws/install/ros2_control_test_assets:/opt/ros/foxy LD_LIBRARY_PATH=/home/khaledob/bookros2_ws/install/hardware_interface/lib:${LD_LIBRARY_PATH} /usr/bin/cmake --build /home/khaledob/bookros2_ws/build/transmission_interface -- -j7 -l7
[2.304s] [ 13%] Built target transmission_parser
[2.850s] [ 26%] Built target gmock_main
[3.117s] [ 46%] Built target gmock
[3.530s] [ 60%] Built target test_differential_transmission
[3.945s] [ 73%] Built target test_transmission_parser
[4.526s] [ 86%] Built target test_four_bar_linkage_transmission
[4.706s] [100%] Built target test_simple_transmission
[5.816s] Invoked command in '/home/khaledob/bookros2_ws/build/transmission_interface' returned '0': AMENT_PREFIX_PATH=/home/khaledob/bookros2_ws/install/hardware_interface:/home/khaledob/bookros2_ws/install/ros2_control_test_assets:${AMENT_PREFIX_PATH} CMAKE_PREFIX_PATH=/home/khaledob/bookros2_ws/install/hardware_interface:/home/khaledob/bookros2_ws/install/ros2_control_test_assets:/opt/ros/foxy LD_LIBRARY_PATH=/home/khaledob/bookros2_ws/install/hardware_interface/lib:${LD_LIBRARY_PATH} /usr/bin/cmake --build /home/khaledob/bookros2_ws/build/transmission_interface -- -j7 -l7
[5.826s] Invoking command in '/home/khaledob/bookros2_ws/build/transmission_interface': AMENT_PREFIX_PATH=/home/khaledob/bookros2_ws/install/hardware_interface:/home/khaledob/bookros2_ws/install/ros2_control_test_assets:${AMENT_PREFIX_PATH} CMAKE_PREFIX_PATH=/home/khaledob/bookros2_ws/install/hardware_interface:/home/khaledob/bookros2_ws/install/ros2_control_test_assets:/opt/ros/foxy LD_LIBRARY_PATH=/home/khaledob/bookros2_ws/install/hardware_interface/lib:${LD_LIBRARY_PATH} /usr/bin/cmake --install /home/khaledob/bookros2_ws/build/transmission_interface
[5.908s] -- Install configuration: ""
[5.915s] -- Execute custom install script
[5.916s] -- Up-to-date symlink: /home/khaledob/bookros2_ws/install/transmission_interface/include/transmission_interface/accessor.hpp
[5.916s] -- Up-to-date symlink: /home/khaledob/bookros2_ws/install/transmission_interface/include/transmission_interface/differential_transmission.hpp
[5.916s] -- Up-to-date symlink: /home/khaledob/bookros2_ws/install/transmission_interface/include/transmission_interface/exception.hpp
[5.917s] -- Up-to-date symlink: /home/khaledob/bookros2_ws/install/transmission_interface/include/transmission_interface/four_bar_linkage_transmission.hpp
[5.918s] -- Up-to-date symlink: /home/khaledob/bookros2_ws/install/transmission_interface/include/transmission_interface/handle.hpp
[5.918s] -- Up-to-date symlink: /home/khaledob/bookros2_ws/install/transmission_interface/include/transmission_interface/simple_transmission.hpp
[5.919s] -- Up-to-date symlink: /home/khaledob/bookros2_ws/install/transmission_interface/include/transmission_interface/transmission.hpp
[5.921s] -- Up-to-date symlink: /home/khaledob/bookros2_ws/install/transmission_interface/include/transmission_interface/transmission_info.hpp
[5.921s] -- Up-to-date symlink: /home/khaledob/bookros2_ws/install/transmission_interface/include/transmission_interface/transmission_parser.hpp
[5.921s] -- Up-to-date symlink: /home/khaledob/bookros2_ws/install/transmission_interface/include/transmission_interface/visibility_control.h
[5.922s] -- Up-to-date symlink: /home/khaledob/bookros2_ws/install/transmission_interface/share/ament_index/resource_index/package_run_dependencies/transmission_interface
[5.922s] -- Up-to-date symlink: /home/khaledob/bookros2_ws/install/transmission_interface/share/ament_index/resource_index/parent_prefix_path/transmission_interface
[5.922s] -- Up-to-date symlink: /home/khaledob/bookros2_ws/install/transmission_interface/share/transmission_interface/environment/ament_prefix_path.sh
[5.923s] -- Up-to-date symlink: /home/khaledob/bookros2_ws/install/transmission_interface/share/transmission_interface/environment/ament_prefix_path.dsv
[5.923s] -- Up-to-date symlink: /home/khaledob/bookros2_ws/install/transmission_interface/share/transmission_interface/environment/path.sh
[5.923s] -- Up-to-date symlink: /home/khaledob/bookros2_ws/install/transmission_interface/share/transmission_interface/environment/path.dsv
[5.924s] -- Up-to-date symlink: /home/khaledob/bookros2_ws/install/transmission_interface/share/transmission_interface/local_setup.bash
[5.924s] -- Up-to-date symlink: /home/khaledob/bookros2_ws/install/transmission_interface/share/transmission_interface/local_setup.sh
[5.924s] -- Up-to-date symlink: /home/khaledob/bookros2_ws/install/transmission_interface/share/transmission_interface/local_setup.zsh
[5.924s] -- Up-to-date symlink: /home/khaledob/bookros2_ws/install/transmission_interface/share/transmission_interface/local_setup.dsv
[5.924s] -- Symlinking: /home/khaledob/bookros2_ws/install/transmission_interface/share/transmission_interface/package.dsv
[5.980s] -- Up-to-date symlink: /home/khaledob/bookros2_ws/install/transmission_interface/share/ament_index/resource_index/packages/transmission_interface
[5.980s] -- Up-to-date symlink: /home/khaledob/bookros2_ws/install/transmission_interface/share/transmission_interface/cmake/ament_cmake_export_include_directories-extras.cmake
[5.980s] -- Up-to-date symlink: /home/khaledob/bookros2_ws/install/transmission_interface/share/transmission_interface/cmake/ament_cmake_export_dependencies-extras.cmake
[5.980s] -- Up-to-date symlink: /home/khaledob/bookros2_ws/install/transmission_interface/share/transmission_interface/cmake/transmission_interfaceConfig.cmake
[5.980s] -- Up-to-date symlink: /home/khaledob/bookros2_ws/install/transmission_interface/share/transmission_interface/cmake/transmission_interfaceConfig-version.cmake
[5.980s] -- Up-to-date symlink: /home/khaledob/bookros2_ws/install/transmission_interface/share/transmission_interface/package.xml
[5.989s] Invoked command in '/home/khaledob/bookros2_ws/build/transmission_interface' returned '0': AMENT_PREFIX_PATH=/home/khaledob/bookros2_ws/install/hardware_interface:/home/khaledob/bookros2_ws/install/ros2_control_test_assets:${AMENT_PREFIX_PATH} CMAKE_PREFIX_PATH=/home/khaledob/bookros2_ws/install/hardware_interface:/home/khaledob/bookros2_ws/install/ros2_control_test_assets:/opt/ros/foxy LD_LIBRARY_PATH=/home/khaledob/bookros2_ws/install/hardware_interface/lib:${LD_LIBRARY_PATH} /usr/bin/cmake --install /home/khaledob/bookros2_ws/build/transmission_interface
