[0.480s] Invoking command in '/home/khaledob/bookros2_ws/build/forward_command_controller': AMENT_PREFIX_PATH=/home/khaledob/bookros2_ws/install/controller_manager:/home/khaledob/bookros2_ws/install/controller_interface:/home/khaledob/bookros2_ws/install/hardware_interface:/home/khaledob/bookros2_ws/install/ros2_control_test_assets:/home/khaledob/bookros2_ws/install/controller_manager_msgs:${AMENT_PREFIX_PATH} CMAKE_PREFIX_PATH=/home/khaledob/bookros2_ws/install/controller_manager:/home/khaledob/bookros2_ws/install/controller_interface:/home/khaledob/bookros2_ws/install/hardware_interface:/home/khaledob/bookros2_ws/install/ros2_control_test_assets:/home/khaledob/bookros2_ws/install/controller_manager_msgs:/opt/ros/foxy LD_LIBRARY_PATH=/home/khaledob/bookros2_ws/install/controller_manager/lib:/home/khaledob/bookros2_ws/install/controller_interface/lib:/home/khaledob/bookros2_ws/install/hardware_interface/lib:/home/khaledob/bookros2_ws/install/controller_manager_msgs/lib:${LD_LIBRARY_PATH} PYTHONPATH=/home/khaledob/bookros2_ws/install/controller_manager/lib/python3.8/site-packages:/home/khaledob/bookros2_ws/install/controller_manager_msgs/lib/python3.8/site-packages:${PYTHONPATH} /usr/bin/cmake --build /home/khaledob/bookros2_ws/build/forward_command_controller -- -j7 -l7
[0.916s] [ 27%] Built target gmock
[1.079s] [ 45%] Built target forward_command_controller
[1.322s] [ 63%] Built target gmock_main
[1.498s] [ 81%] Built target test_load_forward_command_controller
[1.768s] [100%] Built target test_forward_command_controller
[1.924s] Invoked command in '/home/khaledob/bookros2_ws/build/forward_command_controller' returned '0': AMENT_PREFIX_PATH=/home/khaledob/bookros2_ws/install/controller_manager:/home/khaledob/bookros2_ws/install/controller_interface:/home/khaledob/bookros2_ws/install/hardware_interface:/home/khaledob/bookros2_ws/install/ros2_control_test_assets:/home/khaledob/bookros2_ws/install/controller_manager_msgs:${AMENT_PREFIX_PATH} CMAKE_PREFIX_PATH=/home/khaledob/bookros2_ws/install/controller_manager:/home/khaledob/bookros2_ws/install/controller_interface:/home/khaledob/bookros2_ws/install/hardware_interface:/home/khaledob/bookros2_ws/install/ros2_control_test_assets:/home/khaledob/bookros2_ws/install/controller_manager_msgs:/opt/ros/foxy LD_LIBRARY_PATH=/home/khaledob/bookros2_ws/install/controller_manager/lib:/home/khaledob/bookros2_ws/install/controller_interface/lib:/home/khaledob/bookros2_ws/install/hardware_interface/lib:/home/khaledob/bookros2_ws/install/controller_manager_msgs/lib:${LD_LIBRARY_PATH} PYTHONPATH=/home/khaledob/bookros2_ws/install/controller_manager/lib/python3.8/site-packages:/home/khaledob/bookros2_ws/install/controller_manager_msgs/lib/python3.8/site-packages:${PYTHONPATH} /usr/bin/cmake --build /home/khaledob/bookros2_ws/build/forward_command_controller -- -j7 -l7
[1.931s] Invoking command in '/home/khaledob/bookros2_ws/build/forward_command_controller': AMENT_PREFIX_PATH=/home/khaledob/bookros2_ws/install/controller_manager:/home/khaledob/bookros2_ws/install/controller_interface:/home/khaledob/bookros2_ws/install/hardware_interface:/home/khaledob/bookros2_ws/install/ros2_control_test_assets:/home/khaledob/bookros2_ws/install/controller_manager_msgs:${AMENT_PREFIX_PATH} CMAKE_PREFIX_PATH=/home/khaledob/bookros2_ws/install/controller_manager:/home/khaledob/bookros2_ws/install/controller_interface:/home/khaledob/bookros2_ws/install/hardware_interface:/home/khaledob/bookros2_ws/install/ros2_control_test_assets:/home/khaledob/bookros2_ws/install/controller_manager_msgs:/opt/ros/foxy LD_LIBRARY_PATH=/home/khaledob/bookros2_ws/install/controller_manager/lib:/home/khaledob/bookros2_ws/install/controller_interface/lib:/home/khaledob/bookros2_ws/install/hardware_interface/lib:/home/khaledob/bookros2_ws/install/controller_manager_msgs/lib:${LD_LIBRARY_PATH} PYTHONPATH=/home/khaledob/bookros2_ws/install/controller_manager/lib/python3.8/site-packages:/home/khaledob/bookros2_ws/install/controller_manager_msgs/lib/python3.8/site-packages:${PYTHONPATH} /usr/bin/cmake --install /home/khaledob/bookros2_ws/build/forward_command_controller
[2.114s] -- Install configuration: ""
[2.114s] -- Execute custom install script
[2.114s] -- Up-to-date symlink: /home/khaledob/bookros2_ws/install/forward_command_controller/share/forward_command_controller//forward_command_plugin.xml
[2.114s] -- Up-to-date symlink: /home/khaledob/bookros2_ws/install/forward_command_controller/include/forward_command_controller/forward_command_controller.hpp
[2.114s] -- Up-to-date symlink: /home/khaledob/bookros2_ws/install/forward_command_controller/include/forward_command_controller/visibility_control.h
[2.115s] -- Up-to-date symlink: /home/khaledob/bookros2_ws/install/forward_command_controller/lib/libforward_command_controller.so
[2.115s] -- Up-to-date symlink: /home/khaledob/bookros2_ws/install/forward_command_controller/share/forward_command_controller/environment/library_path.sh
[2.115s] -- Up-to-date symlink: /home/khaledob/bookros2_ws/install/forward_command_controller/share/forward_command_controller/environment/library_path.dsv
[2.115s] -- Up-to-date symlink: /home/khaledob/bookros2_ws/install/forward_command_controller/share/ament_index/resource_index/package_run_dependencies/forward_command_controller
[2.115s] -- Up-to-date symlink: /home/khaledob/bookros2_ws/install/forward_command_controller/share/ament_index/resource_index/parent_prefix_path/forward_command_controller
[2.115s] -- Up-to-date symlink: /home/khaledob/bookros2_ws/install/forward_command_controller/share/forward_command_controller/environment/ament_prefix_path.sh
[2.115s] -- Up-to-date symlink: /home/khaledob/bookros2_ws/install/forward_command_controller/share/forward_command_controller/environment/ament_prefix_path.dsv
[2.115s] -- Up-to-date symlink: /home/khaledob/bookros2_ws/install/forward_command_controller/share/forward_command_controller/environment/path.sh
[2.116s] -- Up-to-date symlink: /home/khaledob/bookros2_ws/install/forward_command_controller/share/forward_command_controller/environment/path.dsv
[2.116s] -- Up-to-date symlink: /home/khaledob/bookros2_ws/install/forward_command_controller/share/forward_command_controller/local_setup.bash
[2.116s] -- Up-to-date symlink: /home/khaledob/bookros2_ws/install/forward_command_controller/share/forward_command_controller/local_setup.sh
[2.116s] -- Up-to-date symlink: /home/khaledob/bookros2_ws/install/forward_command_controller/share/forward_command_controller/local_setup.zsh
[2.116s] -- Up-to-date symlink: /home/khaledob/bookros2_ws/install/forward_command_controller/share/forward_command_controller/local_setup.dsv
[2.116s] -- Symlinking: /home/khaledob/bookros2_ws/install/forward_command_controller/share/forward_command_controller/package.dsv
[2.184s] -- Up-to-date symlink: /home/khaledob/bookros2_ws/install/forward_command_controller/share/ament_index/resource_index/packages/forward_command_controller
[2.190s] -- Up-to-date symlink: /home/khaledob/bookros2_ws/install/forward_command_controller/share/ament_index/resource_index/controller_interface__pluginlib__plugin/forward_command_controller
[2.190s] -- Up-to-date symlink: /home/khaledob/bookros2_ws/install/forward_command_controller/share/forward_command_controller/cmake/ament_cmake_export_dependencies-extras.cmake
[2.190s] -- Up-to-date symlink: /home/khaledob/bookros2_ws/install/forward_command_controller/share/forward_command_controller/cmake/ament_cmake_export_include_directories-extras.cmake
[2.190s] -- Up-to-date symlink: /home/khaledob/bookros2_ws/install/forward_command_controller/share/forward_command_controller/cmake/ament_cmake_export_libraries-extras.cmake
[2.190s] -- Up-to-date symlink: /home/khaledob/bookros2_ws/install/forward_command_controller/share/forward_command_controller/cmake/forward_command_controllerConfig.cmake
[2.190s] -- Up-to-date symlink: /home/khaledob/bookros2_ws/install/forward_command_controller/share/forward_command_controller/cmake/forward_command_controllerConfig-version.cmake
[2.190s] -- Up-to-date symlink: /home/khaledob/bookros2_ws/install/forward_command_controller/share/forward_command_controller/package.xml
[2.467s] Invoked command in '/home/khaledob/bookros2_ws/build/forward_command_controller' returned '0': AMENT_PREFIX_PATH=/home/khaledob/bookros2_ws/install/controller_manager:/home/khaledob/bookros2_ws/install/controller_interface:/home/khaledob/bookros2_ws/install/hardware_interface:/home/khaledob/bookros2_ws/install/ros2_control_test_assets:/home/khaledob/bookros2_ws/install/controller_manager_msgs:${AMENT_PREFIX_PATH} CMAKE_PREFIX_PATH=/home/khaledob/bookros2_ws/install/controller_manager:/home/khaledob/bookros2_ws/install/controller_interface:/home/khaledob/bookros2_ws/install/hardware_interface:/home/khaledob/bookros2_ws/install/ros2_control_test_assets:/home/khaledob/bookros2_ws/install/controller_manager_msgs:/opt/ros/foxy LD_LIBRARY_PATH=/home/khaledob/bookros2_ws/install/controller_manager/lib:/home/khaledob/bookros2_ws/install/controller_interface/lib:/home/khaledob/bookros2_ws/install/hardware_interface/lib:/home/khaledob/bookros2_ws/install/controller_manager_msgs/lib:${LD_LIBRARY_PATH} PYTHONPATH=/home/khaledob/bookros2_ws/install/controller_manager/lib/python3.8/site-packages:/home/khaledob/bookros2_ws/install/controller_manager_msgs/lib/python3.8/site-packages:${PYTHONPATH} /usr/bin/cmake --install /home/khaledob/bookros2_ws/build/forward_command_controller
