[0.164s] Invoking command in '/home/khaledob/bookros2_ws/build/pmb2_navigation': AMENT_PREFIX_PATH=/home/khaledob/bookros2_ws/install/pmb2_2dnav:/home/khaledob/bookros2_ws/install/pmb2_maps:${AMENT_PREFIX_PATH} CMAKE_PREFIX_PATH=/home/khaledob/bookros2_ws/install/pmb2_2dnav:/home/khaledob/bookros2_ws/install/pmb2_maps:/opt/ros/foxy /usr/bin/cmake --build /home/khaledob/bookros2_ws/build/pmb2_navigation -- -j7 -l7
[0.788s] Invoked command in '/home/khaledob/bookros2_ws/build/pmb2_navigation' returned '0': AMENT_PREFIX_PATH=/home/khaledob/bookros2_ws/install/pmb2_2dnav:/home/khaledob/bookros2_ws/install/pmb2_maps:${AMENT_PREFIX_PATH} CMAKE_PREFIX_PATH=/home/khaledob/bookros2_ws/install/pmb2_2dnav:/home/khaledob/bookros2_ws/install/pmb2_maps:/opt/ros/foxy /usr/bin/cmake --build /home/khaledob/bookros2_ws/build/pmb2_navigation -- -j7 -l7
[0.794s] Invoking command in '/home/khaledob/bookros2_ws/build/pmb2_navigation': AMENT_PREFIX_PATH=/home/khaledob/bookros2_ws/install/pmb2_2dnav:/home/khaledob/bookros2_ws/install/pmb2_maps:${AMENT_PREFIX_PATH} CMAKE_PREFIX_PATH=/home/khaledob/bookros2_ws/install/pmb2_2dnav:/home/khaledob/bookros2_ws/install/pmb2_maps:/opt/ros/foxy /usr/bin/cmake --install /home/khaledob/bookros2_ws/build/pmb2_navigation
[0.878s] -- Install configuration: ""
[0.878s] -- Execute custom install script
[0.880s] -- Up-to-date symlink: /home/khaledob/bookros2_ws/install/pmb2_navigation/share/ament_index/resource_index/package_run_dependencies/pmb2_navigation
[0.887s] -- Up-to-date symlink: /home/khaledob/bookros2_ws/install/pmb2_navigation/share/ament_index/resource_index/parent_prefix_path/pmb2_navigation
[0.887s] -- Up-to-date symlink: /home/khaledob/bookros2_ws/install/pmb2_navigation/share/pmb2_navigation/environment/ament_prefix_path.sh
[0.903s] -- Up-to-date symlink: /home/khaledob/bookros2_ws/install/pmb2_navigation/share/pmb2_navigation/environment/ament_prefix_path.dsv
[0.903s] -- Up-to-date symlink: /home/khaledob/bookros2_ws/install/pmb2_navigation/share/pmb2_navigation/environment/path.sh
[0.903s] -- Up-to-date symlink: /home/khaledob/bookros2_ws/install/pmb2_navigation/share/pmb2_navigation/environment/path.dsv
[0.903s] -- Up-to-date symlink: /home/khaledob/bookros2_ws/install/pmb2_navigation/share/pmb2_navigation/local_setup.bash
[0.903s] -- Up-to-date symlink: /home/khaledob/bookros2_ws/install/pmb2_navigation/share/pmb2_navigation/local_setup.sh
[0.910s] -- Up-to-date symlink: /home/khaledob/bookros2_ws/install/pmb2_navigation/share/pmb2_navigation/local_setup.zsh
[0.911s] -- Up-to-date symlink: /home/khaledob/bookros2_ws/install/pmb2_navigation/share/pmb2_navigation/local_setup.dsv
[0.912s] -- Symlinking: /home/khaledob/bookros2_ws/install/pmb2_navigation/share/pmb2_navigation/package.dsv
[0.985s] -- Up-to-date symlink: /home/khaledob/bookros2_ws/install/pmb2_navigation/share/ament_index/resource_index/packages/pmb2_navigation
[0.990s] -- Up-to-date symlink: /home/khaledob/bookros2_ws/install/pmb2_navigation/share/pmb2_navigation/cmake/pmb2_navigationConfig.cmake
[0.991s] -- Up-to-date symlink: /home/khaledob/bookros2_ws/install/pmb2_navigation/share/pmb2_navigation/cmake/pmb2_navigationConfig-version.cmake
[0.991s] -- Up-to-date symlink: /home/khaledob/bookros2_ws/install/pmb2_navigation/share/pmb2_navigation/package.xml
[1.020s] Invoked command in '/home/khaledob/bookros2_ws/build/pmb2_navigation' returned '0': AMENT_PREFIX_PATH=/home/khaledob/bookros2_ws/install/pmb2_2dnav:/home/khaledob/bookros2_ws/install/pmb2_maps:${AMENT_PREFIX_PATH} CMAKE_PREFIX_PATH=/home/khaledob/bookros2_ws/install/pmb2_2dnav:/home/khaledob/bookros2_ws/install/pmb2_maps:/opt/ros/foxy /usr/bin/cmake --install /home/khaledob/bookros2_ws/build/pmb2_navigation
