[0.072s] Invoking command in '/home/khaledob/bookros2_ws/src/build/t1': CMAKE_PREFIX_PATH=/opt/ros/foxy /usr/bin/cmake /home/khaledob/bookros2_ws/src/t1 -DAMENT_CMAKE_SYMLINK_INSTALL=1 -DCMAKE_INSTALL_PREFIX=/home/khaledob/bookros2_ws/src/install/t1
[0.164s] -- Found ament_cmake: 0.9.12 (/opt/ros/foxy/share/ament_cmake/cmake)
[0.269s] -- Using PYTHON_EXECUTABLE: /usr/bin/python3
[0.752s] -- Override CMake install command with custom implementation using symlinks instead of copying resources
[0.914s] -- Found rclcpp: 2.4.3 (/opt/ros/foxy/share/rclcpp/cmake)
[1.418s] -- Using all available rosidl_typesupport_c: rosidl_typesupport_fastrtps_c;rosidl_typesupport_introspection_c
[1.437s] -- Found rosidl_adapter: 1.3.1 (/opt/ros/foxy/share/rosidl_adapter/cmake)
[2.306s] -- Using all available rosidl_typesupport_cpp: rosidl_typesupport_fastrtps_cpp;rosidl_typesupport_introspection_cpp
[5.207s] -- Found rmw_implementation_cmake: 1.0.4 (/opt/ros/foxy/share/rmw_implementation_cmake/cmake)
[5.219s] -- Using RMW implementation 'rmw_fastrtps_cpp' as default
[5.887s] -- Found sensor_msgs: 2.0.5 (/opt/ros/foxy/share/sensor_msgs/cmake)
[6.503s] -- Found ament_lint_auto: 0.9.8 (/opt/ros/foxy/share/ament_lint_auto/cmake)
[7.224s] -- Added test 'copyright' to check source files copyright and LICENSE
[7.260s] -- Added test 'cppcheck' to perform static code analysis on C / C++ code
[7.263s] -- Configured cppcheck include dirs: /home/khaledob/bookros2_ws/src/t1/include
[7.264s] -- Configured cppcheck exclude dirs and/or files: 
[7.264s] -- Added test 'cpplint' to check C / C++ code against the Google style
[7.265s] -- Configured cpplint exclude dirs and/or files: 
[7.271s] -- Added test 'flake8' to check Python code syntax and style conventions
[7.290s] -- Added test 'lint_cmake' to check CMake code style
[7.293s] -- Added test 'pep257' to check Python code against some of the style conventions in PEP 257
[7.297s] -- Added test 'uncrustify' to check C / C++ code style
[7.297s] -- Configured uncrustify additional arguments: 
[7.299s] -- Added test 'xmllint' to check XML markup files
[7.312s] -- Configuring done
[7.317s] CMake Error at CMakeLists.txt:19 (add_executable):
[7.317s]   Cannot find source file:
[7.317s] 
[7.317s]     src/t1/BumpGoNode.cpp
[7.317s] 
[7.318s]   Tried extensions .c .C .c++ .cc .cpp .cxx .cu .m .M .mm .h .hh .h++ .hm
[7.318s]   .hpp .hxx .in .txx
[7.318s] 
[7.318s] 
[7.324s] CMake Error at CMakeLists.txt:19 (add_executable):
[7.325s]   No SOURCES given to target: bumpgo
[7.325s] 
[7.325s] 
[7.325s] CMake Generate step failed.  Build files cannot be regenerated correctly.
[7.351s] Invoked command in '/home/khaledob/bookros2_ws/src/build/t1' returned '1': CMAKE_PREFIX_PATH=/opt/ros/foxy /usr/bin/cmake /home/khaledob/bookros2_ws/src/t1 -DAMENT_CMAKE_SYMLINK_INSTALL=1 -DCMAKE_INSTALL_PREFIX=/home/khaledob/bookros2_ws/src/install/t1
