[0.292s] Invoking command in '/home/khaledob/bookros2_ws/build/br2_tracking_msgs': CMAKE_PREFIX_PATH=${CMAKE_PREFIX_PATH}:/home/khaledob/bookros2_ws/install/ros2controlcli:/home/khaledob/bookros2_ws/install/launch_pal:/home/khaledob/bookros2_ws/install/br2_fsm_bumpgo_py:/opt/ros/foxy /usr/bin/cmake --build /home/khaledob/bookros2_ws/build/br2_tracking_msgs -- -j7 -l7
[0.591s] [  9%] Built target br2_tracking_msgs__rosidl_generator_c
[0.592s] [ 12%] Built target br2_tracking_msgs__cpp
[0.828s] [ 22%] Built target br2_tracking_msgs__rosidl_typesupport_fastrtps_cpp
[0.852s] [ 32%] Built target br2_tracking_msgs__rosidl_typesupport_c
[0.852s] [ 41%] Built target br2_tracking_msgs__rosidl_typesupport_cpp
[0.883s] [ 51%] Built target br2_tracking_msgs__rosidl_typesupport_introspection_cpp
[0.902s] [ 61%] Built target br2_tracking_msgs__rosidl_typesupport_fastrtps_c
[0.903s] [ 70%] Built target br2_tracking_msgs__rosidl_typesupport_introspection_c
[0.922s] [ 70%] Built target br2_tracking_msgs
[1.034s] [ 74%] Built target br2_tracking_msgs__py
[1.102s] [ 80%] Built target br2_tracking_msgs__python
[1.197s] [ 87%] Built target br2_tracking_msgs__rosidl_typesupport_c__pyext
[1.208s] [ 93%] Built target br2_tracking_msgs__rosidl_typesupport_introspection_c__pyext
[1.209s] [100%] Built target br2_tracking_msgs__rosidl_typesupport_fastrtps_c__pyext
[1.443s] Invoked command in '/home/khaledob/bookros2_ws/build/br2_tracking_msgs' returned '0': CMAKE_PREFIX_PATH=${CMAKE_PREFIX_PATH}:/home/khaledob/bookros2_ws/install/ros2controlcli:/home/khaledob/bookros2_ws/install/launch_pal:/home/khaledob/bookros2_ws/install/br2_fsm_bumpgo_py:/opt/ros/foxy /usr/bin/cmake --build /home/khaledob/bookros2_ws/build/br2_tracking_msgs -- -j7 -l7
[1.445s] Invoking command in '/home/khaledob/bookros2_ws/build/br2_tracking_msgs': CMAKE_PREFIX_PATH=${CMAKE_PREFIX_PATH}:/home/khaledob/bookros2_ws/install/ros2controlcli:/home/khaledob/bookros2_ws/install/launch_pal:/home/khaledob/bookros2_ws/install/br2_fsm_bumpgo_py:/opt/ros/foxy /usr/bin/cmake --install /home/khaledob/bookros2_ws/build/br2_tracking_msgs
[1.559s] -- Install configuration: ""
[1.565s] -- Execute custom install script
[1.566s] -- Up-to-date symlink: /home/khaledob/bookros2_ws/install/br2_tracking_msgs/share/ament_index/resource_index/rosidl_interfaces/br2_tracking_msgs
[1.566s] -- Up-to-date symlink: /home/khaledob/bookros2_ws/install/br2_tracking_msgs/include/br2_tracking_msgs/msg/detail/pan_tilt_command__functions.h
[1.567s] -- Up-to-date symlink: /home/khaledob/bookros2_ws/install/br2_tracking_msgs/include/br2_tracking_msgs/msg/detail/pan_tilt_command__struct.h
[1.567s] -- Up-to-date symlink: /home/khaledob/bookros2_ws/install/br2_tracking_msgs/include/br2_tracking_msgs/msg/detail/pan_tilt_command__type_support.h
[1.569s] -- Up-to-date symlink: /home/khaledob/bookros2_ws/install/br2_tracking_msgs/include/br2_tracking_msgs/msg/pan_tilt_command.h
[1.570s] -- Up-to-date symlink: /home/khaledob/bookros2_ws/install/br2_tracking_msgs/include/br2_tracking_msgs/msg/rosidl_generator_c__visibility_control.h
[1.571s] -- Up-to-date symlink: /home/khaledob/bookros2_ws/install/br2_tracking_msgs/share/br2_tracking_msgs/environment/library_path.sh
[1.572s] -- Up-to-date symlink: /home/khaledob/bookros2_ws/install/br2_tracking_msgs/share/br2_tracking_msgs/environment/library_path.dsv
[1.572s] -- Up-to-date symlink: /home/khaledob/bookros2_ws/install/br2_tracking_msgs/include/br2_tracking_msgs/msg/detail/pan_tilt_command__rosidl_typesupport_fastrtps_c.h
[1.572s] -- Up-to-date symlink: /home/khaledob/bookros2_ws/install/br2_tracking_msgs/include/br2_tracking_msgs/msg/rosidl_typesupport_fastrtps_c__visibility_control.h
[1.573s] -- Up-to-date symlink: /home/khaledob/bookros2_ws/install/br2_tracking_msgs/lib/libbr2_tracking_msgs__rosidl_typesupport_fastrtps_c.so
[1.573s] -- Up-to-date symlink: /home/khaledob/bookros2_ws/install/br2_tracking_msgs/include/br2_tracking_msgs/msg/detail/pan_tilt_command__rosidl_typesupport_fastrtps_cpp.hpp
[1.573s] -- Up-to-date symlink: /home/khaledob/bookros2_ws/install/br2_tracking_msgs/include/br2_tracking_msgs/msg/rosidl_typesupport_fastrtps_cpp__visibility_control.h
[1.574s] -- Up-to-date symlink: /home/khaledob/bookros2_ws/install/br2_tracking_msgs/lib/libbr2_tracking_msgs__rosidl_typesupport_fastrtps_cpp.so
[1.574s] -- Up-to-date symlink: /home/khaledob/bookros2_ws/install/br2_tracking_msgs/include/br2_tracking_msgs/msg/detail/pan_tilt_command__rosidl_typesupport_introspection_c.h
[1.574s] -- Up-to-date symlink: /home/khaledob/bookros2_ws/install/br2_tracking_msgs/include/br2_tracking_msgs/msg/rosidl_typesupport_introspection_c__visibility_control.h
[1.575s] -- Up-to-date symlink: /home/khaledob/bookros2_ws/install/br2_tracking_msgs/include/br2_tracking_msgs/msg/detail/pan_tilt_command__builder.hpp
[1.575s] -- Up-to-date symlink: /home/khaledob/bookros2_ws/install/br2_tracking_msgs/include/br2_tracking_msgs/msg/detail/pan_tilt_command__struct.hpp
[1.575s] -- Up-to-date symlink: /home/khaledob/bookros2_ws/install/br2_tracking_msgs/include/br2_tracking_msgs/msg/detail/pan_tilt_command__traits.hpp
[1.575s] -- Up-to-date symlink: /home/khaledob/bookros2_ws/install/br2_tracking_msgs/include/br2_tracking_msgs/msg/detail/pan_tilt_command__type_support.hpp
[1.575s] -- Up-to-date symlink: /home/khaledob/bookros2_ws/install/br2_tracking_msgs/include/br2_tracking_msgs/msg/pan_tilt_command.hpp
[1.576s] -- Up-to-date symlink: /home/khaledob/bookros2_ws/install/br2_tracking_msgs/include/br2_tracking_msgs/msg/rosidl_generator_cpp__visibility_control.hpp
[1.576s] -- Up-to-date symlink: /home/khaledob/bookros2_ws/install/br2_tracking_msgs/include/br2_tracking_msgs/msg/detail/pan_tilt_command__rosidl_typesupport_introspection_cpp.hpp
[1.576s] -- Up-to-date symlink: /home/khaledob/bookros2_ws/install/br2_tracking_msgs/share/br2_tracking_msgs/environment/pythonpath.sh
[1.576s] -- Up-to-date symlink: /home/khaledob/bookros2_ws/install/br2_tracking_msgs/share/br2_tracking_msgs/environment/pythonpath.dsv
[1.576s] -- Up-to-date symlink: /home/khaledob/bookros2_ws/install/br2_tracking_msgs/lib/python3.8/site-packages/br2_tracking_msgs/__init__.py
[1.577s] -- Up-to-date symlink: /home/khaledob/bookros2_ws/install/br2_tracking_msgs/lib/python3.8/site-packages/br2_tracking_msgs/msg/__init__.py
[1.577s] -- Up-to-date symlink: /home/khaledob/bookros2_ws/install/br2_tracking_msgs/lib/python3.8/site-packages/br2_tracking_msgs/msg/_pan_tilt_command.py
[1.577s] -- Up-to-date symlink: /home/khaledob/bookros2_ws/install/br2_tracking_msgs/lib/python3.8/site-packages/br2_tracking_msgs/br2_tracking_msgs_s__rosidl_typesupport_fastrtps_c.cpython-38-x86_64-linux-gnu.so
[1.577s] -- Up-to-date symlink: /home/khaledob/bookros2_ws/install/br2_tracking_msgs/lib/python3.8/site-packages/br2_tracking_msgs/br2_tracking_msgs_s__rosidl_typesupport_introspection_c.cpython-38-x86_64-linux-gnu.so
[1.577s] -- Up-to-date symlink: /home/khaledob/bookros2_ws/install/br2_tracking_msgs/lib/python3.8/site-packages/br2_tracking_msgs/br2_tracking_msgs_s__rosidl_typesupport_c.cpython-38-x86_64-linux-gnu.so
[1.577s] -- Up-to-date symlink: /home/khaledob/bookros2_ws/install/br2_tracking_msgs/lib/libbr2_tracking_msgs__python.so
[1.578s] -- Up-to-date symlink: /home/khaledob/bookros2_ws/install/br2_tracking_msgs/share/br2_tracking_msgs/msg/PanTiltCommand.idl
[1.578s] -- Up-to-date symlink: /home/khaledob/bookros2_ws/install/br2_tracking_msgs/share/br2_tracking_msgs/msg/PanTiltCommand.msg
[1.579s] -- Up-to-date symlink: /home/khaledob/bookros2_ws/install/br2_tracking_msgs/share/ament_index/resource_index/package_run_dependencies/br2_tracking_msgs
[1.582s] -- Up-to-date symlink: /home/khaledob/bookros2_ws/install/br2_tracking_msgs/share/ament_index/resource_index/parent_prefix_path/br2_tracking_msgs
[1.582s] -- Up-to-date symlink: /home/khaledob/bookros2_ws/install/br2_tracking_msgs/share/br2_tracking_msgs/environment/ament_prefix_path.sh
[1.582s] -- Up-to-date symlink: /home/khaledob/bookros2_ws/install/br2_tracking_msgs/share/br2_tracking_msgs/environment/ament_prefix_path.dsv
[1.582s] -- Up-to-date symlink: /home/khaledob/bookros2_ws/install/br2_tracking_msgs/share/br2_tracking_msgs/environment/path.sh
[1.583s] -- Up-to-date symlink: /home/khaledob/bookros2_ws/install/br2_tracking_msgs/share/br2_tracking_msgs/environment/path.dsv
[1.583s] -- Up-to-date symlink: /home/khaledob/bookros2_ws/install/br2_tracking_msgs/share/br2_tracking_msgs/local_setup.bash
[1.584s] -- Up-to-date symlink: /home/khaledob/bookros2_ws/install/br2_tracking_msgs/share/br2_tracking_msgs/local_setup.sh
[1.584s] -- Up-to-date symlink: /home/khaledob/bookros2_ws/install/br2_tracking_msgs/share/br2_tracking_msgs/local_setup.zsh
[1.584s] -- Up-to-date symlink: /home/khaledob/bookros2_ws/install/br2_tracking_msgs/share/br2_tracking_msgs/local_setup.dsv
[1.584s] -- Symlinking: /home/khaledob/bookros2_ws/install/br2_tracking_msgs/share/br2_tracking_msgs/package.dsv
[1.585s] -- Up-to-date symlink: /home/khaledob/bookros2_ws/install/br2_tracking_msgs/share/ament_index/resource_index/packages/br2_tracking_msgs
[1.585s] -- Up-to-date symlink: /home/khaledob/bookros2_ws/install/br2_tracking_msgs/share/br2_tracking_msgs/cmake/rosidl_cmake-extras.cmake
[1.586s] -- Up-to-date symlink: /home/khaledob/bookros2_ws/install/br2_tracking_msgs/share/br2_tracking_msgs/cmake/ament_cmake_export_dependencies-extras.cmake
[1.586s] -- Up-to-date symlink: /home/khaledob/bookros2_ws/install/br2_tracking_msgs/share/br2_tracking_msgs/cmake/ament_cmake_export_libraries-extras.cmake
[1.586s] -- Up-to-date symlink: /home/khaledob/bookros2_ws/install/br2_tracking_msgs/share/br2_tracking_msgs/cmake/ament_cmake_export_targets-extras.cmake
[1.586s] -- Up-to-date symlink: /home/khaledob/bookros2_ws/install/br2_tracking_msgs/share/br2_tracking_msgs/cmake/ament_cmake_export_include_directories-extras.cmake
[1.587s] -- Up-to-date symlink: /home/khaledob/bookros2_ws/install/br2_tracking_msgs/share/br2_tracking_msgs/cmake/rosidl_cmake_export_typesupport_libraries-extras.cmake
[1.588s] -- Up-to-date symlink: /home/khaledob/bookros2_ws/install/br2_tracking_msgs/share/br2_tracking_msgs/cmake/rosidl_cmake_export_typesupport_targets-extras.cmake
[1.588s] -- Up-to-date symlink: /home/khaledob/bookros2_ws/install/br2_tracking_msgs/share/br2_tracking_msgs/cmake/br2_tracking_msgsConfig.cmake
[1.588s] -- Up-to-date symlink: /home/khaledob/bookros2_ws/install/br2_tracking_msgs/share/br2_tracking_msgs/cmake/br2_tracking_msgsConfig-version.cmake
[1.588s] -- Up-to-date symlink: /home/khaledob/bookros2_ws/install/br2_tracking_msgs/share/br2_tracking_msgs/package.xml
[1.589s] -- Up-to-date: /home/khaledob/bookros2_ws/install/br2_tracking_msgs/lib/libbr2_tracking_msgs__rosidl_generator_c.so
[1.590s] -- Up-to-date: /home/khaledob/bookros2_ws/install/br2_tracking_msgs/lib/libbr2_tracking_msgs__rosidl_typesupport_introspection_c.so
[1.590s] -- Up-to-date: /home/khaledob/bookros2_ws/install/br2_tracking_msgs/lib/libbr2_tracking_msgs__rosidl_typesupport_c.so
[1.590s] -- Up-to-date: /home/khaledob/bookros2_ws/install/br2_tracking_msgs/lib/libbr2_tracking_msgs__rosidl_typesupport_introspection_cpp.so
[1.590s] -- Up-to-date: /home/khaledob/bookros2_ws/install/br2_tracking_msgs/lib/libbr2_tracking_msgs__rosidl_typesupport_cpp.so
[1.673s] -- Up-to-date: /home/khaledob/bookros2_ws/install/br2_tracking_msgs/share/br2_tracking_msgs/cmake/br2_tracking_msgs__rosidl_generator_cExport.cmake
[1.677s] -- Up-to-date: /home/khaledob/bookros2_ws/install/br2_tracking_msgs/share/br2_tracking_msgs/cmake/br2_tracking_msgs__rosidl_generator_cExport-noconfig.cmake
[1.677s] -- Up-to-date: /home/khaledob/bookros2_ws/install/br2_tracking_msgs/share/br2_tracking_msgs/cmake/br2_tracking_msgs__rosidl_typesupport_introspection_cExport.cmake
[1.678s] -- Up-to-date: /home/khaledob/bookros2_ws/install/br2_tracking_msgs/share/br2_tracking_msgs/cmake/br2_tracking_msgs__rosidl_typesupport_introspection_cExport-noconfig.cmake
[1.678s] -- Up-to-date: /home/khaledob/bookros2_ws/install/br2_tracking_msgs/share/br2_tracking_msgs/cmake/br2_tracking_msgs__rosidl_typesupport_cExport.cmake
[1.685s] -- Up-to-date: /home/khaledob/bookros2_ws/install/br2_tracking_msgs/share/br2_tracking_msgs/cmake/br2_tracking_msgs__rosidl_typesupport_cExport-noconfig.cmake
[1.686s] -- Up-to-date: /home/khaledob/bookros2_ws/install/br2_tracking_msgs/share/br2_tracking_msgs/cmake/br2_tracking_msgs__rosidl_generator_cppExport.cmake
[1.686s] -- Up-to-date: /home/khaledob/bookros2_ws/install/br2_tracking_msgs/share/br2_tracking_msgs/cmake/br2_tracking_msgs__rosidl_typesupport_introspection_cppExport.cmake
[1.686s] -- Up-to-date: /home/khaledob/bookros2_ws/install/br2_tracking_msgs/share/br2_tracking_msgs/cmake/br2_tracking_msgs__rosidl_typesupport_introspection_cppExport-noconfig.cmake
[1.694s] -- Up-to-date: /home/khaledob/bookros2_ws/install/br2_tracking_msgs/share/br2_tracking_msgs/cmake/br2_tracking_msgs__rosidl_typesupport_cppExport.cmake
[1.695s] -- Up-to-date: /home/khaledob/bookros2_ws/install/br2_tracking_msgs/share/br2_tracking_msgs/cmake/br2_tracking_msgs__rosidl_typesupport_cppExport-noconfig.cmake
[1.864s] Invoked command in '/home/khaledob/bookros2_ws/build/br2_tracking_msgs' returned '0': CMAKE_PREFIX_PATH=${CMAKE_PREFIX_PATH}:/home/khaledob/bookros2_ws/install/ros2controlcli:/home/khaledob/bookros2_ws/install/launch_pal:/home/khaledob/bookros2_ws/install/br2_fsm_bumpgo_py:/opt/ros/foxy /usr/bin/cmake --install /home/khaledob/bookros2_ws/build/br2_tracking_msgs
