[0.142s] Invoking command in '/home/khaledob/bookros2_ws/build/br2_basics': CMAKE_PREFIX_PATH=/opt/ros/foxy /usr/bin/cmake --build /home/khaledob/bookros2_ws/build/br2_basics -- -j7 -l7
[0.561s] [ 14%] Built target logger_class
[0.562s] [ 28%] Built target subscriber_class
[0.564s] [ 42%] Built target param_reader
[0.565s] [ 57%] Built target publisher
[0.614s] [ 71%] Built target executors
[0.614s] [ 85%] Built target publisher_class
[0.617s] [100%] Built target logger
[0.884s] Invoked command in '/home/khaledob/bookros2_ws/build/br2_basics' returned '0': CMAKE_PREFIX_PATH=/opt/ros/foxy /usr/bin/cmake --build /home/khaledob/bookros2_ws/build/br2_basics -- -j7 -l7
[0.886s] Invoking command in '/home/khaledob/bookros2_ws/build/br2_basics': CMAKE_PREFIX_PATH=/opt/ros/foxy /usr/bin/cmake --install /home/khaledob/bookros2_ws/build/br2_basics
[0.996s] -- Install configuration: ""
[0.996s] -- Execute custom install script
[0.997s] -- Up-to-date symlink: /home/khaledob/bookros2_ws/install/br2_basics/lib/br2_basics/publisher
[0.997s] -- Up-to-date symlink: /home/khaledob/bookros2_ws/install/br2_basics/lib/br2_basics/publisher_class
[0.998s] -- Up-to-date symlink: /home/khaledob/bookros2_ws/install/br2_basics/lib/br2_basics/subscriber_class
[0.998s] -- Up-to-date symlink: /home/khaledob/bookros2_ws/install/br2_basics/lib/br2_basics/executors
[0.998s] -- Up-to-date symlink: /home/khaledob/bookros2_ws/install/br2_basics/lib/br2_basics/logger
[0.998s] -- Up-to-date symlink: /home/khaledob/bookros2_ws/install/br2_basics/lib/br2_basics/logger_class
[1.001s] -- Up-to-date symlink: /home/khaledob/bookros2_ws/install/br2_basics/lib/br2_basics/param_reader
[1.002s] -- Up-to-date symlink: /home/khaledob/bookros2_ws/install/br2_basics/share/br2_basics/launch/includer_launch.py
[1.021s] -- Up-to-date symlink: /home/khaledob/bookros2_ws/install/br2_basics/share/br2_basics/launch/param_node_v1_launch.py
[1.025s] -- Up-to-date symlink: /home/khaledob/bookros2_ws/install/br2_basics/share/br2_basics/launch/param_node_v2_launch.py
[1.030s] -- Up-to-date symlink: /home/khaledob/bookros2_ws/install/br2_basics/share/br2_basics/launch/pub_sub_v1_launch.py
[1.031s] -- Up-to-date symlink: /home/khaledob/bookros2_ws/install/br2_basics/share/br2_basics/launch/pub_sub_v2_launch.py
[1.033s] -- Up-to-date symlink: /home/khaledob/bookros2_ws/install/br2_basics/share/br2_basics/config/params.yaml
[1.036s] -- Up-to-date symlink: /home/khaledob/bookros2_ws/install/br2_basics/share/ament_index/resource_index/package_run_dependencies/br2_basics
[1.038s] -- Up-to-date symlink: /home/khaledob/bookros2_ws/install/br2_basics/share/ament_index/resource_index/parent_prefix_path/br2_basics
[1.039s] -- Up-to-date symlink: /home/khaledob/bookros2_ws/install/br2_basics/share/br2_basics/environment/ament_prefix_path.sh
[1.039s] -- Up-to-date symlink: /home/khaledob/bookros2_ws/install/br2_basics/share/br2_basics/environment/ament_prefix_path.dsv
[1.040s] -- Up-to-date symlink: /home/khaledob/bookros2_ws/install/br2_basics/share/br2_basics/environment/path.sh
[1.040s] -- Up-to-date symlink: /home/khaledob/bookros2_ws/install/br2_basics/share/br2_basics/environment/path.dsv
[1.040s] -- Up-to-date symlink: /home/khaledob/bookros2_ws/install/br2_basics/share/br2_basics/local_setup.bash
[1.040s] -- Up-to-date symlink: /home/khaledob/bookros2_ws/install/br2_basics/share/br2_basics/local_setup.sh
[1.040s] -- Up-to-date symlink: /home/khaledob/bookros2_ws/install/br2_basics/share/br2_basics/local_setup.zsh
[1.041s] -- Up-to-date symlink: /home/khaledob/bookros2_ws/install/br2_basics/share/br2_basics/local_setup.dsv
[1.041s] -- Symlinking: /home/khaledob/bookros2_ws/install/br2_basics/share/br2_basics/package.dsv
[1.042s] -- Up-to-date symlink: /home/khaledob/bookros2_ws/install/br2_basics/share/ament_index/resource_index/packages/br2_basics
[1.042s] -- Up-to-date symlink: /home/khaledob/bookros2_ws/install/br2_basics/share/br2_basics/cmake/ament_cmake_export_dependencies-extras.cmake
[1.043s] -- Up-to-date symlink: /home/khaledob/bookros2_ws/install/br2_basics/share/br2_basics/cmake/br2_basicsConfig.cmake
[1.043s] -- Up-to-date symlink: /home/khaledob/bookros2_ws/install/br2_basics/share/br2_basics/cmake/br2_basicsConfig-version.cmake
[1.044s] -- Up-to-date symlink: /home/khaledob/bookros2_ws/install/br2_basics/share/br2_basics/package.xml
[1.148s] Invoked command in '/home/khaledob/bookros2_ws/build/br2_basics' returned '0': CMAKE_PREFIX_PATH=/opt/ros/foxy /usr/bin/cmake --install /home/khaledob/bookros2_ws/build/br2_basics
