[0.410s] Invoking command in '/home/khaledob/bookros2_ws/build/hardware_interface': AMENT_PREFIX_PATH=/home/khaledob/bookros2_ws/install/ros2_control_test_assets:${AMENT_PREFIX_PATH} CMAKE_PREFIX_PATH=/home/khaledob/bookros2_ws/install/ros2_control_test_assets:/opt/ros/foxy /usr/bin/cmake --build /home/khaledob/bookros2_ws/build/hardware_interface -- -j7 -l7
[0.633s] [ 17%] Built target hardware_interface
[0.647s] [ 23%] Built target gmock_main
[0.658s] [ 32%] Built target gmock
[0.681s] [ 47%] Built target test_hardware_components
[0.736s] [ 52%] Built target fake_components
[0.743s] [ 64%] Built target test_components
[0.819s] [ 70%] Built target test_component_interfaces
[0.830s] [ 76%] Built target test_joint_handle
[0.832s] [ 82%] Built target test_generic_system
[0.833s] [ 88%] Built target test_component_parser
[0.835s] [ 94%] Built target test_macros
[0.877s] [100%] Built target test_resource_manager
[0.920s] Invoked command in '/home/khaledob/bookros2_ws/build/hardware_interface' returned '0': AMENT_PREFIX_PATH=/home/khaledob/bookros2_ws/install/ros2_control_test_assets:${AMENT_PREFIX_PATH} CMAKE_PREFIX_PATH=/home/khaledob/bookros2_ws/install/ros2_control_test_assets:/opt/ros/foxy /usr/bin/cmake --build /home/khaledob/bookros2_ws/build/hardware_interface -- -j7 -l7
[0.932s] Invoking command in '/home/khaledob/bookros2_ws/build/hardware_interface': AMENT_PREFIX_PATH=/home/khaledob/bookros2_ws/install/ros2_control_test_assets:${AMENT_PREFIX_PATH} CMAKE_PREFIX_PATH=/home/khaledob/bookros2_ws/install/ros2_control_test_assets:/opt/ros/foxy /usr/bin/cmake --install /home/khaledob/bookros2_ws/build/hardware_interface
[0.971s] -- Install configuration: ""
[0.971s] -- Execute custom install script
[0.971s] -- Up-to-date symlink: /home/khaledob/bookros2_ws/install/hardware_interface/share/hardware_interface//fake_components_plugin_description.xml
[0.971s] -- Up-to-date symlink: /home/khaledob/bookros2_ws/install/hardware_interface/include/fake_components/generic_system.hpp
[0.972s] -- Up-to-date symlink: /home/khaledob/bookros2_ws/install/hardware_interface/include/fake_components/visibility_control.h
[0.973s] -- Up-to-date symlink: /home/khaledob/bookros2_ws/install/hardware_interface/include/hardware_interface/actuator.hpp
[0.974s] -- Up-to-date symlink: /home/khaledob/bookros2_ws/install/hardware_interface/include/hardware_interface/actuator_interface.hpp
[0.975s] -- Up-to-date symlink: /home/khaledob/bookros2_ws/install/hardware_interface/include/hardware_interface/base_interface.hpp
[0.976s] -- Up-to-date symlink: /home/khaledob/bookros2_ws/install/hardware_interface/include/hardware_interface/component_parser.hpp
[0.976s] -- Up-to-date symlink: /home/khaledob/bookros2_ws/install/hardware_interface/include/hardware_interface/controller_info.hpp
[0.976s] -- Up-to-date symlink: /home/khaledob/bookros2_ws/install/hardware_interface/include/hardware_interface/handle.hpp
[0.976s] -- Up-to-date symlink: /home/khaledob/bookros2_ws/install/hardware_interface/include/hardware_interface/hardware_info.hpp
[0.978s] -- Up-to-date symlink: /home/khaledob/bookros2_ws/install/hardware_interface/include/hardware_interface/loaned_command_interface.hpp
[0.978s] -- Up-to-date symlink: /home/khaledob/bookros2_ws/install/hardware_interface/include/hardware_interface/loaned_state_interface.hpp
[0.979s] -- Up-to-date symlink: /home/khaledob/bookros2_ws/install/hardware_interface/include/hardware_interface/macros.hpp
[0.979s] -- Up-to-date symlink: /home/khaledob/bookros2_ws/install/hardware_interface/include/hardware_interface/resource_manager.hpp
[0.980s] -- Up-to-date symlink: /home/khaledob/bookros2_ws/install/hardware_interface/include/hardware_interface/sensor.hpp
[0.980s] -- Up-to-date symlink: /home/khaledob/bookros2_ws/install/hardware_interface/include/hardware_interface/sensor_interface.hpp
[0.980s] -- Up-to-date symlink: /home/khaledob/bookros2_ws/install/hardware_interface/include/hardware_interface/system.hpp
[0.986s] -- Up-to-date symlink: /home/khaledob/bookros2_ws/install/hardware_interface/include/hardware_interface/system_interface.hpp
[0.988s] -- Up-to-date symlink: /home/khaledob/bookros2_ws/install/hardware_interface/include/hardware_interface/types/hardware_interface_return_values.hpp
[0.988s] -- Up-to-date symlink: /home/khaledob/bookros2_ws/install/hardware_interface/include/hardware_interface/types/hardware_interface_status_values.hpp
[0.991s] -- Up-to-date symlink: /home/khaledob/bookros2_ws/install/hardware_interface/include/hardware_interface/types/hardware_interface_type_values.hpp
[0.992s] -- Up-to-date symlink: /home/khaledob/bookros2_ws/install/hardware_interface/include/hardware_interface/visibility_control.h
[1.004s] -- Up-to-date symlink: /home/khaledob/bookros2_ws/install/hardware_interface/lib/libfake_components.so
[1.032s] -- Up-to-date symlink: /home/khaledob/bookros2_ws/install/hardware_interface/lib/libhardware_interface.so
[1.033s] -- Up-to-date symlink: /home/khaledob/bookros2_ws/install/hardware_interface/lib/libtest_components.so
[1.033s] -- Up-to-date symlink: /home/khaledob/bookros2_ws/install/hardware_interface/share/hardware_interface/test/test_components/test_components.xml
[1.040s] -- Up-to-date symlink: /home/khaledob/bookros2_ws/install/hardware_interface/lib/libtest_hardware_components.so
[1.040s] -- Up-to-date symlink: /home/khaledob/bookros2_ws/install/hardware_interface/share/hardware_interface/test/test_hardware_components/test_hardware_components.xml
[1.040s] -- Up-to-date symlink: /home/khaledob/bookros2_ws/install/hardware_interface/share/hardware_interface/environment/library_path.sh
[1.040s] -- Up-to-date symlink: /home/khaledob/bookros2_ws/install/hardware_interface/share/hardware_interface/environment/library_path.dsv
[1.040s] -- Up-to-date symlink: /home/khaledob/bookros2_ws/install/hardware_interface/share/ament_index/resource_index/package_run_dependencies/hardware_interface
[1.041s] -- Up-to-date symlink: /home/khaledob/bookros2_ws/install/hardware_interface/share/ament_index/resource_index/parent_prefix_path/hardware_interface
[1.041s] -- Up-to-date symlink: /home/khaledob/bookros2_ws/install/hardware_interface/share/hardware_interface/environment/ament_prefix_path.sh
[1.041s] -- Up-to-date symlink: /home/khaledob/bookros2_ws/install/hardware_interface/share/hardware_interface/environment/ament_prefix_path.dsv
[1.042s] -- Up-to-date symlink: /home/khaledob/bookros2_ws/install/hardware_interface/share/hardware_interface/environment/path.sh
[1.043s] -- Up-to-date symlink: /home/khaledob/bookros2_ws/install/hardware_interface/share/hardware_interface/environment/path.dsv
[1.043s] -- Up-to-date symlink: /home/khaledob/bookros2_ws/install/hardware_interface/share/hardware_interface/local_setup.bash
[1.043s] -- Up-to-date symlink: /home/khaledob/bookros2_ws/install/hardware_interface/share/hardware_interface/local_setup.sh
[1.043s] -- Up-to-date symlink: /home/khaledob/bookros2_ws/install/hardware_interface/share/hardware_interface/local_setup.zsh
[1.043s] -- Up-to-date symlink: /home/khaledob/bookros2_ws/install/hardware_interface/share/hardware_interface/local_setup.dsv
[1.043s] -- Symlinking: /home/khaledob/bookros2_ws/install/hardware_interface/share/hardware_interface/package.dsv
[1.084s] -- Up-to-date symlink: /home/khaledob/bookros2_ws/install/hardware_interface/share/ament_index/resource_index/packages/hardware_interface
[1.084s] -- Up-to-date symlink: /home/khaledob/bookros2_ws/install/hardware_interface/share/ament_index/resource_index/hardware_interface__pluginlib__plugin/hardware_interface
[1.084s] -- Up-to-date symlink: /home/khaledob/bookros2_ws/install/hardware_interface/share/hardware_interface/cmake/ament_cmake_export_include_directories-extras.cmake
[1.084s] -- Up-to-date symlink: /home/khaledob/bookros2_ws/install/hardware_interface/share/hardware_interface/cmake/ament_cmake_export_libraries-extras.cmake
[1.084s] -- Up-to-date symlink: /home/khaledob/bookros2_ws/install/hardware_interface/share/hardware_interface/cmake/ament_cmake_export_dependencies-extras.cmake
[1.084s] -- Up-to-date symlink: /home/khaledob/bookros2_ws/install/hardware_interface/share/hardware_interface/cmake/hardware_interfaceConfig.cmake
[1.085s] -- Up-to-date symlink: /home/khaledob/bookros2_ws/install/hardware_interface/share/hardware_interface/cmake/hardware_interfaceConfig-version.cmake
[1.085s] -- Up-to-date symlink: /home/khaledob/bookros2_ws/install/hardware_interface/share/hardware_interface/package.xml
[1.616s] Invoked command in '/home/khaledob/bookros2_ws/build/hardware_interface' returned '0': AMENT_PREFIX_PATH=/home/khaledob/bookros2_ws/install/ros2_control_test_assets:${AMENT_PREFIX_PATH} CMAKE_PREFIX_PATH=/home/khaledob/bookros2_ws/install/ros2_control_test_assets:/opt/ros/foxy /usr/bin/cmake --install /home/khaledob/bookros2_ws/build/hardware_interface
