[0.704s] Invoking command in '/home/khaledob/bookros2_ws/build/br2_tiago': CMAKE_PREFIX_PATH=/opt/ros/foxy /usr/bin/cmake --build /home/khaledob/bookros2_ws/build/br2_tiago -- -j7 -l7
[1.182s] Invoked command in '/home/khaledob/bookros2_ws/build/br2_tiago' returned '0': CMAKE_PREFIX_PATH=/opt/ros/foxy /usr/bin/cmake --build /home/khaledob/bookros2_ws/build/br2_tiago -- -j7 -l7
[1.212s] Invoking command in '/home/khaledob/bookros2_ws/build/br2_tiago': CMAKE_PREFIX_PATH=/opt/ros/foxy /usr/bin/cmake --install /home/khaledob/bookros2_ws/build/br2_tiago
[1.262s] -- Install configuration: ""
[1.268s] -- Execute custom install script
[1.295s] -- Up-to-date symlink: /home/khaledob/bookros2_ws/install/br2_tiago/share/br2_tiago/launch/sim.launch.py
[1.330s] -- Up-to-date symlink: /home/khaledob/bookros2_ws/install/br2_tiago/share/ament_index/resource_index/package_run_dependencies/br2_tiago
[1.330s] -- Up-to-date symlink: /home/khaledob/bookros2_ws/install/br2_tiago/share/ament_index/resource_index/parent_prefix_path/br2_tiago
[1.331s] -- Up-to-date symlink: /home/khaledob/bookros2_ws/install/br2_tiago/share/br2_tiago/environment/ament_prefix_path.sh
[1.331s] -- Up-to-date symlink: /home/khaledob/bookros2_ws/install/br2_tiago/share/br2_tiago/environment/ament_prefix_path.dsv
[1.331s] -- Up-to-date symlink: /home/khaledob/bookros2_ws/install/br2_tiago/share/br2_tiago/environment/path.sh
[1.331s] -- Up-to-date symlink: /home/khaledob/bookros2_ws/install/br2_tiago/share/br2_tiago/environment/path.dsv
[1.331s] -- Up-to-date symlink: /home/khaledob/bookros2_ws/install/br2_tiago/share/br2_tiago/local_setup.bash
[1.338s] -- Up-to-date symlink: /home/khaledob/bookros2_ws/install/br2_tiago/share/br2_tiago/local_setup.sh
[1.341s] -- Up-to-date symlink: /home/khaledob/bookros2_ws/install/br2_tiago/share/br2_tiago/local_setup.zsh
[1.344s] -- Up-to-date symlink: /home/khaledob/bookros2_ws/install/br2_tiago/share/br2_tiago/local_setup.dsv
[1.349s] -- Symlinking: /home/khaledob/bookros2_ws/install/br2_tiago/share/br2_tiago/package.dsv
[1.400s] -- Up-to-date symlink: /home/khaledob/bookros2_ws/install/br2_tiago/share/ament_index/resource_index/packages/br2_tiago
[1.400s] -- Up-to-date symlink: /home/khaledob/bookros2_ws/install/br2_tiago/share/br2_tiago/cmake/br2_tiagoConfig.cmake
[1.401s] -- Up-to-date symlink: /home/khaledob/bookros2_ws/install/br2_tiago/share/br2_tiago/cmake/br2_tiagoConfig-version.cmake
[1.403s] -- Up-to-date symlink: /home/khaledob/bookros2_ws/install/br2_tiago/share/br2_tiago/package.xml
[1.412s] Invoked command in '/home/khaledob/bookros2_ws/build/br2_tiago' returned '0': CMAKE_PREFIX_PATH=/opt/ros/foxy /usr/bin/cmake --install /home/khaledob/bookros2_ws/build/br2_tiago
