[0.514s] Invoking command in '/home/khaledob/bookros2_ws/build/joint_trajectory_controller': AMENT_PREFIX_PATH=/home/khaledob/bookros2_ws/install/controller_manager:/home/khaledob/bookros2_ws/install/controller_interface:/home/khaledob/bookros2_ws/install/hardware_interface:/home/khaledob/bookros2_ws/install/ros2_control_test_assets:/home/khaledob/bookros2_ws/install/controller_manager_msgs:${AMENT_PREFIX_PATH} CMAKE_PREFIX_PATH=/home/khaledob/bookros2_ws/install/controller_manager:/home/khaledob/bookros2_ws/install/controller_interface:/home/khaledob/bookros2_ws/install/hardware_interface:/home/khaledob/bookros2_ws/install/ros2_control_test_assets:/home/khaledob/bookros2_ws/install/controller_manager_msgs:/opt/ros/foxy LD_LIBRARY_PATH=/home/khaledob/bookros2_ws/install/controller_manager/lib:/home/khaledob/bookros2_ws/install/controller_interface/lib:/home/khaledob/bookros2_ws/install/hardware_interface/lib:/home/khaledob/bookros2_ws/install/controller_manager_msgs/lib:${LD_LIBRARY_PATH} PYTHONPATH=/home/khaledob/bookros2_ws/install/controller_manager/lib/python3.8/site-packages:/home/khaledob/bookros2_ws/install/controller_manager_msgs/lib/python3.8/site-packages:${PYTHONPATH} /usr/bin/cmake --build /home/khaledob/bookros2_ws/build/joint_trajectory_controller -- -j7 -l7
[1.084s] [ 20%] Built target joint_trajectory_controller
[1.247s] [ 33%] Built target gtest_main
[1.401s] [ 46%] Built target gtest
[1.647s] [ 60%] Built target test_trajectory
[2.004s] [ 73%] Built target test_trajectory_actions
[2.256s] [ 86%] Built target test_load_joint_trajectory_controller
[2.508s] [100%] Built target test_trajectory_controller
[2.996s] Invoked command in '/home/khaledob/bookros2_ws/build/joint_trajectory_controller' returned '0': AMENT_PREFIX_PATH=/home/khaledob/bookros2_ws/install/controller_manager:/home/khaledob/bookros2_ws/install/controller_interface:/home/khaledob/bookros2_ws/install/hardware_interface:/home/khaledob/bookros2_ws/install/ros2_control_test_assets:/home/khaledob/bookros2_ws/install/controller_manager_msgs:${AMENT_PREFIX_PATH} CMAKE_PREFIX_PATH=/home/khaledob/bookros2_ws/install/controller_manager:/home/khaledob/bookros2_ws/install/controller_interface:/home/khaledob/bookros2_ws/install/hardware_interface:/home/khaledob/bookros2_ws/install/ros2_control_test_assets:/home/khaledob/bookros2_ws/install/controller_manager_msgs:/opt/ros/foxy LD_LIBRARY_PATH=/home/khaledob/bookros2_ws/install/controller_manager/lib:/home/khaledob/bookros2_ws/install/controller_interface/lib:/home/khaledob/bookros2_ws/install/hardware_interface/lib:/home/khaledob/bookros2_ws/install/controller_manager_msgs/lib:${LD_LIBRARY_PATH} PYTHONPATH=/home/khaledob/bookros2_ws/install/controller_manager/lib/python3.8/site-packages:/home/khaledob/bookros2_ws/install/controller_manager_msgs/lib/python3.8/site-packages:${PYTHONPATH} /usr/bin/cmake --build /home/khaledob/bookros2_ws/build/joint_trajectory_controller -- -j7 -l7
[3.012s] Invoking command in '/home/khaledob/bookros2_ws/build/joint_trajectory_controller': AMENT_PREFIX_PATH=/home/khaledob/bookros2_ws/install/controller_manager:/home/khaledob/bookros2_ws/install/controller_interface:/home/khaledob/bookros2_ws/install/hardware_interface:/home/khaledob/bookros2_ws/install/ros2_control_test_assets:/home/khaledob/bookros2_ws/install/controller_manager_msgs:${AMENT_PREFIX_PATH} CMAKE_PREFIX_PATH=/home/khaledob/bookros2_ws/install/controller_manager:/home/khaledob/bookros2_ws/install/controller_interface:/home/khaledob/bookros2_ws/install/hardware_interface:/home/khaledob/bookros2_ws/install/ros2_control_test_assets:/home/khaledob/bookros2_ws/install/controller_manager_msgs:/opt/ros/foxy LD_LIBRARY_PATH=/home/khaledob/bookros2_ws/install/controller_manager/lib:/home/khaledob/bookros2_ws/install/controller_interface/lib:/home/khaledob/bookros2_ws/install/hardware_interface/lib:/home/khaledob/bookros2_ws/install/controller_manager_msgs/lib:${LD_LIBRARY_PATH} PYTHONPATH=/home/khaledob/bookros2_ws/install/controller_manager/lib/python3.8/site-packages:/home/khaledob/bookros2_ws/install/controller_manager_msgs/lib/python3.8/site-packages:${PYTHONPATH} /usr/bin/cmake --install /home/khaledob/bookros2_ws/build/joint_trajectory_controller
[3.132s] -- Install configuration: ""
[3.149s] -- Execute custom install script
[3.154s] -- Up-to-date symlink: /home/khaledob/bookros2_ws/install/joint_trajectory_controller/share/joint_trajectory_controller//joint_trajectory_plugin.xml
[3.230s] -- Up-to-date symlink: /home/khaledob/bookros2_ws/install/joint_trajectory_controller/include/joint_trajectory_controller/joint_trajectory_controller.hpp
[3.230s] -- Up-to-date symlink: /home/khaledob/bookros2_ws/install/joint_trajectory_controller/include/joint_trajectory_controller/tolerances.hpp
[3.230s] -- Up-to-date symlink: /home/khaledob/bookros2_ws/install/joint_trajectory_controller/include/joint_trajectory_controller/trajectory.hpp
[3.230s] -- Up-to-date symlink: /home/khaledob/bookros2_ws/install/joint_trajectory_controller/include/joint_trajectory_controller/visibility_control.h
[3.231s] -- Up-to-date symlink: /home/khaledob/bookros2_ws/install/joint_trajectory_controller/lib/libjoint_trajectory_controller.so
[3.231s] -- Up-to-date symlink: /home/khaledob/bookros2_ws/install/joint_trajectory_controller/share/joint_trajectory_controller/environment/library_path.sh
[3.231s] -- Up-to-date symlink: /home/khaledob/bookros2_ws/install/joint_trajectory_controller/share/joint_trajectory_controller/environment/library_path.dsv
[3.232s] -- Up-to-date symlink: /home/khaledob/bookros2_ws/install/joint_trajectory_controller/share/ament_index/resource_index/package_run_dependencies/joint_trajectory_controller
[3.232s] -- Up-to-date symlink: /home/khaledob/bookros2_ws/install/joint_trajectory_controller/share/ament_index/resource_index/parent_prefix_path/joint_trajectory_controller
[3.233s] -- Up-to-date symlink: /home/khaledob/bookros2_ws/install/joint_trajectory_controller/share/joint_trajectory_controller/environment/ament_prefix_path.sh
[3.233s] -- Up-to-date symlink: /home/khaledob/bookros2_ws/install/joint_trajectory_controller/share/joint_trajectory_controller/environment/ament_prefix_path.dsv
[3.234s] -- Up-to-date symlink: /home/khaledob/bookros2_ws/install/joint_trajectory_controller/share/joint_trajectory_controller/environment/path.sh
[3.234s] -- Up-to-date symlink: /home/khaledob/bookros2_ws/install/joint_trajectory_controller/share/joint_trajectory_controller/environment/path.dsv
[3.235s] -- Up-to-date symlink: /home/khaledob/bookros2_ws/install/joint_trajectory_controller/share/joint_trajectory_controller/local_setup.bash
[3.236s] -- Up-to-date symlink: /home/khaledob/bookros2_ws/install/joint_trajectory_controller/share/joint_trajectory_controller/local_setup.sh
[3.237s] -- Up-to-date symlink: /home/khaledob/bookros2_ws/install/joint_trajectory_controller/share/joint_trajectory_controller/local_setup.zsh
[3.237s] -- Up-to-date symlink: /home/khaledob/bookros2_ws/install/joint_trajectory_controller/share/joint_trajectory_controller/local_setup.dsv
[3.237s] -- Symlinking: /home/khaledob/bookros2_ws/install/joint_trajectory_controller/share/joint_trajectory_controller/package.dsv
[3.293s] -- Up-to-date symlink: /home/khaledob/bookros2_ws/install/joint_trajectory_controller/share/ament_index/resource_index/packages/joint_trajectory_controller
[3.294s] -- Up-to-date symlink: /home/khaledob/bookros2_ws/install/joint_trajectory_controller/share/ament_index/resource_index/controller_interface__pluginlib__plugin/joint_trajectory_controller
[3.296s] -- Up-to-date symlink: /home/khaledob/bookros2_ws/install/joint_trajectory_controller/share/joint_trajectory_controller/cmake/ament_cmake_export_dependencies-extras.cmake
[3.316s] -- Up-to-date symlink: /home/khaledob/bookros2_ws/install/joint_trajectory_controller/share/joint_trajectory_controller/cmake/ament_cmake_export_include_directories-extras.cmake
[3.316s] -- Up-to-date symlink: /home/khaledob/bookros2_ws/install/joint_trajectory_controller/share/joint_trajectory_controller/cmake/ament_cmake_export_libraries-extras.cmake
[3.363s] -- Up-to-date symlink: /home/khaledob/bookros2_ws/install/joint_trajectory_controller/share/joint_trajectory_controller/cmake/joint_trajectory_controllerConfig.cmake
[3.364s] -- Up-to-date symlink: /home/khaledob/bookros2_ws/install/joint_trajectory_controller/share/joint_trajectory_controller/cmake/joint_trajectory_controllerConfig-version.cmake
[3.364s] -- Up-to-date symlink: /home/khaledob/bookros2_ws/install/joint_trajectory_controller/share/joint_trajectory_controller/package.xml
[4.550s] Invoked command in '/home/khaledob/bookros2_ws/build/joint_trajectory_controller' returned '0': AMENT_PREFIX_PATH=/home/khaledob/bookros2_ws/install/controller_manager:/home/khaledob/bookros2_ws/install/controller_interface:/home/khaledob/bookros2_ws/install/hardware_interface:/home/khaledob/bookros2_ws/install/ros2_control_test_assets:/home/khaledob/bookros2_ws/install/controller_manager_msgs:${AMENT_PREFIX_PATH} CMAKE_PREFIX_PATH=/home/khaledob/bookros2_ws/install/controller_manager:/home/khaledob/bookros2_ws/install/controller_interface:/home/khaledob/bookros2_ws/install/hardware_interface:/home/khaledob/bookros2_ws/install/ros2_control_test_assets:/home/khaledob/bookros2_ws/install/controller_manager_msgs:/opt/ros/foxy LD_LIBRARY_PATH=/home/khaledob/bookros2_ws/install/controller_manager/lib:/home/khaledob/bookros2_ws/install/controller_interface/lib:/home/khaledob/bookros2_ws/install/hardware_interface/lib:/home/khaledob/bookros2_ws/install/controller_manager_msgs/lib:${LD_LIBRARY_PATH} PYTHONPATH=/home/khaledob/bookros2_ws/install/controller_manager/lib/python3.8/site-packages:/home/khaledob/bookros2_ws/install/controller_manager_msgs/lib/python3.8/site-packages:${PYTHONPATH} /usr/bin/cmake --install /home/khaledob/bookros2_ws/build/joint_trajectory_controller
