[2.672s] Invoking command in '/home/khaledob/bookros2_ws/src/build/launch_pal': PYTHONPATH=/home/khaledob/bookros2_ws/src/build/launch_pal/prefix_override:/usr/lib/python3/dist-packages/colcon_core/task/python/colcon_distutils_commands:/home/khaledob/bookros2_ws/src/install/launch_pal/lib/python3.8/site-packages:${PYTHONPATH} /usr/bin/python3 -W ignore:setup.py install is deprecated -W ignore:easy_install command is deprecated setup.py develop --editable --build-directory /home/khaledob/bookros2_ws/src/build/launch_pal/build --no-deps symlink_data
[3.514s] running develop
[3.515s] running egg_info
[3.515s] creating launch_pal.egg-info
[3.515s] writing launch_pal.egg-info/PKG-INFO
[3.516s] writing dependency_links to launch_pal.egg-info/dependency_links.txt
[3.516s] writing entry points to launch_pal.egg-info/entry_points.txt
[3.516s] writing requirements to launch_pal.egg-info/requires.txt
[3.516s] writing top-level names to launch_pal.egg-info/top_level.txt
[3.516s] writing manifest file 'launch_pal.egg-info/SOURCES.txt'
[3.570s] reading manifest file 'launch_pal.egg-info/SOURCES.txt'
[3.575s] writing manifest file 'launch_pal.egg-info/SOURCES.txt'
[3.707s] running build_ext
[3.717s] Creating /home/khaledob/bookros2_ws/src/install/launch_pal/lib/python3.8/site-packages/site.py
[3.717s] Creating /home/khaledob/bookros2_ws/src/install/launch_pal/lib/python3.8/site-packages/launch-pal.egg-link (link to .)
[3.722s] 
[3.731s] Installed /home/khaledob/bookros2_ws/src/build/launch_pal
[3.731s] running symlink_data
[3.732s] creating /home/khaledob/bookros2_ws/src/install/launch_pal/share/ament_index
[3.732s] creating /home/khaledob/bookros2_ws/src/install/launch_pal/share/ament_index/resource_index
[3.733s] creating /home/khaledob/bookros2_ws/src/install/launch_pal/share/ament_index/resource_index/packages
[3.733s] symbolically linking /home/khaledob/bookros2_ws/src/build/launch_pal/resource/launch_pal -> /home/khaledob/bookros2_ws/src/install/launch_pal/share/ament_index/resource_index/packages
[3.733s] symbolically linking /home/khaledob/bookros2_ws/src/build/launch_pal/package.xml -> /home/khaledob/bookros2_ws/src/install/launch_pal/share/launch_pal
[3.870s] Invoked command in '/home/khaledob/bookros2_ws/src/build/launch_pal' returned '0': PYTHONPATH=/home/khaledob/bookros2_ws/src/build/launch_pal/prefix_override:/usr/lib/python3/dist-packages/colcon_core/task/python/colcon_distutils_commands:/home/khaledob/bookros2_ws/src/install/launch_pal/lib/python3.8/site-packages:${PYTHONPATH} /usr/bin/python3 -W ignore:setup.py install is deprecated -W ignore:easy_install command is deprecated setup.py develop --editable --build-directory /home/khaledob/bookros2_ws/src/build/launch_pal/build --no-deps symlink_data
