[0.831s] Invoking command in '/home/khaledob/bookros2_ws/build/effort_controllers': AMENT_PREFIX_PATH=/home/khaledob/bookros2_ws/install/forward_command_controller:/home/khaledob/bookros2_ws/install/controller_manager:/home/khaledob/bookros2_ws/install/controller_interface:/home/khaledob/bookros2_ws/install/hardware_interface:/home/khaledob/bookros2_ws/install/ros2_control_test_assets:/home/khaledob/bookros2_ws/install/controller_manager_msgs:${AMENT_PREFIX_PATH} CMAKE_PREFIX_PATH=/home/khaledob/bookros2_ws/install/forward_command_controller:/home/khaledob/bookros2_ws/install/controller_manager:/home/khaledob/bookros2_ws/install/controller_interface:/home/khaledob/bookros2_ws/install/hardware_interface:/home/khaledob/bookros2_ws/install/ros2_control_test_assets:/home/khaledob/bookros2_ws/install/controller_manager_msgs:/opt/ros/foxy LD_LIBRARY_PATH=/home/khaledob/bookros2_ws/install/forward_command_controller/lib:/home/khaledob/bookros2_ws/install/controller_manager/lib:/home/khaledob/bookros2_ws/install/controller_interface/lib:/home/khaledob/bookros2_ws/install/hardware_interface/lib:/home/khaledob/bookros2_ws/install/controller_manager_msgs/lib:${LD_LIBRARY_PATH} PYTHONPATH=/home/khaledob/bookros2_ws/install/controller_manager/lib/python3.8/site-packages:/home/khaledob/bookros2_ws/install/controller_manager_msgs/lib/python3.8/site-packages:${PYTHONPATH} /usr/bin/cmake --build /home/khaledob/bookros2_ws/build/effort_controllers -- -j7 -l7
[1.170s] [ 27%] Built target gmock
[1.454s] [ 45%] Built target effort_controllers
[1.510s] [ 63%] Built target gmock_main
[1.807s] [ 81%] Built target test_load_joint_group_effort_controller
[2.017s] [100%] Built target test_joint_group_effort_controller
[2.160s] Invoked command in '/home/khaledob/bookros2_ws/build/effort_controllers' returned '0': AMENT_PREFIX_PATH=/home/khaledob/bookros2_ws/install/forward_command_controller:/home/khaledob/bookros2_ws/install/controller_manager:/home/khaledob/bookros2_ws/install/controller_interface:/home/khaledob/bookros2_ws/install/hardware_interface:/home/khaledob/bookros2_ws/install/ros2_control_test_assets:/home/khaledob/bookros2_ws/install/controller_manager_msgs:${AMENT_PREFIX_PATH} CMAKE_PREFIX_PATH=/home/khaledob/bookros2_ws/install/forward_command_controller:/home/khaledob/bookros2_ws/install/controller_manager:/home/khaledob/bookros2_ws/install/controller_interface:/home/khaledob/bookros2_ws/install/hardware_interface:/home/khaledob/bookros2_ws/install/ros2_control_test_assets:/home/khaledob/bookros2_ws/install/controller_manager_msgs:/opt/ros/foxy LD_LIBRARY_PATH=/home/khaledob/bookros2_ws/install/forward_command_controller/lib:/home/khaledob/bookros2_ws/install/controller_manager/lib:/home/khaledob/bookros2_ws/install/controller_interface/lib:/home/khaledob/bookros2_ws/install/hardware_interface/lib:/home/khaledob/bookros2_ws/install/controller_manager_msgs/lib:${LD_LIBRARY_PATH} PYTHONPATH=/home/khaledob/bookros2_ws/install/controller_manager/lib/python3.8/site-packages:/home/khaledob/bookros2_ws/install/controller_manager_msgs/lib/python3.8/site-packages:${PYTHONPATH} /usr/bin/cmake --build /home/khaledob/bookros2_ws/build/effort_controllers -- -j7 -l7
[2.175s] Invoking command in '/home/khaledob/bookros2_ws/build/effort_controllers': AMENT_PREFIX_PATH=/home/khaledob/bookros2_ws/install/forward_command_controller:/home/khaledob/bookros2_ws/install/controller_manager:/home/khaledob/bookros2_ws/install/controller_interface:/home/khaledob/bookros2_ws/install/hardware_interface:/home/khaledob/bookros2_ws/install/ros2_control_test_assets:/home/khaledob/bookros2_ws/install/controller_manager_msgs:${AMENT_PREFIX_PATH} CMAKE_PREFIX_PATH=/home/khaledob/bookros2_ws/install/forward_command_controller:/home/khaledob/bookros2_ws/install/controller_manager:/home/khaledob/bookros2_ws/install/controller_interface:/home/khaledob/bookros2_ws/install/hardware_interface:/home/khaledob/bookros2_ws/install/ros2_control_test_assets:/home/khaledob/bookros2_ws/install/controller_manager_msgs:/opt/ros/foxy LD_LIBRARY_PATH=/home/khaledob/bookros2_ws/install/forward_command_controller/lib:/home/khaledob/bookros2_ws/install/controller_manager/lib:/home/khaledob/bookros2_ws/install/controller_interface/lib:/home/khaledob/bookros2_ws/install/hardware_interface/lib:/home/khaledob/bookros2_ws/install/controller_manager_msgs/lib:${LD_LIBRARY_PATH} PYTHONPATH=/home/khaledob/bookros2_ws/install/controller_manager/lib/python3.8/site-packages:/home/khaledob/bookros2_ws/install/controller_manager_msgs/lib/python3.8/site-packages:${PYTHONPATH} /usr/bin/cmake --install /home/khaledob/bookros2_ws/build/effort_controllers
[2.235s] -- Install configuration: ""
[2.236s] -- Execute custom install script
[2.237s] -- Up-to-date symlink: /home/khaledob/bookros2_ws/install/effort_controllers/share/effort_controllers//effort_controllers_plugins.xml
[2.238s] -- Up-to-date symlink: /home/khaledob/bookros2_ws/install/effort_controllers/include/effort_controllers/joint_group_effort_controller.hpp
[2.239s] -- Up-to-date symlink: /home/khaledob/bookros2_ws/install/effort_controllers/include/effort_controllers/visibility_control.h
[2.239s] -- Up-to-date symlink: /home/khaledob/bookros2_ws/install/effort_controllers/lib/libeffort_controllers.so
[2.240s] -- Up-to-date symlink: /home/khaledob/bookros2_ws/install/effort_controllers/share/effort_controllers/environment/library_path.sh
[2.241s] -- Up-to-date symlink: /home/khaledob/bookros2_ws/install/effort_controllers/share/effort_controllers/environment/library_path.dsv
[2.241s] -- Up-to-date symlink: /home/khaledob/bookros2_ws/install/effort_controllers/share/ament_index/resource_index/package_run_dependencies/effort_controllers
[2.242s] -- Up-to-date symlink: /home/khaledob/bookros2_ws/install/effort_controllers/share/ament_index/resource_index/parent_prefix_path/effort_controllers
[2.243s] -- Up-to-date symlink: /home/khaledob/bookros2_ws/install/effort_controllers/share/effort_controllers/environment/ament_prefix_path.sh
[2.243s] -- Up-to-date symlink: /home/khaledob/bookros2_ws/install/effort_controllers/share/effort_controllers/environment/ament_prefix_path.dsv
[2.244s] -- Up-to-date symlink: /home/khaledob/bookros2_ws/install/effort_controllers/share/effort_controllers/environment/path.sh
[2.245s] -- Up-to-date symlink: /home/khaledob/bookros2_ws/install/effort_controllers/share/effort_controllers/environment/path.dsv
[2.245s] -- Up-to-date symlink: /home/khaledob/bookros2_ws/install/effort_controllers/share/effort_controllers/local_setup.bash
[2.246s] -- Up-to-date symlink: /home/khaledob/bookros2_ws/install/effort_controllers/share/effort_controllers/local_setup.sh
[2.246s] -- Up-to-date symlink: /home/khaledob/bookros2_ws/install/effort_controllers/share/effort_controllers/local_setup.zsh
[2.247s] -- Up-to-date symlink: /home/khaledob/bookros2_ws/install/effort_controllers/share/effort_controllers/local_setup.dsv
[2.248s] -- Symlinking: /home/khaledob/bookros2_ws/install/effort_controllers/share/effort_controllers/package.dsv
[2.308s] -- Up-to-date symlink: /home/khaledob/bookros2_ws/install/effort_controllers/share/ament_index/resource_index/packages/effort_controllers
[2.308s] -- Up-to-date symlink: /home/khaledob/bookros2_ws/install/effort_controllers/share/ament_index/resource_index/controller_interface__pluginlib__plugin/effort_controllers
[2.308s] -- Up-to-date symlink: /home/khaledob/bookros2_ws/install/effort_controllers/share/effort_controllers/cmake/ament_cmake_export_dependencies-extras.cmake
[2.308s] -- Up-to-date symlink: /home/khaledob/bookros2_ws/install/effort_controllers/share/effort_controllers/cmake/ament_cmake_export_include_directories-extras.cmake
[2.308s] -- Up-to-date symlink: /home/khaledob/bookros2_ws/install/effort_controllers/share/effort_controllers/cmake/ament_cmake_export_libraries-extras.cmake
[2.308s] -- Up-to-date symlink: /home/khaledob/bookros2_ws/install/effort_controllers/share/effort_controllers/cmake/effort_controllersConfig.cmake
[2.309s] -- Up-to-date symlink: /home/khaledob/bookros2_ws/install/effort_controllers/share/effort_controllers/cmake/effort_controllersConfig-version.cmake
[2.309s] -- Up-to-date symlink: /home/khaledob/bookros2_ws/install/effort_controllers/share/effort_controllers/package.xml
[2.431s] Invoked command in '/home/khaledob/bookros2_ws/build/effort_controllers' returned '0': AMENT_PREFIX_PATH=/home/khaledob/bookros2_ws/install/forward_command_controller:/home/khaledob/bookros2_ws/install/controller_manager:/home/khaledob/bookros2_ws/install/controller_interface:/home/khaledob/bookros2_ws/install/hardware_interface:/home/khaledob/bookros2_ws/install/ros2_control_test_assets:/home/khaledob/bookros2_ws/install/controller_manager_msgs:${AMENT_PREFIX_PATH} CMAKE_PREFIX_PATH=/home/khaledob/bookros2_ws/install/forward_command_controller:/home/khaledob/bookros2_ws/install/controller_manager:/home/khaledob/bookros2_ws/install/controller_interface:/home/khaledob/bookros2_ws/install/hardware_interface:/home/khaledob/bookros2_ws/install/ros2_control_test_assets:/home/khaledob/bookros2_ws/install/controller_manager_msgs:/opt/ros/foxy LD_LIBRARY_PATH=/home/khaledob/bookros2_ws/install/forward_command_controller/lib:/home/khaledob/bookros2_ws/install/controller_manager/lib:/home/khaledob/bookros2_ws/install/controller_interface/lib:/home/khaledob/bookros2_ws/install/hardware_interface/lib:/home/khaledob/bookros2_ws/install/controller_manager_msgs/lib:${LD_LIBRARY_PATH} PYTHONPATH=/home/khaledob/bookros2_ws/install/controller_manager/lib/python3.8/site-packages:/home/khaledob/bookros2_ws/install/controller_manager_msgs/lib/python3.8/site-packages:${PYTHONPATH} /usr/bin/cmake --install /home/khaledob/bookros2_ws/build/effort_controllers
