[1.224s] Invoking command in '/home/khaledob/bookros2_ws/build/br2_vff_avoidance': CMAKE_PREFIX_PATH=${CMAKE_PREFIX_PATH}:/home/khaledob/bookros2_ws/install/ros2controlcli:/home/khaledob/bookros2_ws/install/launch_pal:/home/khaledob/bookros2_ws/install/br2_fsm_bumpgo_py:/opt/ros/foxy /usr/bin/cmake --build /home/khaledob/bookros2_ws/build/br2_vff_avoidance -- -j7 -l7
[3.320s] [ 20%] Built target br2_vff_avoidance
[3.380s] [ 40%] Built target gtest_main
[4.701s] [ 60%] Built target avoidance_vff
[5.037s] [ 80%] Built target gtest
[5.273s] [100%] Built target vff_test
[6.156s] Invoked command in '/home/khaledob/bookros2_ws/build/br2_vff_avoidance' returned '0': CMAKE_PREFIX_PATH=${CMAKE_PREFIX_PATH}:/home/khaledob/bookros2_ws/install/ros2controlcli:/home/khaledob/bookros2_ws/install/launch_pal:/home/khaledob/bookros2_ws/install/br2_fsm_bumpgo_py:/opt/ros/foxy /usr/bin/cmake --build /home/khaledob/bookros2_ws/build/br2_vff_avoidance -- -j7 -l7
[6.158s] Invoking command in '/home/khaledob/bookros2_ws/build/br2_vff_avoidance': CMAKE_PREFIX_PATH=${CMAKE_PREFIX_PATH}:/home/khaledob/bookros2_ws/install/ros2controlcli:/home/khaledob/bookros2_ws/install/launch_pal:/home/khaledob/bookros2_ws/install/br2_fsm_bumpgo_py:/opt/ros/foxy /usr/bin/cmake --install /home/khaledob/bookros2_ws/build/br2_vff_avoidance
[6.407s] -- Install configuration: "Debug"
[6.408s] -- Execute custom install script
[6.408s] -- Up-to-date symlink: /home/khaledob/bookros2_ws/install/br2_vff_avoidance/lib/libbr2_vff_avoidance.so
[6.408s] -- Up-to-date symlink: /home/khaledob/bookros2_ws/install/br2_vff_avoidance/lib/br2_vff_avoidance/avoidance_vff
[6.408s] -- Up-to-date symlink: /home/khaledob/bookros2_ws/install/br2_vff_avoidance/share/br2_vff_avoidance/launch/avoidance_vff.launch.py
[6.408s] -- Up-to-date symlink: /home/khaledob/bookros2_ws/install/br2_vff_avoidance/share/ament_index/resource_index/package_run_dependencies/br2_vff_avoidance
[6.408s] -- Up-to-date symlink: /home/khaledob/bookros2_ws/install/br2_vff_avoidance/share/ament_index/resource_index/parent_prefix_path/br2_vff_avoidance
[6.408s] -- Up-to-date symlink: /home/khaledob/bookros2_ws/install/br2_vff_avoidance/share/br2_vff_avoidance/environment/ament_prefix_path.sh
[6.409s] -- Up-to-date symlink: /home/khaledob/bookros2_ws/install/br2_vff_avoidance/share/br2_vff_avoidance/environment/ament_prefix_path.dsv
[6.409s] -- Up-to-date symlink: /home/khaledob/bookros2_ws/install/br2_vff_avoidance/share/br2_vff_avoidance/environment/path.sh
[6.409s] -- Up-to-date symlink: /home/khaledob/bookros2_ws/install/br2_vff_avoidance/share/br2_vff_avoidance/environment/path.dsv
[6.409s] -- Up-to-date symlink: /home/khaledob/bookros2_ws/install/br2_vff_avoidance/share/br2_vff_avoidance/local_setup.bash
[6.409s] -- Up-to-date symlink: /home/khaledob/bookros2_ws/install/br2_vff_avoidance/share/br2_vff_avoidance/local_setup.sh
[6.409s] -- Up-to-date symlink: /home/khaledob/bookros2_ws/install/br2_vff_avoidance/share/br2_vff_avoidance/local_setup.zsh
[6.409s] -- Up-to-date symlink: /home/khaledob/bookros2_ws/install/br2_vff_avoidance/share/br2_vff_avoidance/local_setup.dsv
[6.409s] -- Symlinking: /home/khaledob/bookros2_ws/install/br2_vff_avoidance/share/br2_vff_avoidance/package.dsv
[6.409s] -- Up-to-date symlink: /home/khaledob/bookros2_ws/install/br2_vff_avoidance/share/ament_index/resource_index/packages/br2_vff_avoidance
[6.410s] -- Up-to-date symlink: /home/khaledob/bookros2_ws/install/br2_vff_avoidance/share/br2_vff_avoidance/cmake/ament_cmake_export_dependencies-extras.cmake
[6.410s] -- Up-to-date symlink: /home/khaledob/bookros2_ws/install/br2_vff_avoidance/share/br2_vff_avoidance/cmake/br2_vff_avoidanceConfig.cmake
[6.410s] -- Up-to-date symlink: /home/khaledob/bookros2_ws/install/br2_vff_avoidance/share/br2_vff_avoidance/cmake/br2_vff_avoidanceConfig-version.cmake
[6.410s] -- Up-to-date symlink: /home/khaledob/bookros2_ws/install/br2_vff_avoidance/share/br2_vff_avoidance/package.xml
[6.903s] Invoked command in '/home/khaledob/bookros2_ws/build/br2_vff_avoidance' returned '0': CMAKE_PREFIX_PATH=${CMAKE_PREFIX_PATH}:/home/khaledob/bookros2_ws/install/ros2controlcli:/home/khaledob/bookros2_ws/install/launch_pal:/home/khaledob/bookros2_ws/install/br2_fsm_bumpgo_py:/opt/ros/foxy /usr/bin/cmake --install /home/khaledob/bookros2_ws/build/br2_vff_avoidance
