[0.346s] Invoking command in '/home/khaledob/bookros2_ws/build/br2_tracking_msgs': CMAKE_PREFIX_PATH=/opt/ros/foxy /usr/bin/cmake --build /home/khaledob/bookros2_ws/build/br2_tracking_msgs -- -j7 -l7
[0.824s] [  9%] Built target br2_tracking_msgs__rosidl_generator_c
[0.837s] [ 12%] Built target br2_tracking_msgs__cpp
[0.886s] [ 22%] Built target br2_tracking_msgs__rosidl_typesupport_c
[0.903s] [ 32%] Built target br2_tracking_msgs__rosidl_typesupport_introspection_c
[0.909s] [ 41%] Built target br2_tracking_msgs__rosidl_typesupport_introspection_cpp
[0.916s] [ 51%] Built target br2_tracking_msgs__rosidl_typesupport_cpp
[0.923s] [ 61%] Built target br2_tracking_msgs__rosidl_typesupport_fastrtps_cpp
[0.964s] [ 70%] Built target br2_tracking_msgs__rosidl_typesupport_fastrtps_c
[0.965s] [ 70%] Built target br2_tracking_msgs
[0.975s] [ 74%] Built target br2_tracking_msgs__py
[1.003s] [ 80%] Built target br2_tracking_msgs__python
[1.101s] [ 93%] Built target br2_tracking_msgs__rosidl_typesupport_introspection_c__pyext
[1.125s] [ 93%] Built target br2_tracking_msgs__rosidl_typesupport_c__pyext
[1.139s] [100%] Built target br2_tracking_msgs__rosidl_typesupport_fastrtps_c__pyext
[1.336s] Invoked command in '/home/khaledob/bookros2_ws/build/br2_tracking_msgs' returned '0': CMAKE_PREFIX_PATH=/opt/ros/foxy /usr/bin/cmake --build /home/khaledob/bookros2_ws/build/br2_tracking_msgs -- -j7 -l7
[1.338s] Invoking command in '/home/khaledob/bookros2_ws/build/br2_tracking_msgs': CMAKE_PREFIX_PATH=/opt/ros/foxy /usr/bin/cmake --install /home/khaledob/bookros2_ws/build/br2_tracking_msgs
[1.506s] -- Install configuration: ""
[1.507s] -- Execute custom install script
[1.509s] -- Up-to-date symlink: /home/khaledob/bookros2_ws/install/br2_tracking_msgs/share/ament_index/resource_index/rosidl_interfaces/br2_tracking_msgs
[1.518s] -- Up-to-date symlink: /home/khaledob/bookros2_ws/install/br2_tracking_msgs/include/br2_tracking_msgs/msg/detail/pan_tilt_command__functions.h
[1.532s] -- Up-to-date symlink: /home/khaledob/bookros2_ws/install/br2_tracking_msgs/include/br2_tracking_msgs/msg/detail/pan_tilt_command__struct.h
[1.533s] -- Up-to-date symlink: /home/khaledob/bookros2_ws/install/br2_tracking_msgs/include/br2_tracking_msgs/msg/detail/pan_tilt_command__type_support.h
[1.535s] -- Up-to-date symlink: /home/khaledob/bookros2_ws/install/br2_tracking_msgs/include/br2_tracking_msgs/msg/pan_tilt_command.h
[1.536s] -- Up-to-date symlink: /home/khaledob/bookros2_ws/install/br2_tracking_msgs/include/br2_tracking_msgs/msg/rosidl_generator_c__visibility_control.h
[1.536s] -- Up-to-date symlink: /home/khaledob/bookros2_ws/install/br2_tracking_msgs/share/br2_tracking_msgs/environment/library_path.sh
[1.538s] -- Up-to-date symlink: /home/khaledob/bookros2_ws/install/br2_tracking_msgs/share/br2_tracking_msgs/environment/library_path.dsv
[1.550s] -- Up-to-date symlink: /home/khaledob/bookros2_ws/install/br2_tracking_msgs/include/br2_tracking_msgs/msg/detail/pan_tilt_command__rosidl_typesupport_fastrtps_c.h
[1.551s] -- Up-to-date symlink: /home/khaledob/bookros2_ws/install/br2_tracking_msgs/include/br2_tracking_msgs/msg/rosidl_typesupport_fastrtps_c__visibility_control.h
[1.552s] -- Up-to-date symlink: /home/khaledob/bookros2_ws/install/br2_tracking_msgs/lib/libbr2_tracking_msgs__rosidl_typesupport_fastrtps_c.so
[1.552s] -- Up-to-date symlink: /home/khaledob/bookros2_ws/install/br2_tracking_msgs/include/br2_tracking_msgs/msg/detail/pan_tilt_command__rosidl_typesupport_fastrtps_cpp.hpp
[1.553s] -- Up-to-date symlink: /home/khaledob/bookros2_ws/install/br2_tracking_msgs/include/br2_tracking_msgs/msg/rosidl_typesupport_fastrtps_cpp__visibility_control.h
[1.554s] -- Up-to-date symlink: /home/khaledob/bookros2_ws/install/br2_tracking_msgs/lib/libbr2_tracking_msgs__rosidl_typesupport_fastrtps_cpp.so
[1.554s] -- Up-to-date symlink: /home/khaledob/bookros2_ws/install/br2_tracking_msgs/include/br2_tracking_msgs/msg/detail/pan_tilt_command__rosidl_typesupport_introspection_c.h
[1.554s] -- Up-to-date symlink: /home/khaledob/bookros2_ws/install/br2_tracking_msgs/include/br2_tracking_msgs/msg/rosidl_typesupport_introspection_c__visibility_control.h
[1.555s] -- Up-to-date symlink: /home/khaledob/bookros2_ws/install/br2_tracking_msgs/include/br2_tracking_msgs/msg/detail/pan_tilt_command__builder.hpp
[1.564s] -- Up-to-date symlink: /home/khaledob/bookros2_ws/install/br2_tracking_msgs/include/br2_tracking_msgs/msg/detail/pan_tilt_command__struct.hpp
[1.564s] -- Up-to-date symlink: /home/khaledob/bookros2_ws/install/br2_tracking_msgs/include/br2_tracking_msgs/msg/detail/pan_tilt_command__traits.hpp
[1.565s] -- Up-to-date symlink: /home/khaledob/bookros2_ws/install/br2_tracking_msgs/include/br2_tracking_msgs/msg/detail/pan_tilt_command__type_support.hpp
[1.566s] -- Up-to-date symlink: /home/khaledob/bookros2_ws/install/br2_tracking_msgs/include/br2_tracking_msgs/msg/pan_tilt_command.hpp
[1.567s] -- Up-to-date symlink: /home/khaledob/bookros2_ws/install/br2_tracking_msgs/include/br2_tracking_msgs/msg/rosidl_generator_cpp__visibility_control.hpp
[1.568s] -- Up-to-date symlink: /home/khaledob/bookros2_ws/install/br2_tracking_msgs/include/br2_tracking_msgs/msg/detail/pan_tilt_command__rosidl_typesupport_introspection_cpp.hpp
[1.568s] -- Up-to-date symlink: /home/khaledob/bookros2_ws/install/br2_tracking_msgs/share/br2_tracking_msgs/environment/pythonpath.sh
[1.571s] -- Up-to-date symlink: /home/khaledob/bookros2_ws/install/br2_tracking_msgs/share/br2_tracking_msgs/environment/pythonpath.dsv
[1.571s] -- Up-to-date symlink: /home/khaledob/bookros2_ws/install/br2_tracking_msgs/lib/python3.8/site-packages/br2_tracking_msgs/__init__.py
[1.572s] -- Up-to-date symlink: /home/khaledob/bookros2_ws/install/br2_tracking_msgs/lib/python3.8/site-packages/br2_tracking_msgs/msg/__init__.py
[1.572s] -- Up-to-date symlink: /home/khaledob/bookros2_ws/install/br2_tracking_msgs/lib/python3.8/site-packages/br2_tracking_msgs/msg/_pan_tilt_command.py
[1.573s] -- Up-to-date symlink: /home/khaledob/bookros2_ws/install/br2_tracking_msgs/lib/python3.8/site-packages/br2_tracking_msgs/br2_tracking_msgs_s__rosidl_typesupport_fastrtps_c.cpython-38-x86_64-linux-gnu.so
[1.573s] -- Up-to-date symlink: /home/khaledob/bookros2_ws/install/br2_tracking_msgs/lib/python3.8/site-packages/br2_tracking_msgs/br2_tracking_msgs_s__rosidl_typesupport_introspection_c.cpython-38-x86_64-linux-gnu.so
[1.574s] -- Up-to-date symlink: /home/khaledob/bookros2_ws/install/br2_tracking_msgs/lib/python3.8/site-packages/br2_tracking_msgs/br2_tracking_msgs_s__rosidl_typesupport_c.cpython-38-x86_64-linux-gnu.so
[1.574s] -- Up-to-date symlink: /home/khaledob/bookros2_ws/install/br2_tracking_msgs/lib/libbr2_tracking_msgs__python.so
[1.575s] -- Up-to-date symlink: /home/khaledob/bookros2_ws/install/br2_tracking_msgs/share/br2_tracking_msgs/msg/PanTiltCommand.idl
[1.576s] -- Up-to-date symlink: /home/khaledob/bookros2_ws/install/br2_tracking_msgs/share/br2_tracking_msgs/msg/PanTiltCommand.msg
[1.577s] -- Up-to-date symlink: /home/khaledob/bookros2_ws/install/br2_tracking_msgs/share/ament_index/resource_index/package_run_dependencies/br2_tracking_msgs
[1.579s] -- Up-to-date symlink: /home/khaledob/bookros2_ws/install/br2_tracking_msgs/share/ament_index/resource_index/parent_prefix_path/br2_tracking_msgs
[1.580s] -- Up-to-date symlink: /home/khaledob/bookros2_ws/install/br2_tracking_msgs/share/br2_tracking_msgs/environment/ament_prefix_path.sh
[1.580s] -- Up-to-date symlink: /home/khaledob/bookros2_ws/install/br2_tracking_msgs/share/br2_tracking_msgs/environment/ament_prefix_path.dsv
[1.581s] -- Up-to-date symlink: /home/khaledob/bookros2_ws/install/br2_tracking_msgs/share/br2_tracking_msgs/environment/path.sh
[1.581s] -- Up-to-date symlink: /home/khaledob/bookros2_ws/install/br2_tracking_msgs/share/br2_tracking_msgs/environment/path.dsv
[1.581s] -- Up-to-date symlink: /home/khaledob/bookros2_ws/install/br2_tracking_msgs/share/br2_tracking_msgs/local_setup.bash
[1.581s] -- Up-to-date symlink: /home/khaledob/bookros2_ws/install/br2_tracking_msgs/share/br2_tracking_msgs/local_setup.sh
[1.582s] -- Up-to-date symlink: /home/khaledob/bookros2_ws/install/br2_tracking_msgs/share/br2_tracking_msgs/local_setup.zsh
[1.582s] -- Up-to-date symlink: /home/khaledob/bookros2_ws/install/br2_tracking_msgs/share/br2_tracking_msgs/local_setup.dsv
[1.582s] -- Symlinking: /home/khaledob/bookros2_ws/install/br2_tracking_msgs/share/br2_tracking_msgs/package.dsv
[1.583s] -- Up-to-date symlink: /home/khaledob/bookros2_ws/install/br2_tracking_msgs/share/ament_index/resource_index/packages/br2_tracking_msgs
[1.583s] -- Up-to-date symlink: /home/khaledob/bookros2_ws/install/br2_tracking_msgs/share/br2_tracking_msgs/cmake/rosidl_cmake-extras.cmake
[1.583s] -- Up-to-date symlink: /home/khaledob/bookros2_ws/install/br2_tracking_msgs/share/br2_tracking_msgs/cmake/ament_cmake_export_dependencies-extras.cmake
[1.583s] -- Up-to-date symlink: /home/khaledob/bookros2_ws/install/br2_tracking_msgs/share/br2_tracking_msgs/cmake/ament_cmake_export_libraries-extras.cmake
[1.584s] -- Up-to-date symlink: /home/khaledob/bookros2_ws/install/br2_tracking_msgs/share/br2_tracking_msgs/cmake/ament_cmake_export_targets-extras.cmake
[1.584s] -- Up-to-date symlink: /home/khaledob/bookros2_ws/install/br2_tracking_msgs/share/br2_tracking_msgs/cmake/ament_cmake_export_include_directories-extras.cmake
[1.584s] -- Up-to-date symlink: /home/khaledob/bookros2_ws/install/br2_tracking_msgs/share/br2_tracking_msgs/cmake/rosidl_cmake_export_typesupport_libraries-extras.cmake
[1.584s] -- Up-to-date symlink: /home/khaledob/bookros2_ws/install/br2_tracking_msgs/share/br2_tracking_msgs/cmake/rosidl_cmake_export_typesupport_targets-extras.cmake
[1.585s] -- Up-to-date symlink: /home/khaledob/bookros2_ws/install/br2_tracking_msgs/share/br2_tracking_msgs/cmake/br2_tracking_msgsConfig.cmake
[1.585s] -- Up-to-date symlink: /home/khaledob/bookros2_ws/install/br2_tracking_msgs/share/br2_tracking_msgs/cmake/br2_tracking_msgsConfig-version.cmake
[1.585s] -- Up-to-date symlink: /home/khaledob/bookros2_ws/install/br2_tracking_msgs/share/br2_tracking_msgs/package.xml
[1.587s] -- Up-to-date: /home/khaledob/bookros2_ws/install/br2_tracking_msgs/lib/libbr2_tracking_msgs__rosidl_generator_c.so
[1.590s] -- Up-to-date: /home/khaledob/bookros2_ws/install/br2_tracking_msgs/lib/libbr2_tracking_msgs__rosidl_typesupport_introspection_c.so
[1.599s] -- Up-to-date: /home/khaledob/bookros2_ws/install/br2_tracking_msgs/lib/libbr2_tracking_msgs__rosidl_typesupport_c.so
[1.599s] -- Up-to-date: /home/khaledob/bookros2_ws/install/br2_tracking_msgs/lib/libbr2_tracking_msgs__rosidl_typesupport_introspection_cpp.so
[1.599s] -- Up-to-date: /home/khaledob/bookros2_ws/install/br2_tracking_msgs/lib/libbr2_tracking_msgs__rosidl_typesupport_cpp.so
[1.641s] -- Up-to-date: /home/khaledob/bookros2_ws/install/br2_tracking_msgs/share/br2_tracking_msgs/cmake/br2_tracking_msgs__rosidl_generator_cExport.cmake
[1.641s] -- Up-to-date: /home/khaledob/bookros2_ws/install/br2_tracking_msgs/share/br2_tracking_msgs/cmake/br2_tracking_msgs__rosidl_generator_cExport-noconfig.cmake
[1.646s] -- Up-to-date: /home/khaledob/bookros2_ws/install/br2_tracking_msgs/share/br2_tracking_msgs/cmake/br2_tracking_msgs__rosidl_typesupport_introspection_cExport.cmake
[1.647s] -- Up-to-date: /home/khaledob/bookros2_ws/install/br2_tracking_msgs/share/br2_tracking_msgs/cmake/br2_tracking_msgs__rosidl_typesupport_introspection_cExport-noconfig.cmake
[1.648s] -- Up-to-date: /home/khaledob/bookros2_ws/install/br2_tracking_msgs/share/br2_tracking_msgs/cmake/br2_tracking_msgs__rosidl_typesupport_cExport.cmake
[1.650s] -- Up-to-date: /home/khaledob/bookros2_ws/install/br2_tracking_msgs/share/br2_tracking_msgs/cmake/br2_tracking_msgs__rosidl_typesupport_cExport-noconfig.cmake
[1.651s] -- Up-to-date: /home/khaledob/bookros2_ws/install/br2_tracking_msgs/share/br2_tracking_msgs/cmake/br2_tracking_msgs__rosidl_generator_cppExport.cmake
[1.651s] -- Up-to-date: /home/khaledob/bookros2_ws/install/br2_tracking_msgs/share/br2_tracking_msgs/cmake/br2_tracking_msgs__rosidl_typesupport_introspection_cppExport.cmake
[1.651s] -- Up-to-date: /home/khaledob/bookros2_ws/install/br2_tracking_msgs/share/br2_tracking_msgs/cmake/br2_tracking_msgs__rosidl_typesupport_introspection_cppExport-noconfig.cmake
[1.651s] -- Up-to-date: /home/khaledob/bookros2_ws/install/br2_tracking_msgs/share/br2_tracking_msgs/cmake/br2_tracking_msgs__rosidl_typesupport_cppExport.cmake
[1.651s] -- Up-to-date: /home/khaledob/bookros2_ws/install/br2_tracking_msgs/share/br2_tracking_msgs/cmake/br2_tracking_msgs__rosidl_typesupport_cppExport-noconfig.cmake
[1.873s] Invoked command in '/home/khaledob/bookros2_ws/build/br2_tracking_msgs' returned '0': CMAKE_PREFIX_PATH=/opt/ros/foxy /usr/bin/cmake --install /home/khaledob/bookros2_ws/build/br2_tracking_msgs
