[0.422s] Invoking command in '/home/khaledob/bookros2_ws/build/br2_vff_avoidance': CMAKE_PREFIX_PATH=/opt/ros/foxy /usr/bin/cmake --build /home/khaledob/bookros2_ws/build/br2_vff_avoidance -- -j6 -l6
[1.119s] [ 20%] Built target br2_vff_avoidance
[1.374s] [ 40%] Built target gtest_main
[1.672s] [ 60%] Built target avoidance_vff
[1.926s] [ 80%] Built target gtest
[2.141s] [100%] Built target vff_test
[2.410s] Invoked command in '/home/khaledob/bookros2_ws/build/br2_vff_avoidance' returned '0': CMAKE_PREFIX_PATH=/opt/ros/foxy /usr/bin/cmake --build /home/khaledob/bookros2_ws/build/br2_vff_avoidance -- -j6 -l6
[2.493s] Invoking command in '/home/khaledob/bookros2_ws/build/br2_vff_avoidance': CMAKE_PREFIX_PATH=/opt/ros/foxy /usr/bin/cmake --install /home/khaledob/bookros2_ws/build/br2_vff_avoidance
[2.544s] -- Install configuration: "Debug"
[2.549s] -- Execute custom install script
[2.569s] -- Up-to-date symlink: /home/khaledob/bookros2_ws/install/br2_vff_avoidance/lib/libbr2_vff_avoidance.so
[2.569s] -- Up-to-date symlink: /home/khaledob/bookros2_ws/install/br2_vff_avoidance/lib/br2_vff_avoidance/avoidance_vff
[2.570s] -- Up-to-date symlink: /home/khaledob/bookros2_ws/install/br2_vff_avoidance/share/br2_vff_avoidance/launch/avoidance_vff.launch.py
[2.571s] -- Up-to-date symlink: /home/khaledob/bookros2_ws/install/br2_vff_avoidance/share/ament_index/resource_index/package_run_dependencies/br2_vff_avoidance
[2.573s] -- Up-to-date symlink: /home/khaledob/bookros2_ws/install/br2_vff_avoidance/share/ament_index/resource_index/parent_prefix_path/br2_vff_avoidance
[2.574s] -- Up-to-date symlink: /home/khaledob/bookros2_ws/install/br2_vff_avoidance/share/br2_vff_avoidance/environment/ament_prefix_path.sh
[2.582s] -- Up-to-date symlink: /home/khaledob/bookros2_ws/install/br2_vff_avoidance/share/br2_vff_avoidance/environment/ament_prefix_path.dsv
[2.582s] -- Up-to-date symlink: /home/khaledob/bookros2_ws/install/br2_vff_avoidance/share/br2_vff_avoidance/environment/path.sh
[2.602s] -- Up-to-date symlink: /home/khaledob/bookros2_ws/install/br2_vff_avoidance/share/br2_vff_avoidance/environment/path.dsv
[2.604s] -- Up-to-date symlink: /home/khaledob/bookros2_ws/install/br2_vff_avoidance/share/br2_vff_avoidance/local_setup.bash
[2.605s] -- Up-to-date symlink: /home/khaledob/bookros2_ws/install/br2_vff_avoidance/share/br2_vff_avoidance/local_setup.sh
[2.605s] -- Up-to-date symlink: /home/khaledob/bookros2_ws/install/br2_vff_avoidance/share/br2_vff_avoidance/local_setup.zsh
[2.623s] -- Up-to-date symlink: /home/khaledob/bookros2_ws/install/br2_vff_avoidance/share/br2_vff_avoidance/local_setup.dsv
[2.626s] -- Symlinking: /home/khaledob/bookros2_ws/install/br2_vff_avoidance/share/br2_vff_avoidance/package.dsv
[2.664s] -- Up-to-date symlink: /home/khaledob/bookros2_ws/install/br2_vff_avoidance/share/ament_index/resource_index/packages/br2_vff_avoidance
[2.669s] -- Up-to-date symlink: /home/khaledob/bookros2_ws/install/br2_vff_avoidance/share/br2_vff_avoidance/cmake/ament_cmake_export_dependencies-extras.cmake
[2.669s] -- Up-to-date symlink: /home/khaledob/bookros2_ws/install/br2_vff_avoidance/share/br2_vff_avoidance/cmake/br2_vff_avoidanceConfig.cmake
[2.671s] -- Up-to-date symlink: /home/khaledob/bookros2_ws/install/br2_vff_avoidance/share/br2_vff_avoidance/cmake/br2_vff_avoidanceConfig-version.cmake
[2.671s] -- Up-to-date symlink: /home/khaledob/bookros2_ws/install/br2_vff_avoidance/share/br2_vff_avoidance/package.xml
[2.742s] Invoked command in '/home/khaledob/bookros2_ws/build/br2_vff_avoidance' returned '0': CMAKE_PREFIX_PATH=/opt/ros/foxy /usr/bin/cmake --install /home/khaledob/bookros2_ws/build/br2_vff_avoidance
