[0.505s] Invoking command in '/home/khaledob/bookros2_ws/build/br2_tiago': CMAKE_PREFIX_PATH=${CMAKE_PREFIX_PATH}:/home/khaledob/bookros2_ws/install/ros2controlcli:/home/khaledob/bookros2_ws/install/launch_pal:/home/khaledob/bookros2_ws/install/br2_fsm_bumpgo_py:/opt/ros/foxy /usr/bin/cmake --build /home/khaledob/bookros2_ws/build/br2_tiago -- -j7 -l7
[1.258s] Invoked command in '/home/khaledob/bookros2_ws/build/br2_tiago' returned '0': CMAKE_PREFIX_PATH=${CMAKE_PREFIX_PATH}:/home/khaledob/bookros2_ws/install/ros2controlcli:/home/khaledob/bookros2_ws/install/launch_pal:/home/khaledob/bookros2_ws/install/br2_fsm_bumpgo_py:/opt/ros/foxy /usr/bin/cmake --build /home/khaledob/bookros2_ws/build/br2_tiago -- -j7 -l7
[1.260s] Invoking command in '/home/khaledob/bookros2_ws/build/br2_tiago': CMAKE_PREFIX_PATH=${CMAKE_PREFIX_PATH}:/home/khaledob/bookros2_ws/install/ros2controlcli:/home/khaledob/bookros2_ws/install/launch_pal:/home/khaledob/bookros2_ws/install/br2_fsm_bumpgo_py:/opt/ros/foxy /usr/bin/cmake --install /home/khaledob/bookros2_ws/build/br2_tiago
[1.383s] -- Install configuration: ""
[1.386s] -- Execute custom install script
[1.387s] -- Up-to-date symlink: /home/khaledob/bookros2_ws/install/br2_tiago/share/br2_tiago/launch/sim.launch.py
[1.387s] -- Up-to-date symlink: /home/khaledob/bookros2_ws/install/br2_tiago/share/ament_index/resource_index/package_run_dependencies/br2_tiago
[1.393s] -- Up-to-date symlink: /home/khaledob/bookros2_ws/install/br2_tiago/share/ament_index/resource_index/parent_prefix_path/br2_tiago
[1.394s] -- Up-to-date symlink: /home/khaledob/bookros2_ws/install/br2_tiago/share/br2_tiago/environment/ament_prefix_path.sh
[1.394s] -- Up-to-date symlink: /home/khaledob/bookros2_ws/install/br2_tiago/share/br2_tiago/environment/ament_prefix_path.dsv
[1.394s] -- Up-to-date symlink: /home/khaledob/bookros2_ws/install/br2_tiago/share/br2_tiago/environment/path.sh
[1.395s] -- Up-to-date symlink: /home/khaledob/bookros2_ws/install/br2_tiago/share/br2_tiago/environment/path.dsv
[1.404s] -- Up-to-date symlink: /home/khaledob/bookros2_ws/install/br2_tiago/share/br2_tiago/local_setup.bash
[1.404s] -- Up-to-date symlink: /home/khaledob/bookros2_ws/install/br2_tiago/share/br2_tiago/local_setup.sh
[1.405s] -- Up-to-date symlink: /home/khaledob/bookros2_ws/install/br2_tiago/share/br2_tiago/local_setup.zsh
[1.405s] -- Up-to-date symlink: /home/khaledob/bookros2_ws/install/br2_tiago/share/br2_tiago/local_setup.dsv
[1.405s] -- Symlinking: /home/khaledob/bookros2_ws/install/br2_tiago/share/br2_tiago/package.dsv
[1.428s] -- Up-to-date symlink: /home/khaledob/bookros2_ws/install/br2_tiago/share/ament_index/resource_index/packages/br2_tiago
[1.428s] -- Up-to-date symlink: /home/khaledob/bookros2_ws/install/br2_tiago/share/br2_tiago/cmake/br2_tiagoConfig.cmake
[1.429s] -- Up-to-date symlink: /home/khaledob/bookros2_ws/install/br2_tiago/share/br2_tiago/cmake/br2_tiagoConfig-version.cmake
[1.434s] -- Up-to-date symlink: /home/khaledob/bookros2_ws/install/br2_tiago/share/br2_tiago/package.xml
[1.565s] Invoked command in '/home/khaledob/bookros2_ws/build/br2_tiago' returned '0': CMAKE_PREFIX_PATH=${CMAKE_PREFIX_PATH}:/home/khaledob/bookros2_ws/install/ros2controlcli:/home/khaledob/bookros2_ws/install/launch_pal:/home/khaledob/bookros2_ws/install/br2_fsm_bumpgo_py:/opt/ros/foxy /usr/bin/cmake --install /home/khaledob/bookros2_ws/build/br2_tiago
