[0.228s] Invoking command in '/home/khaledob/bookros2_ws/build/controller_manager_msgs': CMAKE_PREFIX_PATH=/opt/ros/foxy /usr/bin/cmake --build /home/khaledob/bookros2_ws/build/controller_manager_msgs -- -j7 -l7
[0.680s] [  0%] Built target controller_manager_msgs__cpp
[0.681s] [ 12%] Built target controller_manager_msgs__rosidl_generator_c
[0.681s] [ 24%] Built target controller_manager_msgs__rosidl_typesupport_cpp
[0.681s] [ 36%] Built target controller_manager_msgs__rosidl_typesupport_introspection_cpp
[0.681s] [ 48%] Built target controller_manager_msgs__rosidl_typesupport_fastrtps_cpp
[0.681s] [ 60%] Built target controller_manager_msgs__rosidl_typesupport_introspection_c
[0.681s] [ 72%] Built target controller_manager_msgs__rosidl_typesupport_c
[0.681s] [ 84%] Built target controller_manager_msgs__rosidl_typesupport_fastrtps_c
[0.682s] [ 84%] Built target controller_manager_msgs
[0.682s] [ 85%] Built target controller_manager_msgs__py
[0.682s] [ 96%] Built target controller_manager_msgs__python
[0.739s] [ 97%] Built target controller_manager_msgs__rosidl_typesupport_c__pyext
[0.763s] [ 98%] Built target controller_manager_msgs__rosidl_typesupport_fastrtps_c__pyext
[0.765s] [100%] Built target controller_manager_msgs__rosidl_typesupport_introspection_c__pyext
[0.919s] Invoked command in '/home/khaledob/bookros2_ws/build/controller_manager_msgs' returned '0': CMAKE_PREFIX_PATH=/opt/ros/foxy /usr/bin/cmake --build /home/khaledob/bookros2_ws/build/controller_manager_msgs -- -j7 -l7
[0.920s] Invoking command in '/home/khaledob/bookros2_ws/build/controller_manager_msgs': CMAKE_PREFIX_PATH=/opt/ros/foxy /usr/bin/cmake --install /home/khaledob/bookros2_ws/build/controller_manager_msgs
[1.062s] -- Install configuration: ""
[1.062s] -- Execute custom install script
[1.063s] -- Up-to-date symlink: /home/khaledob/bookros2_ws/install/controller_manager_msgs/share/ament_index/resource_index/rosidl_interfaces/controller_manager_msgs
[1.063s] -- Up-to-date symlink: /home/khaledob/bookros2_ws/install/controller_manager_msgs/include/controller_manager_msgs/msg/controller_state.h
[1.063s] -- Up-to-date symlink: /home/khaledob/bookros2_ws/install/controller_manager_msgs/include/controller_manager_msgs/msg/detail/controller_state__functions.h
[1.063s] -- Up-to-date symlink: /home/khaledob/bookros2_ws/install/controller_manager_msgs/include/controller_manager_msgs/msg/detail/controller_state__struct.h
[1.063s] -- Up-to-date symlink: /home/khaledob/bookros2_ws/install/controller_manager_msgs/include/controller_manager_msgs/msg/detail/controller_state__type_support.h
[1.063s] -- Up-to-date symlink: /home/khaledob/bookros2_ws/install/controller_manager_msgs/include/controller_manager_msgs/msg/detail/hardware_interface__functions.h
[1.064s] -- Up-to-date symlink: /home/khaledob/bookros2_ws/install/controller_manager_msgs/include/controller_manager_msgs/msg/detail/hardware_interface__struct.h
[1.064s] -- Up-to-date symlink: /home/khaledob/bookros2_ws/install/controller_manager_msgs/include/controller_manager_msgs/msg/detail/hardware_interface__type_support.h
[1.064s] -- Up-to-date symlink: /home/khaledob/bookros2_ws/install/controller_manager_msgs/include/controller_manager_msgs/msg/hardware_interface.h
[1.065s] -- Up-to-date symlink: /home/khaledob/bookros2_ws/install/controller_manager_msgs/include/controller_manager_msgs/msg/rosidl_generator_c__visibility_control.h
[1.065s] -- Up-to-date symlink: /home/khaledob/bookros2_ws/install/controller_manager_msgs/include/controller_manager_msgs/srv/configure_controller.h
[1.065s] -- Up-to-date symlink: /home/khaledob/bookros2_ws/install/controller_manager_msgs/include/controller_manager_msgs/srv/configure_start_controller.h
[1.065s] -- Up-to-date symlink: /home/khaledob/bookros2_ws/install/controller_manager_msgs/include/controller_manager_msgs/srv/detail/configure_controller__functions.h
[1.066s] -- Up-to-date symlink: /home/khaledob/bookros2_ws/install/controller_manager_msgs/include/controller_manager_msgs/srv/detail/configure_controller__struct.h
[1.066s] -- Up-to-date symlink: /home/khaledob/bookros2_ws/install/controller_manager_msgs/include/controller_manager_msgs/srv/detail/configure_controller__type_support.h
[1.066s] -- Up-to-date symlink: /home/khaledob/bookros2_ws/install/controller_manager_msgs/include/controller_manager_msgs/srv/detail/configure_start_controller__functions.h
[1.066s] -- Up-to-date symlink: /home/khaledob/bookros2_ws/install/controller_manager_msgs/include/controller_manager_msgs/srv/detail/configure_start_controller__struct.h
[1.066s] -- Up-to-date symlink: /home/khaledob/bookros2_ws/install/controller_manager_msgs/include/controller_manager_msgs/srv/detail/configure_start_controller__type_support.h
[1.067s] -- Up-to-date symlink: /home/khaledob/bookros2_ws/install/controller_manager_msgs/include/controller_manager_msgs/srv/detail/list_controller_types__functions.h
[1.067s] -- Up-to-date symlink: /home/khaledob/bookros2_ws/install/controller_manager_msgs/include/controller_manager_msgs/srv/detail/list_controller_types__struct.h
[1.068s] -- Up-to-date symlink: /home/khaledob/bookros2_ws/install/controller_manager_msgs/include/controller_manager_msgs/srv/detail/list_controller_types__type_support.h
[1.068s] -- Up-to-date symlink: /home/khaledob/bookros2_ws/install/controller_manager_msgs/include/controller_manager_msgs/srv/detail/list_controllers__functions.h
[1.068s] -- Up-to-date symlink: /home/khaledob/bookros2_ws/install/controller_manager_msgs/include/controller_manager_msgs/srv/detail/list_controllers__struct.h
[1.069s] -- Up-to-date symlink: /home/khaledob/bookros2_ws/install/controller_manager_msgs/include/controller_manager_msgs/srv/detail/list_controllers__type_support.h
[1.069s] -- Up-to-date symlink: /home/khaledob/bookros2_ws/install/controller_manager_msgs/include/controller_manager_msgs/srv/detail/list_hardware_interfaces__functions.h
[1.069s] -- Up-to-date symlink: /home/khaledob/bookros2_ws/install/controller_manager_msgs/include/controller_manager_msgs/srv/detail/list_hardware_interfaces__struct.h
[1.070s] -- Up-to-date symlink: /home/khaledob/bookros2_ws/install/controller_manager_msgs/include/controller_manager_msgs/srv/detail/list_hardware_interfaces__type_support.h
[1.070s] -- Up-to-date symlink: /home/khaledob/bookros2_ws/install/controller_manager_msgs/include/controller_manager_msgs/srv/detail/load_configure_controller__functions.h
[1.071s] -- Up-to-date symlink: /home/khaledob/bookros2_ws/install/controller_manager_msgs/include/controller_manager_msgs/srv/detail/load_configure_controller__struct.h
[1.080s] -- Up-to-date symlink: /home/khaledob/bookros2_ws/install/controller_manager_msgs/include/controller_manager_msgs/srv/detail/load_configure_controller__type_support.h
[1.080s] -- Up-to-date symlink: /home/khaledob/bookros2_ws/install/controller_manager_msgs/include/controller_manager_msgs/srv/detail/load_controller__functions.h
[1.112s] -- Up-to-date symlink: /home/khaledob/bookros2_ws/install/controller_manager_msgs/include/controller_manager_msgs/srv/detail/load_controller__struct.h
[1.134s] -- Up-to-date symlink: /home/khaledob/bookros2_ws/install/controller_manager_msgs/include/controller_manager_msgs/srv/detail/load_controller__type_support.h
[1.134s] -- Up-to-date symlink: /home/khaledob/bookros2_ws/install/controller_manager_msgs/include/controller_manager_msgs/srv/detail/load_start_controller__functions.h
[1.137s] -- Up-to-date symlink: /home/khaledob/bookros2_ws/install/controller_manager_msgs/include/controller_manager_msgs/srv/detail/load_start_controller__struct.h
[1.137s] -- Up-to-date symlink: /home/khaledob/bookros2_ws/install/controller_manager_msgs/include/controller_manager_msgs/srv/detail/load_start_controller__type_support.h
[1.137s] -- Up-to-date symlink: /home/khaledob/bookros2_ws/install/controller_manager_msgs/include/controller_manager_msgs/srv/detail/reload_controller_libraries__functions.h
[1.137s] -- Up-to-date symlink: /home/khaledob/bookros2_ws/install/controller_manager_msgs/include/controller_manager_msgs/srv/detail/reload_controller_libraries__struct.h
[1.137s] -- Up-to-date symlink: /home/khaledob/bookros2_ws/install/controller_manager_msgs/include/controller_manager_msgs/srv/detail/reload_controller_libraries__type_support.h
[1.137s] -- Up-to-date symlink: /home/khaledob/bookros2_ws/install/controller_manager_msgs/include/controller_manager_msgs/srv/detail/switch_controller__functions.h
[1.137s] -- Up-to-date symlink: /home/khaledob/bookros2_ws/install/controller_manager_msgs/include/controller_manager_msgs/srv/detail/switch_controller__struct.h
[1.137s] -- Up-to-date symlink: /home/khaledob/bookros2_ws/install/controller_manager_msgs/include/controller_manager_msgs/srv/detail/switch_controller__type_support.h
[1.137s] -- Up-to-date symlink: /home/khaledob/bookros2_ws/install/controller_manager_msgs/include/controller_manager_msgs/srv/detail/unload_controller__functions.h
[1.137s] -- Up-to-date symlink: /home/khaledob/bookros2_ws/install/controller_manager_msgs/include/controller_manager_msgs/srv/detail/unload_controller__struct.h
[1.137s] -- Up-to-date symlink: /home/khaledob/bookros2_ws/install/controller_manager_msgs/include/controller_manager_msgs/srv/detail/unload_controller__type_support.h
[1.137s] -- Up-to-date symlink: /home/khaledob/bookros2_ws/install/controller_manager_msgs/include/controller_manager_msgs/srv/list_controller_types.h
[1.138s] -- Up-to-date symlink: /home/khaledob/bookros2_ws/install/controller_manager_msgs/include/controller_manager_msgs/srv/list_controllers.h
[1.138s] -- Up-to-date symlink: /home/khaledob/bookros2_ws/install/controller_manager_msgs/include/controller_manager_msgs/srv/list_hardware_interfaces.h
[1.138s] -- Up-to-date symlink: /home/khaledob/bookros2_ws/install/controller_manager_msgs/include/controller_manager_msgs/srv/load_configure_controller.h
[1.138s] -- Up-to-date symlink: /home/khaledob/bookros2_ws/install/controller_manager_msgs/include/controller_manager_msgs/srv/load_controller.h
[1.138s] -- Up-to-date symlink: /home/khaledob/bookros2_ws/install/controller_manager_msgs/include/controller_manager_msgs/srv/load_start_controller.h
[1.140s] -- Up-to-date symlink: /home/khaledob/bookros2_ws/install/controller_manager_msgs/include/controller_manager_msgs/srv/reload_controller_libraries.h
[1.140s] -- Up-to-date symlink: /home/khaledob/bookros2_ws/install/controller_manager_msgs/include/controller_manager_msgs/srv/switch_controller.h
[1.140s] -- Up-to-date symlink: /home/khaledob/bookros2_ws/install/controller_manager_msgs/include/controller_manager_msgs/srv/unload_controller.h
[1.140s] -- Up-to-date symlink: /home/khaledob/bookros2_ws/install/controller_manager_msgs/share/controller_manager_msgs/environment/library_path.sh
[1.140s] -- Up-to-date symlink: /home/khaledob/bookros2_ws/install/controller_manager_msgs/share/controller_manager_msgs/environment/library_path.dsv
[1.141s] -- Up-to-date symlink: /home/khaledob/bookros2_ws/install/controller_manager_msgs/include/controller_manager_msgs/msg/detail/controller_state__rosidl_typesupport_fastrtps_c.h
[1.141s] -- Up-to-date symlink: /home/khaledob/bookros2_ws/install/controller_manager_msgs/include/controller_manager_msgs/msg/detail/hardware_interface__rosidl_typesupport_fastrtps_c.h
[1.145s] -- Up-to-date symlink: /home/khaledob/bookros2_ws/install/controller_manager_msgs/include/controller_manager_msgs/msg/rosidl_typesupport_fastrtps_c__visibility_control.h
[1.147s] -- Up-to-date symlink: /home/khaledob/bookros2_ws/install/controller_manager_msgs/include/controller_manager_msgs/srv/detail/configure_controller__rosidl_typesupport_fastrtps_c.h
[1.147s] -- Up-to-date symlink: /home/khaledob/bookros2_ws/install/controller_manager_msgs/include/controller_manager_msgs/srv/detail/configure_start_controller__rosidl_typesupport_fastrtps_c.h
[1.148s] -- Up-to-date symlink: /home/khaledob/bookros2_ws/install/controller_manager_msgs/include/controller_manager_msgs/srv/detail/list_controller_types__rosidl_typesupport_fastrtps_c.h
[1.148s] -- Up-to-date symlink: /home/khaledob/bookros2_ws/install/controller_manager_msgs/include/controller_manager_msgs/srv/detail/list_controllers__rosidl_typesupport_fastrtps_c.h
[1.148s] -- Up-to-date symlink: /home/khaledob/bookros2_ws/install/controller_manager_msgs/include/controller_manager_msgs/srv/detail/list_hardware_interfaces__rosidl_typesupport_fastrtps_c.h
[1.149s] -- Up-to-date symlink: /home/khaledob/bookros2_ws/install/controller_manager_msgs/include/controller_manager_msgs/srv/detail/load_configure_controller__rosidl_typesupport_fastrtps_c.h
[1.149s] -- Up-to-date symlink: /home/khaledob/bookros2_ws/install/controller_manager_msgs/include/controller_manager_msgs/srv/detail/load_controller__rosidl_typesupport_fastrtps_c.h
[1.149s] -- Up-to-date symlink: /home/khaledob/bookros2_ws/install/controller_manager_msgs/include/controller_manager_msgs/srv/detail/load_start_controller__rosidl_typesupport_fastrtps_c.h
[1.149s] -- Up-to-date symlink: /home/khaledob/bookros2_ws/install/controller_manager_msgs/include/controller_manager_msgs/srv/detail/reload_controller_libraries__rosidl_typesupport_fastrtps_c.h
[1.166s] -- Up-to-date symlink: /home/khaledob/bookros2_ws/install/controller_manager_msgs/include/controller_manager_msgs/srv/detail/switch_controller__rosidl_typesupport_fastrtps_c.h
[1.166s] -- Up-to-date symlink: /home/khaledob/bookros2_ws/install/controller_manager_msgs/include/controller_manager_msgs/srv/detail/unload_controller__rosidl_typesupport_fastrtps_c.h
[1.168s] -- Up-to-date symlink: /home/khaledob/bookros2_ws/install/controller_manager_msgs/lib/libcontroller_manager_msgs__rosidl_typesupport_fastrtps_c.so
[1.168s] -- Up-to-date symlink: /home/khaledob/bookros2_ws/install/controller_manager_msgs/include/controller_manager_msgs/msg/detail/controller_state__rosidl_typesupport_fastrtps_cpp.hpp
[1.169s] -- Up-to-date symlink: /home/khaledob/bookros2_ws/install/controller_manager_msgs/include/controller_manager_msgs/msg/detail/hardware_interface__rosidl_typesupport_fastrtps_cpp.hpp
[1.169s] -- Up-to-date symlink: /home/khaledob/bookros2_ws/install/controller_manager_msgs/include/controller_manager_msgs/msg/rosidl_typesupport_fastrtps_cpp__visibility_control.h
[1.175s] -- Up-to-date symlink: /home/khaledob/bookros2_ws/install/controller_manager_msgs/include/controller_manager_msgs/srv/detail/configure_controller__rosidl_typesupport_fastrtps_cpp.hpp
[1.175s] -- Up-to-date symlink: /home/khaledob/bookros2_ws/install/controller_manager_msgs/include/controller_manager_msgs/srv/detail/configure_start_controller__rosidl_typesupport_fastrtps_cpp.hpp
[1.175s] -- Up-to-date symlink: /home/khaledob/bookros2_ws/install/controller_manager_msgs/include/controller_manager_msgs/srv/detail/list_controller_types__rosidl_typesupport_fastrtps_cpp.hpp
[1.175s] -- Up-to-date symlink: /home/khaledob/bookros2_ws/install/controller_manager_msgs/include/controller_manager_msgs/srv/detail/list_controllers__rosidl_typesupport_fastrtps_cpp.hpp
[1.175s] -- Up-to-date symlink: /home/khaledob/bookros2_ws/install/controller_manager_msgs/include/controller_manager_msgs/srv/detail/list_hardware_interfaces__rosidl_typesupport_fastrtps_cpp.hpp
[1.182s] -- Up-to-date symlink: /home/khaledob/bookros2_ws/install/controller_manager_msgs/include/controller_manager_msgs/srv/detail/load_configure_controller__rosidl_typesupport_fastrtps_cpp.hpp
[1.201s] -- Up-to-date symlink: /home/khaledob/bookros2_ws/install/controller_manager_msgs/include/controller_manager_msgs/srv/detail/load_controller__rosidl_typesupport_fastrtps_cpp.hpp
[1.210s] -- Up-to-date symlink: /home/khaledob/bookros2_ws/install/controller_manager_msgs/include/controller_manager_msgs/srv/detail/load_start_controller__rosidl_typesupport_fastrtps_cpp.hpp
[1.210s] -- Up-to-date symlink: /home/khaledob/bookros2_ws/install/controller_manager_msgs/include/controller_manager_msgs/srv/detail/reload_controller_libraries__rosidl_typesupport_fastrtps_cpp.hpp
[1.210s] -- Up-to-date symlink: /home/khaledob/bookros2_ws/install/controller_manager_msgs/include/controller_manager_msgs/srv/detail/switch_controller__rosidl_typesupport_fastrtps_cpp.hpp
[1.210s] -- Up-to-date symlink: /home/khaledob/bookros2_ws/install/controller_manager_msgs/include/controller_manager_msgs/srv/detail/unload_controller__rosidl_typesupport_fastrtps_cpp.hpp
[1.210s] -- Up-to-date symlink: /home/khaledob/bookros2_ws/install/controller_manager_msgs/lib/libcontroller_manager_msgs__rosidl_typesupport_fastrtps_cpp.so
[1.211s] -- Up-to-date symlink: /home/khaledob/bookros2_ws/install/controller_manager_msgs/include/controller_manager_msgs/msg/detail/controller_state__rosidl_typesupport_introspection_c.h
[1.213s] -- Up-to-date symlink: /home/khaledob/bookros2_ws/install/controller_manager_msgs/include/controller_manager_msgs/msg/detail/hardware_interface__rosidl_typesupport_introspection_c.h
[1.214s] -- Up-to-date symlink: /home/khaledob/bookros2_ws/install/controller_manager_msgs/include/controller_manager_msgs/msg/rosidl_typesupport_introspection_c__visibility_control.h
[1.215s] -- Up-to-date symlink: /home/khaledob/bookros2_ws/install/controller_manager_msgs/include/controller_manager_msgs/srv/detail/configure_controller__rosidl_typesupport_introspection_c.h
[1.215s] -- Up-to-date symlink: /home/khaledob/bookros2_ws/install/controller_manager_msgs/include/controller_manager_msgs/srv/detail/configure_start_controller__rosidl_typesupport_introspection_c.h
[1.215s] -- Up-to-date symlink: /home/khaledob/bookros2_ws/install/controller_manager_msgs/include/controller_manager_msgs/srv/detail/list_controller_types__rosidl_typesupport_introspection_c.h
[1.219s] -- Up-to-date symlink: /home/khaledob/bookros2_ws/install/controller_manager_msgs/include/controller_manager_msgs/srv/detail/list_controllers__rosidl_typesupport_introspection_c.h
[1.219s] -- Up-to-date symlink: /home/khaledob/bookros2_ws/install/controller_manager_msgs/include/controller_manager_msgs/srv/detail/list_hardware_interfaces__rosidl_typesupport_introspection_c.h
[1.219s] -- Up-to-date symlink: /home/khaledob/bookros2_ws/install/controller_manager_msgs/include/controller_manager_msgs/srv/detail/load_configure_controller__rosidl_typesupport_introspection_c.h
[1.219s] -- Up-to-date symlink: /home/khaledob/bookros2_ws/install/controller_manager_msgs/include/controller_manager_msgs/srv/detail/load_controller__rosidl_typesupport_introspection_c.h
[1.221s] -- Up-to-date symlink: /home/khaledob/bookros2_ws/install/controller_manager_msgs/include/controller_manager_msgs/srv/detail/load_start_controller__rosidl_typesupport_introspection_c.h
[1.221s] -- Up-to-date symlink: /home/khaledob/bookros2_ws/install/controller_manager_msgs/include/controller_manager_msgs/srv/detail/reload_controller_libraries__rosidl_typesupport_introspection_c.h
[1.222s] -- Up-to-date symlink: /home/khaledob/bookros2_ws/install/controller_manager_msgs/include/controller_manager_msgs/srv/detail/switch_controller__rosidl_typesupport_introspection_c.h
[1.222s] -- Up-to-date symlink: /home/khaledob/bookros2_ws/install/controller_manager_msgs/include/controller_manager_msgs/srv/detail/unload_controller__rosidl_typesupport_introspection_c.h
[1.237s] -- Up-to-date symlink: /home/khaledob/bookros2_ws/install/controller_manager_msgs/include/controller_manager_msgs/msg/controller_state.hpp
[1.237s] -- Up-to-date symlink: /home/khaledob/bookros2_ws/install/controller_manager_msgs/include/controller_manager_msgs/msg/detail/controller_state__builder.hpp
[1.237s] -- Up-to-date symlink: /home/khaledob/bookros2_ws/install/controller_manager_msgs/include/controller_manager_msgs/msg/detail/controller_state__struct.hpp
[1.237s] -- Up-to-date symlink: /home/khaledob/bookros2_ws/install/controller_manager_msgs/include/controller_manager_msgs/msg/detail/controller_state__traits.hpp
[1.238s] -- Up-to-date symlink: /home/khaledob/bookros2_ws/install/controller_manager_msgs/include/controller_manager_msgs/msg/detail/controller_state__type_support.hpp
[1.238s] -- Up-to-date symlink: /home/khaledob/bookros2_ws/install/controller_manager_msgs/include/controller_manager_msgs/msg/detail/hardware_interface__builder.hpp
[1.238s] -- Up-to-date symlink: /home/khaledob/bookros2_ws/install/controller_manager_msgs/include/controller_manager_msgs/msg/detail/hardware_interface__struct.hpp
[1.238s] -- Up-to-date symlink: /home/khaledob/bookros2_ws/install/controller_manager_msgs/include/controller_manager_msgs/msg/detail/hardware_interface__traits.hpp
[1.238s] -- Up-to-date symlink: /home/khaledob/bookros2_ws/install/controller_manager_msgs/include/controller_manager_msgs/msg/detail/hardware_interface__type_support.hpp
[1.238s] -- Up-to-date symlink: /home/khaledob/bookros2_ws/install/controller_manager_msgs/include/controller_manager_msgs/msg/hardware_interface.hpp
[1.238s] -- Up-to-date symlink: /home/khaledob/bookros2_ws/install/controller_manager_msgs/include/controller_manager_msgs/msg/rosidl_generator_cpp__visibility_control.hpp
[1.238s] -- Up-to-date symlink: /home/khaledob/bookros2_ws/install/controller_manager_msgs/include/controller_manager_msgs/srv/configure_controller.hpp
[1.238s] -- Up-to-date symlink: /home/khaledob/bookros2_ws/install/controller_manager_msgs/include/controller_manager_msgs/srv/configure_start_controller.hpp
[1.238s] -- Up-to-date symlink: /home/khaledob/bookros2_ws/install/controller_manager_msgs/include/controller_manager_msgs/srv/detail/configure_controller__builder.hpp
[1.238s] -- Up-to-date symlink: /home/khaledob/bookros2_ws/install/controller_manager_msgs/include/controller_manager_msgs/srv/detail/configure_controller__struct.hpp
[1.238s] -- Up-to-date symlink: /home/khaledob/bookros2_ws/install/controller_manager_msgs/include/controller_manager_msgs/srv/detail/configure_controller__traits.hpp
[1.238s] -- Up-to-date symlink: /home/khaledob/bookros2_ws/install/controller_manager_msgs/include/controller_manager_msgs/srv/detail/configure_controller__type_support.hpp
[1.239s] -- Up-to-date symlink: /home/khaledob/bookros2_ws/install/controller_manager_msgs/include/controller_manager_msgs/srv/detail/configure_start_controller__builder.hpp
[1.239s] -- Up-to-date symlink: /home/khaledob/bookros2_ws/install/controller_manager_msgs/include/controller_manager_msgs/srv/detail/configure_start_controller__struct.hpp
[1.239s] -- Up-to-date symlink: /home/khaledob/bookros2_ws/install/controller_manager_msgs/include/controller_manager_msgs/srv/detail/configure_start_controller__traits.hpp
[1.239s] -- Up-to-date symlink: /home/khaledob/bookros2_ws/install/controller_manager_msgs/include/controller_manager_msgs/srv/detail/configure_start_controller__type_support.hpp
[1.239s] -- Up-to-date symlink: /home/khaledob/bookros2_ws/install/controller_manager_msgs/include/controller_manager_msgs/srv/detail/list_controller_types__builder.hpp
[1.239s] -- Up-to-date symlink: /home/khaledob/bookros2_ws/install/controller_manager_msgs/include/controller_manager_msgs/srv/detail/list_controller_types__struct.hpp
[1.239s] -- Up-to-date symlink: /home/khaledob/bookros2_ws/install/controller_manager_msgs/include/controller_manager_msgs/srv/detail/list_controller_types__traits.hpp
[1.240s] -- Up-to-date symlink: /home/khaledob/bookros2_ws/install/controller_manager_msgs/include/controller_manager_msgs/srv/detail/list_controller_types__type_support.hpp
[1.241s] -- Up-to-date symlink: /home/khaledob/bookros2_ws/install/controller_manager_msgs/include/controller_manager_msgs/srv/detail/list_controllers__builder.hpp
[1.241s] -- Up-to-date symlink: /home/khaledob/bookros2_ws/install/controller_manager_msgs/include/controller_manager_msgs/srv/detail/list_controllers__struct.hpp
[1.241s] -- Up-to-date symlink: /home/khaledob/bookros2_ws/install/controller_manager_msgs/include/controller_manager_msgs/srv/detail/list_controllers__traits.hpp
[1.241s] -- Up-to-date symlink: /home/khaledob/bookros2_ws/install/controller_manager_msgs/include/controller_manager_msgs/srv/detail/list_controllers__type_support.hpp
[1.241s] -- Up-to-date symlink: /home/khaledob/bookros2_ws/install/controller_manager_msgs/include/controller_manager_msgs/srv/detail/list_hardware_interfaces__builder.hpp
[1.241s] -- Up-to-date symlink: /home/khaledob/bookros2_ws/install/controller_manager_msgs/include/controller_manager_msgs/srv/detail/list_hardware_interfaces__struct.hpp
[1.241s] -- Up-to-date symlink: /home/khaledob/bookros2_ws/install/controller_manager_msgs/include/controller_manager_msgs/srv/detail/list_hardware_interfaces__traits.hpp
[1.241s] -- Up-to-date symlink: /home/khaledob/bookros2_ws/install/controller_manager_msgs/include/controller_manager_msgs/srv/detail/list_hardware_interfaces__type_support.hpp
[1.241s] -- Up-to-date symlink: /home/khaledob/bookros2_ws/install/controller_manager_msgs/include/controller_manager_msgs/srv/detail/load_configure_controller__builder.hpp
[1.242s] -- Up-to-date symlink: /home/khaledob/bookros2_ws/install/controller_manager_msgs/include/controller_manager_msgs/srv/detail/load_configure_controller__struct.hpp
[1.242s] -- Up-to-date symlink: /home/khaledob/bookros2_ws/install/controller_manager_msgs/include/controller_manager_msgs/srv/detail/load_configure_controller__traits.hpp
[1.242s] -- Up-to-date symlink: /home/khaledob/bookros2_ws/install/controller_manager_msgs/include/controller_manager_msgs/srv/detail/load_configure_controller__type_support.hpp
[1.242s] -- Up-to-date symlink: /home/khaledob/bookros2_ws/install/controller_manager_msgs/include/controller_manager_msgs/srv/detail/load_controller__builder.hpp
[1.242s] -- Up-to-date symlink: /home/khaledob/bookros2_ws/install/controller_manager_msgs/include/controller_manager_msgs/srv/detail/load_controller__struct.hpp
[1.242s] -- Up-to-date symlink: /home/khaledob/bookros2_ws/install/controller_manager_msgs/include/controller_manager_msgs/srv/detail/load_controller__traits.hpp
[1.242s] -- Up-to-date symlink: /home/khaledob/bookros2_ws/install/controller_manager_msgs/include/controller_manager_msgs/srv/detail/load_controller__type_support.hpp
[1.242s] -- Up-to-date symlink: /home/khaledob/bookros2_ws/install/controller_manager_msgs/include/controller_manager_msgs/srv/detail/load_start_controller__builder.hpp
[1.245s] -- Up-to-date symlink: /home/khaledob/bookros2_ws/install/controller_manager_msgs/include/controller_manager_msgs/srv/detail/load_start_controller__struct.hpp
[1.245s] -- Up-to-date symlink: /home/khaledob/bookros2_ws/install/controller_manager_msgs/include/controller_manager_msgs/srv/detail/load_start_controller__traits.hpp
[1.245s] -- Up-to-date symlink: /home/khaledob/bookros2_ws/install/controller_manager_msgs/include/controller_manager_msgs/srv/detail/load_start_controller__type_support.hpp
[1.245s] -- Up-to-date symlink: /home/khaledob/bookros2_ws/install/controller_manager_msgs/include/controller_manager_msgs/srv/detail/reload_controller_libraries__builder.hpp
[1.256s] -- Up-to-date symlink: /home/khaledob/bookros2_ws/install/controller_manager_msgs/include/controller_manager_msgs/srv/detail/reload_controller_libraries__struct.hpp
[1.257s] -- Up-to-date symlink: /home/khaledob/bookros2_ws/install/controller_manager_msgs/include/controller_manager_msgs/srv/detail/reload_controller_libraries__traits.hpp
[1.257s] -- Up-to-date symlink: /home/khaledob/bookros2_ws/install/controller_manager_msgs/include/controller_manager_msgs/srv/detail/reload_controller_libraries__type_support.hpp
[1.259s] -- Up-to-date symlink: /home/khaledob/bookros2_ws/install/controller_manager_msgs/include/controller_manager_msgs/srv/detail/switch_controller__builder.hpp
[1.259s] -- Up-to-date symlink: /home/khaledob/bookros2_ws/install/controller_manager_msgs/include/controller_manager_msgs/srv/detail/switch_controller__struct.hpp
[1.259s] -- Up-to-date symlink: /home/khaledob/bookros2_ws/install/controller_manager_msgs/include/controller_manager_msgs/srv/detail/switch_controller__traits.hpp
[1.259s] -- Up-to-date symlink: /home/khaledob/bookros2_ws/install/controller_manager_msgs/include/controller_manager_msgs/srv/detail/switch_controller__type_support.hpp
[1.260s] -- Up-to-date symlink: /home/khaledob/bookros2_ws/install/controller_manager_msgs/include/controller_manager_msgs/srv/detail/unload_controller__builder.hpp
[1.260s] -- Up-to-date symlink: /home/khaledob/bookros2_ws/install/controller_manager_msgs/include/controller_manager_msgs/srv/detail/unload_controller__struct.hpp
[1.260s] -- Up-to-date symlink: /home/khaledob/bookros2_ws/install/controller_manager_msgs/include/controller_manager_msgs/srv/detail/unload_controller__traits.hpp
[1.260s] -- Up-to-date symlink: /home/khaledob/bookros2_ws/install/controller_manager_msgs/include/controller_manager_msgs/srv/detail/unload_controller__type_support.hpp
[1.260s] -- Up-to-date symlink: /home/khaledob/bookros2_ws/install/controller_manager_msgs/include/controller_manager_msgs/srv/list_controller_types.hpp
[1.275s] -- Up-to-date symlink: /home/khaledob/bookros2_ws/install/controller_manager_msgs/include/controller_manager_msgs/srv/list_controllers.hpp
[1.277s] -- Up-to-date symlink: /home/khaledob/bookros2_ws/install/controller_manager_msgs/include/controller_manager_msgs/srv/list_hardware_interfaces.hpp
[1.279s] -- Up-to-date symlink: /home/khaledob/bookros2_ws/install/controller_manager_msgs/include/controller_manager_msgs/srv/load_configure_controller.hpp
[1.282s] -- Up-to-date symlink: /home/khaledob/bookros2_ws/install/controller_manager_msgs/include/controller_manager_msgs/srv/load_controller.hpp
[1.282s] -- Up-to-date symlink: /home/khaledob/bookros2_ws/install/controller_manager_msgs/include/controller_manager_msgs/srv/load_start_controller.hpp
[1.286s] -- Up-to-date symlink: /home/khaledob/bookros2_ws/install/controller_manager_msgs/include/controller_manager_msgs/srv/reload_controller_libraries.hpp
[1.288s] -- Up-to-date symlink: /home/khaledob/bookros2_ws/install/controller_manager_msgs/include/controller_manager_msgs/srv/switch_controller.hpp
[1.288s] -- Up-to-date symlink: /home/khaledob/bookros2_ws/install/controller_manager_msgs/include/controller_manager_msgs/srv/unload_controller.hpp
[1.291s] -- Up-to-date symlink: /home/khaledob/bookros2_ws/install/controller_manager_msgs/include/controller_manager_msgs/msg/detail/controller_state__rosidl_typesupport_introspection_cpp.hpp
[1.291s] -- Up-to-date symlink: /home/khaledob/bookros2_ws/install/controller_manager_msgs/include/controller_manager_msgs/msg/detail/hardware_interface__rosidl_typesupport_introspection_cpp.hpp
[1.292s] -- Up-to-date symlink: /home/khaledob/bookros2_ws/install/controller_manager_msgs/include/controller_manager_msgs/srv/detail/configure_controller__rosidl_typesupport_introspection_cpp.hpp
[1.293s] -- Up-to-date symlink: /home/khaledob/bookros2_ws/install/controller_manager_msgs/include/controller_manager_msgs/srv/detail/configure_start_controller__rosidl_typesupport_introspection_cpp.hpp
[1.296s] -- Up-to-date symlink: /home/khaledob/bookros2_ws/install/controller_manager_msgs/include/controller_manager_msgs/srv/detail/list_controller_types__rosidl_typesupport_introspection_cpp.hpp
[1.296s] -- Up-to-date symlink: /home/khaledob/bookros2_ws/install/controller_manager_msgs/include/controller_manager_msgs/srv/detail/list_controllers__rosidl_typesupport_introspection_cpp.hpp
[1.298s] -- Up-to-date symlink: /home/khaledob/bookros2_ws/install/controller_manager_msgs/include/controller_manager_msgs/srv/detail/list_hardware_interfaces__rosidl_typesupport_introspection_cpp.hpp
[1.299s] -- Up-to-date symlink: /home/khaledob/bookros2_ws/install/controller_manager_msgs/include/controller_manager_msgs/srv/detail/load_configure_controller__rosidl_typesupport_introspection_cpp.hpp
[1.300s] -- Up-to-date symlink: /home/khaledob/bookros2_ws/install/controller_manager_msgs/include/controller_manager_msgs/srv/detail/load_controller__rosidl_typesupport_introspection_cpp.hpp
[1.300s] -- Up-to-date symlink: /home/khaledob/bookros2_ws/install/controller_manager_msgs/include/controller_manager_msgs/srv/detail/load_start_controller__rosidl_typesupport_introspection_cpp.hpp
[1.300s] -- Up-to-date symlink: /home/khaledob/bookros2_ws/install/controller_manager_msgs/include/controller_manager_msgs/srv/detail/reload_controller_libraries__rosidl_typesupport_introspection_cpp.hpp
[1.301s] -- Up-to-date symlink: /home/khaledob/bookros2_ws/install/controller_manager_msgs/include/controller_manager_msgs/srv/detail/switch_controller__rosidl_typesupport_introspection_cpp.hpp
[1.305s] -- Up-to-date symlink: /home/khaledob/bookros2_ws/install/controller_manager_msgs/include/controller_manager_msgs/srv/detail/unload_controller__rosidl_typesupport_introspection_cpp.hpp
[1.307s] -- Up-to-date symlink: /home/khaledob/bookros2_ws/install/controller_manager_msgs/share/controller_manager_msgs/environment/pythonpath.sh
[1.307s] -- Up-to-date symlink: /home/khaledob/bookros2_ws/install/controller_manager_msgs/share/controller_manager_msgs/environment/pythonpath.dsv
[1.307s] -- Up-to-date symlink: /home/khaledob/bookros2_ws/install/controller_manager_msgs/lib/python3.8/site-packages/controller_manager_msgs/__init__.py
[1.307s] -- Up-to-date symlink: /home/khaledob/bookros2_ws/install/controller_manager_msgs/lib/python3.8/site-packages/controller_manager_msgs/msg/__init__.py
[1.307s] -- Up-to-date symlink: /home/khaledob/bookros2_ws/install/controller_manager_msgs/lib/python3.8/site-packages/controller_manager_msgs/msg/_controller_state.py
[1.307s] -- Up-to-date symlink: /home/khaledob/bookros2_ws/install/controller_manager_msgs/lib/python3.8/site-packages/controller_manager_msgs/msg/_hardware_interface.py
[1.307s] -- Up-to-date symlink: /home/khaledob/bookros2_ws/install/controller_manager_msgs/lib/python3.8/site-packages/controller_manager_msgs/srv/__init__.py
[1.308s] -- Up-to-date symlink: /home/khaledob/bookros2_ws/install/controller_manager_msgs/lib/python3.8/site-packages/controller_manager_msgs/srv/_configure_controller.py
[1.308s] -- Up-to-date symlink: /home/khaledob/bookros2_ws/install/controller_manager_msgs/lib/python3.8/site-packages/controller_manager_msgs/srv/_configure_start_controller.py
[1.308s] -- Up-to-date symlink: /home/khaledob/bookros2_ws/install/controller_manager_msgs/lib/python3.8/site-packages/controller_manager_msgs/srv/_list_controller_types.py
[1.308s] -- Up-to-date symlink: /home/khaledob/bookros2_ws/install/controller_manager_msgs/lib/python3.8/site-packages/controller_manager_msgs/srv/_list_controllers.py
[1.313s] -- Up-to-date symlink: /home/khaledob/bookros2_ws/install/controller_manager_msgs/lib/python3.8/site-packages/controller_manager_msgs/srv/_list_hardware_interfaces.py
[1.314s] -- Up-to-date symlink: /home/khaledob/bookros2_ws/install/controller_manager_msgs/lib/python3.8/site-packages/controller_manager_msgs/srv/_load_configure_controller.py
[1.315s] -- Up-to-date symlink: /home/khaledob/bookros2_ws/install/controller_manager_msgs/lib/python3.8/site-packages/controller_manager_msgs/srv/_load_controller.py
[1.315s] -- Up-to-date symlink: /home/khaledob/bookros2_ws/install/controller_manager_msgs/lib/python3.8/site-packages/controller_manager_msgs/srv/_load_start_controller.py
[1.316s] -- Up-to-date symlink: /home/khaledob/bookros2_ws/install/controller_manager_msgs/lib/python3.8/site-packages/controller_manager_msgs/srv/_reload_controller_libraries.py
[1.316s] -- Up-to-date symlink: /home/khaledob/bookros2_ws/install/controller_manager_msgs/lib/python3.8/site-packages/controller_manager_msgs/srv/_switch_controller.py
[1.317s] -- Up-to-date symlink: /home/khaledob/bookros2_ws/install/controller_manager_msgs/lib/python3.8/site-packages/controller_manager_msgs/srv/_unload_controller.py
[1.317s] -- Up-to-date symlink: /home/khaledob/bookros2_ws/install/controller_manager_msgs/lib/python3.8/site-packages/controller_manager_msgs/controller_manager_msgs_s__rosidl_typesupport_fastrtps_c.cpython-38-x86_64-linux-gnu.so
[1.318s] -- Up-to-date symlink: /home/khaledob/bookros2_ws/install/controller_manager_msgs/lib/python3.8/site-packages/controller_manager_msgs/controller_manager_msgs_s__rosidl_typesupport_introspection_c.cpython-38-x86_64-linux-gnu.so
[1.319s] -- Up-to-date symlink: /home/khaledob/bookros2_ws/install/controller_manager_msgs/lib/python3.8/site-packages/controller_manager_msgs/controller_manager_msgs_s__rosidl_typesupport_c.cpython-38-x86_64-linux-gnu.so
[1.319s] -- Up-to-date symlink: /home/khaledob/bookros2_ws/install/controller_manager_msgs/lib/libcontroller_manager_msgs__python.so
[1.320s] -- Up-to-date symlink: /home/khaledob/bookros2_ws/install/controller_manager_msgs/share/controller_manager_msgs/msg/ControllerState.idl
[1.320s] -- Up-to-date symlink: /home/khaledob/bookros2_ws/install/controller_manager_msgs/share/controller_manager_msgs/msg/HardwareInterface.idl
[1.321s] -- Up-to-date symlink: /home/khaledob/bookros2_ws/install/controller_manager_msgs/share/controller_manager_msgs/srv/ConfigureController.idl
[1.321s] -- Up-to-date symlink: /home/khaledob/bookros2_ws/install/controller_manager_msgs/share/controller_manager_msgs/srv/ConfigureStartController.idl
[1.322s] -- Up-to-date symlink: /home/khaledob/bookros2_ws/install/controller_manager_msgs/share/controller_manager_msgs/srv/ListControllers.idl
[1.323s] -- Up-to-date symlink: /home/khaledob/bookros2_ws/install/controller_manager_msgs/share/controller_manager_msgs/srv/ListControllerTypes.idl
[1.323s] -- Up-to-date symlink: /home/khaledob/bookros2_ws/install/controller_manager_msgs/share/controller_manager_msgs/srv/ListHardwareInterfaces.idl
[1.331s] -- Up-to-date symlink: /home/khaledob/bookros2_ws/install/controller_manager_msgs/share/controller_manager_msgs/srv/LoadConfigureController.idl
[1.332s] -- Up-to-date symlink: /home/khaledob/bookros2_ws/install/controller_manager_msgs/share/controller_manager_msgs/srv/LoadController.idl
[1.332s] -- Up-to-date symlink: /home/khaledob/bookros2_ws/install/controller_manager_msgs/share/controller_manager_msgs/srv/LoadStartController.idl
[1.333s] -- Up-to-date symlink: /home/khaledob/bookros2_ws/install/controller_manager_msgs/share/controller_manager_msgs/srv/ReloadControllerLibraries.idl
[1.333s] -- Up-to-date symlink: /home/khaledob/bookros2_ws/install/controller_manager_msgs/share/controller_manager_msgs/srv/SwitchController.idl
[1.336s] -- Up-to-date symlink: /home/khaledob/bookros2_ws/install/controller_manager_msgs/share/controller_manager_msgs/srv/UnloadController.idl
[1.344s] -- Up-to-date symlink: /home/khaledob/bookros2_ws/install/controller_manager_msgs/share/controller_manager_msgs/msg/ControllerState.msg
[1.344s] -- Up-to-date symlink: /home/khaledob/bookros2_ws/install/controller_manager_msgs/share/controller_manager_msgs/msg/HardwareInterface.msg
[1.344s] -- Up-to-date symlink: /home/khaledob/bookros2_ws/install/controller_manager_msgs/share/controller_manager_msgs/srv/ConfigureController.srv
[1.344s] -- Up-to-date symlink: /home/khaledob/bookros2_ws/install/controller_manager_msgs/share/controller_manager_msgs/srv/ConfigureController_Request.msg
[1.344s] -- Up-to-date symlink: /home/khaledob/bookros2_ws/install/controller_manager_msgs/share/controller_manager_msgs/srv/ConfigureController_Response.msg
[1.349s] -- Up-to-date symlink: /home/khaledob/bookros2_ws/install/controller_manager_msgs/share/controller_manager_msgs/srv/ConfigureStartController.srv
[1.350s] -- Up-to-date symlink: /home/khaledob/bookros2_ws/install/controller_manager_msgs/share/controller_manager_msgs/srv/ConfigureStartController_Request.msg
[1.350s] -- Up-to-date symlink: /home/khaledob/bookros2_ws/install/controller_manager_msgs/share/controller_manager_msgs/srv/ConfigureStartController_Response.msg
[1.350s] -- Up-to-date symlink: /home/khaledob/bookros2_ws/install/controller_manager_msgs/share/controller_manager_msgs/srv/ListControllers.srv
[1.350s] -- Up-to-date symlink: /home/khaledob/bookros2_ws/install/controller_manager_msgs/share/controller_manager_msgs/srv/ListControllers_Request.msg
[1.350s] -- Up-to-date symlink: /home/khaledob/bookros2_ws/install/controller_manager_msgs/share/controller_manager_msgs/srv/ListControllers_Response.msg
[1.350s] -- Up-to-date symlink: /home/khaledob/bookros2_ws/install/controller_manager_msgs/share/controller_manager_msgs/srv/ListControllerTypes.srv
[1.350s] -- Up-to-date symlink: /home/khaledob/bookros2_ws/install/controller_manager_msgs/share/controller_manager_msgs/srv/ListControllerTypes_Request.msg
[1.350s] -- Up-to-date symlink: /home/khaledob/bookros2_ws/install/controller_manager_msgs/share/controller_manager_msgs/srv/ListControllerTypes_Response.msg
[1.356s] -- Up-to-date symlink: /home/khaledob/bookros2_ws/install/controller_manager_msgs/share/controller_manager_msgs/srv/ListHardwareInterfaces.srv
[1.356s] -- Up-to-date symlink: /home/khaledob/bookros2_ws/install/controller_manager_msgs/share/controller_manager_msgs/srv/ListHardwareInterfaces_Request.msg
[1.356s] -- Up-to-date symlink: /home/khaledob/bookros2_ws/install/controller_manager_msgs/share/controller_manager_msgs/srv/ListHardwareInterfaces_Response.msg
[1.356s] -- Up-to-date symlink: /home/khaledob/bookros2_ws/install/controller_manager_msgs/share/controller_manager_msgs/srv/LoadConfigureController.srv
[1.356s] -- Up-to-date symlink: /home/khaledob/bookros2_ws/install/controller_manager_msgs/share/controller_manager_msgs/srv/LoadConfigureController_Request.msg
[1.359s] -- Up-to-date symlink: /home/khaledob/bookros2_ws/install/controller_manager_msgs/share/controller_manager_msgs/srv/LoadConfigureController_Response.msg
[1.360s] -- Up-to-date symlink: /home/khaledob/bookros2_ws/install/controller_manager_msgs/share/controller_manager_msgs/srv/LoadController.srv
[1.360s] -- Up-to-date symlink: /home/khaledob/bookros2_ws/install/controller_manager_msgs/share/controller_manager_msgs/srv/LoadController_Request.msg
[1.360s] -- Up-to-date symlink: /home/khaledob/bookros2_ws/install/controller_manager_msgs/share/controller_manager_msgs/srv/LoadController_Response.msg
[1.360s] -- Up-to-date symlink: /home/khaledob/bookros2_ws/install/controller_manager_msgs/share/controller_manager_msgs/srv/LoadStartController.srv
[1.360s] -- Up-to-date symlink: /home/khaledob/bookros2_ws/install/controller_manager_msgs/share/controller_manager_msgs/srv/LoadStartController_Request.msg
[1.360s] -- Up-to-date symlink: /home/khaledob/bookros2_ws/install/controller_manager_msgs/share/controller_manager_msgs/srv/LoadStartController_Response.msg
[1.360s] -- Up-to-date symlink: /home/khaledob/bookros2_ws/install/controller_manager_msgs/share/controller_manager_msgs/srv/ReloadControllerLibraries.srv
[1.361s] -- Up-to-date symlink: /home/khaledob/bookros2_ws/install/controller_manager_msgs/share/controller_manager_msgs/srv/ReloadControllerLibraries_Request.msg
[1.361s] -- Up-to-date symlink: /home/khaledob/bookros2_ws/install/controller_manager_msgs/share/controller_manager_msgs/srv/ReloadControllerLibraries_Response.msg
[1.361s] -- Up-to-date symlink: /home/khaledob/bookros2_ws/install/controller_manager_msgs/share/controller_manager_msgs/srv/SwitchController.srv
[1.362s] -- Up-to-date symlink: /home/khaledob/bookros2_ws/install/controller_manager_msgs/share/controller_manager_msgs/srv/SwitchController_Request.msg
[1.362s] -- Up-to-date symlink: /home/khaledob/bookros2_ws/install/controller_manager_msgs/share/controller_manager_msgs/srv/SwitchController_Response.msg
[1.362s] -- Up-to-date symlink: /home/khaledob/bookros2_ws/install/controller_manager_msgs/share/controller_manager_msgs/srv/UnloadController.srv
[1.362s] -- Up-to-date symlink: /home/khaledob/bookros2_ws/install/controller_manager_msgs/share/controller_manager_msgs/srv/UnloadController_Request.msg
[1.362s] -- Up-to-date symlink: /home/khaledob/bookros2_ws/install/controller_manager_msgs/share/controller_manager_msgs/srv/UnloadController_Response.msg
[1.364s] -- Up-to-date symlink: /home/khaledob/bookros2_ws/install/controller_manager_msgs/share/ament_index/resource_index/package_run_dependencies/controller_manager_msgs
[1.366s] -- Up-to-date symlink: /home/khaledob/bookros2_ws/install/controller_manager_msgs/share/ament_index/resource_index/parent_prefix_path/controller_manager_msgs
[1.367s] -- Up-to-date symlink: /home/khaledob/bookros2_ws/install/controller_manager_msgs/share/controller_manager_msgs/environment/ament_prefix_path.sh
[1.367s] -- Up-to-date symlink: /home/khaledob/bookros2_ws/install/controller_manager_msgs/share/controller_manager_msgs/environment/ament_prefix_path.dsv
[1.368s] -- Up-to-date symlink: /home/khaledob/bookros2_ws/install/controller_manager_msgs/share/controller_manager_msgs/environment/path.sh
[1.368s] -- Up-to-date symlink: /home/khaledob/bookros2_ws/install/controller_manager_msgs/share/controller_manager_msgs/environment/path.dsv
[1.368s] -- Up-to-date symlink: /home/khaledob/bookros2_ws/install/controller_manager_msgs/share/controller_manager_msgs/local_setup.bash
[1.369s] -- Up-to-date symlink: /home/khaledob/bookros2_ws/install/controller_manager_msgs/share/controller_manager_msgs/local_setup.sh
[1.369s] -- Up-to-date symlink: /home/khaledob/bookros2_ws/install/controller_manager_msgs/share/controller_manager_msgs/local_setup.zsh
[1.369s] -- Up-to-date symlink: /home/khaledob/bookros2_ws/install/controller_manager_msgs/share/controller_manager_msgs/local_setup.dsv
[1.370s] -- Symlinking: /home/khaledob/bookros2_ws/install/controller_manager_msgs/share/controller_manager_msgs/package.dsv
[1.376s] -- Up-to-date symlink: /home/khaledob/bookros2_ws/install/controller_manager_msgs/share/ament_index/resource_index/packages/controller_manager_msgs
[1.376s] -- Up-to-date symlink: /home/khaledob/bookros2_ws/install/controller_manager_msgs/share/controller_manager_msgs/cmake/rosidl_cmake-extras.cmake
[1.377s] -- Up-to-date symlink: /home/khaledob/bookros2_ws/install/controller_manager_msgs/share/controller_manager_msgs/cmake/ament_cmake_export_dependencies-extras.cmake
[1.393s] -- Up-to-date symlink: /home/khaledob/bookros2_ws/install/controller_manager_msgs/share/controller_manager_msgs/cmake/ament_cmake_export_libraries-extras.cmake
[1.393s] -- Up-to-date symlink: /home/khaledob/bookros2_ws/install/controller_manager_msgs/share/controller_manager_msgs/cmake/ament_cmake_export_targets-extras.cmake
[1.393s] -- Up-to-date symlink: /home/khaledob/bookros2_ws/install/controller_manager_msgs/share/controller_manager_msgs/cmake/ament_cmake_export_include_directories-extras.cmake
[1.394s] -- Up-to-date symlink: /home/khaledob/bookros2_ws/install/controller_manager_msgs/share/controller_manager_msgs/cmake/rosidl_cmake_export_typesupport_libraries-extras.cmake
[1.394s] -- Up-to-date symlink: /home/khaledob/bookros2_ws/install/controller_manager_msgs/share/controller_manager_msgs/cmake/rosidl_cmake_export_typesupport_targets-extras.cmake
[1.394s] -- Up-to-date symlink: /home/khaledob/bookros2_ws/install/controller_manager_msgs/share/controller_manager_msgs/cmake/controller_manager_msgsConfig.cmake
[1.395s] -- Up-to-date symlink: /home/khaledob/bookros2_ws/install/controller_manager_msgs/share/controller_manager_msgs/cmake/controller_manager_msgsConfig-version.cmake
[1.396s] -- Up-to-date symlink: /home/khaledob/bookros2_ws/install/controller_manager_msgs/share/controller_manager_msgs/package.xml
[1.396s] -- Up-to-date: /home/khaledob/bookros2_ws/install/controller_manager_msgs/lib/libcontroller_manager_msgs__rosidl_generator_c.so
[1.397s] -- Up-to-date: /home/khaledob/bookros2_ws/install/controller_manager_msgs/lib/libcontroller_manager_msgs__rosidl_typesupport_introspection_c.so
[1.397s] -- Up-to-date: /home/khaledob/bookros2_ws/install/controller_manager_msgs/lib/libcontroller_manager_msgs__rosidl_typesupport_c.so
[1.398s] -- Up-to-date: /home/khaledob/bookros2_ws/install/controller_manager_msgs/lib/libcontroller_manager_msgs__rosidl_typesupport_introspection_cpp.so
[1.398s] -- Up-to-date: /home/khaledob/bookros2_ws/install/controller_manager_msgs/lib/libcontroller_manager_msgs__rosidl_typesupport_cpp.so
[1.399s] -- Up-to-date: /home/khaledob/bookros2_ws/install/controller_manager_msgs/share/controller_manager_msgs/cmake/controller_manager_msgs__rosidl_generator_cExport.cmake
[1.399s] -- Up-to-date: /home/khaledob/bookros2_ws/install/controller_manager_msgs/share/controller_manager_msgs/cmake/controller_manager_msgs__rosidl_generator_cExport-noconfig.cmake
[1.400s] -- Up-to-date: /home/khaledob/bookros2_ws/install/controller_manager_msgs/share/controller_manager_msgs/cmake/controller_manager_msgs__rosidl_typesupport_introspection_cExport.cmake
[1.400s] -- Up-to-date: /home/khaledob/bookros2_ws/install/controller_manager_msgs/share/controller_manager_msgs/cmake/controller_manager_msgs__rosidl_typesupport_introspection_cExport-noconfig.cmake
[1.400s] -- Up-to-date: /home/khaledob/bookros2_ws/install/controller_manager_msgs/share/controller_manager_msgs/cmake/controller_manager_msgs__rosidl_typesupport_cExport.cmake
[1.401s] -- Up-to-date: /home/khaledob/bookros2_ws/install/controller_manager_msgs/share/controller_manager_msgs/cmake/controller_manager_msgs__rosidl_typesupport_cExport-noconfig.cmake
[1.401s] -- Up-to-date: /home/khaledob/bookros2_ws/install/controller_manager_msgs/share/controller_manager_msgs/cmake/controller_manager_msgs__rosidl_generator_cppExport.cmake
[1.402s] -- Up-to-date: /home/khaledob/bookros2_ws/install/controller_manager_msgs/share/controller_manager_msgs/cmake/controller_manager_msgs__rosidl_typesupport_introspection_cppExport.cmake
[1.403s] -- Up-to-date: /home/khaledob/bookros2_ws/install/controller_manager_msgs/share/controller_manager_msgs/cmake/controller_manager_msgs__rosidl_typesupport_introspection_cppExport-noconfig.cmake
[1.403s] -- Up-to-date: /home/khaledob/bookros2_ws/install/controller_manager_msgs/share/controller_manager_msgs/cmake/controller_manager_msgs__rosidl_typesupport_cppExport.cmake
[1.404s] -- Up-to-date: /home/khaledob/bookros2_ws/install/controller_manager_msgs/share/controller_manager_msgs/cmake/controller_manager_msgs__rosidl_typesupport_cppExport-noconfig.cmake
[1.815s] Invoked command in '/home/khaledob/bookros2_ws/build/controller_manager_msgs' returned '0': CMAKE_PREFIX_PATH=/opt/ros/foxy /usr/bin/cmake --install /home/khaledob/bookros2_ws/build/controller_manager_msgs
