[0.285s] Invoking command in '/home/khaledob/bookros2_ws/build/joint_trajectory_controller': AMENT_PREFIX_PATH=/home/khaledob/bookros2_ws/install/controller_manager:/home/khaledob/bookros2_ws/install/controller_interface:/home/khaledob/bookros2_ws/install/hardware_interface:/home/khaledob/bookros2_ws/install/ros2_control_test_assets:/home/khaledob/bookros2_ws/install/controller_manager_msgs:${AMENT_PREFIX_PATH} CMAKE_PREFIX_PATH=/home/khaledob/bookros2_ws/install/controller_manager:/home/khaledob/bookros2_ws/install/controller_interface:/home/khaledob/bookros2_ws/install/hardware_interface:/home/khaledob/bookros2_ws/install/ros2_control_test_assets:/home/khaledob/bookros2_ws/install/controller_manager_msgs:/opt/ros/foxy LD_LIBRARY_PATH=/home/khaledob/bookros2_ws/install/controller_manager/lib:/home/khaledob/bookros2_ws/install/controller_interface/lib:/home/khaledob/bookros2_ws/install/hardware_interface/lib:/home/khaledob/bookros2_ws/install/controller_manager_msgs/lib:${LD_LIBRARY_PATH} PYTHONPATH=/home/khaledob/bookros2_ws/install/controller_manager/lib/python3.8/site-packages:/home/khaledob/bookros2_ws/install/controller_manager_msgs/lib/python3.8/site-packages:${PYTHONPATH} /usr/bin/cmake --build /home/khaledob/bookros2_ws/build/joint_trajectory_controller -- -j7 -l7
[0.582s] [ 20%] Built target joint_trajectory_controller
[0.674s] [ 33%] Built target gtest_main
[0.738s] [ 46%] Built target gtest
[0.879s] [ 60%] Built target test_trajectory
[1.010s] [ 73%] Built target test_trajectory_actions
[1.200s] [ 86%] Built target test_load_joint_trajectory_controller
[1.340s] [100%] Built target test_trajectory_controller
[1.653s] Invoked command in '/home/khaledob/bookros2_ws/build/joint_trajectory_controller' returned '0': AMENT_PREFIX_PATH=/home/khaledob/bookros2_ws/install/controller_manager:/home/khaledob/bookros2_ws/install/controller_interface:/home/khaledob/bookros2_ws/install/hardware_interface:/home/khaledob/bookros2_ws/install/ros2_control_test_assets:/home/khaledob/bookros2_ws/install/controller_manager_msgs:${AMENT_PREFIX_PATH} CMAKE_PREFIX_PATH=/home/khaledob/bookros2_ws/install/controller_manager:/home/khaledob/bookros2_ws/install/controller_interface:/home/khaledob/bookros2_ws/install/hardware_interface:/home/khaledob/bookros2_ws/install/ros2_control_test_assets:/home/khaledob/bookros2_ws/install/controller_manager_msgs:/opt/ros/foxy LD_LIBRARY_PATH=/home/khaledob/bookros2_ws/install/controller_manager/lib:/home/khaledob/bookros2_ws/install/controller_interface/lib:/home/khaledob/bookros2_ws/install/hardware_interface/lib:/home/khaledob/bookros2_ws/install/controller_manager_msgs/lib:${LD_LIBRARY_PATH} PYTHONPATH=/home/khaledob/bookros2_ws/install/controller_manager/lib/python3.8/site-packages:/home/khaledob/bookros2_ws/install/controller_manager_msgs/lib/python3.8/site-packages:${PYTHONPATH} /usr/bin/cmake --build /home/khaledob/bookros2_ws/build/joint_trajectory_controller -- -j7 -l7
[1.680s] Invoking command in '/home/khaledob/bookros2_ws/build/joint_trajectory_controller': AMENT_PREFIX_PATH=/home/khaledob/bookros2_ws/install/controller_manager:/home/khaledob/bookros2_ws/install/controller_interface:/home/khaledob/bookros2_ws/install/hardware_interface:/home/khaledob/bookros2_ws/install/ros2_control_test_assets:/home/khaledob/bookros2_ws/install/controller_manager_msgs:${AMENT_PREFIX_PATH} CMAKE_PREFIX_PATH=/home/khaledob/bookros2_ws/install/controller_manager:/home/khaledob/bookros2_ws/install/controller_interface:/home/khaledob/bookros2_ws/install/hardware_interface:/home/khaledob/bookros2_ws/install/ros2_control_test_assets:/home/khaledob/bookros2_ws/install/controller_manager_msgs:/opt/ros/foxy LD_LIBRARY_PATH=/home/khaledob/bookros2_ws/install/controller_manager/lib:/home/khaledob/bookros2_ws/install/controller_interface/lib:/home/khaledob/bookros2_ws/install/hardware_interface/lib:/home/khaledob/bookros2_ws/install/controller_manager_msgs/lib:${LD_LIBRARY_PATH} PYTHONPATH=/home/khaledob/bookros2_ws/install/controller_manager/lib/python3.8/site-packages:/home/khaledob/bookros2_ws/install/controller_manager_msgs/lib/python3.8/site-packages:${PYTHONPATH} /usr/bin/cmake --install /home/khaledob/bookros2_ws/build/joint_trajectory_controller
[1.818s] -- Install configuration: ""
[1.819s] -- Execute custom install script
[1.819s] -- Up-to-date symlink: /home/khaledob/bookros2_ws/install/joint_trajectory_controller/share/joint_trajectory_controller//joint_trajectory_plugin.xml
[1.821s] -- Up-to-date symlink: /home/khaledob/bookros2_ws/install/joint_trajectory_controller/include/joint_trajectory_controller/joint_trajectory_controller.hpp
[1.821s] -- Up-to-date symlink: /home/khaledob/bookros2_ws/install/joint_trajectory_controller/include/joint_trajectory_controller/tolerances.hpp
[1.822s] -- Up-to-date symlink: /home/khaledob/bookros2_ws/install/joint_trajectory_controller/include/joint_trajectory_controller/trajectory.hpp
[1.822s] -- Up-to-date symlink: /home/khaledob/bookros2_ws/install/joint_trajectory_controller/include/joint_trajectory_controller/visibility_control.h
[1.822s] -- Up-to-date symlink: /home/khaledob/bookros2_ws/install/joint_trajectory_controller/lib/libjoint_trajectory_controller.so
[1.822s] -- Up-to-date symlink: /home/khaledob/bookros2_ws/install/joint_trajectory_controller/share/joint_trajectory_controller/environment/library_path.sh
[1.822s] -- Up-to-date symlink: /home/khaledob/bookros2_ws/install/joint_trajectory_controller/share/joint_trajectory_controller/environment/library_path.dsv
[1.823s] -- Up-to-date symlink: /home/khaledob/bookros2_ws/install/joint_trajectory_controller/share/ament_index/resource_index/package_run_dependencies/joint_trajectory_controller
[1.823s] -- Up-to-date symlink: /home/khaledob/bookros2_ws/install/joint_trajectory_controller/share/ament_index/resource_index/parent_prefix_path/joint_trajectory_controller
[1.824s] -- Up-to-date symlink: /home/khaledob/bookros2_ws/install/joint_trajectory_controller/share/joint_trajectory_controller/environment/ament_prefix_path.sh
[1.824s] -- Up-to-date symlink: /home/khaledob/bookros2_ws/install/joint_trajectory_controller/share/joint_trajectory_controller/environment/ament_prefix_path.dsv
[1.824s] -- Up-to-date symlink: /home/khaledob/bookros2_ws/install/joint_trajectory_controller/share/joint_trajectory_controller/environment/path.sh
[1.824s] -- Up-to-date symlink: /home/khaledob/bookros2_ws/install/joint_trajectory_controller/share/joint_trajectory_controller/environment/path.dsv
[1.824s] -- Up-to-date symlink: /home/khaledob/bookros2_ws/install/joint_trajectory_controller/share/joint_trajectory_controller/local_setup.bash
[1.824s] -- Up-to-date symlink: /home/khaledob/bookros2_ws/install/joint_trajectory_controller/share/joint_trajectory_controller/local_setup.sh
[1.824s] -- Up-to-date symlink: /home/khaledob/bookros2_ws/install/joint_trajectory_controller/share/joint_trajectory_controller/local_setup.zsh
[1.825s] -- Up-to-date symlink: /home/khaledob/bookros2_ws/install/joint_trajectory_controller/share/joint_trajectory_controller/local_setup.dsv
[1.825s] -- Symlinking: /home/khaledob/bookros2_ws/install/joint_trajectory_controller/share/joint_trajectory_controller/package.dsv
[1.825s] -- Up-to-date symlink: /home/khaledob/bookros2_ws/install/joint_trajectory_controller/share/ament_index/resource_index/packages/joint_trajectory_controller
[1.825s] -- Up-to-date symlink: /home/khaledob/bookros2_ws/install/joint_trajectory_controller/share/ament_index/resource_index/controller_interface__pluginlib__plugin/joint_trajectory_controller
[1.825s] -- Up-to-date symlink: /home/khaledob/bookros2_ws/install/joint_trajectory_controller/share/joint_trajectory_controller/cmake/ament_cmake_export_dependencies-extras.cmake
[1.825s] -- Up-to-date symlink: /home/khaledob/bookros2_ws/install/joint_trajectory_controller/share/joint_trajectory_controller/cmake/ament_cmake_export_include_directories-extras.cmake
[1.826s] -- Up-to-date symlink: /home/khaledob/bookros2_ws/install/joint_trajectory_controller/share/joint_trajectory_controller/cmake/ament_cmake_export_libraries-extras.cmake
[1.826s] -- Up-to-date symlink: /home/khaledob/bookros2_ws/install/joint_trajectory_controller/share/joint_trajectory_controller/cmake/joint_trajectory_controllerConfig.cmake
[1.826s] -- Up-to-date symlink: /home/khaledob/bookros2_ws/install/joint_trajectory_controller/share/joint_trajectory_controller/cmake/joint_trajectory_controllerConfig-version.cmake
[1.826s] -- Up-to-date symlink: /home/khaledob/bookros2_ws/install/joint_trajectory_controller/share/joint_trajectory_controller/package.xml
[2.272s] Invoked command in '/home/khaledob/bookros2_ws/build/joint_trajectory_controller' returned '0': AMENT_PREFIX_PATH=/home/khaledob/bookros2_ws/install/controller_manager:/home/khaledob/bookros2_ws/install/controller_interface:/home/khaledob/bookros2_ws/install/hardware_interface:/home/khaledob/bookros2_ws/install/ros2_control_test_assets:/home/khaledob/bookros2_ws/install/controller_manager_msgs:${AMENT_PREFIX_PATH} CMAKE_PREFIX_PATH=/home/khaledob/bookros2_ws/install/controller_manager:/home/khaledob/bookros2_ws/install/controller_interface:/home/khaledob/bookros2_ws/install/hardware_interface:/home/khaledob/bookros2_ws/install/ros2_control_test_assets:/home/khaledob/bookros2_ws/install/controller_manager_msgs:/opt/ros/foxy LD_LIBRARY_PATH=/home/khaledob/bookros2_ws/install/controller_manager/lib:/home/khaledob/bookros2_ws/install/controller_interface/lib:/home/khaledob/bookros2_ws/install/hardware_interface/lib:/home/khaledob/bookros2_ws/install/controller_manager_msgs/lib:${LD_LIBRARY_PATH} PYTHONPATH=/home/khaledob/bookros2_ws/install/controller_manager/lib/python3.8/site-packages:/home/khaledob/bookros2_ws/install/controller_manager_msgs/lib/python3.8/site-packages:${PYTHONPATH} /usr/bin/cmake --install /home/khaledob/bookros2_ws/build/joint_trajectory_controller
