[0.146s] Invoking command in '/home/khaledob/bookros2_ws/build/task1': CMAKE_PREFIX_PATH=/opt/ros/foxy /usr/bin/cmake /home/khaledob/bookros2_ws/src/task1 -DAMENT_CMAKE_SYMLINK_INSTALL=1 -DCMAKE_INSTALL_PREFIX=/home/khaledob/bookros2_ws/install/task1
[0.274s] -- Found ament_cmake: 0.9.12 (/opt/ros/foxy/share/ament_cmake/cmake)
[0.306s] -- Using PYTHON_EXECUTABLE: /usr/bin/python3
[0.764s] -- Override CMake install command with custom implementation using symlinks instead of copying resources
[0.764s] -- Found rclcpp: 2.4.3 (/opt/ros/foxy/share/rclcpp/cmake)
[0.824s] -- Using all available rosidl_typesupport_c: rosidl_typesupport_fastrtps_c;rosidl_typesupport_introspection_c
[0.867s] -- Found rosidl_adapter: 1.3.1 (/opt/ros/foxy/share/rosidl_adapter/cmake)
[1.114s] -- Using all available rosidl_typesupport_cpp: rosidl_typesupport_fastrtps_cpp;rosidl_typesupport_introspection_cpp
[1.231s] -- Found rmw_implementation_cmake: 1.0.4 (/opt/ros/foxy/share/rmw_implementation_cmake/cmake)
[1.234s] -- Using RMW implementation 'rmw_fastrtps_cpp' as default
[1.593s] -- Found sensor_msgs: 2.0.5 (/opt/ros/foxy/share/sensor_msgs/cmake)
[1.773s] -- Found ament_lint_auto: 0.9.8 (/opt/ros/foxy/share/ament_lint_auto/cmake)
[2.040s] -- Added test 'copyright' to check source files copyright and LICENSE
[2.059s] -- Added test 'cppcheck' to perform static code analysis on C / C++ code
[2.059s] -- Configured cppcheck include dirs: /home/khaledob/bookros2_ws/src/task1/include
[2.061s] -- Configured cppcheck exclude dirs and/or files: 
[2.064s] -- Added test 'cpplint' to check C / C++ code against the Google style
[2.064s] -- Configured cpplint exclude dirs and/or files: 
[2.065s] -- Added test 'lint_cmake' to check CMake code style
[2.066s] -- Added test 'uncrustify' to check C / C++ code style
[2.066s] -- Configured uncrustify additional arguments: 
[2.066s] -- Added test 'xmllint' to check XML markup files
[2.066s] -- Configuring done
[2.090s] CMake Error at CMakeLists.txt:19 (add_executable):
[2.091s]   Cannot find source file:
[2.100s] 
[2.101s]     src/task1/BumpgoNode1.cpp
[2.102s] 
[2.102s]   Tried extensions .c .C .c++ .cc .cpp .cxx .cu .m .M .mm .h .hh .h++ .hm
[2.103s]   .hpp .hxx .in .txx
[2.103s] 
[2.105s] 
[2.105s] CMake Error at CMakeLists.txt:19 (add_executable):
[2.107s]   No SOURCES given to target: bumpgo
[2.108s] 
[2.110s] 
[2.114s] CMake Generate step failed.  Build files cannot be regenerated correctly.
[2.137s] Invoked command in '/home/khaledob/bookros2_ws/build/task1' returned '1': CMAKE_PREFIX_PATH=/opt/ros/foxy /usr/bin/cmake /home/khaledob/bookros2_ws/src/task1 -DAMENT_CMAKE_SYMLINK_INSTALL=1 -DCMAKE_INSTALL_PREFIX=/home/khaledob/bookros2_ws/install/task1
