[0.445s] Invoking command in '/home/khaledob/bookros2_ws/build/br2_navigation': CMAKE_PREFIX_PATH=${CMAKE_PREFIX_PATH}:/home/khaledob/bookros2_ws/install/tiago_controller_configuration:/home/khaledob/bookros2_ws/install/ros2controlcli:/home/khaledob/bookros2_ws/install/launch_pal:/home/khaledob/bookros2_ws/install/joint_trajectory_controller:/home/khaledob/bookros2_ws/install/imu_sensor_broadcaster:/home/khaledob/bookros2_ws/install/br2_fsm_bumpgo_py:/opt/ros/foxy /usr/bin/cmake --build /home/khaledob/bookros2_ws/build/br2_navigation -- -j7 -l7
[0.711s] Invoked command in '/home/khaledob/bookros2_ws/build/br2_navigation' returned '0': CMAKE_PREFIX_PATH=${CMAKE_PREFIX_PATH}:/home/khaledob/bookros2_ws/install/tiago_controller_configuration:/home/khaledob/bookros2_ws/install/ros2controlcli:/home/khaledob/bookros2_ws/install/launch_pal:/home/khaledob/bookros2_ws/install/joint_trajectory_controller:/home/khaledob/bookros2_ws/install/imu_sensor_broadcaster:/home/khaledob/bookros2_ws/install/br2_fsm_bumpgo_py:/opt/ros/foxy /usr/bin/cmake --build /home/khaledob/bookros2_ws/build/br2_navigation -- -j7 -l7
[0.713s] Invoking command in '/home/khaledob/bookros2_ws/build/br2_navigation': CMAKE_PREFIX_PATH=${CMAKE_PREFIX_PATH}:/home/khaledob/bookros2_ws/install/tiago_controller_configuration:/home/khaledob/bookros2_ws/install/ros2controlcli:/home/khaledob/bookros2_ws/install/launch_pal:/home/khaledob/bookros2_ws/install/joint_trajectory_controller:/home/khaledob/bookros2_ws/install/imu_sensor_broadcaster:/home/khaledob/bookros2_ws/install/br2_fsm_bumpgo_py:/opt/ros/foxy /usr/bin/cmake --install /home/khaledob/bookros2_ws/build/br2_navigation
[0.910s] -- Install configuration: ""
[0.910s] -- Execute custom install script
[0.910s] -- Up-to-date symlink: /home/khaledob/bookros2_ws/install/br2_navigation/share/br2_navigation/launch/navigation_launch.py
[0.910s] -- Up-to-date symlink: /home/khaledob/bookros2_ws/install/br2_navigation/share/br2_navigation/launch/tiago_navigation.launch.py
[0.910s] -- Up-to-date symlink: /home/khaledob/bookros2_ws/install/br2_navigation/share/br2_navigation/params/mapper_params_online_async.yaml
[0.911s] -- Up-to-date symlink: /home/khaledob/bookros2_ws/install/br2_navigation/share/br2_navigation/params/tiago_nav_params.yaml
[0.911s] -- Up-to-date symlink: /home/khaledob/bookros2_ws/install/br2_navigation/share/br2_navigation/maps/home.pgm
[0.911s] -- Up-to-date symlink: /home/khaledob/bookros2_ws/install/br2_navigation/share/br2_navigation/maps/home.yaml
[0.911s] -- Up-to-date symlink: /home/khaledob/bookros2_ws/install/br2_navigation/share/ament_index/resource_index/package_run_dependencies/br2_navigation
[0.911s] -- Up-to-date symlink: /home/khaledob/bookros2_ws/install/br2_navigation/share/ament_index/resource_index/parent_prefix_path/br2_navigation
[0.911s] -- Up-to-date symlink: /home/khaledob/bookros2_ws/install/br2_navigation/share/br2_navigation/environment/ament_prefix_path.sh
[0.911s] -- Up-to-date symlink: /home/khaledob/bookros2_ws/install/br2_navigation/share/br2_navigation/environment/ament_prefix_path.dsv
[0.911s] -- Up-to-date symlink: /home/khaledob/bookros2_ws/install/br2_navigation/share/br2_navigation/environment/path.sh
[0.911s] -- Up-to-date symlink: /home/khaledob/bookros2_ws/install/br2_navigation/share/br2_navigation/environment/path.dsv
[0.912s] -- Up-to-date symlink: /home/khaledob/bookros2_ws/install/br2_navigation/share/br2_navigation/local_setup.bash
[0.912s] -- Up-to-date symlink: /home/khaledob/bookros2_ws/install/br2_navigation/share/br2_navigation/local_setup.sh
[0.912s] -- Up-to-date symlink: /home/khaledob/bookros2_ws/install/br2_navigation/share/br2_navigation/local_setup.zsh
[0.912s] -- Up-to-date symlink: /home/khaledob/bookros2_ws/install/br2_navigation/share/br2_navigation/local_setup.dsv
[0.913s] -- Symlinking: /home/khaledob/bookros2_ws/install/br2_navigation/share/br2_navigation/package.dsv
[0.913s] -- Up-to-date symlink: /home/khaledob/bookros2_ws/install/br2_navigation/share/ament_index/resource_index/packages/br2_navigation
[0.913s] -- Up-to-date symlink: /home/khaledob/bookros2_ws/install/br2_navigation/share/br2_navigation/cmake/br2_navigationConfig.cmake
[0.913s] -- Up-to-date symlink: /home/khaledob/bookros2_ws/install/br2_navigation/share/br2_navigation/cmake/br2_navigationConfig-version.cmake
[0.913s] -- Up-to-date symlink: /home/khaledob/bookros2_ws/install/br2_navigation/share/br2_navigation/package.xml
[1.021s] Invoked command in '/home/khaledob/bookros2_ws/build/br2_navigation' returned '0': CMAKE_PREFIX_PATH=${CMAKE_PREFIX_PATH}:/home/khaledob/bookros2_ws/install/tiago_controller_configuration:/home/khaledob/bookros2_ws/install/ros2controlcli:/home/khaledob/bookros2_ws/install/launch_pal:/home/khaledob/bookros2_ws/install/joint_trajectory_controller:/home/khaledob/bookros2_ws/install/imu_sensor_broadcaster:/home/khaledob/bookros2_ws/install/br2_fsm_bumpgo_py:/opt/ros/foxy /usr/bin/cmake --install /home/khaledob/bookros2_ws/build/br2_navigation
