[0.215s] Invoking command in '/home/khaledob/bookros2_ws/build/controller_manager_msgs': CMAKE_PREFIX_PATH=${CMAKE_PREFIX_PATH}:/home/khaledob/bookros2_ws/install/ros2controlcli:/home/khaledob/bookros2_ws/install/launch_pal:/home/khaledob/bookros2_ws/install/br2_fsm_bumpgo_py:/opt/ros/foxy /usr/bin/cmake --build /home/khaledob/bookros2_ws/build/controller_manager_msgs -- -j7 -l7
[0.614s] [  0%] Built target controller_manager_msgs__cpp
[0.614s] [ 12%] Built target controller_manager_msgs__rosidl_generator_c
[0.619s] [ 40%] Built target controller_manager_msgs__rosidl_typesupport_cpp
[0.619s] [ 46%] Built target controller_manager_msgs__rosidl_typesupport_fastrtps_cpp
[0.621s] [ 48%] Built target controller_manager_msgs__rosidl_typesupport_introspection_cpp
[0.621s] [ 60%] Built target controller_manager_msgs__rosidl_typesupport_c
[0.623s] [ 72%] Built target controller_manager_msgs__rosidl_typesupport_introspection_c
[0.623s] [ 84%] Built target controller_manager_msgs__rosidl_typesupport_fastrtps_c
[0.624s] [ 84%] Built target controller_manager_msgs
[0.624s] [ 85%] Built target controller_manager_msgs__py
[0.624s] [ 96%] Built target controller_manager_msgs__python
[0.636s] [ 97%] Built target controller_manager_msgs__rosidl_typesupport_c__pyext
[0.644s] [ 99%] Built target controller_manager_msgs__rosidl_typesupport_introspection_c__pyext
[0.648s] [100%] Built target controller_manager_msgs__rosidl_typesupport_fastrtps_c__pyext
[0.745s] Invoked command in '/home/khaledob/bookros2_ws/build/controller_manager_msgs' returned '0': CMAKE_PREFIX_PATH=${CMAKE_PREFIX_PATH}:/home/khaledob/bookros2_ws/install/ros2controlcli:/home/khaledob/bookros2_ws/install/launch_pal:/home/khaledob/bookros2_ws/install/br2_fsm_bumpgo_py:/opt/ros/foxy /usr/bin/cmake --build /home/khaledob/bookros2_ws/build/controller_manager_msgs -- -j7 -l7
[0.754s] Invoking command in '/home/khaledob/bookros2_ws/build/controller_manager_msgs': CMAKE_PREFIX_PATH=${CMAKE_PREFIX_PATH}:/home/khaledob/bookros2_ws/install/ros2controlcli:/home/khaledob/bookros2_ws/install/launch_pal:/home/khaledob/bookros2_ws/install/br2_fsm_bumpgo_py:/opt/ros/foxy /usr/bin/cmake --install /home/khaledob/bookros2_ws/build/controller_manager_msgs
[0.768s] -- Install configuration: ""
[0.768s] -- Execute custom install script
[0.768s] -- Up-to-date symlink: /home/khaledob/bookros2_ws/install/controller_manager_msgs/share/ament_index/resource_index/rosidl_interfaces/controller_manager_msgs
[0.770s] -- Up-to-date symlink: /home/khaledob/bookros2_ws/install/controller_manager_msgs/include/controller_manager_msgs/msg/controller_state.h
[0.772s] -- Up-to-date symlink: /home/khaledob/bookros2_ws/install/controller_manager_msgs/include/controller_manager_msgs/msg/detail/controller_state__functions.h
[0.773s] -- Up-to-date symlink: /home/khaledob/bookros2_ws/install/controller_manager_msgs/include/controller_manager_msgs/msg/detail/controller_state__struct.h
[0.775s] -- Up-to-date symlink: /home/khaledob/bookros2_ws/install/controller_manager_msgs/include/controller_manager_msgs/msg/detail/controller_state__type_support.h
[0.783s] -- Up-to-date symlink: /home/khaledob/bookros2_ws/install/controller_manager_msgs/include/controller_manager_msgs/msg/detail/hardware_interface__functions.h
[0.783s] -- Up-to-date symlink: /home/khaledob/bookros2_ws/install/controller_manager_msgs/include/controller_manager_msgs/msg/detail/hardware_interface__struct.h
[0.784s] -- Up-to-date symlink: /home/khaledob/bookros2_ws/install/controller_manager_msgs/include/controller_manager_msgs/msg/detail/hardware_interface__type_support.h
[0.785s] -- Up-to-date symlink: /home/khaledob/bookros2_ws/install/controller_manager_msgs/include/controller_manager_msgs/msg/hardware_interface.h
[0.786s] -- Up-to-date symlink: /home/khaledob/bookros2_ws/install/controller_manager_msgs/include/controller_manager_msgs/msg/rosidl_generator_c__visibility_control.h
[0.788s] -- Up-to-date symlink: /home/khaledob/bookros2_ws/install/controller_manager_msgs/include/controller_manager_msgs/srv/configure_controller.h
[0.797s] -- Up-to-date symlink: /home/khaledob/bookros2_ws/install/controller_manager_msgs/include/controller_manager_msgs/srv/configure_start_controller.h
[0.799s] -- Up-to-date symlink: /home/khaledob/bookros2_ws/install/controller_manager_msgs/include/controller_manager_msgs/srv/detail/configure_controller__functions.h
[0.801s] -- Up-to-date symlink: /home/khaledob/bookros2_ws/install/controller_manager_msgs/include/controller_manager_msgs/srv/detail/configure_controller__struct.h
[0.802s] -- Up-to-date symlink: /home/khaledob/bookros2_ws/install/controller_manager_msgs/include/controller_manager_msgs/srv/detail/configure_controller__type_support.h
[0.803s] -- Up-to-date symlink: /home/khaledob/bookros2_ws/install/controller_manager_msgs/include/controller_manager_msgs/srv/detail/configure_start_controller__functions.h
[0.804s] -- Up-to-date symlink: /home/khaledob/bookros2_ws/install/controller_manager_msgs/include/controller_manager_msgs/srv/detail/configure_start_controller__struct.h
[0.808s] -- Up-to-date symlink: /home/khaledob/bookros2_ws/install/controller_manager_msgs/include/controller_manager_msgs/srv/detail/configure_start_controller__type_support.h
[0.809s] -- Up-to-date symlink: /home/khaledob/bookros2_ws/install/controller_manager_msgs/include/controller_manager_msgs/srv/detail/list_controller_types__functions.h
[0.809s] -- Up-to-date symlink: /home/khaledob/bookros2_ws/install/controller_manager_msgs/include/controller_manager_msgs/srv/detail/list_controller_types__struct.h
[0.810s] -- Up-to-date symlink: /home/khaledob/bookros2_ws/install/controller_manager_msgs/include/controller_manager_msgs/srv/detail/list_controller_types__type_support.h
[0.810s] -- Up-to-date symlink: /home/khaledob/bookros2_ws/install/controller_manager_msgs/include/controller_manager_msgs/srv/detail/list_controllers__functions.h
[0.811s] -- Up-to-date symlink: /home/khaledob/bookros2_ws/install/controller_manager_msgs/include/controller_manager_msgs/srv/detail/list_controllers__struct.h
[0.811s] -- Up-to-date symlink: /home/khaledob/bookros2_ws/install/controller_manager_msgs/include/controller_manager_msgs/srv/detail/list_controllers__type_support.h
[0.812s] -- Up-to-date symlink: /home/khaledob/bookros2_ws/install/controller_manager_msgs/include/controller_manager_msgs/srv/detail/list_hardware_interfaces__functions.h
[0.812s] -- Up-to-date symlink: /home/khaledob/bookros2_ws/install/controller_manager_msgs/include/controller_manager_msgs/srv/detail/list_hardware_interfaces__struct.h
[0.814s] -- Up-to-date symlink: /home/khaledob/bookros2_ws/install/controller_manager_msgs/include/controller_manager_msgs/srv/detail/list_hardware_interfaces__type_support.h
[0.815s] -- Up-to-date symlink: /home/khaledob/bookros2_ws/install/controller_manager_msgs/include/controller_manager_msgs/srv/detail/load_configure_controller__functions.h
[0.815s] -- Up-to-date symlink: /home/khaledob/bookros2_ws/install/controller_manager_msgs/include/controller_manager_msgs/srv/detail/load_configure_controller__struct.h
[0.816s] -- Up-to-date symlink: /home/khaledob/bookros2_ws/install/controller_manager_msgs/include/controller_manager_msgs/srv/detail/load_configure_controller__type_support.h
[0.817s] -- Up-to-date symlink: /home/khaledob/bookros2_ws/install/controller_manager_msgs/include/controller_manager_msgs/srv/detail/load_controller__functions.h
[0.817s] -- Up-to-date symlink: /home/khaledob/bookros2_ws/install/controller_manager_msgs/include/controller_manager_msgs/srv/detail/load_controller__struct.h
[0.817s] -- Up-to-date symlink: /home/khaledob/bookros2_ws/install/controller_manager_msgs/include/controller_manager_msgs/srv/detail/load_controller__type_support.h
[0.821s] -- Up-to-date symlink: /home/khaledob/bookros2_ws/install/controller_manager_msgs/include/controller_manager_msgs/srv/detail/load_start_controller__functions.h
[0.822s] -- Up-to-date symlink: /home/khaledob/bookros2_ws/install/controller_manager_msgs/include/controller_manager_msgs/srv/detail/load_start_controller__struct.h
[0.822s] -- Up-to-date symlink: /home/khaledob/bookros2_ws/install/controller_manager_msgs/include/controller_manager_msgs/srv/detail/load_start_controller__type_support.h
[0.825s] -- Up-to-date symlink: /home/khaledob/bookros2_ws/install/controller_manager_msgs/include/controller_manager_msgs/srv/detail/reload_controller_libraries__functions.h
[0.825s] -- Up-to-date symlink: /home/khaledob/bookros2_ws/install/controller_manager_msgs/include/controller_manager_msgs/srv/detail/reload_controller_libraries__struct.h
[0.825s] -- Up-to-date symlink: /home/khaledob/bookros2_ws/install/controller_manager_msgs/include/controller_manager_msgs/srv/detail/reload_controller_libraries__type_support.h
[0.825s] -- Up-to-date symlink: /home/khaledob/bookros2_ws/install/controller_manager_msgs/include/controller_manager_msgs/srv/detail/switch_controller__functions.h
[0.826s] -- Up-to-date symlink: /home/khaledob/bookros2_ws/install/controller_manager_msgs/include/controller_manager_msgs/srv/detail/switch_controller__struct.h
[0.831s] -- Up-to-date symlink: /home/khaledob/bookros2_ws/install/controller_manager_msgs/include/controller_manager_msgs/srv/detail/switch_controller__type_support.h
[0.832s] -- Up-to-date symlink: /home/khaledob/bookros2_ws/install/controller_manager_msgs/include/controller_manager_msgs/srv/detail/unload_controller__functions.h
[0.832s] -- Up-to-date symlink: /home/khaledob/bookros2_ws/install/controller_manager_msgs/include/controller_manager_msgs/srv/detail/unload_controller__struct.h
[0.833s] -- Up-to-date symlink: /home/khaledob/bookros2_ws/install/controller_manager_msgs/include/controller_manager_msgs/srv/detail/unload_controller__type_support.h
[0.835s] -- Up-to-date symlink: /home/khaledob/bookros2_ws/install/controller_manager_msgs/include/controller_manager_msgs/srv/list_controller_types.h
[0.836s] -- Up-to-date symlink: /home/khaledob/bookros2_ws/install/controller_manager_msgs/include/controller_manager_msgs/srv/list_controllers.h
[0.836s] -- Up-to-date symlink: /home/khaledob/bookros2_ws/install/controller_manager_msgs/include/controller_manager_msgs/srv/list_hardware_interfaces.h
[0.837s] -- Up-to-date symlink: /home/khaledob/bookros2_ws/install/controller_manager_msgs/include/controller_manager_msgs/srv/load_configure_controller.h
[0.838s] -- Up-to-date symlink: /home/khaledob/bookros2_ws/install/controller_manager_msgs/include/controller_manager_msgs/srv/load_controller.h
[0.839s] -- Up-to-date symlink: /home/khaledob/bookros2_ws/install/controller_manager_msgs/include/controller_manager_msgs/srv/load_start_controller.h
[0.839s] -- Up-to-date symlink: /home/khaledob/bookros2_ws/install/controller_manager_msgs/include/controller_manager_msgs/srv/reload_controller_libraries.h
[0.839s] -- Up-to-date symlink: /home/khaledob/bookros2_ws/install/controller_manager_msgs/include/controller_manager_msgs/srv/switch_controller.h
[0.840s] -- Up-to-date symlink: /home/khaledob/bookros2_ws/install/controller_manager_msgs/include/controller_manager_msgs/srv/unload_controller.h
[0.844s] -- Up-to-date symlink: /home/khaledob/bookros2_ws/install/controller_manager_msgs/share/controller_manager_msgs/environment/library_path.sh
[0.845s] -- Up-to-date symlink: /home/khaledob/bookros2_ws/install/controller_manager_msgs/share/controller_manager_msgs/environment/library_path.dsv
[0.845s] -- Up-to-date symlink: /home/khaledob/bookros2_ws/install/controller_manager_msgs/include/controller_manager_msgs/msg/detail/controller_state__rosidl_typesupport_fastrtps_c.h
[0.847s] -- Up-to-date symlink: /home/khaledob/bookros2_ws/install/controller_manager_msgs/include/controller_manager_msgs/msg/detail/hardware_interface__rosidl_typesupport_fastrtps_c.h
[0.848s] -- Up-to-date symlink: /home/khaledob/bookros2_ws/install/controller_manager_msgs/include/controller_manager_msgs/msg/rosidl_typesupport_fastrtps_c__visibility_control.h
[0.849s] -- Up-to-date symlink: /home/khaledob/bookros2_ws/install/controller_manager_msgs/include/controller_manager_msgs/srv/detail/configure_controller__rosidl_typesupport_fastrtps_c.h
[0.850s] -- Up-to-date symlink: /home/khaledob/bookros2_ws/install/controller_manager_msgs/include/controller_manager_msgs/srv/detail/configure_start_controller__rosidl_typesupport_fastrtps_c.h
[0.850s] -- Up-to-date symlink: /home/khaledob/bookros2_ws/install/controller_manager_msgs/include/controller_manager_msgs/srv/detail/list_controller_types__rosidl_typesupport_fastrtps_c.h
[0.851s] -- Up-to-date symlink: /home/khaledob/bookros2_ws/install/controller_manager_msgs/include/controller_manager_msgs/srv/detail/list_controllers__rosidl_typesupport_fastrtps_c.h
[0.852s] -- Up-to-date symlink: /home/khaledob/bookros2_ws/install/controller_manager_msgs/include/controller_manager_msgs/srv/detail/list_hardware_interfaces__rosidl_typesupport_fastrtps_c.h
[0.853s] -- Up-to-date symlink: /home/khaledob/bookros2_ws/install/controller_manager_msgs/include/controller_manager_msgs/srv/detail/load_configure_controller__rosidl_typesupport_fastrtps_c.h
[0.853s] -- Up-to-date symlink: /home/khaledob/bookros2_ws/install/controller_manager_msgs/include/controller_manager_msgs/srv/detail/load_controller__rosidl_typesupport_fastrtps_c.h
[0.854s] -- Up-to-date symlink: /home/khaledob/bookros2_ws/install/controller_manager_msgs/include/controller_manager_msgs/srv/detail/load_start_controller__rosidl_typesupport_fastrtps_c.h
[0.854s] -- Up-to-date symlink: /home/khaledob/bookros2_ws/install/controller_manager_msgs/include/controller_manager_msgs/srv/detail/reload_controller_libraries__rosidl_typesupport_fastrtps_c.h
[0.855s] -- Up-to-date symlink: /home/khaledob/bookros2_ws/install/controller_manager_msgs/include/controller_manager_msgs/srv/detail/switch_controller__rosidl_typesupport_fastrtps_c.h
[0.856s] -- Up-to-date symlink: /home/khaledob/bookros2_ws/install/controller_manager_msgs/include/controller_manager_msgs/srv/detail/unload_controller__rosidl_typesupport_fastrtps_c.h
[0.856s] -- Up-to-date symlink: /home/khaledob/bookros2_ws/install/controller_manager_msgs/lib/libcontroller_manager_msgs__rosidl_typesupport_fastrtps_c.so
[0.856s] -- Up-to-date symlink: /home/khaledob/bookros2_ws/install/controller_manager_msgs/include/controller_manager_msgs/msg/detail/controller_state__rosidl_typesupport_fastrtps_cpp.hpp
[0.857s] -- Up-to-date symlink: /home/khaledob/bookros2_ws/install/controller_manager_msgs/include/controller_manager_msgs/msg/detail/hardware_interface__rosidl_typesupport_fastrtps_cpp.hpp
[0.858s] -- Up-to-date symlink: /home/khaledob/bookros2_ws/install/controller_manager_msgs/include/controller_manager_msgs/msg/rosidl_typesupport_fastrtps_cpp__visibility_control.h
[0.859s] -- Up-to-date symlink: /home/khaledob/bookros2_ws/install/controller_manager_msgs/include/controller_manager_msgs/srv/detail/configure_controller__rosidl_typesupport_fastrtps_cpp.hpp
[0.859s] -- Up-to-date symlink: /home/khaledob/bookros2_ws/install/controller_manager_msgs/include/controller_manager_msgs/srv/detail/configure_start_controller__rosidl_typesupport_fastrtps_cpp.hpp
[0.860s] -- Up-to-date symlink: /home/khaledob/bookros2_ws/install/controller_manager_msgs/include/controller_manager_msgs/srv/detail/list_controller_types__rosidl_typesupport_fastrtps_cpp.hpp
[0.860s] -- Up-to-date symlink: /home/khaledob/bookros2_ws/install/controller_manager_msgs/include/controller_manager_msgs/srv/detail/list_controllers__rosidl_typesupport_fastrtps_cpp.hpp
[0.860s] -- Up-to-date symlink: /home/khaledob/bookros2_ws/install/controller_manager_msgs/include/controller_manager_msgs/srv/detail/list_hardware_interfaces__rosidl_typesupport_fastrtps_cpp.hpp
[0.860s] -- Up-to-date symlink: /home/khaledob/bookros2_ws/install/controller_manager_msgs/include/controller_manager_msgs/srv/detail/load_configure_controller__rosidl_typesupport_fastrtps_cpp.hpp
[0.860s] -- Up-to-date symlink: /home/khaledob/bookros2_ws/install/controller_manager_msgs/include/controller_manager_msgs/srv/detail/load_controller__rosidl_typesupport_fastrtps_cpp.hpp
[0.860s] -- Up-to-date symlink: /home/khaledob/bookros2_ws/install/controller_manager_msgs/include/controller_manager_msgs/srv/detail/load_start_controller__rosidl_typesupport_fastrtps_cpp.hpp
[0.860s] -- Up-to-date symlink: /home/khaledob/bookros2_ws/install/controller_manager_msgs/include/controller_manager_msgs/srv/detail/reload_controller_libraries__rosidl_typesupport_fastrtps_cpp.hpp
[0.861s] -- Up-to-date symlink: /home/khaledob/bookros2_ws/install/controller_manager_msgs/include/controller_manager_msgs/srv/detail/switch_controller__rosidl_typesupport_fastrtps_cpp.hpp
[0.862s] -- Up-to-date symlink: /home/khaledob/bookros2_ws/install/controller_manager_msgs/include/controller_manager_msgs/srv/detail/unload_controller__rosidl_typesupport_fastrtps_cpp.hpp
[0.862s] -- Up-to-date symlink: /home/khaledob/bookros2_ws/install/controller_manager_msgs/lib/libcontroller_manager_msgs__rosidl_typesupport_fastrtps_cpp.so
[0.862s] -- Up-to-date symlink: /home/khaledob/bookros2_ws/install/controller_manager_msgs/include/controller_manager_msgs/msg/detail/controller_state__rosidl_typesupport_introspection_c.h
[0.862s] -- Up-to-date symlink: /home/khaledob/bookros2_ws/install/controller_manager_msgs/include/controller_manager_msgs/msg/detail/hardware_interface__rosidl_typesupport_introspection_c.h
[0.862s] -- Up-to-date symlink: /home/khaledob/bookros2_ws/install/controller_manager_msgs/include/controller_manager_msgs/msg/rosidl_typesupport_introspection_c__visibility_control.h
[0.863s] -- Up-to-date symlink: /home/khaledob/bookros2_ws/install/controller_manager_msgs/include/controller_manager_msgs/srv/detail/configure_controller__rosidl_typesupport_introspection_c.h
[0.863s] -- Up-to-date symlink: /home/khaledob/bookros2_ws/install/controller_manager_msgs/include/controller_manager_msgs/srv/detail/configure_start_controller__rosidl_typesupport_introspection_c.h
[0.863s] -- Up-to-date symlink: /home/khaledob/bookros2_ws/install/controller_manager_msgs/include/controller_manager_msgs/srv/detail/list_controller_types__rosidl_typesupport_introspection_c.h
[0.864s] -- Up-to-date symlink: /home/khaledob/bookros2_ws/install/controller_manager_msgs/include/controller_manager_msgs/srv/detail/list_controllers__rosidl_typesupport_introspection_c.h
[0.865s] -- Up-to-date symlink: /home/khaledob/bookros2_ws/install/controller_manager_msgs/include/controller_manager_msgs/srv/detail/list_hardware_interfaces__rosidl_typesupport_introspection_c.h
[0.865s] -- Up-to-date symlink: /home/khaledob/bookros2_ws/install/controller_manager_msgs/include/controller_manager_msgs/srv/detail/load_configure_controller__rosidl_typesupport_introspection_c.h
[0.865s] -- Up-to-date symlink: /home/khaledob/bookros2_ws/install/controller_manager_msgs/include/controller_manager_msgs/srv/detail/load_controller__rosidl_typesupport_introspection_c.h
[0.865s] -- Up-to-date symlink: /home/khaledob/bookros2_ws/install/controller_manager_msgs/include/controller_manager_msgs/srv/detail/load_start_controller__rosidl_typesupport_introspection_c.h
[0.866s] -- Up-to-date symlink: /home/khaledob/bookros2_ws/install/controller_manager_msgs/include/controller_manager_msgs/srv/detail/reload_controller_libraries__rosidl_typesupport_introspection_c.h
[0.866s] -- Up-to-date symlink: /home/khaledob/bookros2_ws/install/controller_manager_msgs/include/controller_manager_msgs/srv/detail/switch_controller__rosidl_typesupport_introspection_c.h
[0.866s] -- Up-to-date symlink: /home/khaledob/bookros2_ws/install/controller_manager_msgs/include/controller_manager_msgs/srv/detail/unload_controller__rosidl_typesupport_introspection_c.h
[0.867s] -- Up-to-date symlink: /home/khaledob/bookros2_ws/install/controller_manager_msgs/include/controller_manager_msgs/msg/controller_state.hpp
[0.867s] -- Up-to-date symlink: /home/khaledob/bookros2_ws/install/controller_manager_msgs/include/controller_manager_msgs/msg/detail/controller_state__builder.hpp
[0.867s] -- Up-to-date symlink: /home/khaledob/bookros2_ws/install/controller_manager_msgs/include/controller_manager_msgs/msg/detail/controller_state__struct.hpp
[0.867s] -- Up-to-date symlink: /home/khaledob/bookros2_ws/install/controller_manager_msgs/include/controller_manager_msgs/msg/detail/controller_state__traits.hpp
[0.867s] -- Up-to-date symlink: /home/khaledob/bookros2_ws/install/controller_manager_msgs/include/controller_manager_msgs/msg/detail/controller_state__type_support.hpp
[0.868s] -- Up-to-date symlink: /home/khaledob/bookros2_ws/install/controller_manager_msgs/include/controller_manager_msgs/msg/detail/hardware_interface__builder.hpp
[0.868s] -- Up-to-date symlink: /home/khaledob/bookros2_ws/install/controller_manager_msgs/include/controller_manager_msgs/msg/detail/hardware_interface__struct.hpp
[0.868s] -- Up-to-date symlink: /home/khaledob/bookros2_ws/install/controller_manager_msgs/include/controller_manager_msgs/msg/detail/hardware_interface__traits.hpp
[0.868s] -- Up-to-date symlink: /home/khaledob/bookros2_ws/install/controller_manager_msgs/include/controller_manager_msgs/msg/detail/hardware_interface__type_support.hpp
[0.868s] -- Up-to-date symlink: /home/khaledob/bookros2_ws/install/controller_manager_msgs/include/controller_manager_msgs/msg/hardware_interface.hpp
[0.869s] -- Up-to-date symlink: /home/khaledob/bookros2_ws/install/controller_manager_msgs/include/controller_manager_msgs/msg/rosidl_generator_cpp__visibility_control.hpp
[0.869s] -- Up-to-date symlink: /home/khaledob/bookros2_ws/install/controller_manager_msgs/include/controller_manager_msgs/srv/configure_controller.hpp
[0.869s] -- Up-to-date symlink: /home/khaledob/bookros2_ws/install/controller_manager_msgs/include/controller_manager_msgs/srv/configure_start_controller.hpp
[0.869s] -- Up-to-date symlink: /home/khaledob/bookros2_ws/install/controller_manager_msgs/include/controller_manager_msgs/srv/detail/configure_controller__builder.hpp
[0.870s] -- Up-to-date symlink: /home/khaledob/bookros2_ws/install/controller_manager_msgs/include/controller_manager_msgs/srv/detail/configure_controller__struct.hpp
[0.874s] -- Up-to-date symlink: /home/khaledob/bookros2_ws/install/controller_manager_msgs/include/controller_manager_msgs/srv/detail/configure_controller__traits.hpp
[0.875s] -- Up-to-date symlink: /home/khaledob/bookros2_ws/install/controller_manager_msgs/include/controller_manager_msgs/srv/detail/configure_controller__type_support.hpp
[0.876s] -- Up-to-date symlink: /home/khaledob/bookros2_ws/install/controller_manager_msgs/include/controller_manager_msgs/srv/detail/configure_start_controller__builder.hpp
[0.877s] -- Up-to-date symlink: /home/khaledob/bookros2_ws/install/controller_manager_msgs/include/controller_manager_msgs/srv/detail/configure_start_controller__struct.hpp
[0.880s] -- Up-to-date symlink: /home/khaledob/bookros2_ws/install/controller_manager_msgs/include/controller_manager_msgs/srv/detail/configure_start_controller__traits.hpp
[0.882s] -- Up-to-date symlink: /home/khaledob/bookros2_ws/install/controller_manager_msgs/include/controller_manager_msgs/srv/detail/configure_start_controller__type_support.hpp
[0.882s] -- Up-to-date symlink: /home/khaledob/bookros2_ws/install/controller_manager_msgs/include/controller_manager_msgs/srv/detail/list_controller_types__builder.hpp
[0.884s] -- Up-to-date symlink: /home/khaledob/bookros2_ws/install/controller_manager_msgs/include/controller_manager_msgs/srv/detail/list_controller_types__struct.hpp
[0.891s] -- Up-to-date symlink: /home/khaledob/bookros2_ws/install/controller_manager_msgs/include/controller_manager_msgs/srv/detail/list_controller_types__traits.hpp
[0.892s] -- Up-to-date symlink: /home/khaledob/bookros2_ws/install/controller_manager_msgs/include/controller_manager_msgs/srv/detail/list_controller_types__type_support.hpp
[0.893s] -- Up-to-date symlink: /home/khaledob/bookros2_ws/install/controller_manager_msgs/include/controller_manager_msgs/srv/detail/list_controllers__builder.hpp
[0.897s] -- Up-to-date symlink: /home/khaledob/bookros2_ws/install/controller_manager_msgs/include/controller_manager_msgs/srv/detail/list_controllers__struct.hpp
[0.898s] -- Up-to-date symlink: /home/khaledob/bookros2_ws/install/controller_manager_msgs/include/controller_manager_msgs/srv/detail/list_controllers__traits.hpp
[0.898s] -- Up-to-date symlink: /home/khaledob/bookros2_ws/install/controller_manager_msgs/include/controller_manager_msgs/srv/detail/list_controllers__type_support.hpp
[0.899s] -- Up-to-date symlink: /home/khaledob/bookros2_ws/install/controller_manager_msgs/include/controller_manager_msgs/srv/detail/list_hardware_interfaces__builder.hpp
[0.899s] -- Up-to-date symlink: /home/khaledob/bookros2_ws/install/controller_manager_msgs/include/controller_manager_msgs/srv/detail/list_hardware_interfaces__struct.hpp
[0.900s] -- Up-to-date symlink: /home/khaledob/bookros2_ws/install/controller_manager_msgs/include/controller_manager_msgs/srv/detail/list_hardware_interfaces__traits.hpp
[0.900s] -- Up-to-date symlink: /home/khaledob/bookros2_ws/install/controller_manager_msgs/include/controller_manager_msgs/srv/detail/list_hardware_interfaces__type_support.hpp
[0.901s] -- Up-to-date symlink: /home/khaledob/bookros2_ws/install/controller_manager_msgs/include/controller_manager_msgs/srv/detail/load_configure_controller__builder.hpp
[0.901s] -- Up-to-date symlink: /home/khaledob/bookros2_ws/install/controller_manager_msgs/include/controller_manager_msgs/srv/detail/load_configure_controller__struct.hpp
[0.902s] -- Up-to-date symlink: /home/khaledob/bookros2_ws/install/controller_manager_msgs/include/controller_manager_msgs/srv/detail/load_configure_controller__traits.hpp
[0.902s] -- Up-to-date symlink: /home/khaledob/bookros2_ws/install/controller_manager_msgs/include/controller_manager_msgs/srv/detail/load_configure_controller__type_support.hpp
[0.902s] -- Up-to-date symlink: /home/khaledob/bookros2_ws/install/controller_manager_msgs/include/controller_manager_msgs/srv/detail/load_controller__builder.hpp
[0.902s] -- Up-to-date symlink: /home/khaledob/bookros2_ws/install/controller_manager_msgs/include/controller_manager_msgs/srv/detail/load_controller__struct.hpp
[0.902s] -- Up-to-date symlink: /home/khaledob/bookros2_ws/install/controller_manager_msgs/include/controller_manager_msgs/srv/detail/load_controller__traits.hpp
[0.903s] -- Up-to-date symlink: /home/khaledob/bookros2_ws/install/controller_manager_msgs/include/controller_manager_msgs/srv/detail/load_controller__type_support.hpp
[0.903s] -- Up-to-date symlink: /home/khaledob/bookros2_ws/install/controller_manager_msgs/include/controller_manager_msgs/srv/detail/load_start_controller__builder.hpp
[0.904s] -- Up-to-date symlink: /home/khaledob/bookros2_ws/install/controller_manager_msgs/include/controller_manager_msgs/srv/detail/load_start_controller__struct.hpp
[0.904s] -- Up-to-date symlink: /home/khaledob/bookros2_ws/install/controller_manager_msgs/include/controller_manager_msgs/srv/detail/load_start_controller__traits.hpp
[0.904s] -- Up-to-date symlink: /home/khaledob/bookros2_ws/install/controller_manager_msgs/include/controller_manager_msgs/srv/detail/load_start_controller__type_support.hpp
[0.905s] -- Up-to-date symlink: /home/khaledob/bookros2_ws/install/controller_manager_msgs/include/controller_manager_msgs/srv/detail/reload_controller_libraries__builder.hpp
[0.905s] -- Up-to-date symlink: /home/khaledob/bookros2_ws/install/controller_manager_msgs/include/controller_manager_msgs/srv/detail/reload_controller_libraries__struct.hpp
[0.906s] -- Up-to-date symlink: /home/khaledob/bookros2_ws/install/controller_manager_msgs/include/controller_manager_msgs/srv/detail/reload_controller_libraries__traits.hpp
[0.906s] -- Up-to-date symlink: /home/khaledob/bookros2_ws/install/controller_manager_msgs/include/controller_manager_msgs/srv/detail/reload_controller_libraries__type_support.hpp
[0.907s] -- Up-to-date symlink: /home/khaledob/bookros2_ws/install/controller_manager_msgs/include/controller_manager_msgs/srv/detail/switch_controller__builder.hpp
[0.907s] -- Up-to-date symlink: /home/khaledob/bookros2_ws/install/controller_manager_msgs/include/controller_manager_msgs/srv/detail/switch_controller__struct.hpp
[0.908s] -- Up-to-date symlink: /home/khaledob/bookros2_ws/install/controller_manager_msgs/include/controller_manager_msgs/srv/detail/switch_controller__traits.hpp
[0.908s] -- Up-to-date symlink: /home/khaledob/bookros2_ws/install/controller_manager_msgs/include/controller_manager_msgs/srv/detail/switch_controller__type_support.hpp
[0.908s] -- Up-to-date symlink: /home/khaledob/bookros2_ws/install/controller_manager_msgs/include/controller_manager_msgs/srv/detail/unload_controller__builder.hpp
[0.909s] -- Up-to-date symlink: /home/khaledob/bookros2_ws/install/controller_manager_msgs/include/controller_manager_msgs/srv/detail/unload_controller__struct.hpp
[0.910s] -- Up-to-date symlink: /home/khaledob/bookros2_ws/install/controller_manager_msgs/include/controller_manager_msgs/srv/detail/unload_controller__traits.hpp
[0.911s] -- Up-to-date symlink: /home/khaledob/bookros2_ws/install/controller_manager_msgs/include/controller_manager_msgs/srv/detail/unload_controller__type_support.hpp
[0.911s] -- Up-to-date symlink: /home/khaledob/bookros2_ws/install/controller_manager_msgs/include/controller_manager_msgs/srv/list_controller_types.hpp
[0.912s] -- Up-to-date symlink: /home/khaledob/bookros2_ws/install/controller_manager_msgs/include/controller_manager_msgs/srv/list_controllers.hpp
[0.912s] -- Up-to-date symlink: /home/khaledob/bookros2_ws/install/controller_manager_msgs/include/controller_manager_msgs/srv/list_hardware_interfaces.hpp
[0.912s] -- Up-to-date symlink: /home/khaledob/bookros2_ws/install/controller_manager_msgs/include/controller_manager_msgs/srv/load_configure_controller.hpp
[0.913s] -- Up-to-date symlink: /home/khaledob/bookros2_ws/install/controller_manager_msgs/include/controller_manager_msgs/srv/load_controller.hpp
[0.914s] -- Up-to-date symlink: /home/khaledob/bookros2_ws/install/controller_manager_msgs/include/controller_manager_msgs/srv/load_start_controller.hpp
[0.914s] -- Up-to-date symlink: /home/khaledob/bookros2_ws/install/controller_manager_msgs/include/controller_manager_msgs/srv/reload_controller_libraries.hpp
[0.914s] -- Up-to-date symlink: /home/khaledob/bookros2_ws/install/controller_manager_msgs/include/controller_manager_msgs/srv/switch_controller.hpp
[0.915s] -- Up-to-date symlink: /home/khaledob/bookros2_ws/install/controller_manager_msgs/include/controller_manager_msgs/srv/unload_controller.hpp
[0.915s] -- Up-to-date symlink: /home/khaledob/bookros2_ws/install/controller_manager_msgs/include/controller_manager_msgs/msg/detail/controller_state__rosidl_typesupport_introspection_cpp.hpp
[0.915s] -- Up-to-date symlink: /home/khaledob/bookros2_ws/install/controller_manager_msgs/include/controller_manager_msgs/msg/detail/hardware_interface__rosidl_typesupport_introspection_cpp.hpp
[0.916s] -- Up-to-date symlink: /home/khaledob/bookros2_ws/install/controller_manager_msgs/include/controller_manager_msgs/srv/detail/configure_controller__rosidl_typesupport_introspection_cpp.hpp
[0.916s] -- Up-to-date symlink: /home/khaledob/bookros2_ws/install/controller_manager_msgs/include/controller_manager_msgs/srv/detail/configure_start_controller__rosidl_typesupport_introspection_cpp.hpp
[0.917s] -- Up-to-date symlink: /home/khaledob/bookros2_ws/install/controller_manager_msgs/include/controller_manager_msgs/srv/detail/list_controller_types__rosidl_typesupport_introspection_cpp.hpp
[0.918s] -- Up-to-date symlink: /home/khaledob/bookros2_ws/install/controller_manager_msgs/include/controller_manager_msgs/srv/detail/list_controllers__rosidl_typesupport_introspection_cpp.hpp
[0.918s] -- Up-to-date symlink: /home/khaledob/bookros2_ws/install/controller_manager_msgs/include/controller_manager_msgs/srv/detail/list_hardware_interfaces__rosidl_typesupport_introspection_cpp.hpp
[0.918s] -- Up-to-date symlink: /home/khaledob/bookros2_ws/install/controller_manager_msgs/include/controller_manager_msgs/srv/detail/load_configure_controller__rosidl_typesupport_introspection_cpp.hpp
[0.918s] -- Up-to-date symlink: /home/khaledob/bookros2_ws/install/controller_manager_msgs/include/controller_manager_msgs/srv/detail/load_controller__rosidl_typesupport_introspection_cpp.hpp
[0.918s] -- Up-to-date symlink: /home/khaledob/bookros2_ws/install/controller_manager_msgs/include/controller_manager_msgs/srv/detail/load_start_controller__rosidl_typesupport_introspection_cpp.hpp
[0.918s] -- Up-to-date symlink: /home/khaledob/bookros2_ws/install/controller_manager_msgs/include/controller_manager_msgs/srv/detail/reload_controller_libraries__rosidl_typesupport_introspection_cpp.hpp
[0.920s] -- Up-to-date symlink: /home/khaledob/bookros2_ws/install/controller_manager_msgs/include/controller_manager_msgs/srv/detail/switch_controller__rosidl_typesupport_introspection_cpp.hpp
[0.920s] -- Up-to-date symlink: /home/khaledob/bookros2_ws/install/controller_manager_msgs/include/controller_manager_msgs/srv/detail/unload_controller__rosidl_typesupport_introspection_cpp.hpp
[0.920s] -- Up-to-date symlink: /home/khaledob/bookros2_ws/install/controller_manager_msgs/share/controller_manager_msgs/environment/pythonpath.sh
[0.921s] -- Up-to-date symlink: /home/khaledob/bookros2_ws/install/controller_manager_msgs/share/controller_manager_msgs/environment/pythonpath.dsv
[0.922s] -- Up-to-date symlink: /home/khaledob/bookros2_ws/install/controller_manager_msgs/lib/python3.8/site-packages/controller_manager_msgs/__init__.py
[0.922s] -- Up-to-date symlink: /home/khaledob/bookros2_ws/install/controller_manager_msgs/lib/python3.8/site-packages/controller_manager_msgs/msg/__init__.py
[0.922s] -- Up-to-date symlink: /home/khaledob/bookros2_ws/install/controller_manager_msgs/lib/python3.8/site-packages/controller_manager_msgs/msg/_controller_state.py
[0.923s] -- Up-to-date symlink: /home/khaledob/bookros2_ws/install/controller_manager_msgs/lib/python3.8/site-packages/controller_manager_msgs/msg/_hardware_interface.py
[0.923s] -- Up-to-date symlink: /home/khaledob/bookros2_ws/install/controller_manager_msgs/lib/python3.8/site-packages/controller_manager_msgs/srv/__init__.py
[0.924s] -- Up-to-date symlink: /home/khaledob/bookros2_ws/install/controller_manager_msgs/lib/python3.8/site-packages/controller_manager_msgs/srv/_configure_controller.py
[0.925s] -- Up-to-date symlink: /home/khaledob/bookros2_ws/install/controller_manager_msgs/lib/python3.8/site-packages/controller_manager_msgs/srv/_configure_start_controller.py
[0.926s] -- Up-to-date symlink: /home/khaledob/bookros2_ws/install/controller_manager_msgs/lib/python3.8/site-packages/controller_manager_msgs/srv/_list_controller_types.py
[0.927s] -- Up-to-date symlink: /home/khaledob/bookros2_ws/install/controller_manager_msgs/lib/python3.8/site-packages/controller_manager_msgs/srv/_list_controllers.py
[0.927s] -- Up-to-date symlink: /home/khaledob/bookros2_ws/install/controller_manager_msgs/lib/python3.8/site-packages/controller_manager_msgs/srv/_list_hardware_interfaces.py
[0.928s] -- Up-to-date symlink: /home/khaledob/bookros2_ws/install/controller_manager_msgs/lib/python3.8/site-packages/controller_manager_msgs/srv/_load_configure_controller.py
[0.928s] -- Up-to-date symlink: /home/khaledob/bookros2_ws/install/controller_manager_msgs/lib/python3.8/site-packages/controller_manager_msgs/srv/_load_controller.py
[0.928s] -- Up-to-date symlink: /home/khaledob/bookros2_ws/install/controller_manager_msgs/lib/python3.8/site-packages/controller_manager_msgs/srv/_load_start_controller.py
[0.929s] -- Up-to-date symlink: /home/khaledob/bookros2_ws/install/controller_manager_msgs/lib/python3.8/site-packages/controller_manager_msgs/srv/_reload_controller_libraries.py
[0.930s] -- Up-to-date symlink: /home/khaledob/bookros2_ws/install/controller_manager_msgs/lib/python3.8/site-packages/controller_manager_msgs/srv/_switch_controller.py
[0.930s] -- Up-to-date symlink: /home/khaledob/bookros2_ws/install/controller_manager_msgs/lib/python3.8/site-packages/controller_manager_msgs/srv/_unload_controller.py
[0.930s] -- Up-to-date symlink: /home/khaledob/bookros2_ws/install/controller_manager_msgs/lib/python3.8/site-packages/controller_manager_msgs/controller_manager_msgs_s__rosidl_typesupport_fastrtps_c.cpython-38-x86_64-linux-gnu.so
[0.932s] -- Up-to-date symlink: /home/khaledob/bookros2_ws/install/controller_manager_msgs/lib/python3.8/site-packages/controller_manager_msgs/controller_manager_msgs_s__rosidl_typesupport_introspection_c.cpython-38-x86_64-linux-gnu.so
[0.932s] -- Up-to-date symlink: /home/khaledob/bookros2_ws/install/controller_manager_msgs/lib/python3.8/site-packages/controller_manager_msgs/controller_manager_msgs_s__rosidl_typesupport_c.cpython-38-x86_64-linux-gnu.so
[0.933s] -- Up-to-date symlink: /home/khaledob/bookros2_ws/install/controller_manager_msgs/lib/libcontroller_manager_msgs__python.so
[0.933s] -- Up-to-date symlink: /home/khaledob/bookros2_ws/install/controller_manager_msgs/share/controller_manager_msgs/msg/ControllerState.idl
[0.933s] -- Up-to-date symlink: /home/khaledob/bookros2_ws/install/controller_manager_msgs/share/controller_manager_msgs/msg/HardwareInterface.idl
[0.933s] -- Up-to-date symlink: /home/khaledob/bookros2_ws/install/controller_manager_msgs/share/controller_manager_msgs/srv/ConfigureController.idl
[0.933s] -- Up-to-date symlink: /home/khaledob/bookros2_ws/install/controller_manager_msgs/share/controller_manager_msgs/srv/ConfigureStartController.idl
[0.934s] -- Up-to-date symlink: /home/khaledob/bookros2_ws/install/controller_manager_msgs/share/controller_manager_msgs/srv/ListControllers.idl
[0.935s] -- Up-to-date symlink: /home/khaledob/bookros2_ws/install/controller_manager_msgs/share/controller_manager_msgs/srv/ListControllerTypes.idl
[0.935s] -- Up-to-date symlink: /home/khaledob/bookros2_ws/install/controller_manager_msgs/share/controller_manager_msgs/srv/ListHardwareInterfaces.idl
[0.935s] -- Up-to-date symlink: /home/khaledob/bookros2_ws/install/controller_manager_msgs/share/controller_manager_msgs/srv/LoadConfigureController.idl
[0.935s] -- Up-to-date symlink: /home/khaledob/bookros2_ws/install/controller_manager_msgs/share/controller_manager_msgs/srv/LoadController.idl
[0.936s] -- Up-to-date symlink: /home/khaledob/bookros2_ws/install/controller_manager_msgs/share/controller_manager_msgs/srv/LoadStartController.idl
[0.936s] -- Up-to-date symlink: /home/khaledob/bookros2_ws/install/controller_manager_msgs/share/controller_manager_msgs/srv/ReloadControllerLibraries.idl
[0.936s] -- Up-to-date symlink: /home/khaledob/bookros2_ws/install/controller_manager_msgs/share/controller_manager_msgs/srv/SwitchController.idl
[0.936s] -- Up-to-date symlink: /home/khaledob/bookros2_ws/install/controller_manager_msgs/share/controller_manager_msgs/srv/UnloadController.idl
[0.936s] -- Up-to-date symlink: /home/khaledob/bookros2_ws/install/controller_manager_msgs/share/controller_manager_msgs/msg/ControllerState.msg
[0.937s] -- Up-to-date symlink: /home/khaledob/bookros2_ws/install/controller_manager_msgs/share/controller_manager_msgs/msg/HardwareInterface.msg
[0.937s] -- Up-to-date symlink: /home/khaledob/bookros2_ws/install/controller_manager_msgs/share/controller_manager_msgs/srv/ConfigureController.srv
[0.937s] -- Up-to-date symlink: /home/khaledob/bookros2_ws/install/controller_manager_msgs/share/controller_manager_msgs/srv/ConfigureController_Request.msg
[0.937s] -- Up-to-date symlink: /home/khaledob/bookros2_ws/install/controller_manager_msgs/share/controller_manager_msgs/srv/ConfigureController_Response.msg
[0.937s] -- Up-to-date symlink: /home/khaledob/bookros2_ws/install/controller_manager_msgs/share/controller_manager_msgs/srv/ConfigureStartController.srv
[0.937s] -- Up-to-date symlink: /home/khaledob/bookros2_ws/install/controller_manager_msgs/share/controller_manager_msgs/srv/ConfigureStartController_Request.msg
[0.938s] -- Up-to-date symlink: /home/khaledob/bookros2_ws/install/controller_manager_msgs/share/controller_manager_msgs/srv/ConfigureStartController_Response.msg
[0.938s] -- Up-to-date symlink: /home/khaledob/bookros2_ws/install/controller_manager_msgs/share/controller_manager_msgs/srv/ListControllers.srv
[0.939s] -- Up-to-date symlink: /home/khaledob/bookros2_ws/install/controller_manager_msgs/share/controller_manager_msgs/srv/ListControllers_Request.msg
[0.939s] -- Up-to-date symlink: /home/khaledob/bookros2_ws/install/controller_manager_msgs/share/controller_manager_msgs/srv/ListControllers_Response.msg
[0.940s] -- Up-to-date symlink: /home/khaledob/bookros2_ws/install/controller_manager_msgs/share/controller_manager_msgs/srv/ListControllerTypes.srv
[0.940s] -- Up-to-date symlink: /home/khaledob/bookros2_ws/install/controller_manager_msgs/share/controller_manager_msgs/srv/ListControllerTypes_Request.msg
[0.940s] -- Up-to-date symlink: /home/khaledob/bookros2_ws/install/controller_manager_msgs/share/controller_manager_msgs/srv/ListControllerTypes_Response.msg
[0.942s] -- Up-to-date symlink: /home/khaledob/bookros2_ws/install/controller_manager_msgs/share/controller_manager_msgs/srv/ListHardwareInterfaces.srv
[0.942s] -- Up-to-date symlink: /home/khaledob/bookros2_ws/install/controller_manager_msgs/share/controller_manager_msgs/srv/ListHardwareInterfaces_Request.msg
[0.944s] -- Up-to-date symlink: /home/khaledob/bookros2_ws/install/controller_manager_msgs/share/controller_manager_msgs/srv/ListHardwareInterfaces_Response.msg
[0.944s] -- Up-to-date symlink: /home/khaledob/bookros2_ws/install/controller_manager_msgs/share/controller_manager_msgs/srv/LoadConfigureController.srv
[0.944s] -- Up-to-date symlink: /home/khaledob/bookros2_ws/install/controller_manager_msgs/share/controller_manager_msgs/srv/LoadConfigureController_Request.msg
[0.945s] -- Up-to-date symlink: /home/khaledob/bookros2_ws/install/controller_manager_msgs/share/controller_manager_msgs/srv/LoadConfigureController_Response.msg
[0.945s] -- Up-to-date symlink: /home/khaledob/bookros2_ws/install/controller_manager_msgs/share/controller_manager_msgs/srv/LoadController.srv
[0.945s] -- Up-to-date symlink: /home/khaledob/bookros2_ws/install/controller_manager_msgs/share/controller_manager_msgs/srv/LoadController_Request.msg
[0.946s] -- Up-to-date symlink: /home/khaledob/bookros2_ws/install/controller_manager_msgs/share/controller_manager_msgs/srv/LoadController_Response.msg
[0.946s] -- Up-to-date symlink: /home/khaledob/bookros2_ws/install/controller_manager_msgs/share/controller_manager_msgs/srv/LoadStartController.srv
[0.946s] -- Up-to-date symlink: /home/khaledob/bookros2_ws/install/controller_manager_msgs/share/controller_manager_msgs/srv/LoadStartController_Request.msg
[0.947s] -- Up-to-date symlink: /home/khaledob/bookros2_ws/install/controller_manager_msgs/share/controller_manager_msgs/srv/LoadStartController_Response.msg
[0.947s] -- Up-to-date symlink: /home/khaledob/bookros2_ws/install/controller_manager_msgs/share/controller_manager_msgs/srv/ReloadControllerLibraries.srv
[0.947s] -- Up-to-date symlink: /home/khaledob/bookros2_ws/install/controller_manager_msgs/share/controller_manager_msgs/srv/ReloadControllerLibraries_Request.msg
[0.947s] -- Up-to-date symlink: /home/khaledob/bookros2_ws/install/controller_manager_msgs/share/controller_manager_msgs/srv/ReloadControllerLibraries_Response.msg
[0.948s] -- Up-to-date symlink: /home/khaledob/bookros2_ws/install/controller_manager_msgs/share/controller_manager_msgs/srv/SwitchController.srv
[0.948s] -- Up-to-date symlink: /home/khaledob/bookros2_ws/install/controller_manager_msgs/share/controller_manager_msgs/srv/SwitchController_Request.msg
[0.948s] -- Up-to-date symlink: /home/khaledob/bookros2_ws/install/controller_manager_msgs/share/controller_manager_msgs/srv/SwitchController_Response.msg
[0.951s] -- Up-to-date symlink: /home/khaledob/bookros2_ws/install/controller_manager_msgs/share/controller_manager_msgs/srv/UnloadController.srv
[0.951s] -- Up-to-date symlink: /home/khaledob/bookros2_ws/install/controller_manager_msgs/share/controller_manager_msgs/srv/UnloadController_Request.msg
[0.951s] -- Up-to-date symlink: /home/khaledob/bookros2_ws/install/controller_manager_msgs/share/controller_manager_msgs/srv/UnloadController_Response.msg
[0.951s] -- Up-to-date symlink: /home/khaledob/bookros2_ws/install/controller_manager_msgs/share/ament_index/resource_index/package_run_dependencies/controller_manager_msgs
[0.951s] -- Up-to-date symlink: /home/khaledob/bookros2_ws/install/controller_manager_msgs/share/ament_index/resource_index/parent_prefix_path/controller_manager_msgs
[0.951s] -- Up-to-date symlink: /home/khaledob/bookros2_ws/install/controller_manager_msgs/share/controller_manager_msgs/environment/ament_prefix_path.sh
[0.951s] -- Up-to-date symlink: /home/khaledob/bookros2_ws/install/controller_manager_msgs/share/controller_manager_msgs/environment/ament_prefix_path.dsv
[0.951s] -- Up-to-date symlink: /home/khaledob/bookros2_ws/install/controller_manager_msgs/share/controller_manager_msgs/environment/path.sh
[0.951s] -- Up-to-date symlink: /home/khaledob/bookros2_ws/install/controller_manager_msgs/share/controller_manager_msgs/environment/path.dsv
[0.951s] -- Up-to-date symlink: /home/khaledob/bookros2_ws/install/controller_manager_msgs/share/controller_manager_msgs/local_setup.bash
[0.951s] -- Up-to-date symlink: /home/khaledob/bookros2_ws/install/controller_manager_msgs/share/controller_manager_msgs/local_setup.sh
[0.952s] -- Up-to-date symlink: /home/khaledob/bookros2_ws/install/controller_manager_msgs/share/controller_manager_msgs/local_setup.zsh
[0.952s] -- Up-to-date symlink: /home/khaledob/bookros2_ws/install/controller_manager_msgs/share/controller_manager_msgs/local_setup.dsv
[0.956s] -- Symlinking: /home/khaledob/bookros2_ws/install/controller_manager_msgs/share/controller_manager_msgs/package.dsv
[0.961s] -- Up-to-date symlink: /home/khaledob/bookros2_ws/install/controller_manager_msgs/share/ament_index/resource_index/packages/controller_manager_msgs
[0.961s] -- Up-to-date symlink: /home/khaledob/bookros2_ws/install/controller_manager_msgs/share/controller_manager_msgs/cmake/rosidl_cmake-extras.cmake
[0.961s] -- Up-to-date symlink: /home/khaledob/bookros2_ws/install/controller_manager_msgs/share/controller_manager_msgs/cmake/ament_cmake_export_dependencies-extras.cmake
[0.961s] -- Up-to-date symlink: /home/khaledob/bookros2_ws/install/controller_manager_msgs/share/controller_manager_msgs/cmake/ament_cmake_export_libraries-extras.cmake
[0.961s] -- Up-to-date symlink: /home/khaledob/bookros2_ws/install/controller_manager_msgs/share/controller_manager_msgs/cmake/ament_cmake_export_targets-extras.cmake
[0.962s] -- Up-to-date symlink: /home/khaledob/bookros2_ws/install/controller_manager_msgs/share/controller_manager_msgs/cmake/ament_cmake_export_include_directories-extras.cmake
[0.962s] -- Up-to-date symlink: /home/khaledob/bookros2_ws/install/controller_manager_msgs/share/controller_manager_msgs/cmake/rosidl_cmake_export_typesupport_libraries-extras.cmake
[0.962s] -- Up-to-date symlink: /home/khaledob/bookros2_ws/install/controller_manager_msgs/share/controller_manager_msgs/cmake/rosidl_cmake_export_typesupport_targets-extras.cmake
[0.962s] -- Up-to-date symlink: /home/khaledob/bookros2_ws/install/controller_manager_msgs/share/controller_manager_msgs/cmake/controller_manager_msgsConfig.cmake
[0.963s] -- Up-to-date symlink: /home/khaledob/bookros2_ws/install/controller_manager_msgs/share/controller_manager_msgs/cmake/controller_manager_msgsConfig-version.cmake
[0.963s] -- Up-to-date symlink: /home/khaledob/bookros2_ws/install/controller_manager_msgs/share/controller_manager_msgs/package.xml
[0.963s] -- Up-to-date: /home/khaledob/bookros2_ws/install/controller_manager_msgs/lib/libcontroller_manager_msgs__rosidl_generator_c.so
[0.963s] -- Up-to-date: /home/khaledob/bookros2_ws/install/controller_manager_msgs/lib/libcontroller_manager_msgs__rosidl_typesupport_introspection_c.so
[0.963s] -- Up-to-date: /home/khaledob/bookros2_ws/install/controller_manager_msgs/lib/libcontroller_manager_msgs__rosidl_typesupport_c.so
[0.964s] -- Up-to-date: /home/khaledob/bookros2_ws/install/controller_manager_msgs/lib/libcontroller_manager_msgs__rosidl_typesupport_introspection_cpp.so
[0.964s] -- Up-to-date: /home/khaledob/bookros2_ws/install/controller_manager_msgs/lib/libcontroller_manager_msgs__rosidl_typesupport_cpp.so
[0.965s] -- Up-to-date: /home/khaledob/bookros2_ws/install/controller_manager_msgs/share/controller_manager_msgs/cmake/controller_manager_msgs__rosidl_generator_cExport.cmake
[0.965s] -- Up-to-date: /home/khaledob/bookros2_ws/install/controller_manager_msgs/share/controller_manager_msgs/cmake/controller_manager_msgs__rosidl_generator_cExport-noconfig.cmake
[0.965s] -- Up-to-date: /home/khaledob/bookros2_ws/install/controller_manager_msgs/share/controller_manager_msgs/cmake/controller_manager_msgs__rosidl_typesupport_introspection_cExport.cmake
[0.966s] -- Up-to-date: /home/khaledob/bookros2_ws/install/controller_manager_msgs/share/controller_manager_msgs/cmake/controller_manager_msgs__rosidl_typesupport_introspection_cExport-noconfig.cmake
[0.966s] -- Up-to-date: /home/khaledob/bookros2_ws/install/controller_manager_msgs/share/controller_manager_msgs/cmake/controller_manager_msgs__rosidl_typesupport_cExport.cmake
[0.966s] -- Up-to-date: /home/khaledob/bookros2_ws/install/controller_manager_msgs/share/controller_manager_msgs/cmake/controller_manager_msgs__rosidl_typesupport_cExport-noconfig.cmake
[0.966s] -- Up-to-date: /home/khaledob/bookros2_ws/install/controller_manager_msgs/share/controller_manager_msgs/cmake/controller_manager_msgs__rosidl_generator_cppExport.cmake
[0.967s] -- Up-to-date: /home/khaledob/bookros2_ws/install/controller_manager_msgs/share/controller_manager_msgs/cmake/controller_manager_msgs__rosidl_typesupport_introspection_cppExport.cmake
[0.967s] -- Up-to-date: /home/khaledob/bookros2_ws/install/controller_manager_msgs/share/controller_manager_msgs/cmake/controller_manager_msgs__rosidl_typesupport_introspection_cppExport-noconfig.cmake
[0.967s] -- Up-to-date: /home/khaledob/bookros2_ws/install/controller_manager_msgs/share/controller_manager_msgs/cmake/controller_manager_msgs__rosidl_typesupport_cppExport.cmake
[0.967s] -- Up-to-date: /home/khaledob/bookros2_ws/install/controller_manager_msgs/share/controller_manager_msgs/cmake/controller_manager_msgs__rosidl_typesupport_cppExport-noconfig.cmake
[1.164s] Invoked command in '/home/khaledob/bookros2_ws/build/controller_manager_msgs' returned '0': CMAKE_PREFIX_PATH=${CMAKE_PREFIX_PATH}:/home/khaledob/bookros2_ws/install/ros2controlcli:/home/khaledob/bookros2_ws/install/launch_pal:/home/khaledob/bookros2_ws/install/br2_fsm_bumpgo_py:/opt/ros/foxy /usr/bin/cmake --install /home/khaledob/bookros2_ws/build/controller_manager_msgs
