[0.269s] Invoking command in '/home/khaledob/bookros2_ws/build/controller_manager_msgs': CMAKE_PREFIX_PATH=/opt/ros/foxy /usr/bin/cmake --build /home/khaledob/bookros2_ws/build/controller_manager_msgs -- -j7 -l7
[0.715s] [  0%] Built target controller_manager_msgs__cpp
[0.716s] [ 12%] Built target controller_manager_msgs__rosidl_generator_c
[0.716s] [ 33%] Built target controller_manager_msgs__rosidl_typesupport_cpp
[0.716s] [ 36%] Built target controller_manager_msgs__rosidl_typesupport_introspection_cpp
[0.716s] [ 48%] Built target controller_manager_msgs__rosidl_typesupport_introspection_c
[0.717s] [ 60%] Built target controller_manager_msgs__rosidl_typesupport_c
[0.717s] [ 72%] Built target controller_manager_msgs__rosidl_typesupport_fastrtps_cpp
[0.717s] [ 84%] Built target controller_manager_msgs__rosidl_typesupport_fastrtps_c
[0.717s] [ 84%] Built target controller_manager_msgs
[0.717s] [ 85%] Built target controller_manager_msgs__py
[0.718s] [ 96%] Built target controller_manager_msgs__python
[0.756s] [ 97%] Built target controller_manager_msgs__rosidl_typesupport_c__pyext
[0.763s] [ 98%] Built target controller_manager_msgs__rosidl_typesupport_fastrtps_c__pyext
[0.781s] [100%] Built target controller_manager_msgs__rosidl_typesupport_introspection_c__pyext
[0.950s] Invoked command in '/home/khaledob/bookros2_ws/build/controller_manager_msgs' returned '0': CMAKE_PREFIX_PATH=/opt/ros/foxy /usr/bin/cmake --build /home/khaledob/bookros2_ws/build/controller_manager_msgs -- -j7 -l7
[0.952s] Invoking command in '/home/khaledob/bookros2_ws/build/controller_manager_msgs': CMAKE_PREFIX_PATH=/opt/ros/foxy /usr/bin/cmake --install /home/khaledob/bookros2_ws/build/controller_manager_msgs
[1.019s] -- Install configuration: ""
[1.019s] -- Execute custom install script
[1.019s] -- Up-to-date symlink: /home/khaledob/bookros2_ws/install/controller_manager_msgs/share/ament_index/resource_index/rosidl_interfaces/controller_manager_msgs
[1.019s] -- Up-to-date symlink: /home/khaledob/bookros2_ws/install/controller_manager_msgs/include/controller_manager_msgs/msg/controller_state.h
[1.019s] -- Up-to-date symlink: /home/khaledob/bookros2_ws/install/controller_manager_msgs/include/controller_manager_msgs/msg/detail/controller_state__functions.h
[1.019s] -- Up-to-date symlink: /home/khaledob/bookros2_ws/install/controller_manager_msgs/include/controller_manager_msgs/msg/detail/controller_state__struct.h
[1.019s] -- Up-to-date symlink: /home/khaledob/bookros2_ws/install/controller_manager_msgs/include/controller_manager_msgs/msg/detail/controller_state__type_support.h
[1.019s] -- Up-to-date symlink: /home/khaledob/bookros2_ws/install/controller_manager_msgs/include/controller_manager_msgs/msg/detail/hardware_interface__functions.h
[1.019s] -- Up-to-date symlink: /home/khaledob/bookros2_ws/install/controller_manager_msgs/include/controller_manager_msgs/msg/detail/hardware_interface__struct.h
[1.020s] -- Up-to-date symlink: /home/khaledob/bookros2_ws/install/controller_manager_msgs/include/controller_manager_msgs/msg/detail/hardware_interface__type_support.h
[1.020s] -- Up-to-date symlink: /home/khaledob/bookros2_ws/install/controller_manager_msgs/include/controller_manager_msgs/msg/hardware_interface.h
[1.020s] -- Up-to-date symlink: /home/khaledob/bookros2_ws/install/controller_manager_msgs/include/controller_manager_msgs/msg/rosidl_generator_c__visibility_control.h
[1.020s] -- Up-to-date symlink: /home/khaledob/bookros2_ws/install/controller_manager_msgs/include/controller_manager_msgs/srv/configure_controller.h
[1.020s] -- Up-to-date symlink: /home/khaledob/bookros2_ws/install/controller_manager_msgs/include/controller_manager_msgs/srv/configure_start_controller.h
[1.020s] -- Up-to-date symlink: /home/khaledob/bookros2_ws/install/controller_manager_msgs/include/controller_manager_msgs/srv/detail/configure_controller__functions.h
[1.020s] -- Up-to-date symlink: /home/khaledob/bookros2_ws/install/controller_manager_msgs/include/controller_manager_msgs/srv/detail/configure_controller__struct.h
[1.020s] -- Up-to-date symlink: /home/khaledob/bookros2_ws/install/controller_manager_msgs/include/controller_manager_msgs/srv/detail/configure_controller__type_support.h
[1.020s] -- Up-to-date symlink: /home/khaledob/bookros2_ws/install/controller_manager_msgs/include/controller_manager_msgs/srv/detail/configure_start_controller__functions.h
[1.020s] -- Up-to-date symlink: /home/khaledob/bookros2_ws/install/controller_manager_msgs/include/controller_manager_msgs/srv/detail/configure_start_controller__struct.h
[1.020s] -- Up-to-date symlink: /home/khaledob/bookros2_ws/install/controller_manager_msgs/include/controller_manager_msgs/srv/detail/configure_start_controller__type_support.h
[1.020s] -- Up-to-date symlink: /home/khaledob/bookros2_ws/install/controller_manager_msgs/include/controller_manager_msgs/srv/detail/list_controller_types__functions.h
[1.020s] -- Up-to-date symlink: /home/khaledob/bookros2_ws/install/controller_manager_msgs/include/controller_manager_msgs/srv/detail/list_controller_types__struct.h
[1.020s] -- Up-to-date symlink: /home/khaledob/bookros2_ws/install/controller_manager_msgs/include/controller_manager_msgs/srv/detail/list_controller_types__type_support.h
[1.021s] -- Up-to-date symlink: /home/khaledob/bookros2_ws/install/controller_manager_msgs/include/controller_manager_msgs/srv/detail/list_controllers__functions.h
[1.021s] -- Up-to-date symlink: /home/khaledob/bookros2_ws/install/controller_manager_msgs/include/controller_manager_msgs/srv/detail/list_controllers__struct.h
[1.021s] -- Up-to-date symlink: /home/khaledob/bookros2_ws/install/controller_manager_msgs/include/controller_manager_msgs/srv/detail/list_controllers__type_support.h
[1.026s] -- Up-to-date symlink: /home/khaledob/bookros2_ws/install/controller_manager_msgs/include/controller_manager_msgs/srv/detail/list_hardware_interfaces__functions.h
[1.026s] -- Up-to-date symlink: /home/khaledob/bookros2_ws/install/controller_manager_msgs/include/controller_manager_msgs/srv/detail/list_hardware_interfaces__struct.h
[1.026s] -- Up-to-date symlink: /home/khaledob/bookros2_ws/install/controller_manager_msgs/include/controller_manager_msgs/srv/detail/list_hardware_interfaces__type_support.h
[1.026s] -- Up-to-date symlink: /home/khaledob/bookros2_ws/install/controller_manager_msgs/include/controller_manager_msgs/srv/detail/load_configure_controller__functions.h
[1.026s] -- Up-to-date symlink: /home/khaledob/bookros2_ws/install/controller_manager_msgs/include/controller_manager_msgs/srv/detail/load_configure_controller__struct.h
[1.026s] -- Up-to-date symlink: /home/khaledob/bookros2_ws/install/controller_manager_msgs/include/controller_manager_msgs/srv/detail/load_configure_controller__type_support.h
[1.026s] -- Up-to-date symlink: /home/khaledob/bookros2_ws/install/controller_manager_msgs/include/controller_manager_msgs/srv/detail/load_controller__functions.h
[1.044s] -- Up-to-date symlink: /home/khaledob/bookros2_ws/install/controller_manager_msgs/include/controller_manager_msgs/srv/detail/load_controller__struct.h
[1.067s] -- Up-to-date symlink: /home/khaledob/bookros2_ws/install/controller_manager_msgs/include/controller_manager_msgs/srv/detail/load_controller__type_support.h
[1.078s] -- Up-to-date symlink: /home/khaledob/bookros2_ws/install/controller_manager_msgs/include/controller_manager_msgs/srv/detail/load_start_controller__functions.h
[1.078s] -- Up-to-date symlink: /home/khaledob/bookros2_ws/install/controller_manager_msgs/include/controller_manager_msgs/srv/detail/load_start_controller__struct.h
[1.079s] -- Up-to-date symlink: /home/khaledob/bookros2_ws/install/controller_manager_msgs/include/controller_manager_msgs/srv/detail/load_start_controller__type_support.h
[1.090s] -- Up-to-date symlink: /home/khaledob/bookros2_ws/install/controller_manager_msgs/include/controller_manager_msgs/srv/detail/reload_controller_libraries__functions.h
[1.092s] -- Up-to-date symlink: /home/khaledob/bookros2_ws/install/controller_manager_msgs/include/controller_manager_msgs/srv/detail/reload_controller_libraries__struct.h
[1.092s] -- Up-to-date symlink: /home/khaledob/bookros2_ws/install/controller_manager_msgs/include/controller_manager_msgs/srv/detail/reload_controller_libraries__type_support.h
[1.094s] -- Up-to-date symlink: /home/khaledob/bookros2_ws/install/controller_manager_msgs/include/controller_manager_msgs/srv/detail/switch_controller__functions.h
[1.095s] -- Up-to-date symlink: /home/khaledob/bookros2_ws/install/controller_manager_msgs/include/controller_manager_msgs/srv/detail/switch_controller__struct.h
[1.095s] -- Up-to-date symlink: /home/khaledob/bookros2_ws/install/controller_manager_msgs/include/controller_manager_msgs/srv/detail/switch_controller__type_support.h
[1.106s] -- Up-to-date symlink: /home/khaledob/bookros2_ws/install/controller_manager_msgs/include/controller_manager_msgs/srv/detail/unload_controller__functions.h
[1.113s] -- Up-to-date symlink: /home/khaledob/bookros2_ws/install/controller_manager_msgs/include/controller_manager_msgs/srv/detail/unload_controller__struct.h
[1.113s] -- Up-to-date symlink: /home/khaledob/bookros2_ws/install/controller_manager_msgs/include/controller_manager_msgs/srv/detail/unload_controller__type_support.h
[1.114s] -- Up-to-date symlink: /home/khaledob/bookros2_ws/install/controller_manager_msgs/include/controller_manager_msgs/srv/list_controller_types.h
[1.114s] -- Up-to-date symlink: /home/khaledob/bookros2_ws/install/controller_manager_msgs/include/controller_manager_msgs/srv/list_controllers.h
[1.114s] -- Up-to-date symlink: /home/khaledob/bookros2_ws/install/controller_manager_msgs/include/controller_manager_msgs/srv/list_hardware_interfaces.h
[1.114s] -- Up-to-date symlink: /home/khaledob/bookros2_ws/install/controller_manager_msgs/include/controller_manager_msgs/srv/load_configure_controller.h
[1.114s] -- Up-to-date symlink: /home/khaledob/bookros2_ws/install/controller_manager_msgs/include/controller_manager_msgs/srv/load_controller.h
[1.114s] -- Up-to-date symlink: /home/khaledob/bookros2_ws/install/controller_manager_msgs/include/controller_manager_msgs/srv/load_start_controller.h
[1.114s] -- Up-to-date symlink: /home/khaledob/bookros2_ws/install/controller_manager_msgs/include/controller_manager_msgs/srv/reload_controller_libraries.h
[1.114s] -- Up-to-date symlink: /home/khaledob/bookros2_ws/install/controller_manager_msgs/include/controller_manager_msgs/srv/switch_controller.h
[1.114s] -- Up-to-date symlink: /home/khaledob/bookros2_ws/install/controller_manager_msgs/include/controller_manager_msgs/srv/unload_controller.h
[1.114s] -- Up-to-date symlink: /home/khaledob/bookros2_ws/install/controller_manager_msgs/share/controller_manager_msgs/environment/library_path.sh
[1.114s] -- Up-to-date symlink: /home/khaledob/bookros2_ws/install/controller_manager_msgs/share/controller_manager_msgs/environment/library_path.dsv
[1.114s] -- Up-to-date symlink: /home/khaledob/bookros2_ws/install/controller_manager_msgs/include/controller_manager_msgs/msg/detail/controller_state__rosidl_typesupport_fastrtps_c.h
[1.114s] -- Up-to-date symlink: /home/khaledob/bookros2_ws/install/controller_manager_msgs/include/controller_manager_msgs/msg/detail/hardware_interface__rosidl_typesupport_fastrtps_c.h
[1.114s] -- Up-to-date symlink: /home/khaledob/bookros2_ws/install/controller_manager_msgs/include/controller_manager_msgs/msg/rosidl_typesupport_fastrtps_c__visibility_control.h
[1.115s] -- Up-to-date symlink: /home/khaledob/bookros2_ws/install/controller_manager_msgs/include/controller_manager_msgs/srv/detail/configure_controller__rosidl_typesupport_fastrtps_c.h
[1.115s] -- Up-to-date symlink: /home/khaledob/bookros2_ws/install/controller_manager_msgs/include/controller_manager_msgs/srv/detail/configure_start_controller__rosidl_typesupport_fastrtps_c.h
[1.115s] -- Up-to-date symlink: /home/khaledob/bookros2_ws/install/controller_manager_msgs/include/controller_manager_msgs/srv/detail/list_controller_types__rosidl_typesupport_fastrtps_c.h
[1.115s] -- Up-to-date symlink: /home/khaledob/bookros2_ws/install/controller_manager_msgs/include/controller_manager_msgs/srv/detail/list_controllers__rosidl_typesupport_fastrtps_c.h
[1.120s] -- Up-to-date symlink: /home/khaledob/bookros2_ws/install/controller_manager_msgs/include/controller_manager_msgs/srv/detail/list_hardware_interfaces__rosidl_typesupport_fastrtps_c.h
[1.120s] -- Up-to-date symlink: /home/khaledob/bookros2_ws/install/controller_manager_msgs/include/controller_manager_msgs/srv/detail/load_configure_controller__rosidl_typesupport_fastrtps_c.h
[1.120s] -- Up-to-date symlink: /home/khaledob/bookros2_ws/install/controller_manager_msgs/include/controller_manager_msgs/srv/detail/load_controller__rosidl_typesupport_fastrtps_c.h
[1.120s] -- Up-to-date symlink: /home/khaledob/bookros2_ws/install/controller_manager_msgs/include/controller_manager_msgs/srv/detail/load_start_controller__rosidl_typesupport_fastrtps_c.h
[1.120s] -- Up-to-date symlink: /home/khaledob/bookros2_ws/install/controller_manager_msgs/include/controller_manager_msgs/srv/detail/reload_controller_libraries__rosidl_typesupport_fastrtps_c.h
[1.120s] -- Up-to-date symlink: /home/khaledob/bookros2_ws/install/controller_manager_msgs/include/controller_manager_msgs/srv/detail/switch_controller__rosidl_typesupport_fastrtps_c.h
[1.120s] -- Up-to-date symlink: /home/khaledob/bookros2_ws/install/controller_manager_msgs/include/controller_manager_msgs/srv/detail/unload_controller__rosidl_typesupport_fastrtps_c.h
[1.120s] -- Up-to-date symlink: /home/khaledob/bookros2_ws/install/controller_manager_msgs/lib/libcontroller_manager_msgs__rosidl_typesupport_fastrtps_c.so
[1.120s] -- Up-to-date symlink: /home/khaledob/bookros2_ws/install/controller_manager_msgs/include/controller_manager_msgs/msg/detail/controller_state__rosidl_typesupport_fastrtps_cpp.hpp
[1.120s] -- Up-to-date symlink: /home/khaledob/bookros2_ws/install/controller_manager_msgs/include/controller_manager_msgs/msg/detail/hardware_interface__rosidl_typesupport_fastrtps_cpp.hpp
[1.120s] -- Up-to-date symlink: /home/khaledob/bookros2_ws/install/controller_manager_msgs/include/controller_manager_msgs/msg/rosidl_typesupport_fastrtps_cpp__visibility_control.h
[1.125s] -- Up-to-date symlink: /home/khaledob/bookros2_ws/install/controller_manager_msgs/include/controller_manager_msgs/srv/detail/configure_controller__rosidl_typesupport_fastrtps_cpp.hpp
[1.134s] -- Up-to-date symlink: /home/khaledob/bookros2_ws/install/controller_manager_msgs/include/controller_manager_msgs/srv/detail/configure_start_controller__rosidl_typesupport_fastrtps_cpp.hpp
[1.134s] -- Up-to-date symlink: /home/khaledob/bookros2_ws/install/controller_manager_msgs/include/controller_manager_msgs/srv/detail/list_controller_types__rosidl_typesupport_fastrtps_cpp.hpp
[1.135s] -- Up-to-date symlink: /home/khaledob/bookros2_ws/install/controller_manager_msgs/include/controller_manager_msgs/srv/detail/list_controllers__rosidl_typesupport_fastrtps_cpp.hpp
[1.135s] -- Up-to-date symlink: /home/khaledob/bookros2_ws/install/controller_manager_msgs/include/controller_manager_msgs/srv/detail/list_hardware_interfaces__rosidl_typesupport_fastrtps_cpp.hpp
[1.135s] -- Up-to-date symlink: /home/khaledob/bookros2_ws/install/controller_manager_msgs/include/controller_manager_msgs/srv/detail/load_configure_controller__rosidl_typesupport_fastrtps_cpp.hpp
[1.135s] -- Up-to-date symlink: /home/khaledob/bookros2_ws/install/controller_manager_msgs/include/controller_manager_msgs/srv/detail/load_controller__rosidl_typesupport_fastrtps_cpp.hpp
[1.135s] -- Up-to-date symlink: /home/khaledob/bookros2_ws/install/controller_manager_msgs/include/controller_manager_msgs/srv/detail/load_start_controller__rosidl_typesupport_fastrtps_cpp.hpp
[1.140s] -- Up-to-date symlink: /home/khaledob/bookros2_ws/install/controller_manager_msgs/include/controller_manager_msgs/srv/detail/reload_controller_libraries__rosidl_typesupport_fastrtps_cpp.hpp
[1.143s] -- Up-to-date symlink: /home/khaledob/bookros2_ws/install/controller_manager_msgs/include/controller_manager_msgs/srv/detail/switch_controller__rosidl_typesupport_fastrtps_cpp.hpp
[1.156s] -- Up-to-date symlink: /home/khaledob/bookros2_ws/install/controller_manager_msgs/include/controller_manager_msgs/srv/detail/unload_controller__rosidl_typesupport_fastrtps_cpp.hpp
[1.173s] -- Up-to-date symlink: /home/khaledob/bookros2_ws/install/controller_manager_msgs/lib/libcontroller_manager_msgs__rosidl_typesupport_fastrtps_cpp.so
[1.192s] -- Up-to-date symlink: /home/khaledob/bookros2_ws/install/controller_manager_msgs/include/controller_manager_msgs/msg/detail/controller_state__rosidl_typesupport_introspection_c.h
[1.192s] -- Up-to-date symlink: /home/khaledob/bookros2_ws/install/controller_manager_msgs/include/controller_manager_msgs/msg/detail/hardware_interface__rosidl_typesupport_introspection_c.h
[1.192s] -- Up-to-date symlink: /home/khaledob/bookros2_ws/install/controller_manager_msgs/include/controller_manager_msgs/msg/rosidl_typesupport_introspection_c__visibility_control.h
[1.192s] -- Up-to-date symlink: /home/khaledob/bookros2_ws/install/controller_manager_msgs/include/controller_manager_msgs/srv/detail/configure_controller__rosidl_typesupport_introspection_c.h
[1.192s] -- Up-to-date symlink: /home/khaledob/bookros2_ws/install/controller_manager_msgs/include/controller_manager_msgs/srv/detail/configure_start_controller__rosidl_typesupport_introspection_c.h
[1.192s] -- Up-to-date symlink: /home/khaledob/bookros2_ws/install/controller_manager_msgs/include/controller_manager_msgs/srv/detail/list_controller_types__rosidl_typesupport_introspection_c.h
[1.192s] -- Up-to-date symlink: /home/khaledob/bookros2_ws/install/controller_manager_msgs/include/controller_manager_msgs/srv/detail/list_controllers__rosidl_typesupport_introspection_c.h
[1.194s] -- Up-to-date symlink: /home/khaledob/bookros2_ws/install/controller_manager_msgs/include/controller_manager_msgs/srv/detail/list_hardware_interfaces__rosidl_typesupport_introspection_c.h
[1.206s] -- Up-to-date symlink: /home/khaledob/bookros2_ws/install/controller_manager_msgs/include/controller_manager_msgs/srv/detail/load_configure_controller__rosidl_typesupport_introspection_c.h
[1.206s] -- Up-to-date symlink: /home/khaledob/bookros2_ws/install/controller_manager_msgs/include/controller_manager_msgs/srv/detail/load_controller__rosidl_typesupport_introspection_c.h
[1.209s] -- Up-to-date symlink: /home/khaledob/bookros2_ws/install/controller_manager_msgs/include/controller_manager_msgs/srv/detail/load_start_controller__rosidl_typesupport_introspection_c.h
[1.210s] -- Up-to-date symlink: /home/khaledob/bookros2_ws/install/controller_manager_msgs/include/controller_manager_msgs/srv/detail/reload_controller_libraries__rosidl_typesupport_introspection_c.h
[1.210s] -- Up-to-date symlink: /home/khaledob/bookros2_ws/install/controller_manager_msgs/include/controller_manager_msgs/srv/detail/switch_controller__rosidl_typesupport_introspection_c.h
[1.212s] -- Up-to-date symlink: /home/khaledob/bookros2_ws/install/controller_manager_msgs/include/controller_manager_msgs/srv/detail/unload_controller__rosidl_typesupport_introspection_c.h
[1.212s] -- Up-to-date symlink: /home/khaledob/bookros2_ws/install/controller_manager_msgs/include/controller_manager_msgs/msg/controller_state.hpp
[1.214s] -- Up-to-date symlink: /home/khaledob/bookros2_ws/install/controller_manager_msgs/include/controller_manager_msgs/msg/detail/controller_state__builder.hpp
[1.214s] -- Up-to-date symlink: /home/khaledob/bookros2_ws/install/controller_manager_msgs/include/controller_manager_msgs/msg/detail/controller_state__struct.hpp
[1.216s] -- Up-to-date symlink: /home/khaledob/bookros2_ws/install/controller_manager_msgs/include/controller_manager_msgs/msg/detail/controller_state__traits.hpp
[1.216s] -- Up-to-date symlink: /home/khaledob/bookros2_ws/install/controller_manager_msgs/include/controller_manager_msgs/msg/detail/controller_state__type_support.hpp
[1.217s] -- Up-to-date symlink: /home/khaledob/bookros2_ws/install/controller_manager_msgs/include/controller_manager_msgs/msg/detail/hardware_interface__builder.hpp
[1.218s] -- Up-to-date symlink: /home/khaledob/bookros2_ws/install/controller_manager_msgs/include/controller_manager_msgs/msg/detail/hardware_interface__struct.hpp
[1.218s] -- Up-to-date symlink: /home/khaledob/bookros2_ws/install/controller_manager_msgs/include/controller_manager_msgs/msg/detail/hardware_interface__traits.hpp
[1.218s] -- Up-to-date symlink: /home/khaledob/bookros2_ws/install/controller_manager_msgs/include/controller_manager_msgs/msg/detail/hardware_interface__type_support.hpp
[1.218s] -- Up-to-date symlink: /home/khaledob/bookros2_ws/install/controller_manager_msgs/include/controller_manager_msgs/msg/hardware_interface.hpp
[1.218s] -- Up-to-date symlink: /home/khaledob/bookros2_ws/install/controller_manager_msgs/include/controller_manager_msgs/msg/rosidl_generator_cpp__visibility_control.hpp
[1.219s] -- Up-to-date symlink: /home/khaledob/bookros2_ws/install/controller_manager_msgs/include/controller_manager_msgs/srv/configure_controller.hpp
[1.219s] -- Up-to-date symlink: /home/khaledob/bookros2_ws/install/controller_manager_msgs/include/controller_manager_msgs/srv/configure_start_controller.hpp
[1.219s] -- Up-to-date symlink: /home/khaledob/bookros2_ws/install/controller_manager_msgs/include/controller_manager_msgs/srv/detail/configure_controller__builder.hpp
[1.219s] -- Up-to-date symlink: /home/khaledob/bookros2_ws/install/controller_manager_msgs/include/controller_manager_msgs/srv/detail/configure_controller__struct.hpp
[1.220s] -- Up-to-date symlink: /home/khaledob/bookros2_ws/install/controller_manager_msgs/include/controller_manager_msgs/srv/detail/configure_controller__traits.hpp
[1.220s] -- Up-to-date symlink: /home/khaledob/bookros2_ws/install/controller_manager_msgs/include/controller_manager_msgs/srv/detail/configure_controller__type_support.hpp
[1.221s] -- Up-to-date symlink: /home/khaledob/bookros2_ws/install/controller_manager_msgs/include/controller_manager_msgs/srv/detail/configure_start_controller__builder.hpp
[1.222s] -- Up-to-date symlink: /home/khaledob/bookros2_ws/install/controller_manager_msgs/include/controller_manager_msgs/srv/detail/configure_start_controller__struct.hpp
[1.223s] -- Up-to-date symlink: /home/khaledob/bookros2_ws/install/controller_manager_msgs/include/controller_manager_msgs/srv/detail/configure_start_controller__traits.hpp
[1.223s] -- Up-to-date symlink: /home/khaledob/bookros2_ws/install/controller_manager_msgs/include/controller_manager_msgs/srv/detail/configure_start_controller__type_support.hpp
[1.224s] -- Up-to-date symlink: /home/khaledob/bookros2_ws/install/controller_manager_msgs/include/controller_manager_msgs/srv/detail/list_controller_types__builder.hpp
[1.225s] -- Up-to-date symlink: /home/khaledob/bookros2_ws/install/controller_manager_msgs/include/controller_manager_msgs/srv/detail/list_controller_types__struct.hpp
[1.226s] -- Up-to-date symlink: /home/khaledob/bookros2_ws/install/controller_manager_msgs/include/controller_manager_msgs/srv/detail/list_controller_types__traits.hpp
[1.226s] -- Up-to-date symlink: /home/khaledob/bookros2_ws/install/controller_manager_msgs/include/controller_manager_msgs/srv/detail/list_controller_types__type_support.hpp
[1.226s] -- Up-to-date symlink: /home/khaledob/bookros2_ws/install/controller_manager_msgs/include/controller_manager_msgs/srv/detail/list_controllers__builder.hpp
[1.226s] -- Up-to-date symlink: /home/khaledob/bookros2_ws/install/controller_manager_msgs/include/controller_manager_msgs/srv/detail/list_controllers__struct.hpp
[1.227s] -- Up-to-date symlink: /home/khaledob/bookros2_ws/install/controller_manager_msgs/include/controller_manager_msgs/srv/detail/list_controllers__traits.hpp
[1.228s] -- Up-to-date symlink: /home/khaledob/bookros2_ws/install/controller_manager_msgs/include/controller_manager_msgs/srv/detail/list_controllers__type_support.hpp
[1.229s] -- Up-to-date symlink: /home/khaledob/bookros2_ws/install/controller_manager_msgs/include/controller_manager_msgs/srv/detail/list_hardware_interfaces__builder.hpp
[1.232s] -- Up-to-date symlink: /home/khaledob/bookros2_ws/install/controller_manager_msgs/include/controller_manager_msgs/srv/detail/list_hardware_interfaces__struct.hpp
[1.237s] -- Up-to-date symlink: /home/khaledob/bookros2_ws/install/controller_manager_msgs/include/controller_manager_msgs/srv/detail/list_hardware_interfaces__traits.hpp
[1.242s] -- Up-to-date symlink: /home/khaledob/bookros2_ws/install/controller_manager_msgs/include/controller_manager_msgs/srv/detail/list_hardware_interfaces__type_support.hpp
[1.243s] -- Up-to-date symlink: /home/khaledob/bookros2_ws/install/controller_manager_msgs/include/controller_manager_msgs/srv/detail/load_configure_controller__builder.hpp
[1.243s] -- Up-to-date symlink: /home/khaledob/bookros2_ws/install/controller_manager_msgs/include/controller_manager_msgs/srv/detail/load_configure_controller__struct.hpp
[1.243s] -- Up-to-date symlink: /home/khaledob/bookros2_ws/install/controller_manager_msgs/include/controller_manager_msgs/srv/detail/load_configure_controller__traits.hpp
[1.243s] -- Up-to-date symlink: /home/khaledob/bookros2_ws/install/controller_manager_msgs/include/controller_manager_msgs/srv/detail/load_configure_controller__type_support.hpp
[1.244s] -- Up-to-date symlink: /home/khaledob/bookros2_ws/install/controller_manager_msgs/include/controller_manager_msgs/srv/detail/load_controller__builder.hpp
[1.244s] -- Up-to-date symlink: /home/khaledob/bookros2_ws/install/controller_manager_msgs/include/controller_manager_msgs/srv/detail/load_controller__struct.hpp
[1.247s] -- Up-to-date symlink: /home/khaledob/bookros2_ws/install/controller_manager_msgs/include/controller_manager_msgs/srv/detail/load_controller__traits.hpp
[1.249s] -- Up-to-date symlink: /home/khaledob/bookros2_ws/install/controller_manager_msgs/include/controller_manager_msgs/srv/detail/load_controller__type_support.hpp
[1.250s] -- Up-to-date symlink: /home/khaledob/bookros2_ws/install/controller_manager_msgs/include/controller_manager_msgs/srv/detail/load_start_controller__builder.hpp
[1.250s] -- Up-to-date symlink: /home/khaledob/bookros2_ws/install/controller_manager_msgs/include/controller_manager_msgs/srv/detail/load_start_controller__struct.hpp
[1.251s] -- Up-to-date symlink: /home/khaledob/bookros2_ws/install/controller_manager_msgs/include/controller_manager_msgs/srv/detail/load_start_controller__traits.hpp
[1.251s] -- Up-to-date symlink: /home/khaledob/bookros2_ws/install/controller_manager_msgs/include/controller_manager_msgs/srv/detail/load_start_controller__type_support.hpp
[1.252s] -- Up-to-date symlink: /home/khaledob/bookros2_ws/install/controller_manager_msgs/include/controller_manager_msgs/srv/detail/reload_controller_libraries__builder.hpp
[1.252s] -- Up-to-date symlink: /home/khaledob/bookros2_ws/install/controller_manager_msgs/include/controller_manager_msgs/srv/detail/reload_controller_libraries__struct.hpp
[1.253s] -- Up-to-date symlink: /home/khaledob/bookros2_ws/install/controller_manager_msgs/include/controller_manager_msgs/srv/detail/reload_controller_libraries__traits.hpp
[1.253s] -- Up-to-date symlink: /home/khaledob/bookros2_ws/install/controller_manager_msgs/include/controller_manager_msgs/srv/detail/reload_controller_libraries__type_support.hpp
[1.254s] -- Up-to-date symlink: /home/khaledob/bookros2_ws/install/controller_manager_msgs/include/controller_manager_msgs/srv/detail/switch_controller__builder.hpp
[1.255s] -- Up-to-date symlink: /home/khaledob/bookros2_ws/install/controller_manager_msgs/include/controller_manager_msgs/srv/detail/switch_controller__struct.hpp
[1.256s] -- Up-to-date symlink: /home/khaledob/bookros2_ws/install/controller_manager_msgs/include/controller_manager_msgs/srv/detail/switch_controller__traits.hpp
[1.257s] -- Up-to-date symlink: /home/khaledob/bookros2_ws/install/controller_manager_msgs/include/controller_manager_msgs/srv/detail/switch_controller__type_support.hpp
[1.257s] -- Up-to-date symlink: /home/khaledob/bookros2_ws/install/controller_manager_msgs/include/controller_manager_msgs/srv/detail/unload_controller__builder.hpp
[1.258s] -- Up-to-date symlink: /home/khaledob/bookros2_ws/install/controller_manager_msgs/include/controller_manager_msgs/srv/detail/unload_controller__struct.hpp
[1.258s] -- Up-to-date symlink: /home/khaledob/bookros2_ws/install/controller_manager_msgs/include/controller_manager_msgs/srv/detail/unload_controller__traits.hpp
[1.258s] -- Up-to-date symlink: /home/khaledob/bookros2_ws/install/controller_manager_msgs/include/controller_manager_msgs/srv/detail/unload_controller__type_support.hpp
[1.259s] -- Up-to-date symlink: /home/khaledob/bookros2_ws/install/controller_manager_msgs/include/controller_manager_msgs/srv/list_controller_types.hpp
[1.259s] -- Up-to-date symlink: /home/khaledob/bookros2_ws/install/controller_manager_msgs/include/controller_manager_msgs/srv/list_controllers.hpp
[1.260s] -- Up-to-date symlink: /home/khaledob/bookros2_ws/install/controller_manager_msgs/include/controller_manager_msgs/srv/list_hardware_interfaces.hpp
[1.260s] -- Up-to-date symlink: /home/khaledob/bookros2_ws/install/controller_manager_msgs/include/controller_manager_msgs/srv/load_configure_controller.hpp
[1.261s] -- Up-to-date symlink: /home/khaledob/bookros2_ws/install/controller_manager_msgs/include/controller_manager_msgs/srv/load_controller.hpp
[1.261s] -- Up-to-date symlink: /home/khaledob/bookros2_ws/install/controller_manager_msgs/include/controller_manager_msgs/srv/load_start_controller.hpp
[1.262s] -- Up-to-date symlink: /home/khaledob/bookros2_ws/install/controller_manager_msgs/include/controller_manager_msgs/srv/reload_controller_libraries.hpp
[1.264s] -- Up-to-date symlink: /home/khaledob/bookros2_ws/install/controller_manager_msgs/include/controller_manager_msgs/srv/switch_controller.hpp
[1.265s] -- Up-to-date symlink: /home/khaledob/bookros2_ws/install/controller_manager_msgs/include/controller_manager_msgs/srv/unload_controller.hpp
[1.266s] -- Up-to-date symlink: /home/khaledob/bookros2_ws/install/controller_manager_msgs/include/controller_manager_msgs/msg/detail/controller_state__rosidl_typesupport_introspection_cpp.hpp
[1.266s] -- Up-to-date symlink: /home/khaledob/bookros2_ws/install/controller_manager_msgs/include/controller_manager_msgs/msg/detail/hardware_interface__rosidl_typesupport_introspection_cpp.hpp
[1.266s] -- Up-to-date symlink: /home/khaledob/bookros2_ws/install/controller_manager_msgs/include/controller_manager_msgs/srv/detail/configure_controller__rosidl_typesupport_introspection_cpp.hpp
[1.266s] -- Up-to-date symlink: /home/khaledob/bookros2_ws/install/controller_manager_msgs/include/controller_manager_msgs/srv/detail/configure_start_controller__rosidl_typesupport_introspection_cpp.hpp
[1.267s] -- Up-to-date symlink: /home/khaledob/bookros2_ws/install/controller_manager_msgs/include/controller_manager_msgs/srv/detail/list_controller_types__rosidl_typesupport_introspection_cpp.hpp
[1.267s] -- Up-to-date symlink: /home/khaledob/bookros2_ws/install/controller_manager_msgs/include/controller_manager_msgs/srv/detail/list_controllers__rosidl_typesupport_introspection_cpp.hpp
[1.267s] -- Up-to-date symlink: /home/khaledob/bookros2_ws/install/controller_manager_msgs/include/controller_manager_msgs/srv/detail/list_hardware_interfaces__rosidl_typesupport_introspection_cpp.hpp
[1.268s] -- Up-to-date symlink: /home/khaledob/bookros2_ws/install/controller_manager_msgs/include/controller_manager_msgs/srv/detail/load_configure_controller__rosidl_typesupport_introspection_cpp.hpp
[1.268s] -- Up-to-date symlink: /home/khaledob/bookros2_ws/install/controller_manager_msgs/include/controller_manager_msgs/srv/detail/load_controller__rosidl_typesupport_introspection_cpp.hpp
[1.268s] -- Up-to-date symlink: /home/khaledob/bookros2_ws/install/controller_manager_msgs/include/controller_manager_msgs/srv/detail/load_start_controller__rosidl_typesupport_introspection_cpp.hpp
[1.269s] -- Up-to-date symlink: /home/khaledob/bookros2_ws/install/controller_manager_msgs/include/controller_manager_msgs/srv/detail/reload_controller_libraries__rosidl_typesupport_introspection_cpp.hpp
[1.269s] -- Up-to-date symlink: /home/khaledob/bookros2_ws/install/controller_manager_msgs/include/controller_manager_msgs/srv/detail/switch_controller__rosidl_typesupport_introspection_cpp.hpp
[1.269s] -- Up-to-date symlink: /home/khaledob/bookros2_ws/install/controller_manager_msgs/include/controller_manager_msgs/srv/detail/unload_controller__rosidl_typesupport_introspection_cpp.hpp
[1.269s] -- Up-to-date symlink: /home/khaledob/bookros2_ws/install/controller_manager_msgs/share/controller_manager_msgs/environment/pythonpath.sh
[1.269s] -- Up-to-date symlink: /home/khaledob/bookros2_ws/install/controller_manager_msgs/share/controller_manager_msgs/environment/pythonpath.dsv
[1.269s] -- Up-to-date symlink: /home/khaledob/bookros2_ws/install/controller_manager_msgs/lib/python3.8/site-packages/controller_manager_msgs/__init__.py
[1.270s] -- Up-to-date symlink: /home/khaledob/bookros2_ws/install/controller_manager_msgs/lib/python3.8/site-packages/controller_manager_msgs/msg/__init__.py
[1.270s] -- Up-to-date symlink: /home/khaledob/bookros2_ws/install/controller_manager_msgs/lib/python3.8/site-packages/controller_manager_msgs/msg/_controller_state.py
[1.271s] -- Up-to-date symlink: /home/khaledob/bookros2_ws/install/controller_manager_msgs/lib/python3.8/site-packages/controller_manager_msgs/msg/_hardware_interface.py
[1.271s] -- Up-to-date symlink: /home/khaledob/bookros2_ws/install/controller_manager_msgs/lib/python3.8/site-packages/controller_manager_msgs/srv/__init__.py
[1.271s] -- Up-to-date symlink: /home/khaledob/bookros2_ws/install/controller_manager_msgs/lib/python3.8/site-packages/controller_manager_msgs/srv/_configure_controller.py
[1.271s] -- Up-to-date symlink: /home/khaledob/bookros2_ws/install/controller_manager_msgs/lib/python3.8/site-packages/controller_manager_msgs/srv/_configure_start_controller.py
[1.271s] -- Up-to-date symlink: /home/khaledob/bookros2_ws/install/controller_manager_msgs/lib/python3.8/site-packages/controller_manager_msgs/srv/_list_controller_types.py
[1.272s] -- Up-to-date symlink: /home/khaledob/bookros2_ws/install/controller_manager_msgs/lib/python3.8/site-packages/controller_manager_msgs/srv/_list_controllers.py
[1.272s] -- Up-to-date symlink: /home/khaledob/bookros2_ws/install/controller_manager_msgs/lib/python3.8/site-packages/controller_manager_msgs/srv/_list_hardware_interfaces.py
[1.272s] -- Up-to-date symlink: /home/khaledob/bookros2_ws/install/controller_manager_msgs/lib/python3.8/site-packages/controller_manager_msgs/srv/_load_configure_controller.py
[1.272s] -- Up-to-date symlink: /home/khaledob/bookros2_ws/install/controller_manager_msgs/lib/python3.8/site-packages/controller_manager_msgs/srv/_load_controller.py
[1.272s] -- Up-to-date symlink: /home/khaledob/bookros2_ws/install/controller_manager_msgs/lib/python3.8/site-packages/controller_manager_msgs/srv/_load_start_controller.py
[1.272s] -- Up-to-date symlink: /home/khaledob/bookros2_ws/install/controller_manager_msgs/lib/python3.8/site-packages/controller_manager_msgs/srv/_reload_controller_libraries.py
[1.272s] -- Up-to-date symlink: /home/khaledob/bookros2_ws/install/controller_manager_msgs/lib/python3.8/site-packages/controller_manager_msgs/srv/_switch_controller.py
[1.275s] -- Up-to-date symlink: /home/khaledob/bookros2_ws/install/controller_manager_msgs/lib/python3.8/site-packages/controller_manager_msgs/srv/_unload_controller.py
[1.275s] -- Up-to-date symlink: /home/khaledob/bookros2_ws/install/controller_manager_msgs/lib/python3.8/site-packages/controller_manager_msgs/controller_manager_msgs_s__rosidl_typesupport_fastrtps_c.cpython-38-x86_64-linux-gnu.so
[1.275s] -- Up-to-date symlink: /home/khaledob/bookros2_ws/install/controller_manager_msgs/lib/python3.8/site-packages/controller_manager_msgs/controller_manager_msgs_s__rosidl_typesupport_introspection_c.cpython-38-x86_64-linux-gnu.so
[1.275s] -- Up-to-date symlink: /home/khaledob/bookros2_ws/install/controller_manager_msgs/lib/python3.8/site-packages/controller_manager_msgs/controller_manager_msgs_s__rosidl_typesupport_c.cpython-38-x86_64-linux-gnu.so
[1.276s] -- Up-to-date symlink: /home/khaledob/bookros2_ws/install/controller_manager_msgs/lib/libcontroller_manager_msgs__python.so
[1.276s] -- Up-to-date symlink: /home/khaledob/bookros2_ws/install/controller_manager_msgs/share/controller_manager_msgs/msg/ControllerState.idl
[1.277s] -- Up-to-date symlink: /home/khaledob/bookros2_ws/install/controller_manager_msgs/share/controller_manager_msgs/msg/HardwareInterface.idl
[1.278s] -- Up-to-date symlink: /home/khaledob/bookros2_ws/install/controller_manager_msgs/share/controller_manager_msgs/srv/ConfigureController.idl
[1.278s] -- Up-to-date symlink: /home/khaledob/bookros2_ws/install/controller_manager_msgs/share/controller_manager_msgs/srv/ConfigureStartController.idl
[1.279s] -- Up-to-date symlink: /home/khaledob/bookros2_ws/install/controller_manager_msgs/share/controller_manager_msgs/srv/ListControllers.idl
[1.280s] -- Up-to-date symlink: /home/khaledob/bookros2_ws/install/controller_manager_msgs/share/controller_manager_msgs/srv/ListControllerTypes.idl
[1.280s] -- Up-to-date symlink: /home/khaledob/bookros2_ws/install/controller_manager_msgs/share/controller_manager_msgs/srv/ListHardwareInterfaces.idl
[1.281s] -- Up-to-date symlink: /home/khaledob/bookros2_ws/install/controller_manager_msgs/share/controller_manager_msgs/srv/LoadConfigureController.idl
[1.281s] -- Up-to-date symlink: /home/khaledob/bookros2_ws/install/controller_manager_msgs/share/controller_manager_msgs/srv/LoadController.idl
[1.282s] -- Up-to-date symlink: /home/khaledob/bookros2_ws/install/controller_manager_msgs/share/controller_manager_msgs/srv/LoadStartController.idl
[1.282s] -- Up-to-date symlink: /home/khaledob/bookros2_ws/install/controller_manager_msgs/share/controller_manager_msgs/srv/ReloadControllerLibraries.idl
[1.283s] -- Up-to-date symlink: /home/khaledob/bookros2_ws/install/controller_manager_msgs/share/controller_manager_msgs/srv/SwitchController.idl
[1.288s] -- Up-to-date symlink: /home/khaledob/bookros2_ws/install/controller_manager_msgs/share/controller_manager_msgs/srv/UnloadController.idl
[1.290s] -- Up-to-date symlink: /home/khaledob/bookros2_ws/install/controller_manager_msgs/share/controller_manager_msgs/msg/ControllerState.msg
[1.290s] -- Up-to-date symlink: /home/khaledob/bookros2_ws/install/controller_manager_msgs/share/controller_manager_msgs/msg/HardwareInterface.msg
[1.291s] -- Up-to-date symlink: /home/khaledob/bookros2_ws/install/controller_manager_msgs/share/controller_manager_msgs/srv/ConfigureController.srv
[1.291s] -- Up-to-date symlink: /home/khaledob/bookros2_ws/install/controller_manager_msgs/share/controller_manager_msgs/srv/ConfigureController_Request.msg
[1.291s] -- Up-to-date symlink: /home/khaledob/bookros2_ws/install/controller_manager_msgs/share/controller_manager_msgs/srv/ConfigureController_Response.msg
[1.291s] -- Up-to-date symlink: /home/khaledob/bookros2_ws/install/controller_manager_msgs/share/controller_manager_msgs/srv/ConfigureStartController.srv
[1.293s] -- Up-to-date symlink: /home/khaledob/bookros2_ws/install/controller_manager_msgs/share/controller_manager_msgs/srv/ConfigureStartController_Request.msg
[1.294s] -- Up-to-date symlink: /home/khaledob/bookros2_ws/install/controller_manager_msgs/share/controller_manager_msgs/srv/ConfigureStartController_Response.msg
[1.294s] -- Up-to-date symlink: /home/khaledob/bookros2_ws/install/controller_manager_msgs/share/controller_manager_msgs/srv/ListControllers.srv
[1.294s] -- Up-to-date symlink: /home/khaledob/bookros2_ws/install/controller_manager_msgs/share/controller_manager_msgs/srv/ListControllers_Request.msg
[1.298s] -- Up-to-date symlink: /home/khaledob/bookros2_ws/install/controller_manager_msgs/share/controller_manager_msgs/srv/ListControllers_Response.msg
[1.298s] -- Up-to-date symlink: /home/khaledob/bookros2_ws/install/controller_manager_msgs/share/controller_manager_msgs/srv/ListControllerTypes.srv
[1.299s] -- Up-to-date symlink: /home/khaledob/bookros2_ws/install/controller_manager_msgs/share/controller_manager_msgs/srv/ListControllerTypes_Request.msg
[1.299s] -- Up-to-date symlink: /home/khaledob/bookros2_ws/install/controller_manager_msgs/share/controller_manager_msgs/srv/ListControllerTypes_Response.msg
[1.299s] -- Up-to-date symlink: /home/khaledob/bookros2_ws/install/controller_manager_msgs/share/controller_manager_msgs/srv/ListHardwareInterfaces.srv
[1.301s] -- Up-to-date symlink: /home/khaledob/bookros2_ws/install/controller_manager_msgs/share/controller_manager_msgs/srv/ListHardwareInterfaces_Request.msg
[1.301s] -- Up-to-date symlink: /home/khaledob/bookros2_ws/install/controller_manager_msgs/share/controller_manager_msgs/srv/ListHardwareInterfaces_Response.msg
[1.302s] -- Up-to-date symlink: /home/khaledob/bookros2_ws/install/controller_manager_msgs/share/controller_manager_msgs/srv/LoadConfigureController.srv
[1.302s] -- Up-to-date symlink: /home/khaledob/bookros2_ws/install/controller_manager_msgs/share/controller_manager_msgs/srv/LoadConfigureController_Request.msg
[1.302s] -- Up-to-date symlink: /home/khaledob/bookros2_ws/install/controller_manager_msgs/share/controller_manager_msgs/srv/LoadConfigureController_Response.msg
[1.303s] -- Up-to-date symlink: /home/khaledob/bookros2_ws/install/controller_manager_msgs/share/controller_manager_msgs/srv/LoadController.srv
[1.305s] -- Up-to-date symlink: /home/khaledob/bookros2_ws/install/controller_manager_msgs/share/controller_manager_msgs/srv/LoadController_Request.msg
[1.305s] -- Up-to-date symlink: /home/khaledob/bookros2_ws/install/controller_manager_msgs/share/controller_manager_msgs/srv/LoadController_Response.msg
[1.305s] -- Up-to-date symlink: /home/khaledob/bookros2_ws/install/controller_manager_msgs/share/controller_manager_msgs/srv/LoadStartController.srv
[1.305s] -- Up-to-date symlink: /home/khaledob/bookros2_ws/install/controller_manager_msgs/share/controller_manager_msgs/srv/LoadStartController_Request.msg
[1.306s] -- Up-to-date symlink: /home/khaledob/bookros2_ws/install/controller_manager_msgs/share/controller_manager_msgs/srv/LoadStartController_Response.msg
[1.306s] -- Up-to-date symlink: /home/khaledob/bookros2_ws/install/controller_manager_msgs/share/controller_manager_msgs/srv/ReloadControllerLibraries.srv
[1.306s] -- Up-to-date symlink: /home/khaledob/bookros2_ws/install/controller_manager_msgs/share/controller_manager_msgs/srv/ReloadControllerLibraries_Request.msg
[1.308s] -- Up-to-date symlink: /home/khaledob/bookros2_ws/install/controller_manager_msgs/share/controller_manager_msgs/srv/ReloadControllerLibraries_Response.msg
[1.308s] -- Up-to-date symlink: /home/khaledob/bookros2_ws/install/controller_manager_msgs/share/controller_manager_msgs/srv/SwitchController.srv
[1.308s] -- Up-to-date symlink: /home/khaledob/bookros2_ws/install/controller_manager_msgs/share/controller_manager_msgs/srv/SwitchController_Request.msg
[1.308s] -- Up-to-date symlink: /home/khaledob/bookros2_ws/install/controller_manager_msgs/share/controller_manager_msgs/srv/SwitchController_Response.msg
[1.309s] -- Up-to-date symlink: /home/khaledob/bookros2_ws/install/controller_manager_msgs/share/controller_manager_msgs/srv/UnloadController.srv
[1.309s] -- Up-to-date symlink: /home/khaledob/bookros2_ws/install/controller_manager_msgs/share/controller_manager_msgs/srv/UnloadController_Request.msg
[1.309s] -- Up-to-date symlink: /home/khaledob/bookros2_ws/install/controller_manager_msgs/share/controller_manager_msgs/srv/UnloadController_Response.msg
[1.309s] -- Up-to-date symlink: /home/khaledob/bookros2_ws/install/controller_manager_msgs/share/ament_index/resource_index/package_run_dependencies/controller_manager_msgs
[1.310s] -- Up-to-date symlink: /home/khaledob/bookros2_ws/install/controller_manager_msgs/share/ament_index/resource_index/parent_prefix_path/controller_manager_msgs
[1.311s] -- Up-to-date symlink: /home/khaledob/bookros2_ws/install/controller_manager_msgs/share/controller_manager_msgs/environment/ament_prefix_path.sh
[1.312s] -- Up-to-date symlink: /home/khaledob/bookros2_ws/install/controller_manager_msgs/share/controller_manager_msgs/environment/ament_prefix_path.dsv
[1.312s] -- Up-to-date symlink: /home/khaledob/bookros2_ws/install/controller_manager_msgs/share/controller_manager_msgs/environment/path.sh
[1.313s] -- Up-to-date symlink: /home/khaledob/bookros2_ws/install/controller_manager_msgs/share/controller_manager_msgs/environment/path.dsv
[1.314s] -- Up-to-date symlink: /home/khaledob/bookros2_ws/install/controller_manager_msgs/share/controller_manager_msgs/local_setup.bash
[1.315s] -- Up-to-date symlink: /home/khaledob/bookros2_ws/install/controller_manager_msgs/share/controller_manager_msgs/local_setup.sh
[1.316s] -- Up-to-date symlink: /home/khaledob/bookros2_ws/install/controller_manager_msgs/share/controller_manager_msgs/local_setup.zsh
[1.333s] -- Up-to-date symlink: /home/khaledob/bookros2_ws/install/controller_manager_msgs/share/controller_manager_msgs/local_setup.dsv
[1.334s] -- Symlinking: /home/khaledob/bookros2_ws/install/controller_manager_msgs/share/controller_manager_msgs/package.dsv
[1.335s] -- Up-to-date symlink: /home/khaledob/bookros2_ws/install/controller_manager_msgs/share/ament_index/resource_index/packages/controller_manager_msgs
[1.352s] -- Up-to-date symlink: /home/khaledob/bookros2_ws/install/controller_manager_msgs/share/controller_manager_msgs/cmake/rosidl_cmake-extras.cmake
[1.352s] -- Up-to-date symlink: /home/khaledob/bookros2_ws/install/controller_manager_msgs/share/controller_manager_msgs/cmake/ament_cmake_export_dependencies-extras.cmake
[1.355s] -- Up-to-date symlink: /home/khaledob/bookros2_ws/install/controller_manager_msgs/share/controller_manager_msgs/cmake/ament_cmake_export_libraries-extras.cmake
[1.355s] -- Up-to-date symlink: /home/khaledob/bookros2_ws/install/controller_manager_msgs/share/controller_manager_msgs/cmake/ament_cmake_export_targets-extras.cmake
[1.355s] -- Up-to-date symlink: /home/khaledob/bookros2_ws/install/controller_manager_msgs/share/controller_manager_msgs/cmake/ament_cmake_export_include_directories-extras.cmake
[1.356s] -- Up-to-date symlink: /home/khaledob/bookros2_ws/install/controller_manager_msgs/share/controller_manager_msgs/cmake/rosidl_cmake_export_typesupport_libraries-extras.cmake
[1.358s] -- Up-to-date symlink: /home/khaledob/bookros2_ws/install/controller_manager_msgs/share/controller_manager_msgs/cmake/rosidl_cmake_export_typesupport_targets-extras.cmake
[1.359s] -- Up-to-date symlink: /home/khaledob/bookros2_ws/install/controller_manager_msgs/share/controller_manager_msgs/cmake/controller_manager_msgsConfig.cmake
[1.366s] -- Up-to-date symlink: /home/khaledob/bookros2_ws/install/controller_manager_msgs/share/controller_manager_msgs/cmake/controller_manager_msgsConfig-version.cmake
[1.373s] -- Up-to-date symlink: /home/khaledob/bookros2_ws/install/controller_manager_msgs/share/controller_manager_msgs/package.xml
[1.378s] -- Up-to-date: /home/khaledob/bookros2_ws/install/controller_manager_msgs/lib/libcontroller_manager_msgs__rosidl_generator_c.so
[1.382s] -- Up-to-date: /home/khaledob/bookros2_ws/install/controller_manager_msgs/lib/libcontroller_manager_msgs__rosidl_typesupport_introspection_c.so
[1.390s] -- Up-to-date: /home/khaledob/bookros2_ws/install/controller_manager_msgs/lib/libcontroller_manager_msgs__rosidl_typesupport_c.so
[1.394s] -- Up-to-date: /home/khaledob/bookros2_ws/install/controller_manager_msgs/lib/libcontroller_manager_msgs__rosidl_typesupport_introspection_cpp.so
[1.407s] -- Up-to-date: /home/khaledob/bookros2_ws/install/controller_manager_msgs/lib/libcontroller_manager_msgs__rosidl_typesupport_cpp.so
[1.416s] -- Up-to-date: /home/khaledob/bookros2_ws/install/controller_manager_msgs/share/controller_manager_msgs/cmake/controller_manager_msgs__rosidl_generator_cExport.cmake
[1.419s] -- Up-to-date: /home/khaledob/bookros2_ws/install/controller_manager_msgs/share/controller_manager_msgs/cmake/controller_manager_msgs__rosidl_generator_cExport-noconfig.cmake
[1.420s] -- Up-to-date: /home/khaledob/bookros2_ws/install/controller_manager_msgs/share/controller_manager_msgs/cmake/controller_manager_msgs__rosidl_typesupport_introspection_cExport.cmake
[1.420s] -- Up-to-date: /home/khaledob/bookros2_ws/install/controller_manager_msgs/share/controller_manager_msgs/cmake/controller_manager_msgs__rosidl_typesupport_introspection_cExport-noconfig.cmake
[1.422s] -- Up-to-date: /home/khaledob/bookros2_ws/install/controller_manager_msgs/share/controller_manager_msgs/cmake/controller_manager_msgs__rosidl_typesupport_cExport.cmake
[1.422s] -- Up-to-date: /home/khaledob/bookros2_ws/install/controller_manager_msgs/share/controller_manager_msgs/cmake/controller_manager_msgs__rosidl_typesupport_cExport-noconfig.cmake
[1.429s] -- Up-to-date: /home/khaledob/bookros2_ws/install/controller_manager_msgs/share/controller_manager_msgs/cmake/controller_manager_msgs__rosidl_generator_cppExport.cmake
[1.435s] -- Up-to-date: /home/khaledob/bookros2_ws/install/controller_manager_msgs/share/controller_manager_msgs/cmake/controller_manager_msgs__rosidl_typesupport_introspection_cppExport.cmake
[1.445s] -- Up-to-date: /home/khaledob/bookros2_ws/install/controller_manager_msgs/share/controller_manager_msgs/cmake/controller_manager_msgs__rosidl_typesupport_introspection_cppExport-noconfig.cmake
[1.453s] -- Up-to-date: /home/khaledob/bookros2_ws/install/controller_manager_msgs/share/controller_manager_msgs/cmake/controller_manager_msgs__rosidl_typesupport_cppExport.cmake
[1.454s] -- Up-to-date: /home/khaledob/bookros2_ws/install/controller_manager_msgs/share/controller_manager_msgs/cmake/controller_manager_msgs__rosidl_typesupport_cppExport-noconfig.cmake
[1.533s] Invoked command in '/home/khaledob/bookros2_ws/build/controller_manager_msgs' returned '0': CMAKE_PREFIX_PATH=/opt/ros/foxy /usr/bin/cmake --install /home/khaledob/bookros2_ws/build/controller_manager_msgs
