[0.189s] Invoking command in '/home/khaledob/bookros2_ws/build/t2a': CMAKE_PREFIX_PATH=${CMAKE_PREFIX_PATH}:/home/khaledob/bookros2_ws/install/ros2controlcli:/home/khaledob/bookros2_ws/install/launch_pal:/home/khaledob/bookros2_ws/install/br2_fsm_bumpgo_py:/opt/ros/foxy /usr/bin/cmake --build /home/khaledob/bookros2_ws/build/t2a -- -j7 -l7
[0.259s] -- Found ament_cmake: 0.9.12 (/opt/ros/foxy/share/ament_cmake/cmake)
[0.320s] -- Using PYTHON_EXECUTABLE: /usr/bin/python3
[0.826s] -- Override CMake install command with custom implementation using symlinks instead of copying resources
[0.826s] -- Found rclcpp: 2.4.3 (/opt/ros/foxy/share/rclcpp/cmake)
[0.851s] -- Using all available rosidl_typesupport_c: rosidl_typesupport_fastrtps_c;rosidl_typesupport_introspection_c
[0.856s] -- Found rosidl_adapter: 1.3.1 (/opt/ros/foxy/share/rosidl_adapter/cmake)
[1.284s] -- Using all available rosidl_typesupport_cpp: rosidl_typesupport_fastrtps_cpp;rosidl_typesupport_introspection_cpp
[1.465s] -- Found rmw_implementation_cmake: 1.0.4 (/opt/ros/foxy/share/rmw_implementation_cmake/cmake)
[1.467s] -- Using RMW implementation 'rmw_fastrtps_cpp' as default
[1.725s] -- Found sensor_msgs: 2.0.5 (/opt/ros/foxy/share/sensor_msgs/cmake)
[2.017s] -- Found ament_lint_auto: 0.9.8 (/opt/ros/foxy/share/ament_lint_auto/cmake)
[2.226s] -- Added test 'copyright' to check source files copyright and LICENSE
[2.271s] -- Added test 'cppcheck' to perform static code analysis on C / C++ code
[2.271s] -- Configured cppcheck include dirs: /home/khaledob/bookros2_ws/src/t2a/include
[2.271s] -- Configured cppcheck exclude dirs and/or files: 
[2.272s] -- Added test 'cpplint' to check C / C++ code against the Google style
[2.272s] -- Configured cpplint exclude dirs and/or files: 
[2.296s] -- Added test 'flake8' to check Python code syntax and style conventions
[2.296s] -- Added test 'lint_cmake' to check CMake code style
[2.297s] -- Added test 'pep257' to check Python code against some of the style conventions in PEP 257
[2.297s] -- Added test 'uncrustify' to check C / C++ code style
[2.297s] -- Configured uncrustify additional arguments: 
[2.297s] -- Added test 'xmllint' to check XML markup files
[2.297s] -- Configuring done
[2.328s] -- Generating done
[2.341s] -- Build files have been written to: /home/khaledob/bookros2_ws/build/t2a
[2.399s] [35m[1mScanning dependencies of target bumpgo[0m
[2.435s] [ 33%] [32mBuilding CXX object CMakeFiles/bumpgo.dir/src/t2a/BumpGoNode.cpp.o[0m
[2.437s] [ 66%] [32mBuilding CXX object CMakeFiles/bumpgo.dir/src/bumpgo_main.cpp.o[0m
[12.921s] [100%] [32m[1mLinking CXX executable bumpgo[0m
[13.253s] [100%] Built target bumpgo
[13.271s] Invoked command in '/home/khaledob/bookros2_ws/build/t2a' returned '0': CMAKE_PREFIX_PATH=${CMAKE_PREFIX_PATH}:/home/khaledob/bookros2_ws/install/ros2controlcli:/home/khaledob/bookros2_ws/install/launch_pal:/home/khaledob/bookros2_ws/install/br2_fsm_bumpgo_py:/opt/ros/foxy /usr/bin/cmake --build /home/khaledob/bookros2_ws/build/t2a -- -j7 -l7
[13.276s] Invoking command in '/home/khaledob/bookros2_ws/build/t2a': CMAKE_PREFIX_PATH=${CMAKE_PREFIX_PATH}:/home/khaledob/bookros2_ws/install/ros2controlcli:/home/khaledob/bookros2_ws/install/launch_pal:/home/khaledob/bookros2_ws/install/br2_fsm_bumpgo_py:/opt/ros/foxy /usr/bin/cmake --install /home/khaledob/bookros2_ws/build/t2a
[13.289s] -- Install configuration: ""
[13.289s] -- Execute custom install script
[13.291s] -- Up-to-date symlink: /home/khaledob/bookros2_ws/install/t2a/lib/t2a/bumpgo
[13.291s] -- Up-to-date symlink: /home/khaledob/bookros2_ws/install/t2a/share/t2a/launch/bump_and_go.launch.py
[13.291s] -- Up-to-date symlink: /home/khaledob/bookros2_ws/install/t2a/share/ament_index/resource_index/package_run_dependencies/t2a
[13.292s] -- Up-to-date symlink: /home/khaledob/bookros2_ws/install/t2a/share/ament_index/resource_index/parent_prefix_path/t2a
[13.292s] -- Up-to-date symlink: /home/khaledob/bookros2_ws/install/t2a/share/t2a/environment/ament_prefix_path.sh
[13.293s] -- Up-to-date symlink: /home/khaledob/bookros2_ws/install/t2a/share/t2a/environment/ament_prefix_path.dsv
[13.293s] -- Up-to-date symlink: /home/khaledob/bookros2_ws/install/t2a/share/t2a/environment/path.sh
[13.294s] -- Up-to-date symlink: /home/khaledob/bookros2_ws/install/t2a/share/t2a/environment/path.dsv
[13.295s] -- Up-to-date symlink: /home/khaledob/bookros2_ws/install/t2a/share/t2a/local_setup.bash
[13.296s] -- Up-to-date symlink: /home/khaledob/bookros2_ws/install/t2a/share/t2a/local_setup.sh
[13.297s] -- Up-to-date symlink: /home/khaledob/bookros2_ws/install/t2a/share/t2a/local_setup.zsh
[13.297s] -- Up-to-date symlink: /home/khaledob/bookros2_ws/install/t2a/share/t2a/local_setup.dsv
[13.297s] -- Symlinking: /home/khaledob/bookros2_ws/install/t2a/share/t2a/package.dsv
[13.319s] -- Up-to-date symlink: /home/khaledob/bookros2_ws/install/t2a/share/ament_index/resource_index/packages/t2a
[13.320s] -- Up-to-date symlink: /home/khaledob/bookros2_ws/install/t2a/share/t2a/cmake/t2aConfig.cmake
[13.320s] -- Up-to-date symlink: /home/khaledob/bookros2_ws/install/t2a/share/t2a/cmake/t2aConfig-version.cmake
[13.320s] -- Up-to-date symlink: /home/khaledob/bookros2_ws/install/t2a/share/t2a/package.xml
[13.326s] Invoked command in '/home/khaledob/bookros2_ws/build/t2a' returned '0': CMAKE_PREFIX_PATH=${CMAKE_PREFIX_PATH}:/home/khaledob/bookros2_ws/install/ros2controlcli:/home/khaledob/bookros2_ws/install/launch_pal:/home/khaledob/bookros2_ws/install/br2_fsm_bumpgo_py:/opt/ros/foxy /usr/bin/cmake --install /home/khaledob/bookros2_ws/build/t2a
