[0.374s] Invoking command in '/home/khaledob/bookros2_ws/build/br2_tiago': CMAKE_PREFIX_PATH=${CMAKE_PREFIX_PATH}:/home/khaledob/bookros2_ws/install/ros2controlcli:/home/khaledob/bookros2_ws/install/launch_pal:/home/khaledob/bookros2_ws/install/br2_fsm_bumpgo_py:/opt/ros/foxy /usr/bin/cmake --build /home/khaledob/bookros2_ws/build/br2_tiago -- -j7 -l7
[0.624s] Invoked command in '/home/khaledob/bookros2_ws/build/br2_tiago' returned '0': CMAKE_PREFIX_PATH=${CMAKE_PREFIX_PATH}:/home/khaledob/bookros2_ws/install/ros2controlcli:/home/khaledob/bookros2_ws/install/launch_pal:/home/khaledob/bookros2_ws/install/br2_fsm_bumpgo_py:/opt/ros/foxy /usr/bin/cmake --build /home/khaledob/bookros2_ws/build/br2_tiago -- -j7 -l7
[0.625s] Invoking command in '/home/khaledob/bookros2_ws/build/br2_tiago': CMAKE_PREFIX_PATH=${CMAKE_PREFIX_PATH}:/home/khaledob/bookros2_ws/install/ros2controlcli:/home/khaledob/bookros2_ws/install/launch_pal:/home/khaledob/bookros2_ws/install/br2_fsm_bumpgo_py:/opt/ros/foxy /usr/bin/cmake --install /home/khaledob/bookros2_ws/build/br2_tiago
[0.757s] -- Install configuration: ""
[0.775s] -- Execute custom install script
[0.776s] -- Up-to-date symlink: /home/khaledob/bookros2_ws/install/br2_tiago/share/br2_tiago/launch/sim.launch.py
[0.777s] -- Up-to-date symlink: /home/khaledob/bookros2_ws/install/br2_tiago/share/ament_index/resource_index/package_run_dependencies/br2_tiago
[0.781s] -- Up-to-date symlink: /home/khaledob/bookros2_ws/install/br2_tiago/share/ament_index/resource_index/parent_prefix_path/br2_tiago
[0.782s] -- Up-to-date symlink: /home/khaledob/bookros2_ws/install/br2_tiago/share/br2_tiago/environment/ament_prefix_path.sh
[0.782s] -- Up-to-date symlink: /home/khaledob/bookros2_ws/install/br2_tiago/share/br2_tiago/environment/ament_prefix_path.dsv
[0.782s] -- Up-to-date symlink: /home/khaledob/bookros2_ws/install/br2_tiago/share/br2_tiago/environment/path.sh
[0.782s] -- Up-to-date symlink: /home/khaledob/bookros2_ws/install/br2_tiago/share/br2_tiago/environment/path.dsv
[0.783s] -- Up-to-date symlink: /home/khaledob/bookros2_ws/install/br2_tiago/share/br2_tiago/local_setup.bash
[0.783s] -- Up-to-date symlink: /home/khaledob/bookros2_ws/install/br2_tiago/share/br2_tiago/local_setup.sh
[0.783s] -- Up-to-date symlink: /home/khaledob/bookros2_ws/install/br2_tiago/share/br2_tiago/local_setup.zsh
[0.783s] -- Up-to-date symlink: /home/khaledob/bookros2_ws/install/br2_tiago/share/br2_tiago/local_setup.dsv
[0.783s] -- Symlinking: /home/khaledob/bookros2_ws/install/br2_tiago/share/br2_tiago/package.dsv
[0.787s] -- Up-to-date symlink: /home/khaledob/bookros2_ws/install/br2_tiago/share/ament_index/resource_index/packages/br2_tiago
[0.787s] -- Up-to-date symlink: /home/khaledob/bookros2_ws/install/br2_tiago/share/br2_tiago/cmake/br2_tiagoConfig.cmake
[0.789s] -- Up-to-date symlink: /home/khaledob/bookros2_ws/install/br2_tiago/share/br2_tiago/cmake/br2_tiagoConfig-version.cmake
[0.789s] -- Up-to-date symlink: /home/khaledob/bookros2_ws/install/br2_tiago/share/br2_tiago/package.xml
[0.883s] Invoked command in '/home/khaledob/bookros2_ws/build/br2_tiago' returned '0': CMAKE_PREFIX_PATH=${CMAKE_PREFIX_PATH}:/home/khaledob/bookros2_ws/install/ros2controlcli:/home/khaledob/bookros2_ws/install/launch_pal:/home/khaledob/bookros2_ws/install/br2_fsm_bumpgo_py:/opt/ros/foxy /usr/bin/cmake --install /home/khaledob/bookros2_ws/build/br2_tiago
