[0.140s] Invoking command in '/home/khaledob/bookros2_ws/build/task2b': CMAKE_PREFIX_PATH=/opt/ros/foxy /usr/bin/cmake --build /home/khaledob/bookros2_ws/build/task2b -- -j7 -l7
[0.332s] [100%] Built target node
[0.401s] Invoked command in '/home/khaledob/bookros2_ws/build/task2b' returned '0': CMAKE_PREFIX_PATH=/opt/ros/foxy /usr/bin/cmake --build /home/khaledob/bookros2_ws/build/task2b -- -j7 -l7
[0.432s] Invoking command in '/home/khaledob/bookros2_ws/build/task2b': CMAKE_PREFIX_PATH=/opt/ros/foxy /usr/bin/cmake --install /home/khaledob/bookros2_ws/build/task2b
[0.485s] -- Install configuration: ""
[0.486s] -- Execute custom install script
[0.489s] -- Up-to-date symlink: /home/khaledob/bookros2_ws/install/task2b/lib/task2b/node
[0.493s] -- Up-to-date symlink: /home/khaledob/bookros2_ws/install/task2b/share/task2b/launch/my_launch2b_file.py
[0.502s] -- Up-to-date symlink: /home/khaledob/bookros2_ws/install/task2b/share/ament_index/resource_index/package_run_dependencies/task2b
[0.503s] -- Up-to-date symlink: /home/khaledob/bookros2_ws/install/task2b/share/ament_index/resource_index/parent_prefix_path/task2b
[0.506s] -- Up-to-date symlink: /home/khaledob/bookros2_ws/install/task2b/share/task2b/environment/ament_prefix_path.sh
[0.508s] -- Up-to-date symlink: /home/khaledob/bookros2_ws/install/task2b/share/task2b/environment/ament_prefix_path.dsv
[0.509s] -- Up-to-date symlink: /home/khaledob/bookros2_ws/install/task2b/share/task2b/environment/path.sh
[0.510s] -- Up-to-date symlink: /home/khaledob/bookros2_ws/install/task2b/share/task2b/environment/path.dsv
[0.516s] -- Up-to-date symlink: /home/khaledob/bookros2_ws/install/task2b/share/task2b/local_setup.bash
[0.522s] -- Up-to-date symlink: /home/khaledob/bookros2_ws/install/task2b/share/task2b/local_setup.sh
[0.522s] -- Up-to-date symlink: /home/khaledob/bookros2_ws/install/task2b/share/task2b/local_setup.zsh
[0.535s] -- Up-to-date symlink: /home/khaledob/bookros2_ws/install/task2b/share/task2b/local_setup.dsv
[0.536s] -- Symlinking: /home/khaledob/bookros2_ws/install/task2b/share/task2b/package.dsv
[0.554s] -- Up-to-date symlink: /home/khaledob/bookros2_ws/install/task2b/share/ament_index/resource_index/packages/task2b
[0.570s] -- Up-to-date symlink: /home/khaledob/bookros2_ws/install/task2b/share/task2b/cmake/task2bConfig.cmake
[0.575s] -- Up-to-date symlink: /home/khaledob/bookros2_ws/install/task2b/share/task2b/cmake/task2bConfig-version.cmake
[0.578s] -- Up-to-date symlink: /home/khaledob/bookros2_ws/install/task2b/share/task2b/package.xml
[0.811s] Invoked command in '/home/khaledob/bookros2_ws/build/task2b' returned '0': CMAKE_PREFIX_PATH=/opt/ros/foxy /usr/bin/cmake --install /home/khaledob/bookros2_ws/build/task2b
