[0.116s] Invoking command in '/home/khaledob/bookros2_ws/build/task1': CMAKE_PREFIX_PATH=/opt/ros/foxy /usr/bin/cmake /home/khaledob/bookros2_ws/src/task1 -DAMENT_CMAKE_SYMLINK_INSTALL=1 -DCMAKE_INSTALL_PREFIX=/home/khaledob/bookros2_ws/install/task1
[0.160s] -- Found ament_cmake: 0.9.12 (/opt/ros/foxy/share/ament_cmake/cmake)
[0.322s] -- Using PYTHON_EXECUTABLE: /usr/bin/python3
[0.940s] -- Override CMake install command with custom implementation using symlinks instead of copying resources
[0.986s] -- Found rclcpp: 2.4.3 (/opt/ros/foxy/share/rclcpp/cmake)
[1.108s] -- Using all available rosidl_typesupport_c: rosidl_typesupport_fastrtps_c;rosidl_typesupport_introspection_c
[1.109s] -- Found rosidl_adapter: 1.3.1 (/opt/ros/foxy/share/rosidl_adapter/cmake)
[1.359s] -- Using all available rosidl_typesupport_cpp: rosidl_typesupport_fastrtps_cpp;rosidl_typesupport_introspection_cpp
[1.572s] -- Found rmw_implementation_cmake: 1.0.4 (/opt/ros/foxy/share/rmw_implementation_cmake/cmake)
[1.572s] -- Using RMW implementation 'rmw_fastrtps_cpp' as default
[2.099s] -- Found sensor_msgs: 2.0.5 (/opt/ros/foxy/share/sensor_msgs/cmake)
[2.418s] -- Found ament_lint_auto: 0.9.8 (/opt/ros/foxy/share/ament_lint_auto/cmake)
[2.729s] -- Added test 'copyright' to check source files copyright and LICENSE
[2.735s] -- Added test 'cppcheck' to perform static code analysis on C / C++ code
[2.737s] -- Configured cppcheck include dirs: /home/khaledob/bookros2_ws/src/task1/include
[2.740s] -- Configured cppcheck exclude dirs and/or files: 
[2.741s] -- Added test 'cpplint' to check C / C++ code against the Google style
[2.742s] -- Configured cpplint exclude dirs and/or files: 
[2.744s] -- Added test 'lint_cmake' to check CMake code style
[2.756s] -- Added test 'uncrustify' to check C / C++ code style
[2.768s] -- Configured uncrustify additional arguments: 
[2.768s] -- Added test 'xmllint' to check XML markup files
[2.769s] -- Configuring done
[2.769s] CMake Error at CMakeLists.txt:19 (add_executable):
[2.769s]   Cannot find source file:
[2.769s] 
[2.769s]     src/task1/BumpgoNode1.cpp
[2.769s] 
[2.769s]   Tried extensions .c .C .c++ .cc .cpp .cxx .cu .m .M .mm .h .hh .h++ .hm
[2.769s]   .hpp .hxx .in .txx
[2.769s] 
[2.769s] 
[2.769s] CMake Error at CMakeLists.txt:19 (add_executable):
[2.769s]   No SOURCES given to target: bumpgo
[2.769s] 
[2.769s] 
[2.770s] CMake Generate step failed.  Build files cannot be regenerated correctly.
[2.848s] Invoked command in '/home/khaledob/bookros2_ws/build/task1' returned '1': CMAKE_PREFIX_PATH=/opt/ros/foxy /usr/bin/cmake /home/khaledob/bookros2_ws/src/task1 -DAMENT_CMAKE_SYMLINK_INSTALL=1 -DCMAKE_INSTALL_PREFIX=/home/khaledob/bookros2_ws/install/task1
