[0.210s] Invoking command in '/home/khaledob/bookros2_ws/src/build/controller_manager_msgs': CMAKE_PREFIX_PATH=/opt/ros/foxy /usr/bin/cmake --build /home/khaledob/bookros2_ws/src/build/controller_manager_msgs -- -j7 -l7
[0.708s] [ 12%] Built target controller_manager_msgs__rosidl_generator_c
[0.708s] [ 12%] Built target controller_manager_msgs__cpp
[0.709s] [ 24%] Built target controller_manager_msgs__rosidl_typesupport_c
[0.709s] [ 36%] Built target controller_manager_msgs__rosidl_typesupport_cpp
[0.710s] [ 48%] Built target controller_manager_msgs__rosidl_typesupport_introspection_c
[0.710s] [ 60%] Built target controller_manager_msgs__rosidl_typesupport_introspection_cpp
[0.711s] [ 72%] Built target controller_manager_msgs__rosidl_typesupport_fastrtps_cpp
[0.711s] [ 84%] Built target controller_manager_msgs__rosidl_typesupport_fastrtps_c
[0.711s] [ 84%] Built target controller_manager_msgs
[0.712s] [ 85%] Built target controller_manager_msgs__py
[0.731s] [ 96%] Built target controller_manager_msgs__python
[0.776s] [ 98%] Built target controller_manager_msgs__rosidl_typesupport_introspection_c__pyext
[0.780s] [ 99%] Built target controller_manager_msgs__rosidl_typesupport_c__pyext
[0.792s] [100%] Built target controller_manager_msgs__rosidl_typesupport_fastrtps_c__pyext
[1.036s] Invoked command in '/home/khaledob/bookros2_ws/src/build/controller_manager_msgs' returned '0': CMAKE_PREFIX_PATH=/opt/ros/foxy /usr/bin/cmake --build /home/khaledob/bookros2_ws/src/build/controller_manager_msgs -- -j7 -l7
[1.038s] Invoking command in '/home/khaledob/bookros2_ws/src/build/controller_manager_msgs': CMAKE_PREFIX_PATH=/opt/ros/foxy /usr/bin/cmake --install /home/khaledob/bookros2_ws/src/build/controller_manager_msgs
[1.045s] -- Install configuration: ""
[1.045s] -- Execute custom install script
[1.045s] -- Up-to-date symlink: /home/khaledob/bookros2_ws/src/install/controller_manager_msgs/share/ament_index/resource_index/rosidl_interfaces/controller_manager_msgs
[1.046s] -- Up-to-date symlink: /home/khaledob/bookros2_ws/src/install/controller_manager_msgs/include/controller_manager_msgs/msg/controller_state.h
[1.057s] -- Up-to-date symlink: /home/khaledob/bookros2_ws/src/install/controller_manager_msgs/include/controller_manager_msgs/msg/detail/controller_state__functions.h
[1.072s] -- Up-to-date symlink: /home/khaledob/bookros2_ws/src/install/controller_manager_msgs/include/controller_manager_msgs/msg/detail/controller_state__struct.h
[1.075s] -- Up-to-date symlink: /home/khaledob/bookros2_ws/src/install/controller_manager_msgs/include/controller_manager_msgs/msg/detail/controller_state__type_support.h
[1.076s] -- Up-to-date symlink: /home/khaledob/bookros2_ws/src/install/controller_manager_msgs/include/controller_manager_msgs/msg/detail/hardware_interface__functions.h
[1.077s] -- Up-to-date symlink: /home/khaledob/bookros2_ws/src/install/controller_manager_msgs/include/controller_manager_msgs/msg/detail/hardware_interface__struct.h
[1.078s] -- Up-to-date symlink: /home/khaledob/bookros2_ws/src/install/controller_manager_msgs/include/controller_manager_msgs/msg/detail/hardware_interface__type_support.h
[1.082s] -- Up-to-date symlink: /home/khaledob/bookros2_ws/src/install/controller_manager_msgs/include/controller_manager_msgs/msg/hardware_interface.h
[1.084s] -- Up-to-date symlink: /home/khaledob/bookros2_ws/src/install/controller_manager_msgs/include/controller_manager_msgs/msg/rosidl_generator_c__visibility_control.h
[1.090s] -- Up-to-date symlink: /home/khaledob/bookros2_ws/src/install/controller_manager_msgs/include/controller_manager_msgs/srv/configure_controller.h
[1.090s] -- Up-to-date symlink: /home/khaledob/bookros2_ws/src/install/controller_manager_msgs/include/controller_manager_msgs/srv/configure_start_controller.h
[1.090s] -- Up-to-date symlink: /home/khaledob/bookros2_ws/src/install/controller_manager_msgs/include/controller_manager_msgs/srv/detail/configure_controller__functions.h
[1.092s] -- Up-to-date symlink: /home/khaledob/bookros2_ws/src/install/controller_manager_msgs/include/controller_manager_msgs/srv/detail/configure_controller__struct.h
[1.095s] -- Up-to-date symlink: /home/khaledob/bookros2_ws/src/install/controller_manager_msgs/include/controller_manager_msgs/srv/detail/configure_controller__type_support.h
[1.096s] -- Up-to-date symlink: /home/khaledob/bookros2_ws/src/install/controller_manager_msgs/include/controller_manager_msgs/srv/detail/configure_start_controller__functions.h
[1.096s] -- Up-to-date symlink: /home/khaledob/bookros2_ws/src/install/controller_manager_msgs/include/controller_manager_msgs/srv/detail/configure_start_controller__struct.h
[1.097s] -- Up-to-date symlink: /home/khaledob/bookros2_ws/src/install/controller_manager_msgs/include/controller_manager_msgs/srv/detail/configure_start_controller__type_support.h
[1.102s] -- Up-to-date symlink: /home/khaledob/bookros2_ws/src/install/controller_manager_msgs/include/controller_manager_msgs/srv/detail/list_controller_types__functions.h
[1.104s] -- Up-to-date symlink: /home/khaledob/bookros2_ws/src/install/controller_manager_msgs/include/controller_manager_msgs/srv/detail/list_controller_types__struct.h
[1.105s] -- Up-to-date symlink: /home/khaledob/bookros2_ws/src/install/controller_manager_msgs/include/controller_manager_msgs/srv/detail/list_controller_types__type_support.h
[1.105s] -- Up-to-date symlink: /home/khaledob/bookros2_ws/src/install/controller_manager_msgs/include/controller_manager_msgs/srv/detail/list_controllers__functions.h
[1.107s] -- Up-to-date symlink: /home/khaledob/bookros2_ws/src/install/controller_manager_msgs/include/controller_manager_msgs/srv/detail/list_controllers__struct.h
[1.111s] -- Up-to-date symlink: /home/khaledob/bookros2_ws/src/install/controller_manager_msgs/include/controller_manager_msgs/srv/detail/list_controllers__type_support.h
[1.113s] -- Up-to-date symlink: /home/khaledob/bookros2_ws/src/install/controller_manager_msgs/include/controller_manager_msgs/srv/detail/list_hardware_interfaces__functions.h
[1.113s] -- Up-to-date symlink: /home/khaledob/bookros2_ws/src/install/controller_manager_msgs/include/controller_manager_msgs/srv/detail/list_hardware_interfaces__struct.h
[1.114s] -- Up-to-date symlink: /home/khaledob/bookros2_ws/src/install/controller_manager_msgs/include/controller_manager_msgs/srv/detail/list_hardware_interfaces__type_support.h
[1.115s] -- Up-to-date symlink: /home/khaledob/bookros2_ws/src/install/controller_manager_msgs/include/controller_manager_msgs/srv/detail/load_configure_controller__functions.h
[1.116s] -- Up-to-date symlink: /home/khaledob/bookros2_ws/src/install/controller_manager_msgs/include/controller_manager_msgs/srv/detail/load_configure_controller__struct.h
[1.117s] -- Up-to-date symlink: /home/khaledob/bookros2_ws/src/install/controller_manager_msgs/include/controller_manager_msgs/srv/detail/load_configure_controller__type_support.h
[1.117s] -- Up-to-date symlink: /home/khaledob/bookros2_ws/src/install/controller_manager_msgs/include/controller_manager_msgs/srv/detail/load_controller__functions.h
[1.117s] -- Up-to-date symlink: /home/khaledob/bookros2_ws/src/install/controller_manager_msgs/include/controller_manager_msgs/srv/detail/load_controller__struct.h
[1.117s] -- Up-to-date symlink: /home/khaledob/bookros2_ws/src/install/controller_manager_msgs/include/controller_manager_msgs/srv/detail/load_controller__type_support.h
[1.117s] -- Up-to-date symlink: /home/khaledob/bookros2_ws/src/install/controller_manager_msgs/include/controller_manager_msgs/srv/detail/load_start_controller__functions.h
[1.117s] -- Up-to-date symlink: /home/khaledob/bookros2_ws/src/install/controller_manager_msgs/include/controller_manager_msgs/srv/detail/load_start_controller__struct.h
[1.117s] -- Up-to-date symlink: /home/khaledob/bookros2_ws/src/install/controller_manager_msgs/include/controller_manager_msgs/srv/detail/load_start_controller__type_support.h
[1.118s] -- Up-to-date symlink: /home/khaledob/bookros2_ws/src/install/controller_manager_msgs/include/controller_manager_msgs/srv/detail/reload_controller_libraries__functions.h
[1.118s] -- Up-to-date symlink: /home/khaledob/bookros2_ws/src/install/controller_manager_msgs/include/controller_manager_msgs/srv/detail/reload_controller_libraries__struct.h
[1.120s] -- Up-to-date symlink: /home/khaledob/bookros2_ws/src/install/controller_manager_msgs/include/controller_manager_msgs/srv/detail/reload_controller_libraries__type_support.h
[1.121s] -- Up-to-date symlink: /home/khaledob/bookros2_ws/src/install/controller_manager_msgs/include/controller_manager_msgs/srv/detail/switch_controller__functions.h
[1.121s] -- Up-to-date symlink: /home/khaledob/bookros2_ws/src/install/controller_manager_msgs/include/controller_manager_msgs/srv/detail/switch_controller__struct.h
[1.124s] -- Up-to-date symlink: /home/khaledob/bookros2_ws/src/install/controller_manager_msgs/include/controller_manager_msgs/srv/detail/switch_controller__type_support.h
[1.125s] -- Up-to-date symlink: /home/khaledob/bookros2_ws/src/install/controller_manager_msgs/include/controller_manager_msgs/srv/detail/unload_controller__functions.h
[1.125s] -- Up-to-date symlink: /home/khaledob/bookros2_ws/src/install/controller_manager_msgs/include/controller_manager_msgs/srv/detail/unload_controller__struct.h
[1.125s] -- Up-to-date symlink: /home/khaledob/bookros2_ws/src/install/controller_manager_msgs/include/controller_manager_msgs/srv/detail/unload_controller__type_support.h
[1.125s] -- Up-to-date symlink: /home/khaledob/bookros2_ws/src/install/controller_manager_msgs/include/controller_manager_msgs/srv/list_controller_types.h
[1.125s] -- Up-to-date symlink: /home/khaledob/bookros2_ws/src/install/controller_manager_msgs/include/controller_manager_msgs/srv/list_controllers.h
[1.125s] -- Up-to-date symlink: /home/khaledob/bookros2_ws/src/install/controller_manager_msgs/include/controller_manager_msgs/srv/list_hardware_interfaces.h
[1.125s] -- Up-to-date symlink: /home/khaledob/bookros2_ws/src/install/controller_manager_msgs/include/controller_manager_msgs/srv/load_configure_controller.h
[1.126s] -- Up-to-date symlink: /home/khaledob/bookros2_ws/src/install/controller_manager_msgs/include/controller_manager_msgs/srv/load_controller.h
[1.126s] -- Up-to-date symlink: /home/khaledob/bookros2_ws/src/install/controller_manager_msgs/include/controller_manager_msgs/srv/load_start_controller.h
[1.127s] -- Up-to-date symlink: /home/khaledob/bookros2_ws/src/install/controller_manager_msgs/include/controller_manager_msgs/srv/reload_controller_libraries.h
[1.127s] -- Up-to-date symlink: /home/khaledob/bookros2_ws/src/install/controller_manager_msgs/include/controller_manager_msgs/srv/switch_controller.h
[1.127s] -- Up-to-date symlink: /home/khaledob/bookros2_ws/src/install/controller_manager_msgs/include/controller_manager_msgs/srv/unload_controller.h
[1.127s] -- Up-to-date symlink: /home/khaledob/bookros2_ws/src/install/controller_manager_msgs/share/controller_manager_msgs/environment/library_path.sh
[1.129s] -- Up-to-date symlink: /home/khaledob/bookros2_ws/src/install/controller_manager_msgs/share/controller_manager_msgs/environment/library_path.dsv
[1.130s] -- Up-to-date symlink: /home/khaledob/bookros2_ws/src/install/controller_manager_msgs/include/controller_manager_msgs/msg/detail/controller_state__rosidl_typesupport_fastrtps_c.h
[1.130s] -- Up-to-date symlink: /home/khaledob/bookros2_ws/src/install/controller_manager_msgs/include/controller_manager_msgs/msg/detail/hardware_interface__rosidl_typesupport_fastrtps_c.h
[1.130s] -- Up-to-date symlink: /home/khaledob/bookros2_ws/src/install/controller_manager_msgs/include/controller_manager_msgs/msg/rosidl_typesupport_fastrtps_c__visibility_control.h
[1.130s] -- Up-to-date symlink: /home/khaledob/bookros2_ws/src/install/controller_manager_msgs/include/controller_manager_msgs/srv/detail/configure_controller__rosidl_typesupport_fastrtps_c.h
[1.130s] -- Up-to-date symlink: /home/khaledob/bookros2_ws/src/install/controller_manager_msgs/include/controller_manager_msgs/srv/detail/configure_start_controller__rosidl_typesupport_fastrtps_c.h
[1.131s] -- Up-to-date symlink: /home/khaledob/bookros2_ws/src/install/controller_manager_msgs/include/controller_manager_msgs/srv/detail/list_controller_types__rosidl_typesupport_fastrtps_c.h
[1.131s] -- Up-to-date symlink: /home/khaledob/bookros2_ws/src/install/controller_manager_msgs/include/controller_manager_msgs/srv/detail/list_controllers__rosidl_typesupport_fastrtps_c.h
[1.131s] -- Up-to-date symlink: /home/khaledob/bookros2_ws/src/install/controller_manager_msgs/include/controller_manager_msgs/srv/detail/list_hardware_interfaces__rosidl_typesupport_fastrtps_c.h
[1.132s] -- Up-to-date symlink: /home/khaledob/bookros2_ws/src/install/controller_manager_msgs/include/controller_manager_msgs/srv/detail/load_configure_controller__rosidl_typesupport_fastrtps_c.h
[1.132s] -- Up-to-date symlink: /home/khaledob/bookros2_ws/src/install/controller_manager_msgs/include/controller_manager_msgs/srv/detail/load_controller__rosidl_typesupport_fastrtps_c.h
[1.132s] -- Up-to-date symlink: /home/khaledob/bookros2_ws/src/install/controller_manager_msgs/include/controller_manager_msgs/srv/detail/load_start_controller__rosidl_typesupport_fastrtps_c.h
[1.132s] -- Up-to-date symlink: /home/khaledob/bookros2_ws/src/install/controller_manager_msgs/include/controller_manager_msgs/srv/detail/reload_controller_libraries__rosidl_typesupport_fastrtps_c.h
[1.137s] -- Up-to-date symlink: /home/khaledob/bookros2_ws/src/install/controller_manager_msgs/include/controller_manager_msgs/srv/detail/switch_controller__rosidl_typesupport_fastrtps_c.h
[1.139s] -- Up-to-date symlink: /home/khaledob/bookros2_ws/src/install/controller_manager_msgs/include/controller_manager_msgs/srv/detail/unload_controller__rosidl_typesupport_fastrtps_c.h
[1.143s] -- Up-to-date symlink: /home/khaledob/bookros2_ws/src/install/controller_manager_msgs/lib/libcontroller_manager_msgs__rosidl_typesupport_fastrtps_c.so
[1.143s] -- Up-to-date symlink: /home/khaledob/bookros2_ws/src/install/controller_manager_msgs/include/controller_manager_msgs/msg/detail/controller_state__rosidl_typesupport_fastrtps_cpp.hpp
[1.146s] -- Up-to-date symlink: /home/khaledob/bookros2_ws/src/install/controller_manager_msgs/include/controller_manager_msgs/msg/detail/hardware_interface__rosidl_typesupport_fastrtps_cpp.hpp
[1.147s] -- Up-to-date symlink: /home/khaledob/bookros2_ws/src/install/controller_manager_msgs/include/controller_manager_msgs/msg/rosidl_typesupport_fastrtps_cpp__visibility_control.h
[1.147s] -- Up-to-date symlink: /home/khaledob/bookros2_ws/src/install/controller_manager_msgs/include/controller_manager_msgs/srv/detail/configure_controller__rosidl_typesupport_fastrtps_cpp.hpp
[1.147s] -- Up-to-date symlink: /home/khaledob/bookros2_ws/src/install/controller_manager_msgs/include/controller_manager_msgs/srv/detail/configure_start_controller__rosidl_typesupport_fastrtps_cpp.hpp
[1.148s] -- Up-to-date symlink: /home/khaledob/bookros2_ws/src/install/controller_manager_msgs/include/controller_manager_msgs/srv/detail/list_controller_types__rosidl_typesupport_fastrtps_cpp.hpp
[1.148s] -- Up-to-date symlink: /home/khaledob/bookros2_ws/src/install/controller_manager_msgs/include/controller_manager_msgs/srv/detail/list_controllers__rosidl_typesupport_fastrtps_cpp.hpp
[1.150s] -- Up-to-date symlink: /home/khaledob/bookros2_ws/src/install/controller_manager_msgs/include/controller_manager_msgs/srv/detail/list_hardware_interfaces__rosidl_typesupport_fastrtps_cpp.hpp
[1.151s] -- Up-to-date symlink: /home/khaledob/bookros2_ws/src/install/controller_manager_msgs/include/controller_manager_msgs/srv/detail/load_configure_controller__rosidl_typesupport_fastrtps_cpp.hpp
[1.151s] -- Up-to-date symlink: /home/khaledob/bookros2_ws/src/install/controller_manager_msgs/include/controller_manager_msgs/srv/detail/load_controller__rosidl_typesupport_fastrtps_cpp.hpp
[1.151s] -- Up-to-date symlink: /home/khaledob/bookros2_ws/src/install/controller_manager_msgs/include/controller_manager_msgs/srv/detail/load_start_controller__rosidl_typesupport_fastrtps_cpp.hpp
[1.152s] -- Up-to-date symlink: /home/khaledob/bookros2_ws/src/install/controller_manager_msgs/include/controller_manager_msgs/srv/detail/reload_controller_libraries__rosidl_typesupport_fastrtps_cpp.hpp
[1.152s] -- Up-to-date symlink: /home/khaledob/bookros2_ws/src/install/controller_manager_msgs/include/controller_manager_msgs/srv/detail/switch_controller__rosidl_typesupport_fastrtps_cpp.hpp
[1.153s] -- Up-to-date symlink: /home/khaledob/bookros2_ws/src/install/controller_manager_msgs/include/controller_manager_msgs/srv/detail/unload_controller__rosidl_typesupport_fastrtps_cpp.hpp
[1.153s] -- Up-to-date symlink: /home/khaledob/bookros2_ws/src/install/controller_manager_msgs/lib/libcontroller_manager_msgs__rosidl_typesupport_fastrtps_cpp.so
[1.154s] -- Up-to-date symlink: /home/khaledob/bookros2_ws/src/install/controller_manager_msgs/include/controller_manager_msgs/msg/detail/controller_state__rosidl_typesupport_introspection_c.h
[1.154s] -- Up-to-date symlink: /home/khaledob/bookros2_ws/src/install/controller_manager_msgs/include/controller_manager_msgs/msg/detail/hardware_interface__rosidl_typesupport_introspection_c.h
[1.154s] -- Up-to-date symlink: /home/khaledob/bookros2_ws/src/install/controller_manager_msgs/include/controller_manager_msgs/msg/rosidl_typesupport_introspection_c__visibility_control.h
[1.154s] -- Up-to-date symlink: /home/khaledob/bookros2_ws/src/install/controller_manager_msgs/include/controller_manager_msgs/srv/detail/configure_controller__rosidl_typesupport_introspection_c.h
[1.154s] -- Up-to-date symlink: /home/khaledob/bookros2_ws/src/install/controller_manager_msgs/include/controller_manager_msgs/srv/detail/configure_start_controller__rosidl_typesupport_introspection_c.h
[1.155s] -- Up-to-date symlink: /home/khaledob/bookros2_ws/src/install/controller_manager_msgs/include/controller_manager_msgs/srv/detail/list_controller_types__rosidl_typesupport_introspection_c.h
[1.155s] -- Up-to-date symlink: /home/khaledob/bookros2_ws/src/install/controller_manager_msgs/include/controller_manager_msgs/srv/detail/list_controllers__rosidl_typesupport_introspection_c.h
[1.156s] -- Up-to-date symlink: /home/khaledob/bookros2_ws/src/install/controller_manager_msgs/include/controller_manager_msgs/srv/detail/list_hardware_interfaces__rosidl_typesupport_introspection_c.h
[1.156s] -- Up-to-date symlink: /home/khaledob/bookros2_ws/src/install/controller_manager_msgs/include/controller_manager_msgs/srv/detail/load_configure_controller__rosidl_typesupport_introspection_c.h
[1.156s] -- Up-to-date symlink: /home/khaledob/bookros2_ws/src/install/controller_manager_msgs/include/controller_manager_msgs/srv/detail/load_controller__rosidl_typesupport_introspection_c.h
[1.156s] -- Up-to-date symlink: /home/khaledob/bookros2_ws/src/install/controller_manager_msgs/include/controller_manager_msgs/srv/detail/load_start_controller__rosidl_typesupport_introspection_c.h
[1.158s] -- Up-to-date symlink: /home/khaledob/bookros2_ws/src/install/controller_manager_msgs/include/controller_manager_msgs/srv/detail/reload_controller_libraries__rosidl_typesupport_introspection_c.h
[1.158s] -- Up-to-date symlink: /home/khaledob/bookros2_ws/src/install/controller_manager_msgs/include/controller_manager_msgs/srv/detail/switch_controller__rosidl_typesupport_introspection_c.h
[1.162s] -- Up-to-date symlink: /home/khaledob/bookros2_ws/src/install/controller_manager_msgs/include/controller_manager_msgs/srv/detail/unload_controller__rosidl_typesupport_introspection_c.h
[1.163s] -- Up-to-date symlink: /home/khaledob/bookros2_ws/src/install/controller_manager_msgs/include/controller_manager_msgs/msg/controller_state.hpp
[1.163s] -- Up-to-date symlink: /home/khaledob/bookros2_ws/src/install/controller_manager_msgs/include/controller_manager_msgs/msg/detail/controller_state__builder.hpp
[1.163s] -- Up-to-date symlink: /home/khaledob/bookros2_ws/src/install/controller_manager_msgs/include/controller_manager_msgs/msg/detail/controller_state__struct.hpp
[1.164s] -- Up-to-date symlink: /home/khaledob/bookros2_ws/src/install/controller_manager_msgs/include/controller_manager_msgs/msg/detail/controller_state__traits.hpp
[1.164s] -- Up-to-date symlink: /home/khaledob/bookros2_ws/src/install/controller_manager_msgs/include/controller_manager_msgs/msg/detail/controller_state__type_support.hpp
[1.164s] -- Up-to-date symlink: /home/khaledob/bookros2_ws/src/install/controller_manager_msgs/include/controller_manager_msgs/msg/detail/hardware_interface__builder.hpp
[1.165s] -- Up-to-date symlink: /home/khaledob/bookros2_ws/src/install/controller_manager_msgs/include/controller_manager_msgs/msg/detail/hardware_interface__struct.hpp
[1.165s] -- Up-to-date symlink: /home/khaledob/bookros2_ws/src/install/controller_manager_msgs/include/controller_manager_msgs/msg/detail/hardware_interface__traits.hpp
[1.166s] -- Up-to-date symlink: /home/khaledob/bookros2_ws/src/install/controller_manager_msgs/include/controller_manager_msgs/msg/detail/hardware_interface__type_support.hpp
[1.166s] -- Up-to-date symlink: /home/khaledob/bookros2_ws/src/install/controller_manager_msgs/include/controller_manager_msgs/msg/hardware_interface.hpp
[1.167s] -- Up-to-date symlink: /home/khaledob/bookros2_ws/src/install/controller_manager_msgs/include/controller_manager_msgs/msg/rosidl_generator_cpp__visibility_control.hpp
[1.167s] -- Up-to-date symlink: /home/khaledob/bookros2_ws/src/install/controller_manager_msgs/include/controller_manager_msgs/srv/configure_controller.hpp
[1.169s] -- Up-to-date symlink: /home/khaledob/bookros2_ws/src/install/controller_manager_msgs/include/controller_manager_msgs/srv/configure_start_controller.hpp
[1.169s] -- Up-to-date symlink: /home/khaledob/bookros2_ws/src/install/controller_manager_msgs/include/controller_manager_msgs/srv/detail/configure_controller__builder.hpp
[1.169s] -- Up-to-date symlink: /home/khaledob/bookros2_ws/src/install/controller_manager_msgs/include/controller_manager_msgs/srv/detail/configure_controller__struct.hpp
[1.170s] -- Up-to-date symlink: /home/khaledob/bookros2_ws/src/install/controller_manager_msgs/include/controller_manager_msgs/srv/detail/configure_controller__traits.hpp
[1.170s] -- Up-to-date symlink: /home/khaledob/bookros2_ws/src/install/controller_manager_msgs/include/controller_manager_msgs/srv/detail/configure_controller__type_support.hpp
[1.170s] -- Up-to-date symlink: /home/khaledob/bookros2_ws/src/install/controller_manager_msgs/include/controller_manager_msgs/srv/detail/configure_start_controller__builder.hpp
[1.170s] -- Up-to-date symlink: /home/khaledob/bookros2_ws/src/install/controller_manager_msgs/include/controller_manager_msgs/srv/detail/configure_start_controller__struct.hpp
[1.171s] -- Up-to-date symlink: /home/khaledob/bookros2_ws/src/install/controller_manager_msgs/include/controller_manager_msgs/srv/detail/configure_start_controller__traits.hpp
[1.171s] -- Up-to-date symlink: /home/khaledob/bookros2_ws/src/install/controller_manager_msgs/include/controller_manager_msgs/srv/detail/configure_start_controller__type_support.hpp
[1.171s] -- Up-to-date symlink: /home/khaledob/bookros2_ws/src/install/controller_manager_msgs/include/controller_manager_msgs/srv/detail/list_controller_types__builder.hpp
[1.171s] -- Up-to-date symlink: /home/khaledob/bookros2_ws/src/install/controller_manager_msgs/include/controller_manager_msgs/srv/detail/list_controller_types__struct.hpp
[1.171s] -- Up-to-date symlink: /home/khaledob/bookros2_ws/src/install/controller_manager_msgs/include/controller_manager_msgs/srv/detail/list_controller_types__traits.hpp
[1.172s] -- Up-to-date symlink: /home/khaledob/bookros2_ws/src/install/controller_manager_msgs/include/controller_manager_msgs/srv/detail/list_controller_types__type_support.hpp
[1.172s] -- Up-to-date symlink: /home/khaledob/bookros2_ws/src/install/controller_manager_msgs/include/controller_manager_msgs/srv/detail/list_controllers__builder.hpp
[1.172s] -- Up-to-date symlink: /home/khaledob/bookros2_ws/src/install/controller_manager_msgs/include/controller_manager_msgs/srv/detail/list_controllers__struct.hpp
[1.173s] -- Up-to-date symlink: /home/khaledob/bookros2_ws/src/install/controller_manager_msgs/include/controller_manager_msgs/srv/detail/list_controllers__traits.hpp
[1.173s] -- Up-to-date symlink: /home/khaledob/bookros2_ws/src/install/controller_manager_msgs/include/controller_manager_msgs/srv/detail/list_controllers__type_support.hpp
[1.173s] -- Up-to-date symlink: /home/khaledob/bookros2_ws/src/install/controller_manager_msgs/include/controller_manager_msgs/srv/detail/list_hardware_interfaces__builder.hpp
[1.173s] -- Up-to-date symlink: /home/khaledob/bookros2_ws/src/install/controller_manager_msgs/include/controller_manager_msgs/srv/detail/list_hardware_interfaces__struct.hpp
[1.173s] -- Up-to-date symlink: /home/khaledob/bookros2_ws/src/install/controller_manager_msgs/include/controller_manager_msgs/srv/detail/list_hardware_interfaces__traits.hpp
[1.173s] -- Up-to-date symlink: /home/khaledob/bookros2_ws/src/install/controller_manager_msgs/include/controller_manager_msgs/srv/detail/list_hardware_interfaces__type_support.hpp
[1.173s] -- Up-to-date symlink: /home/khaledob/bookros2_ws/src/install/controller_manager_msgs/include/controller_manager_msgs/srv/detail/load_configure_controller__builder.hpp
[1.174s] -- Up-to-date symlink: /home/khaledob/bookros2_ws/src/install/controller_manager_msgs/include/controller_manager_msgs/srv/detail/load_configure_controller__struct.hpp
[1.174s] -- Up-to-date symlink: /home/khaledob/bookros2_ws/src/install/controller_manager_msgs/include/controller_manager_msgs/srv/detail/load_configure_controller__traits.hpp
[1.174s] -- Up-to-date symlink: /home/khaledob/bookros2_ws/src/install/controller_manager_msgs/include/controller_manager_msgs/srv/detail/load_configure_controller__type_support.hpp
[1.174s] -- Up-to-date symlink: /home/khaledob/bookros2_ws/src/install/controller_manager_msgs/include/controller_manager_msgs/srv/detail/load_controller__builder.hpp
[1.174s] -- Up-to-date symlink: /home/khaledob/bookros2_ws/src/install/controller_manager_msgs/include/controller_manager_msgs/srv/detail/load_controller__struct.hpp
[1.179s] -- Up-to-date symlink: /home/khaledob/bookros2_ws/src/install/controller_manager_msgs/include/controller_manager_msgs/srv/detail/load_controller__traits.hpp
[1.180s] -- Up-to-date symlink: /home/khaledob/bookros2_ws/src/install/controller_manager_msgs/include/controller_manager_msgs/srv/detail/load_controller__type_support.hpp
[1.180s] -- Up-to-date symlink: /home/khaledob/bookros2_ws/src/install/controller_manager_msgs/include/controller_manager_msgs/srv/detail/load_start_controller__builder.hpp
[1.181s] -- Up-to-date symlink: /home/khaledob/bookros2_ws/src/install/controller_manager_msgs/include/controller_manager_msgs/srv/detail/load_start_controller__struct.hpp
[1.181s] -- Up-to-date symlink: /home/khaledob/bookros2_ws/src/install/controller_manager_msgs/include/controller_manager_msgs/srv/detail/load_start_controller__traits.hpp
[1.181s] -- Up-to-date symlink: /home/khaledob/bookros2_ws/src/install/controller_manager_msgs/include/controller_manager_msgs/srv/detail/load_start_controller__type_support.hpp
[1.181s] -- Up-to-date symlink: /home/khaledob/bookros2_ws/src/install/controller_manager_msgs/include/controller_manager_msgs/srv/detail/reload_controller_libraries__builder.hpp
[1.182s] -- Up-to-date symlink: /home/khaledob/bookros2_ws/src/install/controller_manager_msgs/include/controller_manager_msgs/srv/detail/reload_controller_libraries__struct.hpp
[1.183s] -- Up-to-date symlink: /home/khaledob/bookros2_ws/src/install/controller_manager_msgs/include/controller_manager_msgs/srv/detail/reload_controller_libraries__traits.hpp
[1.183s] -- Up-to-date symlink: /home/khaledob/bookros2_ws/src/install/controller_manager_msgs/include/controller_manager_msgs/srv/detail/reload_controller_libraries__type_support.hpp
[1.183s] -- Up-to-date symlink: /home/khaledob/bookros2_ws/src/install/controller_manager_msgs/include/controller_manager_msgs/srv/detail/switch_controller__builder.hpp
[1.184s] -- Up-to-date symlink: /home/khaledob/bookros2_ws/src/install/controller_manager_msgs/include/controller_manager_msgs/srv/detail/switch_controller__struct.hpp
[1.185s] -- Up-to-date symlink: /home/khaledob/bookros2_ws/src/install/controller_manager_msgs/include/controller_manager_msgs/srv/detail/switch_controller__traits.hpp
[1.189s] -- Up-to-date symlink: /home/khaledob/bookros2_ws/src/install/controller_manager_msgs/include/controller_manager_msgs/srv/detail/switch_controller__type_support.hpp
[1.190s] -- Up-to-date symlink: /home/khaledob/bookros2_ws/src/install/controller_manager_msgs/include/controller_manager_msgs/srv/detail/unload_controller__builder.hpp
[1.190s] -- Up-to-date symlink: /home/khaledob/bookros2_ws/src/install/controller_manager_msgs/include/controller_manager_msgs/srv/detail/unload_controller__struct.hpp
[1.190s] -- Up-to-date symlink: /home/khaledob/bookros2_ws/src/install/controller_manager_msgs/include/controller_manager_msgs/srv/detail/unload_controller__traits.hpp
[1.192s] -- Up-to-date symlink: /home/khaledob/bookros2_ws/src/install/controller_manager_msgs/include/controller_manager_msgs/srv/detail/unload_controller__type_support.hpp
[1.194s] -- Up-to-date symlink: /home/khaledob/bookros2_ws/src/install/controller_manager_msgs/include/controller_manager_msgs/srv/list_controller_types.hpp
[1.194s] -- Up-to-date symlink: /home/khaledob/bookros2_ws/src/install/controller_manager_msgs/include/controller_manager_msgs/srv/list_controllers.hpp
[1.195s] -- Up-to-date symlink: /home/khaledob/bookros2_ws/src/install/controller_manager_msgs/include/controller_manager_msgs/srv/list_hardware_interfaces.hpp
[1.195s] -- Up-to-date symlink: /home/khaledob/bookros2_ws/src/install/controller_manager_msgs/include/controller_manager_msgs/srv/load_configure_controller.hpp
[1.195s] -- Up-to-date symlink: /home/khaledob/bookros2_ws/src/install/controller_manager_msgs/include/controller_manager_msgs/srv/load_controller.hpp
[1.195s] -- Up-to-date symlink: /home/khaledob/bookros2_ws/src/install/controller_manager_msgs/include/controller_manager_msgs/srv/load_start_controller.hpp
[1.196s] -- Up-to-date symlink: /home/khaledob/bookros2_ws/src/install/controller_manager_msgs/include/controller_manager_msgs/srv/reload_controller_libraries.hpp
[1.196s] -- Up-to-date symlink: /home/khaledob/bookros2_ws/src/install/controller_manager_msgs/include/controller_manager_msgs/srv/switch_controller.hpp
[1.196s] -- Up-to-date symlink: /home/khaledob/bookros2_ws/src/install/controller_manager_msgs/include/controller_manager_msgs/srv/unload_controller.hpp
[1.196s] -- Up-to-date symlink: /home/khaledob/bookros2_ws/src/install/controller_manager_msgs/include/controller_manager_msgs/msg/detail/controller_state__rosidl_typesupport_introspection_cpp.hpp
[1.196s] -- Up-to-date symlink: /home/khaledob/bookros2_ws/src/install/controller_manager_msgs/include/controller_manager_msgs/msg/detail/hardware_interface__rosidl_typesupport_introspection_cpp.hpp
[1.196s] -- Up-to-date symlink: /home/khaledob/bookros2_ws/src/install/controller_manager_msgs/include/controller_manager_msgs/srv/detail/configure_controller__rosidl_typesupport_introspection_cpp.hpp
[1.197s] -- Up-to-date symlink: /home/khaledob/bookros2_ws/src/install/controller_manager_msgs/include/controller_manager_msgs/srv/detail/configure_start_controller__rosidl_typesupport_introspection_cpp.hpp
[1.199s] -- Up-to-date symlink: /home/khaledob/bookros2_ws/src/install/controller_manager_msgs/include/controller_manager_msgs/srv/detail/list_controller_types__rosidl_typesupport_introspection_cpp.hpp
[1.200s] -- Up-to-date symlink: /home/khaledob/bookros2_ws/src/install/controller_manager_msgs/include/controller_manager_msgs/srv/detail/list_controllers__rosidl_typesupport_introspection_cpp.hpp
[1.200s] -- Up-to-date symlink: /home/khaledob/bookros2_ws/src/install/controller_manager_msgs/include/controller_manager_msgs/srv/detail/list_hardware_interfaces__rosidl_typesupport_introspection_cpp.hpp
[1.201s] -- Up-to-date symlink: /home/khaledob/bookros2_ws/src/install/controller_manager_msgs/include/controller_manager_msgs/srv/detail/load_configure_controller__rosidl_typesupport_introspection_cpp.hpp
[1.201s] -- Up-to-date symlink: /home/khaledob/bookros2_ws/src/install/controller_manager_msgs/include/controller_manager_msgs/srv/detail/load_controller__rosidl_typesupport_introspection_cpp.hpp
[1.202s] -- Up-to-date symlink: /home/khaledob/bookros2_ws/src/install/controller_manager_msgs/include/controller_manager_msgs/srv/detail/load_start_controller__rosidl_typesupport_introspection_cpp.hpp
[1.202s] -- Up-to-date symlink: /home/khaledob/bookros2_ws/src/install/controller_manager_msgs/include/controller_manager_msgs/srv/detail/reload_controller_libraries__rosidl_typesupport_introspection_cpp.hpp
[1.203s] -- Up-to-date symlink: /home/khaledob/bookros2_ws/src/install/controller_manager_msgs/include/controller_manager_msgs/srv/detail/switch_controller__rosidl_typesupport_introspection_cpp.hpp
[1.203s] -- Up-to-date symlink: /home/khaledob/bookros2_ws/src/install/controller_manager_msgs/include/controller_manager_msgs/srv/detail/unload_controller__rosidl_typesupport_introspection_cpp.hpp
[1.203s] -- Up-to-date symlink: /home/khaledob/bookros2_ws/src/install/controller_manager_msgs/share/controller_manager_msgs/environment/pythonpath.sh
[1.206s] -- Up-to-date symlink: /home/khaledob/bookros2_ws/src/install/controller_manager_msgs/share/controller_manager_msgs/environment/pythonpath.dsv
[1.206s] -- Up-to-date symlink: /home/khaledob/bookros2_ws/src/install/controller_manager_msgs/lib/python3.8/site-packages/controller_manager_msgs/__init__.py
[1.206s] -- Up-to-date symlink: /home/khaledob/bookros2_ws/src/install/controller_manager_msgs/lib/python3.8/site-packages/controller_manager_msgs/msg/__init__.py
[1.206s] -- Up-to-date symlink: /home/khaledob/bookros2_ws/src/install/controller_manager_msgs/lib/python3.8/site-packages/controller_manager_msgs/msg/_controller_state.py
[1.206s] -- Up-to-date symlink: /home/khaledob/bookros2_ws/src/install/controller_manager_msgs/lib/python3.8/site-packages/controller_manager_msgs/msg/_hardware_interface.py
[1.206s] -- Up-to-date symlink: /home/khaledob/bookros2_ws/src/install/controller_manager_msgs/lib/python3.8/site-packages/controller_manager_msgs/srv/__init__.py
[1.207s] -- Up-to-date symlink: /home/khaledob/bookros2_ws/src/install/controller_manager_msgs/lib/python3.8/site-packages/controller_manager_msgs/srv/_configure_controller.py
[1.207s] -- Up-to-date symlink: /home/khaledob/bookros2_ws/src/install/controller_manager_msgs/lib/python3.8/site-packages/controller_manager_msgs/srv/_configure_start_controller.py
[1.207s] -- Up-to-date symlink: /home/khaledob/bookros2_ws/src/install/controller_manager_msgs/lib/python3.8/site-packages/controller_manager_msgs/srv/_list_controller_types.py
[1.207s] -- Up-to-date symlink: /home/khaledob/bookros2_ws/src/install/controller_manager_msgs/lib/python3.8/site-packages/controller_manager_msgs/srv/_list_controllers.py
[1.207s] -- Up-to-date symlink: /home/khaledob/bookros2_ws/src/install/controller_manager_msgs/lib/python3.8/site-packages/controller_manager_msgs/srv/_list_hardware_interfaces.py
[1.207s] -- Up-to-date symlink: /home/khaledob/bookros2_ws/src/install/controller_manager_msgs/lib/python3.8/site-packages/controller_manager_msgs/srv/_load_configure_controller.py
[1.207s] -- Up-to-date symlink: /home/khaledob/bookros2_ws/src/install/controller_manager_msgs/lib/python3.8/site-packages/controller_manager_msgs/srv/_load_controller.py
[1.207s] -- Up-to-date symlink: /home/khaledob/bookros2_ws/src/install/controller_manager_msgs/lib/python3.8/site-packages/controller_manager_msgs/srv/_load_start_controller.py
[1.208s] -- Up-to-date symlink: /home/khaledob/bookros2_ws/src/install/controller_manager_msgs/lib/python3.8/site-packages/controller_manager_msgs/srv/_reload_controller_libraries.py
[1.208s] -- Up-to-date symlink: /home/khaledob/bookros2_ws/src/install/controller_manager_msgs/lib/python3.8/site-packages/controller_manager_msgs/srv/_switch_controller.py
[1.208s] -- Up-to-date symlink: /home/khaledob/bookros2_ws/src/install/controller_manager_msgs/lib/python3.8/site-packages/controller_manager_msgs/srv/_unload_controller.py
[1.209s] -- Up-to-date symlink: /home/khaledob/bookros2_ws/src/install/controller_manager_msgs/lib/python3.8/site-packages/controller_manager_msgs/controller_manager_msgs_s__rosidl_typesupport_fastrtps_c.cpython-38-x86_64-linux-gnu.so
[1.210s] -- Up-to-date symlink: /home/khaledob/bookros2_ws/src/install/controller_manager_msgs/lib/python3.8/site-packages/controller_manager_msgs/controller_manager_msgs_s__rosidl_typesupport_introspection_c.cpython-38-x86_64-linux-gnu.so
[1.210s] -- Up-to-date symlink: /home/khaledob/bookros2_ws/src/install/controller_manager_msgs/lib/python3.8/site-packages/controller_manager_msgs/controller_manager_msgs_s__rosidl_typesupport_c.cpython-38-x86_64-linux-gnu.so
[1.220s] -- Up-to-date symlink: /home/khaledob/bookros2_ws/src/install/controller_manager_msgs/lib/libcontroller_manager_msgs__python.so
[1.220s] -- Up-to-date symlink: /home/khaledob/bookros2_ws/src/install/controller_manager_msgs/share/controller_manager_msgs/msg/ControllerState.idl
[1.221s] -- Up-to-date symlink: /home/khaledob/bookros2_ws/src/install/controller_manager_msgs/share/controller_manager_msgs/msg/HardwareInterface.idl
[1.222s] -- Up-to-date symlink: /home/khaledob/bookros2_ws/src/install/controller_manager_msgs/share/controller_manager_msgs/srv/ConfigureController.idl
[1.223s] -- Up-to-date symlink: /home/khaledob/bookros2_ws/src/install/controller_manager_msgs/share/controller_manager_msgs/srv/ConfigureStartController.idl
[1.232s] -- Up-to-date symlink: /home/khaledob/bookros2_ws/src/install/controller_manager_msgs/share/controller_manager_msgs/srv/ListControllers.idl
[1.237s] -- Up-to-date symlink: /home/khaledob/bookros2_ws/src/install/controller_manager_msgs/share/controller_manager_msgs/srv/ListControllerTypes.idl
[1.240s] -- Up-to-date symlink: /home/khaledob/bookros2_ws/src/install/controller_manager_msgs/share/controller_manager_msgs/srv/ListHardwareInterfaces.idl
[1.241s] -- Up-to-date symlink: /home/khaledob/bookros2_ws/src/install/controller_manager_msgs/share/controller_manager_msgs/srv/LoadConfigureController.idl
[1.241s] -- Up-to-date symlink: /home/khaledob/bookros2_ws/src/install/controller_manager_msgs/share/controller_manager_msgs/srv/LoadController.idl
[1.241s] -- Up-to-date symlink: /home/khaledob/bookros2_ws/src/install/controller_manager_msgs/share/controller_manager_msgs/srv/LoadStartController.idl
[1.241s] -- Up-to-date symlink: /home/khaledob/bookros2_ws/src/install/controller_manager_msgs/share/controller_manager_msgs/srv/ReloadControllerLibraries.idl
[1.242s] -- Up-to-date symlink: /home/khaledob/bookros2_ws/src/install/controller_manager_msgs/share/controller_manager_msgs/srv/SwitchController.idl
[1.243s] -- Up-to-date symlink: /home/khaledob/bookros2_ws/src/install/controller_manager_msgs/share/controller_manager_msgs/srv/UnloadController.idl
[1.249s] -- Up-to-date symlink: /home/khaledob/bookros2_ws/src/install/controller_manager_msgs/share/controller_manager_msgs/msg/ControllerState.msg
[1.249s] -- Up-to-date symlink: /home/khaledob/bookros2_ws/src/install/controller_manager_msgs/share/controller_manager_msgs/msg/HardwareInterface.msg
[1.250s] -- Up-to-date symlink: /home/khaledob/bookros2_ws/src/install/controller_manager_msgs/share/controller_manager_msgs/srv/ConfigureController.srv
[1.250s] -- Up-to-date symlink: /home/khaledob/bookros2_ws/src/install/controller_manager_msgs/share/controller_manager_msgs/srv/ConfigureController_Request.msg
[1.251s] -- Up-to-date symlink: /home/khaledob/bookros2_ws/src/install/controller_manager_msgs/share/controller_manager_msgs/srv/ConfigureController_Response.msg
[1.251s] -- Up-to-date symlink: /home/khaledob/bookros2_ws/src/install/controller_manager_msgs/share/controller_manager_msgs/srv/ConfigureStartController.srv
[1.251s] -- Up-to-date symlink: /home/khaledob/bookros2_ws/src/install/controller_manager_msgs/share/controller_manager_msgs/srv/ConfigureStartController_Request.msg
[1.251s] -- Up-to-date symlink: /home/khaledob/bookros2_ws/src/install/controller_manager_msgs/share/controller_manager_msgs/srv/ConfigureStartController_Response.msg
[1.252s] -- Up-to-date symlink: /home/khaledob/bookros2_ws/src/install/controller_manager_msgs/share/controller_manager_msgs/srv/ListControllers.srv
[1.253s] -- Up-to-date symlink: /home/khaledob/bookros2_ws/src/install/controller_manager_msgs/share/controller_manager_msgs/srv/ListControllers_Request.msg
[1.254s] -- Up-to-date symlink: /home/khaledob/bookros2_ws/src/install/controller_manager_msgs/share/controller_manager_msgs/srv/ListControllers_Response.msg
[1.254s] -- Up-to-date symlink: /home/khaledob/bookros2_ws/src/install/controller_manager_msgs/share/controller_manager_msgs/srv/ListControllerTypes.srv
[1.254s] -- Up-to-date symlink: /home/khaledob/bookros2_ws/src/install/controller_manager_msgs/share/controller_manager_msgs/srv/ListControllerTypes_Request.msg
[1.254s] -- Up-to-date symlink: /home/khaledob/bookros2_ws/src/install/controller_manager_msgs/share/controller_manager_msgs/srv/ListControllerTypes_Response.msg
[1.255s] -- Up-to-date symlink: /home/khaledob/bookros2_ws/src/install/controller_manager_msgs/share/controller_manager_msgs/srv/ListHardwareInterfaces.srv
[1.256s] -- Up-to-date symlink: /home/khaledob/bookros2_ws/src/install/controller_manager_msgs/share/controller_manager_msgs/srv/ListHardwareInterfaces_Request.msg
[1.256s] -- Up-to-date symlink: /home/khaledob/bookros2_ws/src/install/controller_manager_msgs/share/controller_manager_msgs/srv/ListHardwareInterfaces_Response.msg
[1.257s] -- Up-to-date symlink: /home/khaledob/bookros2_ws/src/install/controller_manager_msgs/share/controller_manager_msgs/srv/LoadConfigureController.srv
[1.257s] -- Up-to-date symlink: /home/khaledob/bookros2_ws/src/install/controller_manager_msgs/share/controller_manager_msgs/srv/LoadConfigureController_Request.msg
[1.257s] -- Up-to-date symlink: /home/khaledob/bookros2_ws/src/install/controller_manager_msgs/share/controller_manager_msgs/srv/LoadConfigureController_Response.msg
[1.257s] -- Up-to-date symlink: /home/khaledob/bookros2_ws/src/install/controller_manager_msgs/share/controller_manager_msgs/srv/LoadController.srv
[1.258s] -- Up-to-date symlink: /home/khaledob/bookros2_ws/src/install/controller_manager_msgs/share/controller_manager_msgs/srv/LoadController_Request.msg
[1.258s] -- Up-to-date symlink: /home/khaledob/bookros2_ws/src/install/controller_manager_msgs/share/controller_manager_msgs/srv/LoadController_Response.msg
[1.258s] -- Up-to-date symlink: /home/khaledob/bookros2_ws/src/install/controller_manager_msgs/share/controller_manager_msgs/srv/LoadStartController.srv
[1.258s] -- Up-to-date symlink: /home/khaledob/bookros2_ws/src/install/controller_manager_msgs/share/controller_manager_msgs/srv/LoadStartController_Request.msg
[1.258s] -- Up-to-date symlink: /home/khaledob/bookros2_ws/src/install/controller_manager_msgs/share/controller_manager_msgs/srv/LoadStartController_Response.msg
[1.259s] -- Up-to-date symlink: /home/khaledob/bookros2_ws/src/install/controller_manager_msgs/share/controller_manager_msgs/srv/ReloadControllerLibraries.srv
[1.259s] -- Up-to-date symlink: /home/khaledob/bookros2_ws/src/install/controller_manager_msgs/share/controller_manager_msgs/srv/ReloadControllerLibraries_Request.msg
[1.269s] -- Up-to-date symlink: /home/khaledob/bookros2_ws/src/install/controller_manager_msgs/share/controller_manager_msgs/srv/ReloadControllerLibraries_Response.msg
[1.270s] -- Up-to-date symlink: /home/khaledob/bookros2_ws/src/install/controller_manager_msgs/share/controller_manager_msgs/srv/SwitchController.srv
[1.270s] -- Up-to-date symlink: /home/khaledob/bookros2_ws/src/install/controller_manager_msgs/share/controller_manager_msgs/srv/SwitchController_Request.msg
[1.270s] -- Up-to-date symlink: /home/khaledob/bookros2_ws/src/install/controller_manager_msgs/share/controller_manager_msgs/srv/SwitchController_Response.msg
[1.274s] -- Up-to-date symlink: /home/khaledob/bookros2_ws/src/install/controller_manager_msgs/share/controller_manager_msgs/srv/UnloadController.srv
[1.282s] -- Up-to-date symlink: /home/khaledob/bookros2_ws/src/install/controller_manager_msgs/share/controller_manager_msgs/srv/UnloadController_Request.msg
[1.283s] -- Up-to-date symlink: /home/khaledob/bookros2_ws/src/install/controller_manager_msgs/share/controller_manager_msgs/srv/UnloadController_Response.msg
[1.283s] -- Up-to-date symlink: /home/khaledob/bookros2_ws/src/install/controller_manager_msgs/share/ament_index/resource_index/package_run_dependencies/controller_manager_msgs
[1.283s] -- Up-to-date symlink: /home/khaledob/bookros2_ws/src/install/controller_manager_msgs/share/ament_index/resource_index/parent_prefix_path/controller_manager_msgs
[1.284s] -- Up-to-date symlink: /home/khaledob/bookros2_ws/src/install/controller_manager_msgs/share/controller_manager_msgs/environment/ament_prefix_path.sh
[1.285s] -- Up-to-date symlink: /home/khaledob/bookros2_ws/src/install/controller_manager_msgs/share/controller_manager_msgs/environment/ament_prefix_path.dsv
[1.286s] -- Up-to-date symlink: /home/khaledob/bookros2_ws/src/install/controller_manager_msgs/share/controller_manager_msgs/environment/path.sh
[1.286s] -- Up-to-date symlink: /home/khaledob/bookros2_ws/src/install/controller_manager_msgs/share/controller_manager_msgs/environment/path.dsv
[1.286s] -- Up-to-date symlink: /home/khaledob/bookros2_ws/src/install/controller_manager_msgs/share/controller_manager_msgs/local_setup.bash
[1.287s] -- Up-to-date symlink: /home/khaledob/bookros2_ws/src/install/controller_manager_msgs/share/controller_manager_msgs/local_setup.sh
[1.287s] -- Up-to-date symlink: /home/khaledob/bookros2_ws/src/install/controller_manager_msgs/share/controller_manager_msgs/local_setup.zsh
[1.288s] -- Up-to-date symlink: /home/khaledob/bookros2_ws/src/install/controller_manager_msgs/share/controller_manager_msgs/local_setup.dsv
[1.289s] -- Symlinking: /home/khaledob/bookros2_ws/src/install/controller_manager_msgs/share/controller_manager_msgs/package.dsv
[1.289s] -- Up-to-date symlink: /home/khaledob/bookros2_ws/src/install/controller_manager_msgs/share/ament_index/resource_index/packages/controller_manager_msgs
[1.290s] -- Up-to-date symlink: /home/khaledob/bookros2_ws/src/install/controller_manager_msgs/share/controller_manager_msgs/cmake/rosidl_cmake-extras.cmake
[1.290s] -- Up-to-date symlink: /home/khaledob/bookros2_ws/src/install/controller_manager_msgs/share/controller_manager_msgs/cmake/ament_cmake_export_dependencies-extras.cmake
[1.290s] -- Up-to-date symlink: /home/khaledob/bookros2_ws/src/install/controller_manager_msgs/share/controller_manager_msgs/cmake/ament_cmake_export_libraries-extras.cmake
[1.291s] -- Up-to-date symlink: /home/khaledob/bookros2_ws/src/install/controller_manager_msgs/share/controller_manager_msgs/cmake/ament_cmake_export_targets-extras.cmake
[1.291s] -- Up-to-date symlink: /home/khaledob/bookros2_ws/src/install/controller_manager_msgs/share/controller_manager_msgs/cmake/ament_cmake_export_include_directories-extras.cmake
[1.292s] -- Up-to-date symlink: /home/khaledob/bookros2_ws/src/install/controller_manager_msgs/share/controller_manager_msgs/cmake/rosidl_cmake_export_typesupport_libraries-extras.cmake
[1.292s] -- Up-to-date symlink: /home/khaledob/bookros2_ws/src/install/controller_manager_msgs/share/controller_manager_msgs/cmake/rosidl_cmake_export_typesupport_targets-extras.cmake
[1.298s] -- Up-to-date symlink: /home/khaledob/bookros2_ws/src/install/controller_manager_msgs/share/controller_manager_msgs/cmake/controller_manager_msgsConfig.cmake
[1.299s] -- Up-to-date symlink: /home/khaledob/bookros2_ws/src/install/controller_manager_msgs/share/controller_manager_msgs/cmake/controller_manager_msgsConfig-version.cmake
[1.301s] -- Up-to-date symlink: /home/khaledob/bookros2_ws/src/install/controller_manager_msgs/share/controller_manager_msgs/package.xml
[1.302s] -- Up-to-date: /home/khaledob/bookros2_ws/src/install/controller_manager_msgs/lib/libcontroller_manager_msgs__rosidl_generator_c.so
[1.303s] -- Up-to-date: /home/khaledob/bookros2_ws/src/install/controller_manager_msgs/lib/libcontroller_manager_msgs__rosidl_typesupport_introspection_c.so
[1.303s] -- Up-to-date: /home/khaledob/bookros2_ws/src/install/controller_manager_msgs/lib/libcontroller_manager_msgs__rosidl_typesupport_c.so
[1.304s] -- Up-to-date: /home/khaledob/bookros2_ws/src/install/controller_manager_msgs/lib/libcontroller_manager_msgs__rosidl_typesupport_introspection_cpp.so
[1.304s] -- Up-to-date: /home/khaledob/bookros2_ws/src/install/controller_manager_msgs/lib/libcontroller_manager_msgs__rosidl_typesupport_cpp.so
[1.317s] -- Up-to-date: /home/khaledob/bookros2_ws/src/install/controller_manager_msgs/share/controller_manager_msgs/cmake/controller_manager_msgs__rosidl_generator_cExport.cmake
[1.317s] -- Up-to-date: /home/khaledob/bookros2_ws/src/install/controller_manager_msgs/share/controller_manager_msgs/cmake/controller_manager_msgs__rosidl_generator_cExport-noconfig.cmake
[1.318s] -- Up-to-date: /home/khaledob/bookros2_ws/src/install/controller_manager_msgs/share/controller_manager_msgs/cmake/controller_manager_msgs__rosidl_typesupport_introspection_cExport.cmake
[1.318s] -- Up-to-date: /home/khaledob/bookros2_ws/src/install/controller_manager_msgs/share/controller_manager_msgs/cmake/controller_manager_msgs__rosidl_typesupport_introspection_cExport-noconfig.cmake
[1.319s] -- Up-to-date: /home/khaledob/bookros2_ws/src/install/controller_manager_msgs/share/controller_manager_msgs/cmake/controller_manager_msgs__rosidl_typesupport_cExport.cmake
[1.319s] -- Up-to-date: /home/khaledob/bookros2_ws/src/install/controller_manager_msgs/share/controller_manager_msgs/cmake/controller_manager_msgs__rosidl_typesupport_cExport-noconfig.cmake
[1.320s] -- Up-to-date: /home/khaledob/bookros2_ws/src/install/controller_manager_msgs/share/controller_manager_msgs/cmake/controller_manager_msgs__rosidl_generator_cppExport.cmake
[1.321s] -- Up-to-date: /home/khaledob/bookros2_ws/src/install/controller_manager_msgs/share/controller_manager_msgs/cmake/controller_manager_msgs__rosidl_typesupport_introspection_cppExport.cmake
[1.321s] -- Up-to-date: /home/khaledob/bookros2_ws/src/install/controller_manager_msgs/share/controller_manager_msgs/cmake/controller_manager_msgs__rosidl_typesupport_introspection_cppExport-noconfig.cmake
[1.323s] -- Up-to-date: /home/khaledob/bookros2_ws/src/install/controller_manager_msgs/share/controller_manager_msgs/cmake/controller_manager_msgs__rosidl_typesupport_cppExport.cmake
[1.323s] -- Up-to-date: /home/khaledob/bookros2_ws/src/install/controller_manager_msgs/share/controller_manager_msgs/cmake/controller_manager_msgs__rosidl_typesupport_cppExport-noconfig.cmake
[1.694s] Invoked command in '/home/khaledob/bookros2_ws/src/build/controller_manager_msgs' returned '0': CMAKE_PREFIX_PATH=/opt/ros/foxy /usr/bin/cmake --install /home/khaledob/bookros2_ws/src/build/controller_manager_msgs
