[0.257s] Invoking command in '/home/khaledob/bookros2_ws/src/build/groot': CMAKE_PREFIX_PATH=${CMAKE_PREFIX_PATH}:/home/khaledob/bookros2_ws/src/install/ros2controlcli:/home/khaledob/bookros2_ws/src/install/launch_pal:/home/khaledob/bookros2_ws/src/install/br2_fsm_bumpgo_py:/opt/ros/foxy /usr/bin/cmake --build /home/khaledob/bookros2_ws/src/build/groot -- -j7 -l7
[0.511s] [  1%] [34m[1mAutomatic MOC and UIC for target QtNodeEditor[0m
[0.660s] [  1%] Built target QtNodeEditor_autogen
[0.909s] [ 57%] Built target QtNodeEditor
[1.077s] [ 58%] [34m[1mAutomatic MOC and UIC for target behavior_tree_editor[0m
[1.203s] [ 58%] Built target behavior_tree_editor_autogen
[1.378s] [ 74%] Built target behavior_tree_editor
[1.544s] [ 74%] [34m[1mAutomatic MOC and UIC for target editor_test[0m
[1.559s] [ 75%] [34m[1mAutomatic MOC and UIC for target replay_test[0m
[1.563s] [ 76%] [34m[1mAutomatic MOC and UIC for target Groot[0m
[1.672s] [ 76%] Built target editor_test_autogen
[1.673s] [ 76%] Built target Groot_autogen
[1.674s] [ 76%] Built target replay_test_autogen
[1.824s] [ 82%] Built target Groot
[1.839s] [ 91%] Built target editor_test
[1.839s] [100%] Built target replay_test
[1.930s] Invoked command in '/home/khaledob/bookros2_ws/src/build/groot' returned '0': CMAKE_PREFIX_PATH=${CMAKE_PREFIX_PATH}:/home/khaledob/bookros2_ws/src/install/ros2controlcli:/home/khaledob/bookros2_ws/src/install/launch_pal:/home/khaledob/bookros2_ws/src/install/br2_fsm_bumpgo_py:/opt/ros/foxy /usr/bin/cmake --build /home/khaledob/bookros2_ws/src/build/groot -- -j7 -l7
[1.936s] Invoking command in '/home/khaledob/bookros2_ws/src/build/groot': CMAKE_PREFIX_PATH=${CMAKE_PREFIX_PATH}:/home/khaledob/bookros2_ws/src/install/ros2controlcli:/home/khaledob/bookros2_ws/src/install/launch_pal:/home/khaledob/bookros2_ws/src/install/br2_fsm_bumpgo_py:/opt/ros/foxy /usr/bin/cmake --install /home/khaledob/bookros2_ws/src/build/groot
[2.004s] -- Install configuration: ""
[2.005s] -- Execute custom install script
[2.015s] -- Up-to-date symlink: /home/khaledob/bookros2_ws/src/install/groot/lib/libbehavior_tree_editor.so
[2.016s] -- Up-to-date symlink: /home/khaledob/bookros2_ws/src/install/groot/lib/groot/Groot
[2.017s] -- Up-to-date symlink: /home/khaledob/bookros2_ws/src/install/groot/share/groot/environment/library_path.sh
[2.017s] -- Up-to-date symlink: /home/khaledob/bookros2_ws/src/install/groot/share/groot/environment/library_path.dsv
[2.019s] -- Up-to-date symlink: /home/khaledob/bookros2_ws/src/install/groot/share/ament_index/resource_index/package_run_dependencies/groot
[2.020s] -- Up-to-date symlink: /home/khaledob/bookros2_ws/src/install/groot/share/ament_index/resource_index/parent_prefix_path/groot
[2.038s] -- Up-to-date symlink: /home/khaledob/bookros2_ws/src/install/groot/share/groot/environment/ament_prefix_path.sh
[2.039s] -- Up-to-date symlink: /home/khaledob/bookros2_ws/src/install/groot/share/groot/environment/ament_prefix_path.dsv
[2.039s] -- Up-to-date symlink: /home/khaledob/bookros2_ws/src/install/groot/share/groot/environment/path.sh
[2.039s] -- Up-to-date symlink: /home/khaledob/bookros2_ws/src/install/groot/share/groot/environment/path.dsv
[2.039s] -- Up-to-date symlink: /home/khaledob/bookros2_ws/src/install/groot/share/groot/local_setup.bash
[2.039s] -- Up-to-date symlink: /home/khaledob/bookros2_ws/src/install/groot/share/groot/local_setup.sh
[2.040s] -- Up-to-date symlink: /home/khaledob/bookros2_ws/src/install/groot/share/groot/local_setup.zsh
[2.044s] -- Up-to-date symlink: /home/khaledob/bookros2_ws/src/install/groot/share/groot/local_setup.dsv
[2.051s] -- Symlinking: /home/khaledob/bookros2_ws/src/install/groot/share/groot/package.dsv
[2.080s] -- Up-to-date symlink: /home/khaledob/bookros2_ws/src/install/groot/share/ament_index/resource_index/packages/groot
[2.081s] -- Up-to-date symlink: /home/khaledob/bookros2_ws/src/install/groot/share/groot/cmake/ament_cmake_export_include_directories-extras.cmake
[2.081s] -- Up-to-date symlink: /home/khaledob/bookros2_ws/src/install/groot/share/groot/cmake/ament_cmake_export_dependencies-extras.cmake
[2.081s] -- Up-to-date symlink: /home/khaledob/bookros2_ws/src/install/groot/share/groot/cmake/ament_cmake_export_libraries-extras.cmake
[2.083s] -- Up-to-date symlink: /home/khaledob/bookros2_ws/src/install/groot/share/groot/cmake/grootConfig.cmake
[2.084s] -- Up-to-date symlink: /home/khaledob/bookros2_ws/src/install/groot/share/groot/cmake/grootConfig-version.cmake
[2.085s] -- Up-to-date symlink: /home/khaledob/bookros2_ws/src/install/groot/share/groot/package.xml
[2.132s] Invoked command in '/home/khaledob/bookros2_ws/src/build/groot' returned '0': CMAKE_PREFIX_PATH=${CMAKE_PREFIX_PATH}:/home/khaledob/bookros2_ws/src/install/ros2controlcli:/home/khaledob/bookros2_ws/src/install/launch_pal:/home/khaledob/bookros2_ws/src/install/br2_fsm_bumpgo_py:/opt/ros/foxy /usr/bin/cmake --install /home/khaledob/bookros2_ws/src/build/groot
