[0.347s] Invoking command in '/home/khaledob/bookros2_ws/build/br2_tiago': CMAKE_PREFIX_PATH=/opt/ros/foxy /usr/bin/cmake --build /home/khaledob/bookros2_ws/build/br2_tiago -- -j7 -l7
[0.589s] Invoked command in '/home/khaledob/bookros2_ws/build/br2_tiago' returned '0': CMAKE_PREFIX_PATH=/opt/ros/foxy /usr/bin/cmake --build /home/khaledob/bookros2_ws/build/br2_tiago -- -j7 -l7
[0.675s] Invoking command in '/home/khaledob/bookros2_ws/build/br2_tiago': CMAKE_PREFIX_PATH=/opt/ros/foxy /usr/bin/cmake --install /home/khaledob/bookros2_ws/build/br2_tiago
[0.943s] -- Install configuration: ""
[0.943s] -- Execute custom install script
[0.944s] -- Up-to-date symlink: /home/khaledob/bookros2_ws/install/br2_tiago/share/br2_tiago/launch/sim.launch.py
[0.944s] -- Up-to-date symlink: /home/khaledob/bookros2_ws/install/br2_tiago/share/ament_index/resource_index/package_run_dependencies/br2_tiago
[0.944s] -- Up-to-date symlink: /home/khaledob/bookros2_ws/install/br2_tiago/share/ament_index/resource_index/parent_prefix_path/br2_tiago
[0.944s] -- Up-to-date symlink: /home/khaledob/bookros2_ws/install/br2_tiago/share/br2_tiago/environment/ament_prefix_path.sh
[0.944s] -- Up-to-date symlink: /home/khaledob/bookros2_ws/install/br2_tiago/share/br2_tiago/environment/ament_prefix_path.dsv
[0.944s] -- Up-to-date symlink: /home/khaledob/bookros2_ws/install/br2_tiago/share/br2_tiago/environment/path.sh
[0.944s] -- Up-to-date symlink: /home/khaledob/bookros2_ws/install/br2_tiago/share/br2_tiago/environment/path.dsv
[0.945s] -- Up-to-date symlink: /home/khaledob/bookros2_ws/install/br2_tiago/share/br2_tiago/local_setup.bash
[0.945s] -- Up-to-date symlink: /home/khaledob/bookros2_ws/install/br2_tiago/share/br2_tiago/local_setup.sh
[0.945s] -- Up-to-date symlink: /home/khaledob/bookros2_ws/install/br2_tiago/share/br2_tiago/local_setup.zsh
[0.945s] -- Up-to-date symlink: /home/khaledob/bookros2_ws/install/br2_tiago/share/br2_tiago/local_setup.dsv
[0.945s] -- Symlinking: /home/khaledob/bookros2_ws/install/br2_tiago/share/br2_tiago/package.dsv
[0.945s] -- Up-to-date symlink: /home/khaledob/bookros2_ws/install/br2_tiago/share/ament_index/resource_index/packages/br2_tiago
[0.945s] -- Up-to-date symlink: /home/khaledob/bookros2_ws/install/br2_tiago/share/br2_tiago/cmake/br2_tiagoConfig.cmake
[0.946s] -- Up-to-date symlink: /home/khaledob/bookros2_ws/install/br2_tiago/share/br2_tiago/cmake/br2_tiagoConfig-version.cmake
[0.946s] -- Up-to-date symlink: /home/khaledob/bookros2_ws/install/br2_tiago/share/br2_tiago/package.xml
[1.022s] Invoked command in '/home/khaledob/bookros2_ws/build/br2_tiago' returned '0': CMAKE_PREFIX_PATH=/opt/ros/foxy /usr/bin/cmake --install /home/khaledob/bookros2_ws/build/br2_tiago
