[0.444s] Invoking command in '/home/khaledob/bookros2_ws/build/task1': CMAKE_PREFIX_PATH=/opt/ros/foxy /usr/bin/cmake --build /home/khaledob/bookros2_ws/build/task1 -- -j7 -l7
[0.610s] [100%] Built target node
[0.800s] Invoked command in '/home/khaledob/bookros2_ws/build/task1' returned '0': CMAKE_PREFIX_PATH=/opt/ros/foxy /usr/bin/cmake --build /home/khaledob/bookros2_ws/build/task1 -- -j7 -l7
[0.803s] Invoking command in '/home/khaledob/bookros2_ws/build/task1': CMAKE_PREFIX_PATH=/opt/ros/foxy /usr/bin/cmake --install /home/khaledob/bookros2_ws/build/task1
[0.889s] -- Install configuration: ""
[0.889s] -- Execute custom install script
[0.890s] -- Up-to-date symlink: /home/khaledob/bookros2_ws/install/task1/lib/task1/node
[0.890s] -- Up-to-date symlink: /home/khaledob/bookros2_ws/install/task1/share/task1/launch/my_launch_file
[0.891s] -- Up-to-date symlink: /home/khaledob/bookros2_ws/install/task1/share/ament_index/resource_index/package_run_dependencies/task1
[0.892s] -- Up-to-date symlink: /home/khaledob/bookros2_ws/install/task1/share/ament_index/resource_index/parent_prefix_path/task1
[0.892s] -- Up-to-date symlink: /home/khaledob/bookros2_ws/install/task1/share/task1/environment/ament_prefix_path.sh
[0.892s] -- Up-to-date symlink: /home/khaledob/bookros2_ws/install/task1/share/task1/environment/ament_prefix_path.dsv
[0.892s] -- Up-to-date symlink: /home/khaledob/bookros2_ws/install/task1/share/task1/environment/path.sh
[0.893s] -- Up-to-date symlink: /home/khaledob/bookros2_ws/install/task1/share/task1/environment/path.dsv
[0.893s] -- Up-to-date symlink: /home/khaledob/bookros2_ws/install/task1/share/task1/local_setup.bash
[0.893s] -- Up-to-date symlink: /home/khaledob/bookros2_ws/install/task1/share/task1/local_setup.sh
[0.893s] -- Up-to-date symlink: /home/khaledob/bookros2_ws/install/task1/share/task1/local_setup.zsh
[0.893s] -- Up-to-date symlink: /home/khaledob/bookros2_ws/install/task1/share/task1/local_setup.dsv
[0.893s] -- Symlinking: /home/khaledob/bookros2_ws/install/task1/share/task1/package.dsv
[1.000s] -- Up-to-date symlink: /home/khaledob/bookros2_ws/install/task1/share/ament_index/resource_index/packages/task1
[1.000s] -- Up-to-date symlink: /home/khaledob/bookros2_ws/install/task1/share/task1/cmake/task1Config.cmake
[1.000s] -- Up-to-date symlink: /home/khaledob/bookros2_ws/install/task1/share/task1/cmake/task1Config-version.cmake
[1.001s] -- Up-to-date symlink: /home/khaledob/bookros2_ws/install/task1/share/task1/package.xml
[1.087s] Invoked command in '/home/khaledob/bookros2_ws/build/task1' returned '0': CMAKE_PREFIX_PATH=/opt/ros/foxy /usr/bin/cmake --install /home/khaledob/bookros2_ws/build/task1
