[0.161s] Invoking command in '/home/khaledob/bookros2_ws/build/gazebo_ros2_control': AMENT_PREFIX_PATH=/home/khaledob/bookros2_ws/install/controller_manager:/home/khaledob/bookros2_ws/install/controller_interface:/home/khaledob/bookros2_ws/install/hardware_interface:/home/khaledob/bookros2_ws/install/ros2_control_test_assets:/home/khaledob/bookros2_ws/install/controller_manager_msgs:${AMENT_PREFIX_PATH} CMAKE_PREFIX_PATH=/home/khaledob/bookros2_ws/install/controller_manager:/home/khaledob/bookros2_ws/install/controller_interface:/home/khaledob/bookros2_ws/install/hardware_interface:/home/khaledob/bookros2_ws/install/ros2_control_test_assets:/home/khaledob/bookros2_ws/install/controller_manager_msgs:/opt/ros/foxy LD_LIBRARY_PATH=/home/khaledob/bookros2_ws/install/controller_manager/lib:/home/khaledob/bookros2_ws/install/controller_interface/lib:/home/khaledob/bookros2_ws/install/hardware_interface/lib:/home/khaledob/bookros2_ws/install/controller_manager_msgs/lib:${LD_LIBRARY_PATH} PYTHONPATH=/home/khaledob/bookros2_ws/install/controller_manager/lib/python3.8/site-packages:/home/khaledob/bookros2_ws/install/controller_manager_msgs/lib/python3.8/site-packages:${PYTHONPATH} /usr/bin/cmake --build /home/khaledob/bookros2_ws/build/gazebo_ros2_control -- -j7 -l7
[0.345s] [ 50%] Built target gazebo_hardware_plugins
[0.368s] [100%] Built target gazebo_ros2_control
[0.431s] Invoked command in '/home/khaledob/bookros2_ws/build/gazebo_ros2_control' returned '0': AMENT_PREFIX_PATH=/home/khaledob/bookros2_ws/install/controller_manager:/home/khaledob/bookros2_ws/install/controller_interface:/home/khaledob/bookros2_ws/install/hardware_interface:/home/khaledob/bookros2_ws/install/ros2_control_test_assets:/home/khaledob/bookros2_ws/install/controller_manager_msgs:${AMENT_PREFIX_PATH} CMAKE_PREFIX_PATH=/home/khaledob/bookros2_ws/install/controller_manager:/home/khaledob/bookros2_ws/install/controller_interface:/home/khaledob/bookros2_ws/install/hardware_interface:/home/khaledob/bookros2_ws/install/ros2_control_test_assets:/home/khaledob/bookros2_ws/install/controller_manager_msgs:/opt/ros/foxy LD_LIBRARY_PATH=/home/khaledob/bookros2_ws/install/controller_manager/lib:/home/khaledob/bookros2_ws/install/controller_interface/lib:/home/khaledob/bookros2_ws/install/hardware_interface/lib:/home/khaledob/bookros2_ws/install/controller_manager_msgs/lib:${LD_LIBRARY_PATH} PYTHONPATH=/home/khaledob/bookros2_ws/install/controller_manager/lib/python3.8/site-packages:/home/khaledob/bookros2_ws/install/controller_manager_msgs/lib/python3.8/site-packages:${PYTHONPATH} /usr/bin/cmake --build /home/khaledob/bookros2_ws/build/gazebo_ros2_control -- -j7 -l7
[0.433s] Invoking command in '/home/khaledob/bookros2_ws/build/gazebo_ros2_control': AMENT_PREFIX_PATH=/home/khaledob/bookros2_ws/install/controller_manager:/home/khaledob/bookros2_ws/install/controller_interface:/home/khaledob/bookros2_ws/install/hardware_interface:/home/khaledob/bookros2_ws/install/ros2_control_test_assets:/home/khaledob/bookros2_ws/install/controller_manager_msgs:${AMENT_PREFIX_PATH} CMAKE_PREFIX_PATH=/home/khaledob/bookros2_ws/install/controller_manager:/home/khaledob/bookros2_ws/install/controller_interface:/home/khaledob/bookros2_ws/install/hardware_interface:/home/khaledob/bookros2_ws/install/ros2_control_test_assets:/home/khaledob/bookros2_ws/install/controller_manager_msgs:/opt/ros/foxy LD_LIBRARY_PATH=/home/khaledob/bookros2_ws/install/controller_manager/lib:/home/khaledob/bookros2_ws/install/controller_interface/lib:/home/khaledob/bookros2_ws/install/hardware_interface/lib:/home/khaledob/bookros2_ws/install/controller_manager_msgs/lib:${LD_LIBRARY_PATH} PYTHONPATH=/home/khaledob/bookros2_ws/install/controller_manager/lib/python3.8/site-packages:/home/khaledob/bookros2_ws/install/controller_manager_msgs/lib/python3.8/site-packages:${PYTHONPATH} /usr/bin/cmake --install /home/khaledob/bookros2_ws/build/gazebo_ros2_control
[0.452s] -- Install configuration: ""
[0.454s] -- Execute custom install script
[0.457s] -- Up-to-date symlink: /home/khaledob/bookros2_ws/install/gazebo_ros2_control/lib/libgazebo_ros2_control.so
[0.457s] -- Up-to-date symlink: /home/khaledob/bookros2_ws/install/gazebo_ros2_control/lib/libgazebo_hardware_plugins.so
[0.460s] -- Up-to-date symlink: /home/khaledob/bookros2_ws/install/gazebo_ros2_control/share/gazebo_ros2_control/environment/library_path.sh
[0.461s] -- Up-to-date symlink: /home/khaledob/bookros2_ws/install/gazebo_ros2_control/share/gazebo_ros2_control/environment/library_path.dsv
[0.468s] -- Up-to-date symlink: /home/khaledob/bookros2_ws/install/gazebo_ros2_control/include/gazebo_ros2_control/gazebo_ros2_control_plugin.hpp
[0.470s] -- Up-to-date symlink: /home/khaledob/bookros2_ws/install/gazebo_ros2_control/include/gazebo_ros2_control/gazebo_system.hpp
[0.471s] -- Up-to-date symlink: /home/khaledob/bookros2_ws/install/gazebo_ros2_control/include/gazebo_ros2_control/gazebo_system_interface.hpp
[0.473s] -- Up-to-date symlink: /home/khaledob/bookros2_ws/install/gazebo_ros2_control/share/gazebo_ros2_control//gazebo_hardware_plugins.xml
[0.474s] -- Up-to-date symlink: /home/khaledob/bookros2_ws/install/gazebo_ros2_control/share/ament_index/resource_index/package_run_dependencies/gazebo_ros2_control
[0.474s] -- Up-to-date symlink: /home/khaledob/bookros2_ws/install/gazebo_ros2_control/share/ament_index/resource_index/parent_prefix_path/gazebo_ros2_control
[0.475s] -- Up-to-date symlink: /home/khaledob/bookros2_ws/install/gazebo_ros2_control/share/gazebo_ros2_control/environment/ament_prefix_path.sh
[0.476s] -- Up-to-date symlink: /home/khaledob/bookros2_ws/install/gazebo_ros2_control/share/gazebo_ros2_control/environment/ament_prefix_path.dsv
[0.492s] -- Up-to-date symlink: /home/khaledob/bookros2_ws/install/gazebo_ros2_control/share/gazebo_ros2_control/environment/path.sh
[0.493s] -- Up-to-date symlink: /home/khaledob/bookros2_ws/install/gazebo_ros2_control/share/gazebo_ros2_control/environment/path.dsv
[0.493s] -- Up-to-date symlink: /home/khaledob/bookros2_ws/install/gazebo_ros2_control/share/gazebo_ros2_control/local_setup.bash
[0.493s] -- Up-to-date symlink: /home/khaledob/bookros2_ws/install/gazebo_ros2_control/share/gazebo_ros2_control/local_setup.sh
[0.494s] -- Up-to-date symlink: /home/khaledob/bookros2_ws/install/gazebo_ros2_control/share/gazebo_ros2_control/local_setup.zsh
[0.494s] -- Up-to-date symlink: /home/khaledob/bookros2_ws/install/gazebo_ros2_control/share/gazebo_ros2_control/local_setup.dsv
[0.495s] -- Symlinking: /home/khaledob/bookros2_ws/install/gazebo_ros2_control/share/gazebo_ros2_control/package.dsv
[0.497s] -- Up-to-date symlink: /home/khaledob/bookros2_ws/install/gazebo_ros2_control/share/ament_index/resource_index/packages/gazebo_ros2_control
[0.500s] -- Up-to-date symlink: /home/khaledob/bookros2_ws/install/gazebo_ros2_control/share/ament_index/resource_index/gazebo_ros2_control__pluginlib__plugin/gazebo_ros2_control
[0.500s] -- Up-to-date symlink: /home/khaledob/bookros2_ws/install/gazebo_ros2_control/share/gazebo_ros2_control/cmake/ament_cmake_export_include_directories-extras.cmake
[0.500s] -- Up-to-date symlink: /home/khaledob/bookros2_ws/install/gazebo_ros2_control/share/gazebo_ros2_control/cmake/ament_cmake_export_dependencies-extras.cmake
[0.500s] -- Up-to-date symlink: /home/khaledob/bookros2_ws/install/gazebo_ros2_control/share/gazebo_ros2_control/cmake/ament_cmake_export_libraries-extras.cmake
[0.500s] -- Up-to-date symlink: /home/khaledob/bookros2_ws/install/gazebo_ros2_control/share/gazebo_ros2_control/cmake/gazebo_ros2_controlConfig.cmake
[0.501s] -- Up-to-date symlink: /home/khaledob/bookros2_ws/install/gazebo_ros2_control/share/gazebo_ros2_control/cmake/gazebo_ros2_controlConfig-version.cmake
[0.501s] -- Up-to-date symlink: /home/khaledob/bookros2_ws/install/gazebo_ros2_control/share/gazebo_ros2_control/package.xml
[0.568s] Invoked command in '/home/khaledob/bookros2_ws/build/gazebo_ros2_control' returned '0': AMENT_PREFIX_PATH=/home/khaledob/bookros2_ws/install/controller_manager:/home/khaledob/bookros2_ws/install/controller_interface:/home/khaledob/bookros2_ws/install/hardware_interface:/home/khaledob/bookros2_ws/install/ros2_control_test_assets:/home/khaledob/bookros2_ws/install/controller_manager_msgs:${AMENT_PREFIX_PATH} CMAKE_PREFIX_PATH=/home/khaledob/bookros2_ws/install/controller_manager:/home/khaledob/bookros2_ws/install/controller_interface:/home/khaledob/bookros2_ws/install/hardware_interface:/home/khaledob/bookros2_ws/install/ros2_control_test_assets:/home/khaledob/bookros2_ws/install/controller_manager_msgs:/opt/ros/foxy LD_LIBRARY_PATH=/home/khaledob/bookros2_ws/install/controller_manager/lib:/home/khaledob/bookros2_ws/install/controller_interface/lib:/home/khaledob/bookros2_ws/install/hardware_interface/lib:/home/khaledob/bookros2_ws/install/controller_manager_msgs/lib:${LD_LIBRARY_PATH} PYTHONPATH=/home/khaledob/bookros2_ws/install/controller_manager/lib/python3.8/site-packages:/home/khaledob/bookros2_ws/install/controller_manager_msgs/lib/python3.8/site-packages:${PYTHONPATH} /usr/bin/cmake --install /home/khaledob/bookros2_ws/build/gazebo_ros2_control
