-- Found ament_cmake: 0.9.12 (/opt/ros/foxy/share/ament_cmake/cmake)
-- Using PYTHON_EXECUTABLE: /usr/bin/python3
-- Override CMake install command with custom implementation using symlinks instead of copying resources
-- Found rclcpp: 2.4.3 (/opt/ros/foxy/share/rclcpp/cmake)
-- Using all available rosidl_typesupport_c: rosidl_typesupport_fastrtps_c;rosidl_typesupport_introspection_c
-- Found rosidl_adapter: 1.3.1 (/opt/ros/foxy/share/rosidl_adapter/cmake)
-- Using all available rosidl_typesupport_cpp: rosidl_typesupport_fastrtps_cpp;rosidl_typesupport_introspection_cpp
-- Found rmw_implementation_cmake: 1.0.4 (/opt/ros/foxy/share/rmw_implementation_cmake/cmake)
-- Using RMW implementation 'rmw_fastrtps_cpp' as default
-- Found sensor_msgs: 2.0.5 (/opt/ros/foxy/share/sensor_msgs/cmake)
-- Found ament_lint_auto: 0.9.8 (/opt/ros/foxy/share/ament_lint_auto/cmake)
-- Added test 'copyright' to check source files copyright and LICENSE
-- Added test 'cppcheck' to perform static code analysis on C / C++ code
-- Configured cppcheck include dirs: $<BUILD_INTERFACE:/home/khaledob/bookros2_ws/src/task1/include>
-- Configured cppcheck exclude dirs and/or files: 
-- Added test 'cpplint' to check C / C++ code against the Google style
-- Configured cpplint exclude dirs and/or files: 
-- Added test 'flake8' to check Python code syntax and style conventions
-- Added test 'lint_cmake' to check CMake code style
-- Added test 'pep257' to check Python code against some of the style conventions in PEP 257
-- Added test 'uncrustify' to check C / C++ code style
-- Configured uncrustify additional arguments: 
-- Added test 'xmllint' to check XML markup files
-- Configuring done
-- Generating done
-- Build files have been written to: /home/khaledob/bookros2_ws/build/task1
[35m[1mScanning dependencies of target node[0m
[ 33%] [32mBuilding CXX object CMakeFiles/node.dir/src/task1_main.cpp.o[0m
In file included from [01m[K/home/khaledob/bookros2_ws/src/task1/src/task1_main.cpp:2[m[K:
[01m[K/home/khaledob/bookros2_ws/src/task1/include/BumpGoNode1.hpp:58:37:[m[K [01;31m[Kerror: [m[Kthe type ‘[01m[Kconst rclcpp::Duration[m[K’ of ‘[01m[Kconstexpr[m[K’ variable ‘[01m[Ktask1::BumpGoNode1::SCAN_TIMEOUT[m[K’ is not literal
   58 |   static constexpr rclcpp::Duration [01;31m[KSCAN_TIMEOUT[m[K = rclcpp::Duration::from_seconds(0.5);
      |                                     [01;31m[K^~~~~~~~~~~~[m[K
In file included from [01m[K/opt/ros/foxy/include/rclcpp/qos.hpp:20[m[K,
                 from [01m[K/opt/ros/foxy/include/rclcpp/node_interfaces/node_graph_interface.hpp:31[m[K,
                 from [01m[K/opt/ros/foxy/include/rclcpp/client.hpp:34[m[K,
                 from [01m[K/opt/ros/foxy/include/rclcpp/callback_group.hpp:23[m[K,
                 from [01m[K/opt/ros/foxy/include/rclcpp/any_executable.hpp:20[m[K,
                 from [01m[K/opt/ros/foxy/include/rclcpp/memory_strategy.hpp:24[m[K,
                 from [01m[K/opt/ros/foxy/include/rclcpp/memory_strategies.hpp:18[m[K,
                 from [01m[K/opt/ros/foxy/include/rclcpp/executor_options.hpp:20[m[K,
                 from [01m[K/opt/ros/foxy/include/rclcpp/executor.hpp:33[m[K,
                 from [01m[K/opt/ros/foxy/include/rclcpp/executors/multi_threaded_executor.hpp:26[m[K,
                 from [01m[K/opt/ros/foxy/include/rclcpp/executors.hpp:21[m[K,
                 from [01m[K/opt/ros/foxy/include/rclcpp/rclcpp.hpp:146[m[K,
                 from [01m[K/home/khaledob/bookros2_ws/src/task1/include/BumpGoNode1.hpp:4[m[K,
                 from [01m[K/home/khaledob/bookros2_ws/src/task1/src/task1_main.cpp:2[m[K:
[01m[K/opt/ros/foxy/include/rclcpp/duration.hpp:26:21:[m[K [01;36m[Knote: [m[K‘[01m[Krclcpp::Duration[m[K’ is not literal because:
   26 | class RCLCPP_PUBLIC [01;36m[KDuration[m[K
      |                     [01;36m[K^~~~~~~~[m[K
[01m[K/opt/ros/foxy/include/rclcpp/duration.hpp:26:21:[m[K [01;36m[Knote: [m[K  ‘[01m[Krclcpp::Duration[m[K’ has a non-trivial destructor
In file included from [01m[K/home/khaledob/bookros2_ws/src/task1/src/task1_main.cpp:2[m[K:
[01m[K/home/khaledob/bookros2_ws/src/task1/include/BumpGoNode1.hpp:58:37:[m[K [01;31m[Kerror: [m[Kin-class initialization of static data member ‘[01m[Kconst rclcpp::Duration task1::BumpGoNode1::SCAN_TIMEOUT[m[K’ of non-literal type
   58 |   static constexpr rclcpp::Duration [01;31m[KSCAN_TIMEOUT[m[K = rclcpp::Duration::from_seconds(0.5);
      |                                     [01;31m[K^~~~~~~~~~~~[m[K
[01m[K/home/khaledob/bookros2_ws/src/task1/include/BumpGoNode1.hpp:59:37:[m[K [01;31m[Kerror: [m[Kthe type ‘[01m[Kconst rclcpp::Duration[m[K’ of ‘[01m[Kconstexpr[m[K’ variable ‘[01m[Ktask1::BumpGoNode1::BACKING_TIME[m[K’ is not literal
   59 |   static constexpr rclcpp::Duration [01;31m[KBACKING_TIME[m[K = rclcpp::Duration::from_seconds(1.0);
      |                                     [01;31m[K^~~~~~~~~~~~[m[K
[01m[K/home/khaledob/bookros2_ws/src/task1/include/BumpGoNode1.hpp:59:37:[m[K [01;31m[Kerror: [m[Kin-class initialization of static data member ‘[01m[Kconst rclcpp::Duration task1::BumpGoNode1::BACKING_TIME[m[K’ of non-literal type
[01m[K/home/khaledob/bookros2_ws/src/task1/include/BumpGoNode1.hpp:60:37:[m[K [01;31m[Kerror: [m[Kthe type ‘[01m[Kconst rclcpp::Duration[m[K’ of ‘[01m[Kconstexpr[m[K’ variable ‘[01m[Ktask1::BumpGoNode1::TURNING_TIME[m[K’ is not literal
   60 |   static constexpr rclcpp::Duration [01;31m[KTURNING_TIME[m[K = rclcpp::Duration::from_seconds(2.0);
      |                                     [01;31m[K^~~~~~~~~~~~[m[K
[01m[K/home/khaledob/bookros2_ws/src/task1/include/BumpGoNode1.hpp:60:37:[m[K [01;31m[Kerror: [m[Kin-class initialization of static data member ‘[01m[Kconst rclcpp::Duration task1::BumpGoNode1::TURNING_TIME[m[K’ of non-literal type
make[2]: *** [CMakeFiles/node.dir/build.make:63: CMakeFiles/node.dir/src/task1_main.cpp.o] Error 1
make[1]: *** [CMakeFiles/Makefile2:78: CMakeFiles/node.dir/all] Error 2
make: *** [Makefile:141: all] Error 2
