[0.154s] Invoking command in '/home/khaledob/bookros2_ws/build/groot': CMAKE_PREFIX_PATH=/opt/ros/foxy /usr/bin/cmake --build /home/khaledob/bookros2_ws/build/groot -- -j7 -l7
[0.262s] [  1%] [34m[1mAutomatic MOC and UIC for target QtNodeEditor[0m
[0.384s] [  1%] Built target QtNodeEditor_autogen
[0.490s] [ 57%] Built target QtNodeEditor
[0.538s] [ 58%] [34m[1mAutomatic MOC and UIC for target behavior_tree_editor[0m
[0.624s] [ 58%] Built target behavior_tree_editor_autogen
[0.776s] [ 74%] Built target behavior_tree_editor
[0.822s] [ 75%] [34m[1mAutomatic MOC and UIC for target Groot[0m
[0.837s] [ 75%] [34m[1mAutomatic MOC and UIC for target editor_test[0m
[0.864s] [ 76%] [34m[1mAutomatic MOC and UIC for target replay_test[0m
[0.879s] [ 76%] Built target Groot_autogen
[0.897s] [ 76%] Built target editor_test_autogen
[0.917s] [ 76%] Built target replay_test_autogen
[0.951s] [ 82%] Built target Groot
[1.005s] [ 91%] Built target editor_test
[1.029s] [100%] Built target replay_test
[1.247s] Invoked command in '/home/khaledob/bookros2_ws/build/groot' returned '0': CMAKE_PREFIX_PATH=/opt/ros/foxy /usr/bin/cmake --build /home/khaledob/bookros2_ws/build/groot -- -j7 -l7
[1.272s] Invoking command in '/home/khaledob/bookros2_ws/build/groot': CMAKE_PREFIX_PATH=/opt/ros/foxy /usr/bin/cmake --install /home/khaledob/bookros2_ws/build/groot
[1.282s] -- Install configuration: ""
[1.282s] -- Execute custom install script
[1.284s] -- Up-to-date symlink: /home/khaledob/bookros2_ws/install/groot/lib/libbehavior_tree_editor.so
[1.284s] -- Up-to-date symlink: /home/khaledob/bookros2_ws/install/groot/lib/groot/Groot
[1.285s] -- Up-to-date symlink: /home/khaledob/bookros2_ws/install/groot/share/groot/environment/library_path.sh
[1.285s] -- Up-to-date symlink: /home/khaledob/bookros2_ws/install/groot/share/groot/environment/library_path.dsv
[1.286s] -- Up-to-date symlink: /home/khaledob/bookros2_ws/install/groot/share/ament_index/resource_index/package_run_dependencies/groot
[1.287s] -- Up-to-date symlink: /home/khaledob/bookros2_ws/install/groot/share/ament_index/resource_index/parent_prefix_path/groot
[1.287s] -- Up-to-date symlink: /home/khaledob/bookros2_ws/install/groot/share/groot/environment/ament_prefix_path.sh
[1.288s] -- Up-to-date symlink: /home/khaledob/bookros2_ws/install/groot/share/groot/environment/ament_prefix_path.dsv
[1.288s] -- Up-to-date symlink: /home/khaledob/bookros2_ws/install/groot/share/groot/environment/path.sh
[1.289s] -- Up-to-date symlink: /home/khaledob/bookros2_ws/install/groot/share/groot/environment/path.dsv
[1.289s] -- Up-to-date symlink: /home/khaledob/bookros2_ws/install/groot/share/groot/local_setup.bash
[1.289s] -- Up-to-date symlink: /home/khaledob/bookros2_ws/install/groot/share/groot/local_setup.sh
[1.290s] -- Up-to-date symlink: /home/khaledob/bookros2_ws/install/groot/share/groot/local_setup.zsh
[1.310s] -- Up-to-date symlink: /home/khaledob/bookros2_ws/install/groot/share/groot/local_setup.dsv
[1.312s] -- Symlinking: /home/khaledob/bookros2_ws/install/groot/share/groot/package.dsv
[1.346s] -- Up-to-date symlink: /home/khaledob/bookros2_ws/install/groot/share/ament_index/resource_index/packages/groot
[1.346s] -- Up-to-date symlink: /home/khaledob/bookros2_ws/install/groot/share/groot/cmake/ament_cmake_export_include_directories-extras.cmake
[1.346s] -- Up-to-date symlink: /home/khaledob/bookros2_ws/install/groot/share/groot/cmake/ament_cmake_export_dependencies-extras.cmake
[1.346s] -- Up-to-date symlink: /home/khaledob/bookros2_ws/install/groot/share/groot/cmake/ament_cmake_export_libraries-extras.cmake
[1.346s] -- Up-to-date symlink: /home/khaledob/bookros2_ws/install/groot/share/groot/cmake/grootConfig.cmake
[1.347s] -- Up-to-date symlink: /home/khaledob/bookros2_ws/install/groot/share/groot/cmake/grootConfig-version.cmake
[1.347s] -- Up-to-date symlink: /home/khaledob/bookros2_ws/install/groot/share/groot/package.xml
[1.421s] Invoked command in '/home/khaledob/bookros2_ws/build/groot' returned '0': CMAKE_PREFIX_PATH=/opt/ros/foxy /usr/bin/cmake --install /home/khaledob/bookros2_ws/build/groot
