[0.498s] Invoking command in '/home/khaledob/bookros2_ws/build/task1': CMAKE_PREFIX_PATH=/opt/ros/foxy /usr/bin/cmake --build /home/khaledob/bookros2_ws/build/task1 -- -j7 -l7
[0.612s] -- Found ament_cmake: 0.9.12 (/opt/ros/foxy/share/ament_cmake/cmake)
[0.618s] -- Using PYTHON_EXECUTABLE: /usr/bin/python3
[1.108s] -- Override CMake install command with custom implementation using symlinks instead of copying resources
[1.171s] -- Found rclcpp: 2.4.3 (/opt/ros/foxy/share/rclcpp/cmake)
[1.239s] -- Using all available rosidl_typesupport_c: rosidl_typesupport_fastrtps_c;rosidl_typesupport_introspection_c
[1.239s] -- Found rosidl_adapter: 1.3.1 (/opt/ros/foxy/share/rosidl_adapter/cmake)
[1.501s] -- Using all available rosidl_typesupport_cpp: rosidl_typesupport_fastrtps_cpp;rosidl_typesupport_introspection_cpp
[1.578s] -- Found rmw_implementation_cmake: 1.0.4 (/opt/ros/foxy/share/rmw_implementation_cmake/cmake)
[1.579s] -- Using RMW implementation 'rmw_fastrtps_cpp' as default
[1.876s] -- Found sensor_msgs: 2.0.5 (/opt/ros/foxy/share/sensor_msgs/cmake)
[2.118s] -- Found ament_lint_auto: 0.9.8 (/opt/ros/foxy/share/ament_lint_auto/cmake)
[2.325s] -- Added test 'copyright' to check source files copyright and LICENSE
[2.325s] -- Added test 'cppcheck' to perform static code analysis on C / C++ code
[2.325s] -- Configured cppcheck include dirs: $<BUILD_INTERFACE:/home/khaledob/bookros2_ws/src/task1/include>
[2.325s] -- Configured cppcheck exclude dirs and/or files: 
[2.345s] -- Added test 'cpplint' to check C / C++ code against the Google style
[2.350s] -- Configured cpplint exclude dirs and/or files: 
[2.350s] -- Added test 'lint_cmake' to check CMake code style
[2.359s] -- Added test 'uncrustify' to check C / C++ code style
[2.366s] -- Configured uncrustify additional arguments: 
[2.367s] -- Added test 'xmllint' to check XML markup files
[2.373s] -- Configuring done
[2.373s] CMake Error at CMakeLists.txt:18 (add_executable):
[2.373s]   Cannot find source file:
[2.373s] 
[2.373s]     task1
[2.373s] 
[2.373s]   Tried extensions .c .C .c++ .cc .cpp .cxx .cu .m .M .mm .h .hh .h++ .hm
[2.374s]   .hpp .hxx .in .txx
[2.374s] 
[2.374s] 
[2.375s] CMake Error at CMakeLists.txt:18 (add_executable):
[2.375s]   No SOURCES given to target: bumpgo
[2.375s] 
[2.375s] 
[2.375s] CMake Generate step failed.  Build files cannot be regenerated correctly.
[2.383s] make: *** [Makefile:266: cmake_check_build_system] Error 1
[2.553s] Invoked command in '/home/khaledob/bookros2_ws/build/task1' returned '2': CMAKE_PREFIX_PATH=/opt/ros/foxy /usr/bin/cmake --build /home/khaledob/bookros2_ws/build/task1 -- -j7 -l7
