[1.426s] Invoking command in '/home/khaledob/bookros2_ws/build/joint_trajectory_controller': AMENT_PREFIX_PATH=/home/khaledob/bookros2_ws/install/controller_manager:/home/khaledob/bookros2_ws/install/controller_interface:/home/khaledob/bookros2_ws/install/hardware_interface:/home/khaledob/bookros2_ws/install/ros2_control_test_assets:/home/khaledob/bookros2_ws/install/controller_manager_msgs:${AMENT_PREFIX_PATH} CMAKE_PREFIX_PATH=/home/khaledob/bookros2_ws/install/controller_manager:/home/khaledob/bookros2_ws/install/controller_interface:/home/khaledob/bookros2_ws/install/hardware_interface:/home/khaledob/bookros2_ws/install/ros2_control_test_assets:/home/khaledob/bookros2_ws/install/controller_manager_msgs:/opt/ros/foxy LD_LIBRARY_PATH=/home/khaledob/bookros2_ws/install/controller_manager/lib:/home/khaledob/bookros2_ws/install/controller_interface/lib:/home/khaledob/bookros2_ws/install/hardware_interface/lib:/home/khaledob/bookros2_ws/install/controller_manager_msgs/lib:${LD_LIBRARY_PATH} PYTHONPATH=/home/khaledob/bookros2_ws/install/controller_manager/lib/python3.8/site-packages:/home/khaledob/bookros2_ws/install/controller_manager_msgs/lib/python3.8/site-packages:${PYTHONPATH} /usr/bin/cmake --build /home/khaledob/bookros2_ws/build/joint_trajectory_controller -- -j7 -l7
[2.051s] [ 20%] Built target joint_trajectory_controller
[2.451s] [ 33%] Built target gtest_main
[2.575s] [ 46%] Built target gtest
[2.782s] [ 60%] Built target test_trajectory
[2.913s] [ 73%] Built target test_trajectory_actions
[3.104s] [ 86%] Built target test_load_joint_trajectory_controller
[3.341s] [100%] Built target test_trajectory_controller
[3.647s] Invoked command in '/home/khaledob/bookros2_ws/build/joint_trajectory_controller' returned '0': AMENT_PREFIX_PATH=/home/khaledob/bookros2_ws/install/controller_manager:/home/khaledob/bookros2_ws/install/controller_interface:/home/khaledob/bookros2_ws/install/hardware_interface:/home/khaledob/bookros2_ws/install/ros2_control_test_assets:/home/khaledob/bookros2_ws/install/controller_manager_msgs:${AMENT_PREFIX_PATH} CMAKE_PREFIX_PATH=/home/khaledob/bookros2_ws/install/controller_manager:/home/khaledob/bookros2_ws/install/controller_interface:/home/khaledob/bookros2_ws/install/hardware_interface:/home/khaledob/bookros2_ws/install/ros2_control_test_assets:/home/khaledob/bookros2_ws/install/controller_manager_msgs:/opt/ros/foxy LD_LIBRARY_PATH=/home/khaledob/bookros2_ws/install/controller_manager/lib:/home/khaledob/bookros2_ws/install/controller_interface/lib:/home/khaledob/bookros2_ws/install/hardware_interface/lib:/home/khaledob/bookros2_ws/install/controller_manager_msgs/lib:${LD_LIBRARY_PATH} PYTHONPATH=/home/khaledob/bookros2_ws/install/controller_manager/lib/python3.8/site-packages:/home/khaledob/bookros2_ws/install/controller_manager_msgs/lib/python3.8/site-packages:${PYTHONPATH} /usr/bin/cmake --build /home/khaledob/bookros2_ws/build/joint_trajectory_controller -- -j7 -l7
[3.658s] Invoking command in '/home/khaledob/bookros2_ws/build/joint_trajectory_controller': AMENT_PREFIX_PATH=/home/khaledob/bookros2_ws/install/controller_manager:/home/khaledob/bookros2_ws/install/controller_interface:/home/khaledob/bookros2_ws/install/hardware_interface:/home/khaledob/bookros2_ws/install/ros2_control_test_assets:/home/khaledob/bookros2_ws/install/controller_manager_msgs:${AMENT_PREFIX_PATH} CMAKE_PREFIX_PATH=/home/khaledob/bookros2_ws/install/controller_manager:/home/khaledob/bookros2_ws/install/controller_interface:/home/khaledob/bookros2_ws/install/hardware_interface:/home/khaledob/bookros2_ws/install/ros2_control_test_assets:/home/khaledob/bookros2_ws/install/controller_manager_msgs:/opt/ros/foxy LD_LIBRARY_PATH=/home/khaledob/bookros2_ws/install/controller_manager/lib:/home/khaledob/bookros2_ws/install/controller_interface/lib:/home/khaledob/bookros2_ws/install/hardware_interface/lib:/home/khaledob/bookros2_ws/install/controller_manager_msgs/lib:${LD_LIBRARY_PATH} PYTHONPATH=/home/khaledob/bookros2_ws/install/controller_manager/lib/python3.8/site-packages:/home/khaledob/bookros2_ws/install/controller_manager_msgs/lib/python3.8/site-packages:${PYTHONPATH} /usr/bin/cmake --install /home/khaledob/bookros2_ws/build/joint_trajectory_controller
[4.085s] -- Install configuration: ""
[4.085s] -- Execute custom install script
[4.090s] -- Up-to-date symlink: /home/khaledob/bookros2_ws/install/joint_trajectory_controller/share/joint_trajectory_controller//joint_trajectory_plugin.xml
[4.091s] -- Up-to-date symlink: /home/khaledob/bookros2_ws/install/joint_trajectory_controller/include/joint_trajectory_controller/joint_trajectory_controller.hpp
[4.091s] -- Up-to-date symlink: /home/khaledob/bookros2_ws/install/joint_trajectory_controller/include/joint_trajectory_controller/tolerances.hpp
[4.092s] -- Up-to-date symlink: /home/khaledob/bookros2_ws/install/joint_trajectory_controller/include/joint_trajectory_controller/trajectory.hpp
[4.093s] -- Up-to-date symlink: /home/khaledob/bookros2_ws/install/joint_trajectory_controller/include/joint_trajectory_controller/visibility_control.h
[4.093s] -- Up-to-date symlink: /home/khaledob/bookros2_ws/install/joint_trajectory_controller/lib/libjoint_trajectory_controller.so
[4.093s] -- Up-to-date symlink: /home/khaledob/bookros2_ws/install/joint_trajectory_controller/share/joint_trajectory_controller/environment/library_path.sh
[4.093s] -- Up-to-date symlink: /home/khaledob/bookros2_ws/install/joint_trajectory_controller/share/joint_trajectory_controller/environment/library_path.dsv
[4.093s] -- Up-to-date symlink: /home/khaledob/bookros2_ws/install/joint_trajectory_controller/share/ament_index/resource_index/package_run_dependencies/joint_trajectory_controller
[4.093s] -- Up-to-date symlink: /home/khaledob/bookros2_ws/install/joint_trajectory_controller/share/ament_index/resource_index/parent_prefix_path/joint_trajectory_controller
[4.093s] -- Up-to-date symlink: /home/khaledob/bookros2_ws/install/joint_trajectory_controller/share/joint_trajectory_controller/environment/ament_prefix_path.sh
[4.093s] -- Up-to-date symlink: /home/khaledob/bookros2_ws/install/joint_trajectory_controller/share/joint_trajectory_controller/environment/ament_prefix_path.dsv
[4.093s] -- Up-to-date symlink: /home/khaledob/bookros2_ws/install/joint_trajectory_controller/share/joint_trajectory_controller/environment/path.sh
[4.094s] -- Up-to-date symlink: /home/khaledob/bookros2_ws/install/joint_trajectory_controller/share/joint_trajectory_controller/environment/path.dsv
[4.094s] -- Up-to-date symlink: /home/khaledob/bookros2_ws/install/joint_trajectory_controller/share/joint_trajectory_controller/local_setup.bash
[4.094s] -- Up-to-date symlink: /home/khaledob/bookros2_ws/install/joint_trajectory_controller/share/joint_trajectory_controller/local_setup.sh
[4.094s] -- Up-to-date symlink: /home/khaledob/bookros2_ws/install/joint_trajectory_controller/share/joint_trajectory_controller/local_setup.zsh
[4.094s] -- Up-to-date symlink: /home/khaledob/bookros2_ws/install/joint_trajectory_controller/share/joint_trajectory_controller/local_setup.dsv
[4.094s] -- Symlinking: /home/khaledob/bookros2_ws/install/joint_trajectory_controller/share/joint_trajectory_controller/package.dsv
[4.094s] -- Up-to-date symlink: /home/khaledob/bookros2_ws/install/joint_trajectory_controller/share/ament_index/resource_index/packages/joint_trajectory_controller
[4.094s] -- Up-to-date symlink: /home/khaledob/bookros2_ws/install/joint_trajectory_controller/share/ament_index/resource_index/controller_interface__pluginlib__plugin/joint_trajectory_controller
[4.095s] -- Up-to-date symlink: /home/khaledob/bookros2_ws/install/joint_trajectory_controller/share/joint_trajectory_controller/cmake/ament_cmake_export_dependencies-extras.cmake
[4.095s] -- Up-to-date symlink: /home/khaledob/bookros2_ws/install/joint_trajectory_controller/share/joint_trajectory_controller/cmake/ament_cmake_export_include_directories-extras.cmake
[4.095s] -- Up-to-date symlink: /home/khaledob/bookros2_ws/install/joint_trajectory_controller/share/joint_trajectory_controller/cmake/ament_cmake_export_libraries-extras.cmake
[4.095s] -- Up-to-date symlink: /home/khaledob/bookros2_ws/install/joint_trajectory_controller/share/joint_trajectory_controller/cmake/joint_trajectory_controllerConfig.cmake
[4.095s] -- Up-to-date symlink: /home/khaledob/bookros2_ws/install/joint_trajectory_controller/share/joint_trajectory_controller/cmake/joint_trajectory_controllerConfig-version.cmake
[4.095s] -- Up-to-date symlink: /home/khaledob/bookros2_ws/install/joint_trajectory_controller/share/joint_trajectory_controller/package.xml
[4.685s] Invoked command in '/home/khaledob/bookros2_ws/build/joint_trajectory_controller' returned '0': AMENT_PREFIX_PATH=/home/khaledob/bookros2_ws/install/controller_manager:/home/khaledob/bookros2_ws/install/controller_interface:/home/khaledob/bookros2_ws/install/hardware_interface:/home/khaledob/bookros2_ws/install/ros2_control_test_assets:/home/khaledob/bookros2_ws/install/controller_manager_msgs:${AMENT_PREFIX_PATH} CMAKE_PREFIX_PATH=/home/khaledob/bookros2_ws/install/controller_manager:/home/khaledob/bookros2_ws/install/controller_interface:/home/khaledob/bookros2_ws/install/hardware_interface:/home/khaledob/bookros2_ws/install/ros2_control_test_assets:/home/khaledob/bookros2_ws/install/controller_manager_msgs:/opt/ros/foxy LD_LIBRARY_PATH=/home/khaledob/bookros2_ws/install/controller_manager/lib:/home/khaledob/bookros2_ws/install/controller_interface/lib:/home/khaledob/bookros2_ws/install/hardware_interface/lib:/home/khaledob/bookros2_ws/install/controller_manager_msgs/lib:${LD_LIBRARY_PATH} PYTHONPATH=/home/khaledob/bookros2_ws/install/controller_manager/lib/python3.8/site-packages:/home/khaledob/bookros2_ws/install/controller_manager_msgs/lib/python3.8/site-packages:${PYTHONPATH} /usr/bin/cmake --install /home/khaledob/bookros2_ws/build/joint_trajectory_controller
