[0.237s] Invoking command in '/home/khaledob/bookros2_ws/build/groot': CMAKE_PREFIX_PATH=${CMAKE_PREFIX_PATH}:/home/khaledob/bookros2_ws/install/ros2controlcli:/home/khaledob/bookros2_ws/install/launch_pal:/home/khaledob/bookros2_ws/install/br2_fsm_bumpgo_py:/opt/ros/foxy /usr/bin/cmake --build /home/khaledob/bookros2_ws/build/groot -- -j7 -l7
[0.540s] [  1%] [34m[1mAutomatic MOC and UIC for target QtNodeEditor[0m
[0.663s] [  1%] Built target QtNodeEditor_autogen
[0.957s] [ 57%] Built target QtNodeEditor
[1.106s] [ 58%] [34m[1mAutomatic MOC and UIC for target behavior_tree_editor[0m
[1.200s] [ 58%] Built target behavior_tree_editor_autogen
[1.401s] [ 74%] Built target behavior_tree_editor
[1.461s] [ 75%] [34m[1mAutomatic MOC and UIC for target replay_test[0m
[1.493s] [ 76%] [34m[1mAutomatic MOC and UIC for target Groot[0m
[1.494s] [ 76%] [34m[1mAutomatic MOC and UIC for target editor_test[0m
[1.577s] [ 76%] Built target replay_test_autogen
[1.580s] [ 76%] Built target Groot_autogen
[1.592s] [ 76%] Built target editor_test_autogen
[1.734s] [ 85%] Built target editor_test
[1.769s] [ 94%] Built target replay_test
[1.769s] [100%] Built target Groot
[1.977s] Invoked command in '/home/khaledob/bookros2_ws/build/groot' returned '0': CMAKE_PREFIX_PATH=${CMAKE_PREFIX_PATH}:/home/khaledob/bookros2_ws/install/ros2controlcli:/home/khaledob/bookros2_ws/install/launch_pal:/home/khaledob/bookros2_ws/install/br2_fsm_bumpgo_py:/opt/ros/foxy /usr/bin/cmake --build /home/khaledob/bookros2_ws/build/groot -- -j7 -l7
[1.987s] Invoking command in '/home/khaledob/bookros2_ws/build/groot': CMAKE_PREFIX_PATH=${CMAKE_PREFIX_PATH}:/home/khaledob/bookros2_ws/install/ros2controlcli:/home/khaledob/bookros2_ws/install/launch_pal:/home/khaledob/bookros2_ws/install/br2_fsm_bumpgo_py:/opt/ros/foxy /usr/bin/cmake --install /home/khaledob/bookros2_ws/build/groot
[2.043s] -- Install configuration: ""
[2.043s] -- Execute custom install script
[2.043s] -- Up-to-date symlink: /home/khaledob/bookros2_ws/install/groot/lib/libbehavior_tree_editor.so
[2.045s] -- Up-to-date symlink: /home/khaledob/bookros2_ws/install/groot/lib/groot/Groot
[2.045s] -- Up-to-date symlink: /home/khaledob/bookros2_ws/install/groot/share/groot/environment/library_path.sh
[2.045s] -- Up-to-date symlink: /home/khaledob/bookros2_ws/install/groot/share/groot/environment/library_path.dsv
[2.045s] -- Up-to-date symlink: /home/khaledob/bookros2_ws/install/groot/share/ament_index/resource_index/package_run_dependencies/groot
[2.045s] -- Up-to-date symlink: /home/khaledob/bookros2_ws/install/groot/share/ament_index/resource_index/parent_prefix_path/groot
[2.045s] -- Up-to-date symlink: /home/khaledob/bookros2_ws/install/groot/share/groot/environment/ament_prefix_path.sh
[2.045s] -- Up-to-date symlink: /home/khaledob/bookros2_ws/install/groot/share/groot/environment/ament_prefix_path.dsv
[2.045s] -- Up-to-date symlink: /home/khaledob/bookros2_ws/install/groot/share/groot/environment/path.sh
[2.046s] -- Up-to-date symlink: /home/khaledob/bookros2_ws/install/groot/share/groot/environment/path.dsv
[2.046s] -- Up-to-date symlink: /home/khaledob/bookros2_ws/install/groot/share/groot/local_setup.bash
[2.046s] -- Up-to-date symlink: /home/khaledob/bookros2_ws/install/groot/share/groot/local_setup.sh
[2.046s] -- Up-to-date symlink: /home/khaledob/bookros2_ws/install/groot/share/groot/local_setup.zsh
[2.046s] -- Up-to-date symlink: /home/khaledob/bookros2_ws/install/groot/share/groot/local_setup.dsv
[2.046s] -- Symlinking: /home/khaledob/bookros2_ws/install/groot/share/groot/package.dsv
[2.062s] -- Up-to-date symlink: /home/khaledob/bookros2_ws/install/groot/share/ament_index/resource_index/packages/groot
[2.063s] -- Up-to-date symlink: /home/khaledob/bookros2_ws/install/groot/share/groot/cmake/ament_cmake_export_include_directories-extras.cmake
[2.066s] -- Up-to-date symlink: /home/khaledob/bookros2_ws/install/groot/share/groot/cmake/ament_cmake_export_dependencies-extras.cmake
[2.068s] -- Up-to-date symlink: /home/khaledob/bookros2_ws/install/groot/share/groot/cmake/ament_cmake_export_libraries-extras.cmake
[2.068s] -- Up-to-date symlink: /home/khaledob/bookros2_ws/install/groot/share/groot/cmake/grootConfig.cmake
[2.069s] -- Up-to-date symlink: /home/khaledob/bookros2_ws/install/groot/share/groot/cmake/grootConfig-version.cmake
[2.070s] -- Up-to-date symlink: /home/khaledob/bookros2_ws/install/groot/share/groot/package.xml
[2.252s] Invoked command in '/home/khaledob/bookros2_ws/build/groot' returned '0': CMAKE_PREFIX_PATH=${CMAKE_PREFIX_PATH}:/home/khaledob/bookros2_ws/install/ros2controlcli:/home/khaledob/bookros2_ws/install/launch_pal:/home/khaledob/bookros2_ws/install/br2_fsm_bumpgo_py:/opt/ros/foxy /usr/bin/cmake --install /home/khaledob/bookros2_ws/build/groot
