[0.179s] Invoking command in '/home/khaledob/bookros2_ws/src/build/br2_basics': CMAKE_PREFIX_PATH=/opt/ros/foxy /usr/bin/cmake --build /home/khaledob/bookros2_ws/src/build/br2_basics -- -j7 -l7
[0.385s] [ 14%] Built target publisher
[0.673s] [ 28%] Built target logger_class
[0.674s] [ 42%] Built target executors
[0.675s] [ 57%] Built target subscriber_class
[0.675s] [ 71%] Built target publisher_class
[0.675s] [ 85%] Built target logger
[0.682s] [100%] Built target param_reader
[0.849s] Invoked command in '/home/khaledob/bookros2_ws/src/build/br2_basics' returned '0': CMAKE_PREFIX_PATH=/opt/ros/foxy /usr/bin/cmake --build /home/khaledob/bookros2_ws/src/build/br2_basics -- -j7 -l7
[0.866s] Invoking command in '/home/khaledob/bookros2_ws/src/build/br2_basics': CMAKE_PREFIX_PATH=/opt/ros/foxy /usr/bin/cmake --install /home/khaledob/bookros2_ws/src/build/br2_basics
[1.002s] -- Install configuration: ""
[1.005s] -- Execute custom install script
[1.006s] -- Up-to-date symlink: /home/khaledob/bookros2_ws/src/install/br2_basics/lib/br2_basics/publisher
[1.015s] -- Up-to-date symlink: /home/khaledob/bookros2_ws/src/install/br2_basics/lib/br2_basics/publisher_class
[1.015s] -- Up-to-date symlink: /home/khaledob/bookros2_ws/src/install/br2_basics/lib/br2_basics/subscriber_class
[1.015s] -- Up-to-date symlink: /home/khaledob/bookros2_ws/src/install/br2_basics/lib/br2_basics/executors
[1.015s] -- Up-to-date symlink: /home/khaledob/bookros2_ws/src/install/br2_basics/lib/br2_basics/logger
[1.015s] -- Up-to-date symlink: /home/khaledob/bookros2_ws/src/install/br2_basics/lib/br2_basics/logger_class
[1.016s] -- Up-to-date symlink: /home/khaledob/bookros2_ws/src/install/br2_basics/lib/br2_basics/param_reader
[1.016s] -- Up-to-date symlink: /home/khaledob/bookros2_ws/src/install/br2_basics/share/br2_basics/launch/includer_launch.py
[1.018s] -- Up-to-date symlink: /home/khaledob/bookros2_ws/src/install/br2_basics/share/br2_basics/launch/param_node_v1_launch.py
[1.018s] -- Up-to-date symlink: /home/khaledob/bookros2_ws/src/install/br2_basics/share/br2_basics/launch/param_node_v2_launch.py
[1.019s] -- Up-to-date symlink: /home/khaledob/bookros2_ws/src/install/br2_basics/share/br2_basics/launch/pub_sub_v1_launch.py
[1.050s] -- Up-to-date symlink: /home/khaledob/bookros2_ws/src/install/br2_basics/share/br2_basics/launch/pub_sub_v2_launch.py
[1.050s] -- Up-to-date symlink: /home/khaledob/bookros2_ws/src/install/br2_basics/share/br2_basics/config/params.yaml
[1.050s] -- Up-to-date symlink: /home/khaledob/bookros2_ws/src/install/br2_basics/share/ament_index/resource_index/package_run_dependencies/br2_basics
[1.050s] -- Up-to-date symlink: /home/khaledob/bookros2_ws/src/install/br2_basics/share/ament_index/resource_index/parent_prefix_path/br2_basics
[1.050s] -- Up-to-date symlink: /home/khaledob/bookros2_ws/src/install/br2_basics/share/br2_basics/environment/ament_prefix_path.sh
[1.050s] -- Up-to-date symlink: /home/khaledob/bookros2_ws/src/install/br2_basics/share/br2_basics/environment/ament_prefix_path.dsv
[1.051s] -- Up-to-date symlink: /home/khaledob/bookros2_ws/src/install/br2_basics/share/br2_basics/environment/path.sh
[1.053s] -- Up-to-date symlink: /home/khaledob/bookros2_ws/src/install/br2_basics/share/br2_basics/environment/path.dsv
[1.053s] -- Up-to-date symlink: /home/khaledob/bookros2_ws/src/install/br2_basics/share/br2_basics/local_setup.bash
[1.056s] -- Up-to-date symlink: /home/khaledob/bookros2_ws/src/install/br2_basics/share/br2_basics/local_setup.sh
[1.056s] -- Up-to-date symlink: /home/khaledob/bookros2_ws/src/install/br2_basics/share/br2_basics/local_setup.zsh
[1.056s] -- Up-to-date symlink: /home/khaledob/bookros2_ws/src/install/br2_basics/share/br2_basics/local_setup.dsv
[1.056s] -- Symlinking: /home/khaledob/bookros2_ws/src/install/br2_basics/share/br2_basics/package.dsv
[1.056s] -- Up-to-date symlink: /home/khaledob/bookros2_ws/src/install/br2_basics/share/ament_index/resource_index/packages/br2_basics
[1.057s] -- Up-to-date symlink: /home/khaledob/bookros2_ws/src/install/br2_basics/share/br2_basics/cmake/ament_cmake_export_dependencies-extras.cmake
[1.058s] -- Up-to-date symlink: /home/khaledob/bookros2_ws/src/install/br2_basics/share/br2_basics/cmake/br2_basicsConfig.cmake
[1.059s] -- Up-to-date symlink: /home/khaledob/bookros2_ws/src/install/br2_basics/share/br2_basics/cmake/br2_basicsConfig-version.cmake
[1.060s] -- Up-to-date symlink: /home/khaledob/bookros2_ws/src/install/br2_basics/share/br2_basics/package.xml
[1.116s] Invoked command in '/home/khaledob/bookros2_ws/src/build/br2_basics' returned '0': CMAKE_PREFIX_PATH=/opt/ros/foxy /usr/bin/cmake --install /home/khaledob/bookros2_ws/src/build/br2_basics
