[0.675s] Invoking command in '/home/khaledob/bookros2_ws/src/build/diff_drive_controller': AMENT_PREFIX_PATH=/home/khaledob/bookros2_ws/src/install/controller_manager:/home/khaledob/bookros2_ws/src/install/controller_interface:/home/khaledob/bookros2_ws/src/install/hardware_interface:/home/khaledob/bookros2_ws/src/install/ros2_control_test_assets:/home/khaledob/bookros2_ws/src/install/controller_manager_msgs:${AMENT_PREFIX_PATH} CMAKE_PREFIX_PATH=/home/khaledob/bookros2_ws/src/install/controller_manager:/home/khaledob/bookros2_ws/src/install/controller_interface:/home/khaledob/bookros2_ws/src/install/hardware_interface:/home/khaledob/bookros2_ws/src/install/ros2_control_test_assets:/home/khaledob/bookros2_ws/src/install/controller_manager_msgs:/opt/ros/foxy LD_LIBRARY_PATH=/home/khaledob/bookros2_ws/src/install/controller_manager/lib:/home/khaledob/bookros2_ws/src/install/controller_interface/lib:/home/khaledob/bookros2_ws/src/install/hardware_interface/lib:/home/khaledob/bookros2_ws/src/install/controller_manager_msgs/lib:${LD_LIBRARY_PATH} PYTHONPATH=/home/khaledob/bookros2_ws/src/install/controller_manager/lib/python3.8/site-packages:/home/khaledob/bookros2_ws/src/install/controller_manager_msgs/lib/python3.8/site-packages:${PYTHONPATH} /usr/bin/cmake --build /home/khaledob/bookros2_ws/src/build/diff_drive_controller -- -j7 -l7
[1.320s] [ 20%] Built target gmock
[1.653s] [ 46%] Built target diff_drive_controller
[1.921s] [ 60%] Built target gmock_main
[2.144s] [ 73%] Built target test_accumulator
[2.370s] [ 86%] Built target test_diff_drive_controller
[2.527s] [100%] Built target test_load_diff_drive_controller
[3.776s] Invoked command in '/home/khaledob/bookros2_ws/src/build/diff_drive_controller' returned '0': AMENT_PREFIX_PATH=/home/khaledob/bookros2_ws/src/install/controller_manager:/home/khaledob/bookros2_ws/src/install/controller_interface:/home/khaledob/bookros2_ws/src/install/hardware_interface:/home/khaledob/bookros2_ws/src/install/ros2_control_test_assets:/home/khaledob/bookros2_ws/src/install/controller_manager_msgs:${AMENT_PREFIX_PATH} CMAKE_PREFIX_PATH=/home/khaledob/bookros2_ws/src/install/controller_manager:/home/khaledob/bookros2_ws/src/install/controller_interface:/home/khaledob/bookros2_ws/src/install/hardware_interface:/home/khaledob/bookros2_ws/src/install/ros2_control_test_assets:/home/khaledob/bookros2_ws/src/install/controller_manager_msgs:/opt/ros/foxy LD_LIBRARY_PATH=/home/khaledob/bookros2_ws/src/install/controller_manager/lib:/home/khaledob/bookros2_ws/src/install/controller_interface/lib:/home/khaledob/bookros2_ws/src/install/hardware_interface/lib:/home/khaledob/bookros2_ws/src/install/controller_manager_msgs/lib:${LD_LIBRARY_PATH} PYTHONPATH=/home/khaledob/bookros2_ws/src/install/controller_manager/lib/python3.8/site-packages:/home/khaledob/bookros2_ws/src/install/controller_manager_msgs/lib/python3.8/site-packages:${PYTHONPATH} /usr/bin/cmake --build /home/khaledob/bookros2_ws/src/build/diff_drive_controller -- -j7 -l7
[3.784s] Invoking command in '/home/khaledob/bookros2_ws/src/build/diff_drive_controller': AMENT_PREFIX_PATH=/home/khaledob/bookros2_ws/src/install/controller_manager:/home/khaledob/bookros2_ws/src/install/controller_interface:/home/khaledob/bookros2_ws/src/install/hardware_interface:/home/khaledob/bookros2_ws/src/install/ros2_control_test_assets:/home/khaledob/bookros2_ws/src/install/controller_manager_msgs:${AMENT_PREFIX_PATH} CMAKE_PREFIX_PATH=/home/khaledob/bookros2_ws/src/install/controller_manager:/home/khaledob/bookros2_ws/src/install/controller_interface:/home/khaledob/bookros2_ws/src/install/hardware_interface:/home/khaledob/bookros2_ws/src/install/ros2_control_test_assets:/home/khaledob/bookros2_ws/src/install/controller_manager_msgs:/opt/ros/foxy LD_LIBRARY_PATH=/home/khaledob/bookros2_ws/src/install/controller_manager/lib:/home/khaledob/bookros2_ws/src/install/controller_interface/lib:/home/khaledob/bookros2_ws/src/install/hardware_interface/lib:/home/khaledob/bookros2_ws/src/install/controller_manager_msgs/lib:${LD_LIBRARY_PATH} PYTHONPATH=/home/khaledob/bookros2_ws/src/install/controller_manager/lib/python3.8/site-packages:/home/khaledob/bookros2_ws/src/install/controller_manager_msgs/lib/python3.8/site-packages:${PYTHONPATH} /usr/bin/cmake --install /home/khaledob/bookros2_ws/src/build/diff_drive_controller
[4.072s] -- Install configuration: ""
[4.072s] -- Execute custom install script
[4.073s] -- Up-to-date symlink: /home/khaledob/bookros2_ws/src/install/diff_drive_controller/share/diff_drive_controller//diff_drive_plugin.xml
[4.073s] -- Up-to-date symlink: /home/khaledob/bookros2_ws/src/install/diff_drive_controller/include/diff_drive_controller/diff_drive_controller.hpp
[4.073s] -- Up-to-date symlink: /home/khaledob/bookros2_ws/src/install/diff_drive_controller/include/diff_drive_controller/odometry.hpp
[4.073s] -- Up-to-date symlink: /home/khaledob/bookros2_ws/src/install/diff_drive_controller/include/diff_drive_controller/rolling_mean_accumulator.hpp
[4.073s] -- Up-to-date symlink: /home/khaledob/bookros2_ws/src/install/diff_drive_controller/include/diff_drive_controller/speed_limiter.hpp
[4.073s] -- Up-to-date symlink: /home/khaledob/bookros2_ws/src/install/diff_drive_controller/include/diff_drive_controller/visibility_control.h
[4.073s] -- Up-to-date symlink: /home/khaledob/bookros2_ws/src/install/diff_drive_controller/lib/libdiff_drive_controller.so
[4.074s] -- Up-to-date symlink: /home/khaledob/bookros2_ws/src/install/diff_drive_controller/share/diff_drive_controller/environment/library_path.sh
[4.074s] -- Up-to-date symlink: /home/khaledob/bookros2_ws/src/install/diff_drive_controller/share/diff_drive_controller/environment/library_path.dsv
[4.074s] -- Up-to-date symlink: /home/khaledob/bookros2_ws/src/install/diff_drive_controller/share/ament_index/resource_index/package_run_dependencies/diff_drive_controller
[4.074s] -- Up-to-date symlink: /home/khaledob/bookros2_ws/src/install/diff_drive_controller/share/ament_index/resource_index/parent_prefix_path/diff_drive_controller
[4.074s] -- Up-to-date symlink: /home/khaledob/bookros2_ws/src/install/diff_drive_controller/share/diff_drive_controller/environment/ament_prefix_path.sh
[4.074s] -- Up-to-date symlink: /home/khaledob/bookros2_ws/src/install/diff_drive_controller/share/diff_drive_controller/environment/ament_prefix_path.dsv
[4.074s] -- Up-to-date symlink: /home/khaledob/bookros2_ws/src/install/diff_drive_controller/share/diff_drive_controller/environment/path.sh
[4.074s] -- Up-to-date symlink: /home/khaledob/bookros2_ws/src/install/diff_drive_controller/share/diff_drive_controller/environment/path.dsv
[4.075s] -- Up-to-date symlink: /home/khaledob/bookros2_ws/src/install/diff_drive_controller/share/diff_drive_controller/local_setup.bash
[4.075s] -- Up-to-date symlink: /home/khaledob/bookros2_ws/src/install/diff_drive_controller/share/diff_drive_controller/local_setup.sh
[4.075s] -- Up-to-date symlink: /home/khaledob/bookros2_ws/src/install/diff_drive_controller/share/diff_drive_controller/local_setup.zsh
[4.075s] -- Up-to-date symlink: /home/khaledob/bookros2_ws/src/install/diff_drive_controller/share/diff_drive_controller/local_setup.dsv
[4.075s] -- Symlinking: /home/khaledob/bookros2_ws/src/install/diff_drive_controller/share/diff_drive_controller/package.dsv
[4.075s] -- Up-to-date symlink: /home/khaledob/bookros2_ws/src/install/diff_drive_controller/share/ament_index/resource_index/packages/diff_drive_controller
[4.075s] -- Up-to-date symlink: /home/khaledob/bookros2_ws/src/install/diff_drive_controller/share/ament_index/resource_index/controller_interface__pluginlib__plugin/diff_drive_controller
[4.075s] -- Up-to-date symlink: /home/khaledob/bookros2_ws/src/install/diff_drive_controller/share/diff_drive_controller/cmake/ament_cmake_export_dependencies-extras.cmake
[4.076s] -- Up-to-date symlink: /home/khaledob/bookros2_ws/src/install/diff_drive_controller/share/diff_drive_controller/cmake/ament_cmake_export_include_directories-extras.cmake
[4.100s] -- Up-to-date symlink: /home/khaledob/bookros2_ws/src/install/diff_drive_controller/share/diff_drive_controller/cmake/ament_cmake_export_libraries-extras.cmake
[4.107s] -- Up-to-date symlink: /home/khaledob/bookros2_ws/src/install/diff_drive_controller/share/diff_drive_controller/cmake/diff_drive_controllerConfig.cmake
[4.108s] -- Up-to-date symlink: /home/khaledob/bookros2_ws/src/install/diff_drive_controller/share/diff_drive_controller/cmake/diff_drive_controllerConfig-version.cmake
[4.108s] -- Up-to-date symlink: /home/khaledob/bookros2_ws/src/install/diff_drive_controller/share/diff_drive_controller/package.xml
[4.403s] Invoked command in '/home/khaledob/bookros2_ws/src/build/diff_drive_controller' returned '0': AMENT_PREFIX_PATH=/home/khaledob/bookros2_ws/src/install/controller_manager:/home/khaledob/bookros2_ws/src/install/controller_interface:/home/khaledob/bookros2_ws/src/install/hardware_interface:/home/khaledob/bookros2_ws/src/install/ros2_control_test_assets:/home/khaledob/bookros2_ws/src/install/controller_manager_msgs:${AMENT_PREFIX_PATH} CMAKE_PREFIX_PATH=/home/khaledob/bookros2_ws/src/install/controller_manager:/home/khaledob/bookros2_ws/src/install/controller_interface:/home/khaledob/bookros2_ws/src/install/hardware_interface:/home/khaledob/bookros2_ws/src/install/ros2_control_test_assets:/home/khaledob/bookros2_ws/src/install/controller_manager_msgs:/opt/ros/foxy LD_LIBRARY_PATH=/home/khaledob/bookros2_ws/src/install/controller_manager/lib:/home/khaledob/bookros2_ws/src/install/controller_interface/lib:/home/khaledob/bookros2_ws/src/install/hardware_interface/lib:/home/khaledob/bookros2_ws/src/install/controller_manager_msgs/lib:${LD_LIBRARY_PATH} PYTHONPATH=/home/khaledob/bookros2_ws/src/install/controller_manager/lib/python3.8/site-packages:/home/khaledob/bookros2_ws/src/install/controller_manager_msgs/lib/python3.8/site-packages:${PYTHONPATH} /usr/bin/cmake --install /home/khaledob/bookros2_ws/src/build/diff_drive_controller
