-- Found ament_cmake: 0.9.12 (/opt/ros/foxy/share/ament_cmake/cmake)
-- Using PYTHON_EXECUTABLE: /usr/bin/python3
-- Override CMake install command with custom implementation using symlinks instead of copying resources
-- Found rclcpp: 2.4.3 (/opt/ros/foxy/share/rclcpp/cmake)
-- Using all available rosidl_typesupport_c: rosidl_typesupport_fastrtps_c;rosidl_typesupport_introspection_c
-- Found rosidl_adapter: 1.3.1 (/opt/ros/foxy/share/rosidl_adapter/cmake)
-- Using all available rosidl_typesupport_cpp: rosidl_typesupport_fastrtps_cpp;rosidl_typesupport_introspection_cpp
-- Found rmw_implementation_cmake: 1.0.4 (/opt/ros/foxy/share/rmw_implementation_cmake/cmake)
-- Using RMW implementation 'rmw_fastrtps_cpp' as default
-- Found sensor_msgs: 2.0.5 (/opt/ros/foxy/share/sensor_msgs/cmake)
-- Found ament_lint_auto: 0.9.8 (/opt/ros/foxy/share/ament_lint_auto/cmake)
-- Added test 'copyright' to check source files copyright and LICENSE
-- Added test 'cppcheck' to perform static code analysis on C / C++ code
-- Configured cppcheck include dirs: $<BUILD_INTERFACE:/home/khaledob/bookros2_ws/src/task2a/include>
-- Configured cppcheck exclude dirs and/or files: 
-- Added test 'cpplint' to check C / C++ code against the Google style
-- Configured cpplint exclude dirs and/or files: 
-- Added test 'flake8' to check Python code syntax and style conventions
-- Added test 'lint_cmake' to check CMake code style
-- Added test 'pep257' to check Python code against some of the style conventions in PEP 257
-- Added test 'uncrustify' to check C / C++ code style
-- Configured uncrustify additional arguments: 
-- Added test 'xmllint' to check XML markup files
-- Configuring done
-- Generating done
-- Build files have been written to: /home/khaledob/bookros2_ws/build/task2a
[35m[1mScanning dependencies of target node[0m
[ 33%] [32mBuilding CXX object CMakeFiles/node.dir/src/task2a_main.cpp.o[0m
[ 66%] [32mBuilding CXX object CMakeFiles/node.dir/src/task2a/BumpGoNode2a.cpp.o[0m
[01m[K/home/khaledob/bookros2_ws/src/task2a/src/task2a/BumpGoNode2a.cpp:126:6:[m[K [01;31m[Kerror: [m[Kno declaration matches ‘[01m[Kbool task2a::BumpGoNode2a::check_turn_2_forward()[m[K’
  126 | bool [01;31m[KBumpGoNode2a[m[K::check_turn_2_forward()
      |      [01;31m[K^~~~~~~~~~~~[m[K
[01m[K/home/khaledob/bookros2_ws/src/task2a/src/task2a/BumpGoNode2a.cpp:126:6:[m[K [01;36m[Knote: [m[Kno functions named ‘[01m[Kbool task2a::BumpGoNode2a::check_turn_2_forward()[m[K’
In file included from [01m[K/home/khaledob/bookros2_ws/src/task2a/src/task2a/BumpGoNode2a.cpp:4[m[K:
[01m[K/home/khaledob/bookros2_ws/src/task2a/include/BumpGoNode2a.hpp:19:7:[m[K [01;36m[Knote: [m[K‘[01m[Kclass task2a::BumpGoNode2a[m[K’ defined here
   19 | class [01;36m[KBumpGoNode2a[m[K : public rclcpp::Node
      |       [01;36m[K^~~~~~~~~~~~[m[K
make[2]: *** [CMakeFiles/node.dir/build.make:76: CMakeFiles/node.dir/src/task2a/BumpGoNode2a.cpp.o] Error 1
make[1]: *** [CMakeFiles/Makefile2:78: CMakeFiles/node.dir/all] Error 2
make: *** [Makefile:141: all] Error 2
