[0.509s] Invoking command in '/home/khaledob/bookros2_ws/build/hardware_interface': AMENT_PREFIX_PATH=/home/khaledob/bookros2_ws/install/ros2_control_test_assets:${AMENT_PREFIX_PATH} CMAKE_PREFIX_PATH=/home/khaledob/bookros2_ws/install/ros2_control_test_assets:/opt/ros/foxy /usr/bin/cmake --build /home/khaledob/bookros2_ws/build/hardware_interface -- -j7 -l7
[0.743s] [ 17%] Built target hardware_interface
[0.812s] [ 26%] Built target gmock
[0.844s] [ 32%] Built target gmock_main
[0.978s] [ 44%] Built target test_components
[1.003s] [ 50%] Built target fake_components
[1.004s] [ 64%] Built target test_hardware_components
[1.095s] [ 70%] Built target test_component_interfaces
[1.135s] [ 76%] Built target test_joint_handle
[1.165s] [ 82%] Built target test_component_parser
[1.201s] [ 88%] Built target test_generic_system
[1.330s] [ 94%] Built target test_resource_manager
[1.362s] [100%] Built target test_macros
[1.804s] Invoked command in '/home/khaledob/bookros2_ws/build/hardware_interface' returned '0': AMENT_PREFIX_PATH=/home/khaledob/bookros2_ws/install/ros2_control_test_assets:${AMENT_PREFIX_PATH} CMAKE_PREFIX_PATH=/home/khaledob/bookros2_ws/install/ros2_control_test_assets:/opt/ros/foxy /usr/bin/cmake --build /home/khaledob/bookros2_ws/build/hardware_interface -- -j7 -l7
[1.813s] Invoking command in '/home/khaledob/bookros2_ws/build/hardware_interface': AMENT_PREFIX_PATH=/home/khaledob/bookros2_ws/install/ros2_control_test_assets:${AMENT_PREFIX_PATH} CMAKE_PREFIX_PATH=/home/khaledob/bookros2_ws/install/ros2_control_test_assets:/opt/ros/foxy /usr/bin/cmake --install /home/khaledob/bookros2_ws/build/hardware_interface
[1.906s] -- Install configuration: ""
[1.906s] -- Execute custom install script
[1.906s] -- Up-to-date symlink: /home/khaledob/bookros2_ws/install/hardware_interface/share/hardware_interface//fake_components_plugin_description.xml
[1.907s] -- Up-to-date symlink: /home/khaledob/bookros2_ws/install/hardware_interface/include/fake_components/generic_system.hpp
[1.907s] -- Up-to-date symlink: /home/khaledob/bookros2_ws/install/hardware_interface/include/fake_components/visibility_control.h
[1.908s] -- Up-to-date symlink: /home/khaledob/bookros2_ws/install/hardware_interface/include/hardware_interface/actuator.hpp
[1.908s] -- Up-to-date symlink: /home/khaledob/bookros2_ws/install/hardware_interface/include/hardware_interface/actuator_interface.hpp
[1.913s] -- Up-to-date symlink: /home/khaledob/bookros2_ws/install/hardware_interface/include/hardware_interface/base_interface.hpp
[1.914s] -- Up-to-date symlink: /home/khaledob/bookros2_ws/install/hardware_interface/include/hardware_interface/component_parser.hpp
[1.914s] -- Up-to-date symlink: /home/khaledob/bookros2_ws/install/hardware_interface/include/hardware_interface/controller_info.hpp
[1.915s] -- Up-to-date symlink: /home/khaledob/bookros2_ws/install/hardware_interface/include/hardware_interface/handle.hpp
[1.915s] -- Up-to-date symlink: /home/khaledob/bookros2_ws/install/hardware_interface/include/hardware_interface/hardware_info.hpp
[1.952s] -- Up-to-date symlink: /home/khaledob/bookros2_ws/install/hardware_interface/include/hardware_interface/loaned_command_interface.hpp
[1.956s] -- Up-to-date symlink: /home/khaledob/bookros2_ws/install/hardware_interface/include/hardware_interface/loaned_state_interface.hpp
[1.956s] -- Up-to-date symlink: /home/khaledob/bookros2_ws/install/hardware_interface/include/hardware_interface/macros.hpp
[1.956s] -- Up-to-date symlink: /home/khaledob/bookros2_ws/install/hardware_interface/include/hardware_interface/resource_manager.hpp
[1.956s] -- Up-to-date symlink: /home/khaledob/bookros2_ws/install/hardware_interface/include/hardware_interface/sensor.hpp
[1.956s] -- Up-to-date symlink: /home/khaledob/bookros2_ws/install/hardware_interface/include/hardware_interface/sensor_interface.hpp
[1.956s] -- Up-to-date symlink: /home/khaledob/bookros2_ws/install/hardware_interface/include/hardware_interface/system.hpp
[1.956s] -- Up-to-date symlink: /home/khaledob/bookros2_ws/install/hardware_interface/include/hardware_interface/system_interface.hpp
[1.956s] -- Up-to-date symlink: /home/khaledob/bookros2_ws/install/hardware_interface/include/hardware_interface/types/hardware_interface_return_values.hpp
[1.956s] -- Up-to-date symlink: /home/khaledob/bookros2_ws/install/hardware_interface/include/hardware_interface/types/hardware_interface_status_values.hpp
[1.956s] -- Up-to-date symlink: /home/khaledob/bookros2_ws/install/hardware_interface/include/hardware_interface/types/hardware_interface_type_values.hpp
[1.957s] -- Up-to-date symlink: /home/khaledob/bookros2_ws/install/hardware_interface/include/hardware_interface/visibility_control.h
[1.957s] -- Up-to-date symlink: /home/khaledob/bookros2_ws/install/hardware_interface/lib/libfake_components.so
[1.957s] -- Up-to-date symlink: /home/khaledob/bookros2_ws/install/hardware_interface/lib/libhardware_interface.so
[1.957s] -- Up-to-date symlink: /home/khaledob/bookros2_ws/install/hardware_interface/lib/libtest_components.so
[1.957s] -- Up-to-date symlink: /home/khaledob/bookros2_ws/install/hardware_interface/share/hardware_interface/test/test_components/test_components.xml
[1.957s] -- Up-to-date symlink: /home/khaledob/bookros2_ws/install/hardware_interface/lib/libtest_hardware_components.so
[1.957s] -- Up-to-date symlink: /home/khaledob/bookros2_ws/install/hardware_interface/share/hardware_interface/test/test_hardware_components/test_hardware_components.xml
[1.957s] -- Up-to-date symlink: /home/khaledob/bookros2_ws/install/hardware_interface/share/hardware_interface/environment/library_path.sh
[1.959s] -- Up-to-date symlink: /home/khaledob/bookros2_ws/install/hardware_interface/share/hardware_interface/environment/library_path.dsv
[1.959s] -- Up-to-date symlink: /home/khaledob/bookros2_ws/install/hardware_interface/share/ament_index/resource_index/package_run_dependencies/hardware_interface
[1.959s] -- Up-to-date symlink: /home/khaledob/bookros2_ws/install/hardware_interface/share/ament_index/resource_index/parent_prefix_path/hardware_interface
[1.960s] -- Up-to-date symlink: /home/khaledob/bookros2_ws/install/hardware_interface/share/hardware_interface/environment/ament_prefix_path.sh
[1.960s] -- Up-to-date symlink: /home/khaledob/bookros2_ws/install/hardware_interface/share/hardware_interface/environment/ament_prefix_path.dsv
[1.960s] -- Up-to-date symlink: /home/khaledob/bookros2_ws/install/hardware_interface/share/hardware_interface/environment/path.sh
[1.960s] -- Up-to-date symlink: /home/khaledob/bookros2_ws/install/hardware_interface/share/hardware_interface/environment/path.dsv
[1.960s] -- Up-to-date symlink: /home/khaledob/bookros2_ws/install/hardware_interface/share/hardware_interface/local_setup.bash
[1.960s] -- Up-to-date symlink: /home/khaledob/bookros2_ws/install/hardware_interface/share/hardware_interface/local_setup.sh
[1.960s] -- Up-to-date symlink: /home/khaledob/bookros2_ws/install/hardware_interface/share/hardware_interface/local_setup.zsh
[1.960s] -- Up-to-date symlink: /home/khaledob/bookros2_ws/install/hardware_interface/share/hardware_interface/local_setup.dsv
[1.960s] -- Symlinking: /home/khaledob/bookros2_ws/install/hardware_interface/share/hardware_interface/package.dsv
[1.960s] -- Up-to-date symlink: /home/khaledob/bookros2_ws/install/hardware_interface/share/ament_index/resource_index/packages/hardware_interface
[1.961s] -- Up-to-date symlink: /home/khaledob/bookros2_ws/install/hardware_interface/share/ament_index/resource_index/hardware_interface__pluginlib__plugin/hardware_interface
[1.961s] -- Up-to-date symlink: /home/khaledob/bookros2_ws/install/hardware_interface/share/hardware_interface/cmake/ament_cmake_export_include_directories-extras.cmake
[1.961s] -- Up-to-date symlink: /home/khaledob/bookros2_ws/install/hardware_interface/share/hardware_interface/cmake/ament_cmake_export_libraries-extras.cmake
[1.961s] -- Up-to-date symlink: /home/khaledob/bookros2_ws/install/hardware_interface/share/hardware_interface/cmake/ament_cmake_export_dependencies-extras.cmake
[1.961s] -- Up-to-date symlink: /home/khaledob/bookros2_ws/install/hardware_interface/share/hardware_interface/cmake/hardware_interfaceConfig.cmake
[1.961s] -- Up-to-date symlink: /home/khaledob/bookros2_ws/install/hardware_interface/share/hardware_interface/cmake/hardware_interfaceConfig-version.cmake
[1.961s] -- Up-to-date symlink: /home/khaledob/bookros2_ws/install/hardware_interface/share/hardware_interface/package.xml
[2.195s] Invoked command in '/home/khaledob/bookros2_ws/build/hardware_interface' returned '0': AMENT_PREFIX_PATH=/home/khaledob/bookros2_ws/install/ros2_control_test_assets:${AMENT_PREFIX_PATH} CMAKE_PREFIX_PATH=/home/khaledob/bookros2_ws/install/ros2_control_test_assets:/opt/ros/foxy /usr/bin/cmake --install /home/khaledob/bookros2_ws/build/hardware_interface
