[1.080s] Invoking command in '/home/khaledob/bookros2_ws/build/effort_controllers': AMENT_PREFIX_PATH=/home/khaledob/bookros2_ws/install/forward_command_controller:/home/khaledob/bookros2_ws/install/controller_manager:/home/khaledob/bookros2_ws/install/controller_interface:/home/khaledob/bookros2_ws/install/hardware_interface:/home/khaledob/bookros2_ws/install/ros2_control_test_assets:/home/khaledob/bookros2_ws/install/controller_manager_msgs:${AMENT_PREFIX_PATH} CMAKE_PREFIX_PATH=/home/khaledob/bookros2_ws/install/forward_command_controller:/home/khaledob/bookros2_ws/install/controller_manager:/home/khaledob/bookros2_ws/install/controller_interface:/home/khaledob/bookros2_ws/install/hardware_interface:/home/khaledob/bookros2_ws/install/ros2_control_test_assets:/home/khaledob/bookros2_ws/install/controller_manager_msgs:/opt/ros/foxy LD_LIBRARY_PATH=/home/khaledob/bookros2_ws/install/forward_command_controller/lib:/home/khaledob/bookros2_ws/install/controller_manager/lib:/home/khaledob/bookros2_ws/install/controller_interface/lib:/home/khaledob/bookros2_ws/install/hardware_interface/lib:/home/khaledob/bookros2_ws/install/controller_manager_msgs/lib:${LD_LIBRARY_PATH} PYTHONPATH=/home/khaledob/bookros2_ws/install/controller_manager/lib/python3.8/site-packages:/home/khaledob/bookros2_ws/install/controller_manager_msgs/lib/python3.8/site-packages:${PYTHONPATH} /usr/bin/cmake --build /home/khaledob/bookros2_ws/build/effort_controllers -- -j7 -l7
[2.091s] [ 27%] Built target gmock
[2.208s] [ 45%] Built target gmock_main
[2.259s] [ 63%] Built target effort_controllers
[2.522s] [ 81%] Built target test_load_joint_group_effort_controller
[3.072s] [100%] Built target test_joint_group_effort_controller
[3.417s] Invoked command in '/home/khaledob/bookros2_ws/build/effort_controllers' returned '0': AMENT_PREFIX_PATH=/home/khaledob/bookros2_ws/install/forward_command_controller:/home/khaledob/bookros2_ws/install/controller_manager:/home/khaledob/bookros2_ws/install/controller_interface:/home/khaledob/bookros2_ws/install/hardware_interface:/home/khaledob/bookros2_ws/install/ros2_control_test_assets:/home/khaledob/bookros2_ws/install/controller_manager_msgs:${AMENT_PREFIX_PATH} CMAKE_PREFIX_PATH=/home/khaledob/bookros2_ws/install/forward_command_controller:/home/khaledob/bookros2_ws/install/controller_manager:/home/khaledob/bookros2_ws/install/controller_interface:/home/khaledob/bookros2_ws/install/hardware_interface:/home/khaledob/bookros2_ws/install/ros2_control_test_assets:/home/khaledob/bookros2_ws/install/controller_manager_msgs:/opt/ros/foxy LD_LIBRARY_PATH=/home/khaledob/bookros2_ws/install/forward_command_controller/lib:/home/khaledob/bookros2_ws/install/controller_manager/lib:/home/khaledob/bookros2_ws/install/controller_interface/lib:/home/khaledob/bookros2_ws/install/hardware_interface/lib:/home/khaledob/bookros2_ws/install/controller_manager_msgs/lib:${LD_LIBRARY_PATH} PYTHONPATH=/home/khaledob/bookros2_ws/install/controller_manager/lib/python3.8/site-packages:/home/khaledob/bookros2_ws/install/controller_manager_msgs/lib/python3.8/site-packages:${PYTHONPATH} /usr/bin/cmake --build /home/khaledob/bookros2_ws/build/effort_controllers -- -j7 -l7
[3.523s] Invoking command in '/home/khaledob/bookros2_ws/build/effort_controllers': AMENT_PREFIX_PATH=/home/khaledob/bookros2_ws/install/forward_command_controller:/home/khaledob/bookros2_ws/install/controller_manager:/home/khaledob/bookros2_ws/install/controller_interface:/home/khaledob/bookros2_ws/install/hardware_interface:/home/khaledob/bookros2_ws/install/ros2_control_test_assets:/home/khaledob/bookros2_ws/install/controller_manager_msgs:${AMENT_PREFIX_PATH} CMAKE_PREFIX_PATH=/home/khaledob/bookros2_ws/install/forward_command_controller:/home/khaledob/bookros2_ws/install/controller_manager:/home/khaledob/bookros2_ws/install/controller_interface:/home/khaledob/bookros2_ws/install/hardware_interface:/home/khaledob/bookros2_ws/install/ros2_control_test_assets:/home/khaledob/bookros2_ws/install/controller_manager_msgs:/opt/ros/foxy LD_LIBRARY_PATH=/home/khaledob/bookros2_ws/install/forward_command_controller/lib:/home/khaledob/bookros2_ws/install/controller_manager/lib:/home/khaledob/bookros2_ws/install/controller_interface/lib:/home/khaledob/bookros2_ws/install/hardware_interface/lib:/home/khaledob/bookros2_ws/install/controller_manager_msgs/lib:${LD_LIBRARY_PATH} PYTHONPATH=/home/khaledob/bookros2_ws/install/controller_manager/lib/python3.8/site-packages:/home/khaledob/bookros2_ws/install/controller_manager_msgs/lib/python3.8/site-packages:${PYTHONPATH} /usr/bin/cmake --install /home/khaledob/bookros2_ws/build/effort_controllers
[3.558s] -- Install configuration: ""
[3.587s] -- Execute custom install script
[3.756s] -- Up-to-date symlink: /home/khaledob/bookros2_ws/install/effort_controllers/share/effort_controllers//effort_controllers_plugins.xml
[3.759s] -- Up-to-date symlink: /home/khaledob/bookros2_ws/install/effort_controllers/include/effort_controllers/joint_group_effort_controller.hpp
[3.760s] -- Up-to-date symlink: /home/khaledob/bookros2_ws/install/effort_controllers/include/effort_controllers/visibility_control.h
[3.761s] -- Up-to-date symlink: /home/khaledob/bookros2_ws/install/effort_controllers/lib/libeffort_controllers.so
[3.763s] -- Up-to-date symlink: /home/khaledob/bookros2_ws/install/effort_controllers/share/effort_controllers/environment/library_path.sh
[3.763s] -- Up-to-date symlink: /home/khaledob/bookros2_ws/install/effort_controllers/share/effort_controllers/environment/library_path.dsv
[3.780s] -- Up-to-date symlink: /home/khaledob/bookros2_ws/install/effort_controllers/share/ament_index/resource_index/package_run_dependencies/effort_controllers
[3.785s] -- Up-to-date symlink: /home/khaledob/bookros2_ws/install/effort_controllers/share/ament_index/resource_index/parent_prefix_path/effort_controllers
[3.786s] -- Up-to-date symlink: /home/khaledob/bookros2_ws/install/effort_controllers/share/effort_controllers/environment/ament_prefix_path.sh
[3.792s] -- Up-to-date symlink: /home/khaledob/bookros2_ws/install/effort_controllers/share/effort_controllers/environment/ament_prefix_path.dsv
[3.807s] -- Up-to-date symlink: /home/khaledob/bookros2_ws/install/effort_controllers/share/effort_controllers/environment/path.sh
[3.810s] -- Up-to-date symlink: /home/khaledob/bookros2_ws/install/effort_controllers/share/effort_controllers/environment/path.dsv
[3.811s] -- Up-to-date symlink: /home/khaledob/bookros2_ws/install/effort_controllers/share/effort_controllers/local_setup.bash
[3.813s] -- Up-to-date symlink: /home/khaledob/bookros2_ws/install/effort_controllers/share/effort_controllers/local_setup.sh
[3.844s] -- Up-to-date symlink: /home/khaledob/bookros2_ws/install/effort_controllers/share/effort_controllers/local_setup.zsh
[3.845s] -- Up-to-date symlink: /home/khaledob/bookros2_ws/install/effort_controllers/share/effort_controllers/local_setup.dsv
[3.846s] -- Symlinking: /home/khaledob/bookros2_ws/install/effort_controllers/share/effort_controllers/package.dsv
[3.852s] -- Up-to-date symlink: /home/khaledob/bookros2_ws/install/effort_controllers/share/ament_index/resource_index/packages/effort_controllers
[3.905s] -- Up-to-date symlink: /home/khaledob/bookros2_ws/install/effort_controllers/share/ament_index/resource_index/controller_interface__pluginlib__plugin/effort_controllers
[3.906s] -- Up-to-date symlink: /home/khaledob/bookros2_ws/install/effort_controllers/share/effort_controllers/cmake/ament_cmake_export_dependencies-extras.cmake
[3.906s] -- Up-to-date symlink: /home/khaledob/bookros2_ws/install/effort_controllers/share/effort_controllers/cmake/ament_cmake_export_include_directories-extras.cmake
[3.958s] -- Up-to-date symlink: /home/khaledob/bookros2_ws/install/effort_controllers/share/effort_controllers/cmake/ament_cmake_export_libraries-extras.cmake
[3.958s] -- Up-to-date symlink: /home/khaledob/bookros2_ws/install/effort_controllers/share/effort_controllers/cmake/effort_controllersConfig.cmake
[3.961s] -- Up-to-date symlink: /home/khaledob/bookros2_ws/install/effort_controllers/share/effort_controllers/cmake/effort_controllersConfig-version.cmake
[3.962s] -- Up-to-date symlink: /home/khaledob/bookros2_ws/install/effort_controllers/share/effort_controllers/package.xml
[4.126s] Invoked command in '/home/khaledob/bookros2_ws/build/effort_controllers' returned '0': AMENT_PREFIX_PATH=/home/khaledob/bookros2_ws/install/forward_command_controller:/home/khaledob/bookros2_ws/install/controller_manager:/home/khaledob/bookros2_ws/install/controller_interface:/home/khaledob/bookros2_ws/install/hardware_interface:/home/khaledob/bookros2_ws/install/ros2_control_test_assets:/home/khaledob/bookros2_ws/install/controller_manager_msgs:${AMENT_PREFIX_PATH} CMAKE_PREFIX_PATH=/home/khaledob/bookros2_ws/install/forward_command_controller:/home/khaledob/bookros2_ws/install/controller_manager:/home/khaledob/bookros2_ws/install/controller_interface:/home/khaledob/bookros2_ws/install/hardware_interface:/home/khaledob/bookros2_ws/install/ros2_control_test_assets:/home/khaledob/bookros2_ws/install/controller_manager_msgs:/opt/ros/foxy LD_LIBRARY_PATH=/home/khaledob/bookros2_ws/install/forward_command_controller/lib:/home/khaledob/bookros2_ws/install/controller_manager/lib:/home/khaledob/bookros2_ws/install/controller_interface/lib:/home/khaledob/bookros2_ws/install/hardware_interface/lib:/home/khaledob/bookros2_ws/install/controller_manager_msgs/lib:${LD_LIBRARY_PATH} PYTHONPATH=/home/khaledob/bookros2_ws/install/controller_manager/lib/python3.8/site-packages:/home/khaledob/bookros2_ws/install/controller_manager_msgs/lib/python3.8/site-packages:${PYTHONPATH} /usr/bin/cmake --install /home/khaledob/bookros2_ws/build/effort_controllers
