[0.045s] Invoking command in '/home/khaledob/bookros2_ws/build/task1': CMAKE_PREFIX_PATH=/opt/ros/foxy /usr/bin/cmake --build /home/khaledob/bookros2_ws/build/task1 -- -j7 -l7
[0.246s] -- Found ament_cmake: 0.9.12 (/opt/ros/foxy/share/ament_cmake/cmake)
[0.340s] -- Using PYTHON_EXECUTABLE: /usr/bin/python3
[1.478s] -- Override CMake install command with custom implementation using symlinks instead of copying resources
[1.622s] -- Found rclcpp: 2.4.3 (/opt/ros/foxy/share/rclcpp/cmake)
[1.706s] -- Using all available rosidl_typesupport_c: rosidl_typesupport_fastrtps_c;rosidl_typesupport_introspection_c
[1.718s] -- Found rosidl_adapter: 1.3.1 (/opt/ros/foxy/share/rosidl_adapter/cmake)
[2.170s] -- Using all available rosidl_typesupport_cpp: rosidl_typesupport_fastrtps_cpp;rosidl_typesupport_introspection_cpp
[2.249s] -- Found rmw_implementation_cmake: 1.0.4 (/opt/ros/foxy/share/rmw_implementation_cmake/cmake)
[2.249s] -- Using RMW implementation 'rmw_fastrtps_cpp' as default
[2.730s] -- Found sensor_msgs: 2.0.5 (/opt/ros/foxy/share/sensor_msgs/cmake)
[3.193s] -- Found ament_lint_auto: 0.9.8 (/opt/ros/foxy/share/ament_lint_auto/cmake)
[3.508s] -- Added test 'copyright' to check source files copyright and LICENSE
[3.518s] -- Added test 'cppcheck' to perform static code analysis on C / C++ code
[3.521s] -- Configured cppcheck include dirs: $<BUILD_INTERFACE:/home/khaledob/bookros2_ws/src/task1/include>
[3.524s] -- Configured cppcheck exclude dirs and/or files: 
[3.526s] -- Added test 'cpplint' to check C / C++ code against the Google style
[3.573s] -- Configured cpplint exclude dirs and/or files: 
[3.574s] -- Added test 'lint_cmake' to check CMake code style
[3.574s] -- Added test 'uncrustify' to check C / C++ code style
[3.575s] -- Configured uncrustify additional arguments: 
[3.575s] -- Added test 'xmllint' to check XML markup files
[3.575s] -- Configuring done
[3.580s] -- Generating done
[3.580s] -- Build files have been written to: /home/khaledob/bookros2_ws/build/task1
[3.703s] [35m[1mScanning dependencies of target node[0m
[3.843s] [ 33%] [32mBuilding CXX object CMakeFiles/node.dir/src/BumpGoNode1.cpp.o[0m
[3.843s] [ 66%] [32mBuilding CXX object CMakeFiles/node.dir/src/task1_main.cpp.o[0m
[8.011s] [01m[K/home/khaledob/bookros2_ws/src/task1/src/task1_main.cpp:[m[K In function ‘[01m[Kint main(int, char**)[m[K’:
[8.011s] [01m[K/home/khaledob/bookros2_ws/src/task1/src/task1_main.cpp:12:16:[m[K [01;31m[Kerror: [m[K‘[01m[Kbumpgo_node[m[K’ was not declared in this scope
[8.012s]    12 |   rclcpp::spin([01;31m[Kbumpgo_node[m[K);
[8.012s]       |                [01;31m[K^~~~~~~~~~~[m[K
[8.928s] make[2]: *** [CMakeFiles/node.dir/build.make:63: CMakeFiles/node.dir/src/task1_main.cpp.o] Error 1
[8.928s] make[2]: *** Waiting for unfinished jobs....
[14.018s] make[1]: *** [CMakeFiles/Makefile2:78: CMakeFiles/node.dir/all] Error 2
[14.018s] make: *** [Makefile:141: all] Error 2
[14.024s] Invoked command in '/home/khaledob/bookros2_ws/build/task1' returned '2': CMAKE_PREFIX_PATH=/opt/ros/foxy /usr/bin/cmake --build /home/khaledob/bookros2_ws/build/task1 -- -j7 -l7
