[0.409s] Invoking command in '/home/khaledob/bookros2_ws/build/t1': CMAKE_PREFIX_PATH=/opt/ros/foxy /usr/bin/cmake /home/khaledob/bookros2_ws/src/t1 -DAMENT_CMAKE_SYMLINK_INSTALL=1 -DCMAKE_INSTALL_PREFIX=/home/khaledob/bookros2_ws/install/t1
[0.550s] -- Found ament_cmake: 0.9.12 (/opt/ros/foxy/share/ament_cmake/cmake)
[0.748s] -- Using PYTHON_EXECUTABLE: /usr/bin/python3
[1.748s] -- Override CMake install command with custom implementation using symlinks instead of copying resources
[1.812s] -- Found rclcpp: 2.4.3 (/opt/ros/foxy/share/rclcpp/cmake)
[2.296s] -- Using all available rosidl_typesupport_c: rosidl_typesupport_fastrtps_c;rosidl_typesupport_introspection_c
[2.391s] -- Found rosidl_adapter: 1.3.1 (/opt/ros/foxy/share/rosidl_adapter/cmake)
[3.402s] -- Using all available rosidl_typesupport_cpp: rosidl_typesupport_fastrtps_cpp;rosidl_typesupport_introspection_cpp
[3.751s] -- Found rmw_implementation_cmake: 1.0.4 (/opt/ros/foxy/share/rmw_implementation_cmake/cmake)
[3.782s] -- Using RMW implementation 'rmw_fastrtps_cpp' as default
[4.674s] -- Found sensor_msgs: 2.0.5 (/opt/ros/foxy/share/sensor_msgs/cmake)
[5.294s] -- Found ament_lint_auto: 0.9.8 (/opt/ros/foxy/share/ament_lint_auto/cmake)
[5.459s] -- Added test 'copyright' to check source files copyright and LICENSE
[5.459s] -- Added test 'cppcheck' to perform static code analysis on C / C++ code
[5.491s] -- Configured cppcheck include dirs: /home/khaledob/bookros2_ws/src/t1/include
[5.491s] -- Configured cppcheck exclude dirs and/or files: 
[5.491s] -- Added test 'cpplint' to check C / C++ code against the Google style
[5.491s] -- Configured cpplint exclude dirs and/or files: 
[5.492s] -- Added test 'flake8' to check Python code syntax and style conventions
[5.492s] -- Added test 'lint_cmake' to check CMake code style
[5.556s] -- Added test 'pep257' to check Python code against some of the style conventions in PEP 257
[5.556s] -- Added test 'uncrustify' to check C / C++ code style
[5.556s] -- Configured uncrustify additional arguments: 
[5.556s] -- Added test 'xmllint' to check XML markup files
[5.593s] -- Configuring done
[5.677s] -- Generating done
[5.701s] -- Build files have been written to: /home/khaledob/bookros2_ws/build/t1
[5.984s] Invoked command in '/home/khaledob/bookros2_ws/build/t1' returned '0': CMAKE_PREFIX_PATH=/opt/ros/foxy /usr/bin/cmake /home/khaledob/bookros2_ws/src/t1 -DAMENT_CMAKE_SYMLINK_INSTALL=1 -DCMAKE_INSTALL_PREFIX=/home/khaledob/bookros2_ws/install/t1
[6.052s] Invoking command in '/home/khaledob/bookros2_ws/build/t1': CMAKE_PREFIX_PATH=/opt/ros/foxy /usr/bin/cmake --build /home/khaledob/bookros2_ws/build/t1 -- -j7 -l7
[6.558s] [100%] Built target bumpgo
[6.712s] Invoked command in '/home/khaledob/bookros2_ws/build/t1' returned '0': CMAKE_PREFIX_PATH=/opt/ros/foxy /usr/bin/cmake --build /home/khaledob/bookros2_ws/build/t1 -- -j7 -l7
[6.732s] Invoking command in '/home/khaledob/bookros2_ws/build/t1': CMAKE_PREFIX_PATH=/opt/ros/foxy /usr/bin/cmake --install /home/khaledob/bookros2_ws/build/t1
[6.802s] -- Install configuration: ""
[6.806s] -- Execute custom install script
[6.810s] -- Up-to-date symlink: /home/khaledob/bookros2_ws/install/t1/lib/t1/bumpgo
[6.811s] -- Up-to-date symlink: /home/khaledob/bookros2_ws/install/t1/share/t1/launch/bump_and_go.launch.py
[6.822s] -- Up-to-date symlink: /home/khaledob/bookros2_ws/install/t1/share/ament_index/resource_index/package_run_dependencies/t1
[6.822s] -- Up-to-date symlink: /home/khaledob/bookros2_ws/install/t1/share/ament_index/resource_index/parent_prefix_path/t1
[6.824s] -- Up-to-date symlink: /home/khaledob/bookros2_ws/install/t1/share/t1/environment/ament_prefix_path.sh
[6.825s] -- Up-to-date symlink: /home/khaledob/bookros2_ws/install/t1/share/t1/environment/ament_prefix_path.dsv
[6.826s] -- Up-to-date symlink: /home/khaledob/bookros2_ws/install/t1/share/t1/environment/path.sh
[6.833s] -- Up-to-date symlink: /home/khaledob/bookros2_ws/install/t1/share/t1/environment/path.dsv
[6.834s] -- Up-to-date symlink: /home/khaledob/bookros2_ws/install/t1/share/t1/local_setup.bash
[6.844s] -- Up-to-date symlink: /home/khaledob/bookros2_ws/install/t1/share/t1/local_setup.sh
[6.845s] -- Up-to-date symlink: /home/khaledob/bookros2_ws/install/t1/share/t1/local_setup.zsh
[6.846s] -- Up-to-date symlink: /home/khaledob/bookros2_ws/install/t1/share/t1/local_setup.dsv
[6.869s] -- Symlinking: /home/khaledob/bookros2_ws/install/t1/share/t1/package.dsv
[6.937s] -- Up-to-date symlink: /home/khaledob/bookros2_ws/install/t1/share/ament_index/resource_index/packages/t1
[6.969s] -- Up-to-date symlink: /home/khaledob/bookros2_ws/install/t1/share/t1/cmake/t1Config.cmake
[6.970s] -- Up-to-date symlink: /home/khaledob/bookros2_ws/install/t1/share/t1/cmake/t1Config-version.cmake
[6.970s] -- Up-to-date symlink: /home/khaledob/bookros2_ws/install/t1/share/t1/package.xml
[7.035s] Invoked command in '/home/khaledob/bookros2_ws/build/t1' returned '0': CMAKE_PREFIX_PATH=/opt/ros/foxy /usr/bin/cmake --install /home/khaledob/bookros2_ws/build/t1
