[0.370s] Invoking command in '/home/khaledob/bookros2_ws/build/br2_vff_avoidance': CMAKE_PREFIX_PATH=/opt/ros/foxy /usr/bin/cmake --build /home/khaledob/bookros2_ws/build/br2_vff_avoidance -- -j7 -l7
[0.541s] [ 20%] Built target gtest
[0.553s] [ 40%] Built target br2_vff_avoidance
[0.574s] [ 60%] Built target gtest_main
[0.799s] [ 80%] Built target avoidance_vff
[0.800s] [100%] Built target vff_test
[0.941s] Invoked command in '/home/khaledob/bookros2_ws/build/br2_vff_avoidance' returned '0': CMAKE_PREFIX_PATH=/opt/ros/foxy /usr/bin/cmake --build /home/khaledob/bookros2_ws/build/br2_vff_avoidance -- -j7 -l7
[0.950s] Invoking command in '/home/khaledob/bookros2_ws/build/br2_vff_avoidance': CMAKE_PREFIX_PATH=/opt/ros/foxy /usr/bin/cmake --install /home/khaledob/bookros2_ws/build/br2_vff_avoidance
[0.990s] -- Install configuration: "Debug"
[0.991s] -- Execute custom install script
[0.993s] -- Up-to-date symlink: /home/khaledob/bookros2_ws/install/br2_vff_avoidance/lib/libbr2_vff_avoidance.so
[0.994s] -- Up-to-date symlink: /home/khaledob/bookros2_ws/install/br2_vff_avoidance/lib/br2_vff_avoidance/avoidance_vff
[0.996s] -- Up-to-date symlink: /home/khaledob/bookros2_ws/install/br2_vff_avoidance/share/br2_vff_avoidance/launch/avoidance_vff.launch.py
[0.996s] -- Up-to-date symlink: /home/khaledob/bookros2_ws/install/br2_vff_avoidance/share/ament_index/resource_index/package_run_dependencies/br2_vff_avoidance
[0.996s] -- Up-to-date symlink: /home/khaledob/bookros2_ws/install/br2_vff_avoidance/share/ament_index/resource_index/parent_prefix_path/br2_vff_avoidance
[0.996s] -- Up-to-date symlink: /home/khaledob/bookros2_ws/install/br2_vff_avoidance/share/br2_vff_avoidance/environment/ament_prefix_path.sh
[0.996s] -- Up-to-date symlink: /home/khaledob/bookros2_ws/install/br2_vff_avoidance/share/br2_vff_avoidance/environment/ament_prefix_path.dsv
[0.996s] -- Up-to-date symlink: /home/khaledob/bookros2_ws/install/br2_vff_avoidance/share/br2_vff_avoidance/environment/path.sh
[0.999s] -- Up-to-date symlink: /home/khaledob/bookros2_ws/install/br2_vff_avoidance/share/br2_vff_avoidance/environment/path.dsv
[0.999s] -- Up-to-date symlink: /home/khaledob/bookros2_ws/install/br2_vff_avoidance/share/br2_vff_avoidance/local_setup.bash
[0.999s] -- Up-to-date symlink: /home/khaledob/bookros2_ws/install/br2_vff_avoidance/share/br2_vff_avoidance/local_setup.sh
[0.999s] -- Up-to-date symlink: /home/khaledob/bookros2_ws/install/br2_vff_avoidance/share/br2_vff_avoidance/local_setup.zsh
[0.999s] -- Up-to-date symlink: /home/khaledob/bookros2_ws/install/br2_vff_avoidance/share/br2_vff_avoidance/local_setup.dsv
[1.000s] -- Symlinking: /home/khaledob/bookros2_ws/install/br2_vff_avoidance/share/br2_vff_avoidance/package.dsv
[1.031s] -- Up-to-date symlink: /home/khaledob/bookros2_ws/install/br2_vff_avoidance/share/ament_index/resource_index/packages/br2_vff_avoidance
[1.031s] -- Up-to-date symlink: /home/khaledob/bookros2_ws/install/br2_vff_avoidance/share/br2_vff_avoidance/cmake/ament_cmake_export_dependencies-extras.cmake
[1.031s] -- Up-to-date symlink: /home/khaledob/bookros2_ws/install/br2_vff_avoidance/share/br2_vff_avoidance/cmake/br2_vff_avoidanceConfig.cmake
[1.031s] -- Up-to-date symlink: /home/khaledob/bookros2_ws/install/br2_vff_avoidance/share/br2_vff_avoidance/cmake/br2_vff_avoidanceConfig-version.cmake
[1.031s] -- Up-to-date symlink: /home/khaledob/bookros2_ws/install/br2_vff_avoidance/share/br2_vff_avoidance/package.xml
[1.061s] Invoked command in '/home/khaledob/bookros2_ws/build/br2_vff_avoidance' returned '0': CMAKE_PREFIX_PATH=/opt/ros/foxy /usr/bin/cmake --install /home/khaledob/bookros2_ws/build/br2_vff_avoidance
