[0.229s] Invoking command in '/home/khaledob/bookros2_ws/build/diff_drive_controller': AMENT_PREFIX_PATH=/home/khaledob/bookros2_ws/install/controller_manager:/home/khaledob/bookros2_ws/install/controller_interface:/home/khaledob/bookros2_ws/install/hardware_interface:/home/khaledob/bookros2_ws/install/ros2_control_test_assets:/home/khaledob/bookros2_ws/install/controller_manager_msgs:${AMENT_PREFIX_PATH} CMAKE_PREFIX_PATH=/home/khaledob/bookros2_ws/install/controller_manager:/home/khaledob/bookros2_ws/install/controller_interface:/home/khaledob/bookros2_ws/install/hardware_interface:/home/khaledob/bookros2_ws/install/ros2_control_test_assets:/home/khaledob/bookros2_ws/install/controller_manager_msgs:/opt/ros/foxy LD_LIBRARY_PATH=/home/khaledob/bookros2_ws/install/controller_manager/lib:/home/khaledob/bookros2_ws/install/controller_interface/lib:/home/khaledob/bookros2_ws/install/hardware_interface/lib:/home/khaledob/bookros2_ws/install/controller_manager_msgs/lib:${LD_LIBRARY_PATH} PYTHONPATH=/home/khaledob/bookros2_ws/install/controller_manager/lib/python3.8/site-packages:/home/khaledob/bookros2_ws/install/controller_manager_msgs/lib/python3.8/site-packages:${PYTHONPATH} /usr/bin/cmake /home/khaledob/bookros2_ws/src/ThirdParty/ros2_controllers/diff_drive_controller -DAMENT_CMAKE_SYMLINK_INSTALL=1 -DCMAKE_INSTALL_PREFIX=/home/khaledob/bookros2_ws/install/diff_drive_controller
[0.379s] -- The C compiler identification is GNU 9.4.0
[0.468s] -- The CXX compiler identification is GNU 9.4.0
[0.476s] -- Check for working C compiler: /usr/bin/cc
[0.596s] -- Check for working C compiler: /usr/bin/cc -- works
[0.597s] -- Detecting C compiler ABI info
[0.718s] -- Detecting C compiler ABI info - done
[0.739s] -- Detecting C compile features
[0.740s] -- Detecting C compile features - done
[0.744s] -- Check for working CXX compiler: /usr/bin/c++
[0.890s] -- Check for working CXX compiler: /usr/bin/c++ -- works
[0.893s] -- Detecting CXX compiler ABI info
[1.075s] -- Detecting CXX compiler ABI info - done
[1.091s] -- Detecting CXX compile features
[1.092s] -- Detecting CXX compile features - done
[1.095s] -- Found ament_cmake: 0.9.12 (/opt/ros/foxy/share/ament_cmake/cmake)
[1.137s] -- Found PythonInterp: /usr/bin/python3 (found suitable version "3.8.10", minimum required is "3") 
[1.139s] -- Using PYTHON_EXECUTABLE: /usr/bin/python3
[1.435s] -- Override CMake install command with custom implementation using symlinks instead of copying resources
[1.469s] -- Found controller_interface: 0.7.1 (/home/khaledob/bookros2_ws/install/controller_interface/share/controller_interface/cmake)
[1.527s] -- Using all available rosidl_typesupport_c: rosidl_typesupport_fastrtps_c;rosidl_typesupport_introspection_c
[1.537s] -- Found rosidl_adapter: 1.3.1 (/opt/ros/foxy/share/rosidl_adapter/cmake)
[1.666s] -- Found OpenSSL: /usr/lib/x86_64-linux-gnu/libcrypto.so (found version "1.1.1f")  
[1.709s] -- Found FastRTPS: /opt/ros/foxy/include  
[1.819s] -- Using all available rosidl_typesupport_cpp: rosidl_typesupport_fastrtps_cpp;rosidl_typesupport_introspection_cpp
[2.594s] -- Found rmw_implementation_cmake: 1.0.4 (/opt/ros/foxy/share/rmw_implementation_cmake/cmake)
[2.597s] -- Using RMW implementation 'rmw_fastrtps_cpp' as default
[2.599s] -- Looking for pthread.h
[2.708s] -- Looking for pthread.h - found
[2.710s] -- Performing Test CMAKE_HAVE_LIBC_PTHREAD
[2.824s] -- Performing Test CMAKE_HAVE_LIBC_PTHREAD - Failed
[2.825s] -- Looking for pthread_create in pthreads
[2.920s] -- Looking for pthread_create in pthreads - not found
[2.921s] -- Looking for pthread_create in pthread
[3.029s] -- Looking for pthread_create in pthread - found
[3.031s] -- Found Threads: TRUE  
[3.416s] -- Found nav_msgs: 2.0.5 (/opt/ros/foxy/share/nav_msgs/cmake)
[3.544s] -- Found realtime_tools: 2.2.0 (/opt/ros/foxy/share/realtime_tools/cmake)
[3.627s] -- Found tf2: 0.13.14 (/opt/ros/foxy/share/tf2/cmake)
[3.641s] -- Found tf2_msgs: 0.13.14 (/opt/ros/foxy/share/tf2_msgs/cmake)
[3.932s] -- Found ament_cmake_gmock: 0.9.12 (/opt/ros/foxy/share/ament_cmake_gmock/cmake)
[3.937s] -- Found ament_lint_auto: 0.9.8 (/opt/ros/foxy/share/ament_lint_auto/cmake)
[3.939s] -- Found controller_manager: 0.7.1 (/home/khaledob/bookros2_ws/install/controller_manager/share/controller_manager/cmake)
[4.161s] -- Found gmock sources under '/opt/ros/foxy/src/gmock_vendor': C++ tests using 'Google Mock' will be built
[4.169s] -- Found ament_cmake_gtest: 0.9.12 (/opt/ros/foxy/share/ament_cmake_gtest/cmake)
[4.171s] -- Found gtest sources under '/opt/ros/foxy/src/gtest_vendor': C++ tests using 'Google Test' will be built
[4.325s] -- Added test 'copyright' to check source files copyright and LICENSE
[4.327s] -- Added test 'cppcheck' to perform static code analysis on C / C++ code
[4.329s] -- Configured cppcheck include dirs: /home/khaledob/bookros2_ws/src/ThirdParty/ros2_controllers/diff_drive_controller/include
[4.329s] -- Configured cppcheck exclude dirs and/or files: 
[4.331s] -- Added test 'cpplint' to check C / C++ code against the Google style
[4.332s] -- Configured cpplint exclude dirs and/or files: 
[4.333s] -- Added test 'lint_cmake' to check CMake code style
[4.336s] -- Added test 'uncrustify' to check C / C++ code style
[4.336s] -- Configured uncrustify additional arguments: 
[4.338s] -- Added test 'xmllint' to check XML markup files
[4.347s] -- Configuring done
[4.460s] -- Generating done
[4.516s] -- Build files have been written to: /home/khaledob/bookros2_ws/build/diff_drive_controller
[4.537s] Invoked command in '/home/khaledob/bookros2_ws/build/diff_drive_controller' returned '0': AMENT_PREFIX_PATH=/home/khaledob/bookros2_ws/install/controller_manager:/home/khaledob/bookros2_ws/install/controller_interface:/home/khaledob/bookros2_ws/install/hardware_interface:/home/khaledob/bookros2_ws/install/ros2_control_test_assets:/home/khaledob/bookros2_ws/install/controller_manager_msgs:${AMENT_PREFIX_PATH} CMAKE_PREFIX_PATH=/home/khaledob/bookros2_ws/install/controller_manager:/home/khaledob/bookros2_ws/install/controller_interface:/home/khaledob/bookros2_ws/install/hardware_interface:/home/khaledob/bookros2_ws/install/ros2_control_test_assets:/home/khaledob/bookros2_ws/install/controller_manager_msgs:/opt/ros/foxy LD_LIBRARY_PATH=/home/khaledob/bookros2_ws/install/controller_manager/lib:/home/khaledob/bookros2_ws/install/controller_interface/lib:/home/khaledob/bookros2_ws/install/hardware_interface/lib:/home/khaledob/bookros2_ws/install/controller_manager_msgs/lib:${LD_LIBRARY_PATH} PYTHONPATH=/home/khaledob/bookros2_ws/install/controller_manager/lib/python3.8/site-packages:/home/khaledob/bookros2_ws/install/controller_manager_msgs/lib/python3.8/site-packages:${PYTHONPATH} /usr/bin/cmake /home/khaledob/bookros2_ws/src/ThirdParty/ros2_controllers/diff_drive_controller -DAMENT_CMAKE_SYMLINK_INSTALL=1 -DCMAKE_INSTALL_PREFIX=/home/khaledob/bookros2_ws/install/diff_drive_controller
[4.539s] Invoking command in '/home/khaledob/bookros2_ws/build/diff_drive_controller': AMENT_PREFIX_PATH=/home/khaledob/bookros2_ws/install/controller_manager:/home/khaledob/bookros2_ws/install/controller_interface:/home/khaledob/bookros2_ws/install/hardware_interface:/home/khaledob/bookros2_ws/install/ros2_control_test_assets:/home/khaledob/bookros2_ws/install/controller_manager_msgs:${AMENT_PREFIX_PATH} CMAKE_PREFIX_PATH=/home/khaledob/bookros2_ws/install/controller_manager:/home/khaledob/bookros2_ws/install/controller_interface:/home/khaledob/bookros2_ws/install/hardware_interface:/home/khaledob/bookros2_ws/install/ros2_control_test_assets:/home/khaledob/bookros2_ws/install/controller_manager_msgs:/opt/ros/foxy LD_LIBRARY_PATH=/home/khaledob/bookros2_ws/install/controller_manager/lib:/home/khaledob/bookros2_ws/install/controller_interface/lib:/home/khaledob/bookros2_ws/install/hardware_interface/lib:/home/khaledob/bookros2_ws/install/controller_manager_msgs/lib:${LD_LIBRARY_PATH} PYTHONPATH=/home/khaledob/bookros2_ws/install/controller_manager/lib/python3.8/site-packages:/home/khaledob/bookros2_ws/install/controller_manager_msgs/lib/python3.8/site-packages:${PYTHONPATH} /usr/bin/cmake --build /home/khaledob/bookros2_ws/build/diff_drive_controller -- -j4 -l4
[4.609s] [35m[1mScanning dependencies of target gmock[0m
[4.644s] [  6%] [32mBuilding CXX object gmock/CMakeFiles/gmock.dir/opt/ros/foxy/src/gtest_vendor/src/gtest-all.cc.o[0m
[9.294s] [ 13%] [32mBuilding CXX object gmock/CMakeFiles/gmock.dir/src/gmock-all.cc.o[0m
[12.017s] [ 20%] [32m[1mLinking CXX static library libgmock.a[0m
[12.133s] [ 20%] Built target gmock
[12.155s] [35m[1mScanning dependencies of target diff_drive_controller[0m
[12.229s] [ 26%] [32mBuilding CXX object CMakeFiles/diff_drive_controller.dir/src/diff_drive_controller.cpp.o[0m
[24.545s] [ 33%] [32mBuilding CXX object CMakeFiles/diff_drive_controller.dir/src/speed_limiter.cpp.o[0m
[24.883s] [ 40%] [32mBuilding CXX object CMakeFiles/diff_drive_controller.dir/src/odometry.cpp.o[0m
[25.532s] [ 46%] [32m[1mLinking CXX shared library libdiff_drive_controller.so[0m
[26.456s] [ 46%] Built target diff_drive_controller
[26.527s] [35m[1mScanning dependencies of target gmock_main[0m
[26.545s] [ 53%] [32mBuilding CXX object gmock/CMakeFiles/gmock_main.dir/src/gmock_main.cc.o[0m
[27.973s] [ 60%] [32m[1mLinking CXX static library libgmock_main.a[0m
[28.031s] [ 60%] Built target gmock_main
[28.048s] [35m[1mScanning dependencies of target test_accumulator[0m
[28.076s] [ 66%] [32mBuilding CXX object CMakeFiles/test_accumulator.dir/test/test_accumulator.cpp.o[0m
[29.692s] [ 73%] [32m[1mLinking CXX executable test_accumulator[0m
[30.079s] [ 73%] Built target test_accumulator
[30.098s] [35m[1mScanning dependencies of target test_diff_drive_controller[0m
[30.174s] [ 80%] [32mBuilding CXX object CMakeFiles/test_diff_drive_controller.dir/test/test_diff_drive_controller.cpp.o[0m
[37.590s] [ 86%] [32m[1mLinking CXX executable test_diff_drive_controller[0m
[38.765s] [ 86%] Built target test_diff_drive_controller
[38.789s] [35m[1mScanning dependencies of target test_load_diff_drive_controller[0m
[38.877s] [ 93%] [32mBuilding CXX object CMakeFiles/test_load_diff_drive_controller.dir/test/test_load_diff_drive_controller.cpp.o[0m
[43.445s] [100%] [32m[1mLinking CXX executable test_load_diff_drive_controller[0m
[44.476s] [100%] Built target test_load_diff_drive_controller
[44.500s] Invoked command in '/home/khaledob/bookros2_ws/build/diff_drive_controller' returned '0': AMENT_PREFIX_PATH=/home/khaledob/bookros2_ws/install/controller_manager:/home/khaledob/bookros2_ws/install/controller_interface:/home/khaledob/bookros2_ws/install/hardware_interface:/home/khaledob/bookros2_ws/install/ros2_control_test_assets:/home/khaledob/bookros2_ws/install/controller_manager_msgs:${AMENT_PREFIX_PATH} CMAKE_PREFIX_PATH=/home/khaledob/bookros2_ws/install/controller_manager:/home/khaledob/bookros2_ws/install/controller_interface:/home/khaledob/bookros2_ws/install/hardware_interface:/home/khaledob/bookros2_ws/install/ros2_control_test_assets:/home/khaledob/bookros2_ws/install/controller_manager_msgs:/opt/ros/foxy LD_LIBRARY_PATH=/home/khaledob/bookros2_ws/install/controller_manager/lib:/home/khaledob/bookros2_ws/install/controller_interface/lib:/home/khaledob/bookros2_ws/install/hardware_interface/lib:/home/khaledob/bookros2_ws/install/controller_manager_msgs/lib:${LD_LIBRARY_PATH} PYTHONPATH=/home/khaledob/bookros2_ws/install/controller_manager/lib/python3.8/site-packages:/home/khaledob/bookros2_ws/install/controller_manager_msgs/lib/python3.8/site-packages:${PYTHONPATH} /usr/bin/cmake --build /home/khaledob/bookros2_ws/build/diff_drive_controller -- -j4 -l4
[44.507s] Invoking command in '/home/khaledob/bookros2_ws/build/diff_drive_controller': AMENT_PREFIX_PATH=/home/khaledob/bookros2_ws/install/controller_manager:/home/khaledob/bookros2_ws/install/controller_interface:/home/khaledob/bookros2_ws/install/hardware_interface:/home/khaledob/bookros2_ws/install/ros2_control_test_assets:/home/khaledob/bookros2_ws/install/controller_manager_msgs:${AMENT_PREFIX_PATH} CMAKE_PREFIX_PATH=/home/khaledob/bookros2_ws/install/controller_manager:/home/khaledob/bookros2_ws/install/controller_interface:/home/khaledob/bookros2_ws/install/hardware_interface:/home/khaledob/bookros2_ws/install/ros2_control_test_assets:/home/khaledob/bookros2_ws/install/controller_manager_msgs:/opt/ros/foxy LD_LIBRARY_PATH=/home/khaledob/bookros2_ws/install/controller_manager/lib:/home/khaledob/bookros2_ws/install/controller_interface/lib:/home/khaledob/bookros2_ws/install/hardware_interface/lib:/home/khaledob/bookros2_ws/install/controller_manager_msgs/lib:${LD_LIBRARY_PATH} PYTHONPATH=/home/khaledob/bookros2_ws/install/controller_manager/lib/python3.8/site-packages:/home/khaledob/bookros2_ws/install/controller_manager_msgs/lib/python3.8/site-packages:${PYTHONPATH} /usr/bin/cmake --install /home/khaledob/bookros2_ws/build/diff_drive_controller
[44.528s] -- Install configuration: ""
[44.530s] -- Execute custom install script
[44.532s] -- Symlinking: /home/khaledob/bookros2_ws/install/diff_drive_controller/share/diff_drive_controller//diff_drive_plugin.xml
[44.549s] -- Symlinking: /home/khaledob/bookros2_ws/install/diff_drive_controller/include/diff_drive_controller/diff_drive_controller.hpp
[44.563s] -- Symlinking: /home/khaledob/bookros2_ws/install/diff_drive_controller/include/diff_drive_controller/odometry.hpp
[44.577s] -- Symlinking: /home/khaledob/bookros2_ws/install/diff_drive_controller/include/diff_drive_controller/rolling_mean_accumulator.hpp
[44.593s] -- Symlinking: /home/khaledob/bookros2_ws/install/diff_drive_controller/include/diff_drive_controller/speed_limiter.hpp
[44.609s] -- Symlinking: /home/khaledob/bookros2_ws/install/diff_drive_controller/include/diff_drive_controller/visibility_control.h
[44.624s] -- Symlinking: /home/khaledob/bookros2_ws/install/diff_drive_controller/lib/libdiff_drive_controller.so
[44.639s] -- Symlinking: /home/khaledob/bookros2_ws/install/diff_drive_controller/share/diff_drive_controller/environment/library_path.sh
[44.654s] -- Symlinking: /home/khaledob/bookros2_ws/install/diff_drive_controller/share/diff_drive_controller/environment/library_path.dsv
[44.669s] -- Symlinking: /home/khaledob/bookros2_ws/install/diff_drive_controller/share/ament_index/resource_index/package_run_dependencies/diff_drive_controller
[44.684s] -- Symlinking: /home/khaledob/bookros2_ws/install/diff_drive_controller/share/ament_index/resource_index/parent_prefix_path/diff_drive_controller
[44.700s] -- Symlinking: /home/khaledob/bookros2_ws/install/diff_drive_controller/share/diff_drive_controller/environment/ament_prefix_path.sh
[44.714s] -- Symlinking: /home/khaledob/bookros2_ws/install/diff_drive_controller/share/diff_drive_controller/environment/ament_prefix_path.dsv
[44.729s] -- Symlinking: /home/khaledob/bookros2_ws/install/diff_drive_controller/share/diff_drive_controller/environment/path.sh
[44.743s] -- Symlinking: /home/khaledob/bookros2_ws/install/diff_drive_controller/share/diff_drive_controller/environment/path.dsv
[44.758s] -- Symlinking: /home/khaledob/bookros2_ws/install/diff_drive_controller/share/diff_drive_controller/local_setup.bash
[44.773s] -- Symlinking: /home/khaledob/bookros2_ws/install/diff_drive_controller/share/diff_drive_controller/local_setup.sh
[44.788s] -- Symlinking: /home/khaledob/bookros2_ws/install/diff_drive_controller/share/diff_drive_controller/local_setup.zsh
[44.803s] -- Symlinking: /home/khaledob/bookros2_ws/install/diff_drive_controller/share/diff_drive_controller/local_setup.dsv
[44.818s] -- Symlinking: /home/khaledob/bookros2_ws/install/diff_drive_controller/share/diff_drive_controller/package.dsv
[44.838s] -- Symlinking: /home/khaledob/bookros2_ws/install/diff_drive_controller/share/ament_index/resource_index/packages/diff_drive_controller
[44.855s] -- Symlinking: /home/khaledob/bookros2_ws/install/diff_drive_controller/share/ament_index/resource_index/controller_interface__pluginlib__plugin/diff_drive_controller
[44.869s] -- Symlinking: /home/khaledob/bookros2_ws/install/diff_drive_controller/share/diff_drive_controller/cmake/ament_cmake_export_dependencies-extras.cmake
[44.884s] -- Symlinking: /home/khaledob/bookros2_ws/install/diff_drive_controller/share/diff_drive_controller/cmake/ament_cmake_export_include_directories-extras.cmake
[44.900s] -- Symlinking: /home/khaledob/bookros2_ws/install/diff_drive_controller/share/diff_drive_controller/cmake/ament_cmake_export_libraries-extras.cmake
[44.915s] -- Symlinking: /home/khaledob/bookros2_ws/install/diff_drive_controller/share/diff_drive_controller/cmake/diff_drive_controllerConfig.cmake
[44.929s] -- Symlinking: /home/khaledob/bookros2_ws/install/diff_drive_controller/share/diff_drive_controller/cmake/diff_drive_controllerConfig-version.cmake
[44.944s] -- Symlinking: /home/khaledob/bookros2_ws/install/diff_drive_controller/share/diff_drive_controller/package.xml
[44.979s] Invoked command in '/home/khaledob/bookros2_ws/build/diff_drive_controller' returned '0': AMENT_PREFIX_PATH=/home/khaledob/bookros2_ws/install/controller_manager:/home/khaledob/bookros2_ws/install/controller_interface:/home/khaledob/bookros2_ws/install/hardware_interface:/home/khaledob/bookros2_ws/install/ros2_control_test_assets:/home/khaledob/bookros2_ws/install/controller_manager_msgs:${AMENT_PREFIX_PATH} CMAKE_PREFIX_PATH=/home/khaledob/bookros2_ws/install/controller_manager:/home/khaledob/bookros2_ws/install/controller_interface:/home/khaledob/bookros2_ws/install/hardware_interface:/home/khaledob/bookros2_ws/install/ros2_control_test_assets:/home/khaledob/bookros2_ws/install/controller_manager_msgs:/opt/ros/foxy LD_LIBRARY_PATH=/home/khaledob/bookros2_ws/install/controller_manager/lib:/home/khaledob/bookros2_ws/install/controller_interface/lib:/home/khaledob/bookros2_ws/install/hardware_interface/lib:/home/khaledob/bookros2_ws/install/controller_manager_msgs/lib:${LD_LIBRARY_PATH} PYTHONPATH=/home/khaledob/bookros2_ws/install/controller_manager/lib/python3.8/site-packages:/home/khaledob/bookros2_ws/install/controller_manager_msgs/lib/python3.8/site-packages:${PYTHONPATH} /usr/bin/cmake --install /home/khaledob/bookros2_ws/build/diff_drive_controller
