[0.249s] Invoking command in '/home/khaledob/bookros2_ws/build/t2a': CMAKE_PREFIX_PATH=${CMAKE_PREFIX_PATH}:/home/khaledob/bookros2_ws/install/ros2controlcli:/home/khaledob/bookros2_ws/install/launch_pal:/home/khaledob/bookros2_ws/install/br2_fsm_bumpgo_py:/opt/ros/foxy /usr/bin/cmake --build /home/khaledob/bookros2_ws/build/t2a -- -j7 -l7
[0.474s] [100%] Built target bumpgo
[0.590s] Invoked command in '/home/khaledob/bookros2_ws/build/t2a' returned '0': CMAKE_PREFIX_PATH=${CMAKE_PREFIX_PATH}:/home/khaledob/bookros2_ws/install/ros2controlcli:/home/khaledob/bookros2_ws/install/launch_pal:/home/khaledob/bookros2_ws/install/br2_fsm_bumpgo_py:/opt/ros/foxy /usr/bin/cmake --build /home/khaledob/bookros2_ws/build/t2a -- -j7 -l7
[0.600s] Invoking command in '/home/khaledob/bookros2_ws/build/t2a': CMAKE_PREFIX_PATH=${CMAKE_PREFIX_PATH}:/home/khaledob/bookros2_ws/install/ros2controlcli:/home/khaledob/bookros2_ws/install/launch_pal:/home/khaledob/bookros2_ws/install/br2_fsm_bumpgo_py:/opt/ros/foxy /usr/bin/cmake --install /home/khaledob/bookros2_ws/build/t2a
[0.637s] -- Install configuration: ""
[0.637s] -- Execute custom install script
[0.637s] -- Up-to-date symlink: /home/khaledob/bookros2_ws/install/t2a/lib/t2a/bumpgo
[0.638s] -- Up-to-date symlink: /home/khaledob/bookros2_ws/install/t2a/share/t2a/launch/bump_and_go.launch.py
[0.638s] -- Up-to-date symlink: /home/khaledob/bookros2_ws/install/t2a/share/ament_index/resource_index/package_run_dependencies/t2a
[0.638s] -- Up-to-date symlink: /home/khaledob/bookros2_ws/install/t2a/share/ament_index/resource_index/parent_prefix_path/t2a
[0.638s] -- Up-to-date symlink: /home/khaledob/bookros2_ws/install/t2a/share/t2a/environment/ament_prefix_path.sh
[0.638s] -- Up-to-date symlink: /home/khaledob/bookros2_ws/install/t2a/share/t2a/environment/ament_prefix_path.dsv
[0.638s] -- Up-to-date symlink: /home/khaledob/bookros2_ws/install/t2a/share/t2a/environment/path.sh
[0.638s] -- Up-to-date symlink: /home/khaledob/bookros2_ws/install/t2a/share/t2a/environment/path.dsv
[0.638s] -- Up-to-date symlink: /home/khaledob/bookros2_ws/install/t2a/share/t2a/local_setup.bash
[0.638s] -- Up-to-date symlink: /home/khaledob/bookros2_ws/install/t2a/share/t2a/local_setup.sh
[0.638s] -- Up-to-date symlink: /home/khaledob/bookros2_ws/install/t2a/share/t2a/local_setup.zsh
[0.638s] -- Up-to-date symlink: /home/khaledob/bookros2_ws/install/t2a/share/t2a/local_setup.dsv
[0.638s] -- Symlinking: /home/khaledob/bookros2_ws/install/t2a/share/t2a/package.dsv
[0.693s] -- Up-to-date symlink: /home/khaledob/bookros2_ws/install/t2a/share/ament_index/resource_index/packages/t2a
[0.693s] -- Up-to-date symlink: /home/khaledob/bookros2_ws/install/t2a/share/t2a/cmake/t2aConfig.cmake
[0.693s] -- Up-to-date symlink: /home/khaledob/bookros2_ws/install/t2a/share/t2a/cmake/t2aConfig-version.cmake
[0.695s] -- Up-to-date symlink: /home/khaledob/bookros2_ws/install/t2a/share/t2a/package.xml
[0.786s] Invoked command in '/home/khaledob/bookros2_ws/build/t2a' returned '0': CMAKE_PREFIX_PATH=${CMAKE_PREFIX_PATH}:/home/khaledob/bookros2_ws/install/ros2controlcli:/home/khaledob/bookros2_ws/install/launch_pal:/home/khaledob/bookros2_ws/install/br2_fsm_bumpgo_py:/opt/ros/foxy /usr/bin/cmake --install /home/khaledob/bookros2_ws/build/t2a
