[0.475s] Invoking command in '/home/khaledob/bookros2_ws/build/twist_mux': CMAKE_PREFIX_PATH=/opt/ros/foxy /usr/bin/cmake --build /home/khaledob/bookros2_ws/build/twist_mux -- -j6 -l6
[0.580s] [ 33%] Built target twist_marker
[0.635s] [100%] Built target twist_mux
[0.815s] Invoked command in '/home/khaledob/bookros2_ws/build/twist_mux' returned '0': CMAKE_PREFIX_PATH=/opt/ros/foxy /usr/bin/cmake --build /home/khaledob/bookros2_ws/build/twist_mux -- -j6 -l6
[0.823s] Invoking command in '/home/khaledob/bookros2_ws/build/twist_mux': CMAKE_PREFIX_PATH=/opt/ros/foxy /usr/bin/cmake --install /home/khaledob/bookros2_ws/build/twist_mux
[0.875s] -- Install configuration: ""
[0.875s] -- Execute custom install script
[0.875s] -- Up-to-date symlink: /home/khaledob/bookros2_ws/install/twist_mux/lib/twist_mux/twist_mux
[0.875s] -- Up-to-date symlink: /home/khaledob/bookros2_ws/install/twist_mux/lib/twist_mux/twist_marker
[0.875s] -- Up-to-date symlink: /home/khaledob/bookros2_ws/install/twist_mux/share/twist_mux/launch/twist_mux.launch
[0.875s] -- Up-to-date symlink: /home/khaledob/bookros2_ws/install/twist_mux/share/twist_mux/launch/twist_mux_launch.py
[0.875s] -- Up-to-date symlink: /home/khaledob/bookros2_ws/install/twist_mux/share/twist_mux/config/joystick.yaml
[0.875s] -- Up-to-date symlink: /home/khaledob/bookros2_ws/install/twist_mux/share/twist_mux/config/twist_mux_locks.yaml
[0.875s] -- Up-to-date symlink: /home/khaledob/bookros2_ws/install/twist_mux/share/twist_mux/config/twist_mux_topics.yaml
[0.876s] -- Up-to-date symlink: /home/khaledob/bookros2_ws/install/twist_mux/include/twist_mux/params_helpers.hpp
[0.876s] -- Up-to-date symlink: /home/khaledob/bookros2_ws/install/twist_mux/include/twist_mux/topic_handle.hpp
[0.876s] -- Up-to-date symlink: /home/khaledob/bookros2_ws/install/twist_mux/include/twist_mux/twist_mux.hpp
[0.876s] -- Up-to-date symlink: /home/khaledob/bookros2_ws/install/twist_mux/include/twist_mux/twist_mux_diagnostics.hpp
[0.876s] -- Up-to-date symlink: /home/khaledob/bookros2_ws/install/twist_mux/include/twist_mux/twist_mux_diagnostics_status.hpp
[0.876s] -- Up-to-date symlink: /home/khaledob/bookros2_ws/install/twist_mux/include/twist_mux/utils.hpp
[0.876s] -- Up-to-date symlink: /home/khaledob/bookros2_ws/install/twist_mux/share/ament_index/resource_index/package_run_dependencies/twist_mux
[0.876s] -- Up-to-date symlink: /home/khaledob/bookros2_ws/install/twist_mux/share/ament_index/resource_index/parent_prefix_path/twist_mux
[0.876s] -- Up-to-date symlink: /home/khaledob/bookros2_ws/install/twist_mux/share/twist_mux/environment/ament_prefix_path.sh
[0.876s] -- Up-to-date symlink: /home/khaledob/bookros2_ws/install/twist_mux/share/twist_mux/environment/ament_prefix_path.dsv
[0.886s] -- Up-to-date symlink: /home/khaledob/bookros2_ws/install/twist_mux/share/twist_mux/environment/path.sh
[0.888s] -- Up-to-date symlink: /home/khaledob/bookros2_ws/install/twist_mux/share/twist_mux/environment/path.dsv
[0.888s] -- Up-to-date symlink: /home/khaledob/bookros2_ws/install/twist_mux/share/twist_mux/local_setup.bash
[0.889s] -- Up-to-date symlink: /home/khaledob/bookros2_ws/install/twist_mux/share/twist_mux/local_setup.sh
[0.889s] -- Up-to-date symlink: /home/khaledob/bookros2_ws/install/twist_mux/share/twist_mux/local_setup.zsh
[0.889s] -- Up-to-date symlink: /home/khaledob/bookros2_ws/install/twist_mux/share/twist_mux/local_setup.dsv
[0.890s] -- Symlinking: /home/khaledob/bookros2_ws/install/twist_mux/share/twist_mux/package.dsv
[0.933s] -- Up-to-date symlink: /home/khaledob/bookros2_ws/install/twist_mux/share/ament_index/resource_index/packages/twist_mux
[0.934s] -- Up-to-date symlink: /home/khaledob/bookros2_ws/install/twist_mux/share/twist_mux/cmake/ament_cmake_export_include_directories-extras.cmake
[0.936s] -- Up-to-date symlink: /home/khaledob/bookros2_ws/install/twist_mux/share/twist_mux/cmake/ament_cmake_export_dependencies-extras.cmake
[0.936s] -- Up-to-date symlink: /home/khaledob/bookros2_ws/install/twist_mux/share/twist_mux/cmake/twist_muxConfig.cmake
[0.937s] -- Up-to-date symlink: /home/khaledob/bookros2_ws/install/twist_mux/share/twist_mux/cmake/twist_muxConfig-version.cmake
[0.938s] -- Up-to-date symlink: /home/khaledob/bookros2_ws/install/twist_mux/share/twist_mux/package.xml
[1.052s] Invoked command in '/home/khaledob/bookros2_ws/build/twist_mux' returned '0': CMAKE_PREFIX_PATH=/opt/ros/foxy /usr/bin/cmake --install /home/khaledob/bookros2_ws/build/twist_mux
