[1.660s] Invoking command in '/home/khaledob/bookros2_ws/build/br2_tf2_detector': CMAKE_PREFIX_PATH=/opt/ros/foxy /usr/bin/cmake --build /home/khaledob/bookros2_ws/build/br2_tf2_detector -- -j7 -l7
[1.846s] [ 50%] Built target br2_tf2_detector
[2.018s] [ 75%] Built target detector
[2.354s] [100%] Built target detector_improved
[3.387s] Invoked command in '/home/khaledob/bookros2_ws/build/br2_tf2_detector' returned '0': CMAKE_PREFIX_PATH=/opt/ros/foxy /usr/bin/cmake --build /home/khaledob/bookros2_ws/build/br2_tf2_detector -- -j7 -l7
[3.519s] Invoking command in '/home/khaledob/bookros2_ws/build/br2_tf2_detector': CMAKE_PREFIX_PATH=/opt/ros/foxy /usr/bin/cmake --install /home/khaledob/bookros2_ws/build/br2_tf2_detector
[3.742s] -- Install configuration: ""
[3.806s] -- Execute custom install script
[3.806s] -- Up-to-date symlink: /home/khaledob/bookros2_ws/install/br2_tf2_detector/lib/libbr2_tf2_detector.so
[3.806s] -- Up-to-date symlink: /home/khaledob/bookros2_ws/install/br2_tf2_detector/lib/br2_tf2_detector/detector
[3.807s] -- Up-to-date symlink: /home/khaledob/bookros2_ws/install/br2_tf2_detector/lib/br2_tf2_detector/detector_improved
[3.807s] -- Up-to-date symlink: /home/khaledob/bookros2_ws/install/br2_tf2_detector/share/br2_tf2_detector/launch/detector_basic.launch.py
[3.807s] -- Up-to-date symlink: /home/khaledob/bookros2_ws/install/br2_tf2_detector/share/br2_tf2_detector/launch/detector_improved.launch.py
[3.807s] -- Up-to-date symlink: /home/khaledob/bookros2_ws/install/br2_tf2_detector/share/ament_index/resource_index/package_run_dependencies/br2_tf2_detector
[3.807s] -- Up-to-date symlink: /home/khaledob/bookros2_ws/install/br2_tf2_detector/share/ament_index/resource_index/parent_prefix_path/br2_tf2_detector
[3.807s] -- Up-to-date symlink: /home/khaledob/bookros2_ws/install/br2_tf2_detector/share/br2_tf2_detector/environment/ament_prefix_path.sh
[3.807s] -- Up-to-date symlink: /home/khaledob/bookros2_ws/install/br2_tf2_detector/share/br2_tf2_detector/environment/ament_prefix_path.dsv
[3.807s] -- Up-to-date symlink: /home/khaledob/bookros2_ws/install/br2_tf2_detector/share/br2_tf2_detector/environment/path.sh
[3.807s] -- Up-to-date symlink: /home/khaledob/bookros2_ws/install/br2_tf2_detector/share/br2_tf2_detector/environment/path.dsv
[3.807s] -- Up-to-date symlink: /home/khaledob/bookros2_ws/install/br2_tf2_detector/share/br2_tf2_detector/local_setup.bash
[3.807s] -- Up-to-date symlink: /home/khaledob/bookros2_ws/install/br2_tf2_detector/share/br2_tf2_detector/local_setup.sh
[3.807s] -- Up-to-date symlink: /home/khaledob/bookros2_ws/install/br2_tf2_detector/share/br2_tf2_detector/local_setup.zsh
[3.807s] -- Up-to-date symlink: /home/khaledob/bookros2_ws/install/br2_tf2_detector/share/br2_tf2_detector/local_setup.dsv
[3.808s] -- Symlinking: /home/khaledob/bookros2_ws/install/br2_tf2_detector/share/br2_tf2_detector/package.dsv
[3.808s] -- Up-to-date symlink: /home/khaledob/bookros2_ws/install/br2_tf2_detector/share/ament_index/resource_index/packages/br2_tf2_detector
[3.808s] -- Up-to-date symlink: /home/khaledob/bookros2_ws/install/br2_tf2_detector/share/br2_tf2_detector/cmake/br2_tf2_detectorConfig.cmake
[3.808s] -- Up-to-date symlink: /home/khaledob/bookros2_ws/install/br2_tf2_detector/share/br2_tf2_detector/cmake/br2_tf2_detectorConfig-version.cmake
[3.808s] -- Up-to-date symlink: /home/khaledob/bookros2_ws/install/br2_tf2_detector/share/br2_tf2_detector/package.xml
[3.993s] Invoked command in '/home/khaledob/bookros2_ws/build/br2_tf2_detector' returned '0': CMAKE_PREFIX_PATH=/opt/ros/foxy /usr/bin/cmake --install /home/khaledob/bookros2_ws/build/br2_tf2_detector
