[0.661s] Invoking command in '/home/khaledob/bookros2_ws/src/build/position_controllers': AMENT_PREFIX_PATH=/home/khaledob/bookros2_ws/src/install/forward_command_controller:/home/khaledob/bookros2_ws/src/install/controller_manager:/home/khaledob/bookros2_ws/src/install/controller_interface:/home/khaledob/bookros2_ws/src/install/hardware_interface:/home/khaledob/bookros2_ws/src/install/ros2_control_test_assets:/home/khaledob/bookros2_ws/src/install/controller_manager_msgs:${AMENT_PREFIX_PATH} CMAKE_PREFIX_PATH=/home/khaledob/bookros2_ws/src/install/forward_command_controller:/home/khaledob/bookros2_ws/src/install/controller_manager:/home/khaledob/bookros2_ws/src/install/controller_interface:/home/khaledob/bookros2_ws/src/install/hardware_interface:/home/khaledob/bookros2_ws/src/install/ros2_control_test_assets:/home/khaledob/bookros2_ws/src/install/controller_manager_msgs:/opt/ros/foxy LD_LIBRARY_PATH=/home/khaledob/bookros2_ws/src/install/forward_command_controller/lib:/home/khaledob/bookros2_ws/src/install/controller_manager/lib:/home/khaledob/bookros2_ws/src/install/controller_interface/lib:/home/khaledob/bookros2_ws/src/install/hardware_interface/lib:/home/khaledob/bookros2_ws/src/install/controller_manager_msgs/lib:${LD_LIBRARY_PATH} PYTHONPATH=/home/khaledob/bookros2_ws/src/install/controller_manager/lib/python3.8/site-packages:/home/khaledob/bookros2_ws/src/install/controller_manager_msgs/lib/python3.8/site-packages:${PYTHONPATH} /usr/bin/cmake /home/khaledob/bookros2_ws/src/ThirdParty/ros2_controllers/position_controllers -DAMENT_CMAKE_SYMLINK_INSTALL=1 -DCMAKE_INSTALL_PREFIX=/home/khaledob/bookros2_ws/src/install/position_controllers
[0.849s] -- The C compiler identification is GNU 9.4.0
[1.100s] -- The CXX compiler identification is GNU 9.4.0
[1.124s] -- Check for working C compiler: /usr/bin/cc
[1.649s] -- Check for working C compiler: /usr/bin/cc -- works
[1.651s] -- Detecting C compiler ABI info
[2.136s] -- Detecting C compiler ABI info - done
[2.207s] -- Detecting C compile features
[2.226s] -- Detecting C compile features - done
[2.227s] -- Check for working CXX compiler: /usr/bin/c++
[2.600s] -- Check for working CXX compiler: /usr/bin/c++ -- works
[2.601s] -- Detecting CXX compiler ABI info
[3.064s] -- Detecting CXX compiler ABI info - done
[3.134s] -- Detecting CXX compile features
[3.136s] -- Detecting CXX compile features - done
[3.173s] -- Found ament_cmake: 0.9.12 (/opt/ros/foxy/share/ament_cmake/cmake)
[3.319s] -- Found PythonInterp: /usr/bin/python3 (found suitable version "3.8.10", minimum required is "3") 
[3.320s] -- Using PYTHON_EXECUTABLE: /usr/bin/python3
[3.827s] -- Override CMake install command with custom implementation using symlinks instead of copying resources
[3.910s] -- Found forward_command_controller: 0.4.0 (/home/khaledob/bookros2_ws/src/install/forward_command_controller/share/forward_command_controller/cmake)
[3.985s] -- Using all available rosidl_typesupport_c: rosidl_typesupport_fastrtps_c;rosidl_typesupport_introspection_c
[4.008s] -- Found rosidl_adapter: 1.3.1 (/opt/ros/foxy/share/rosidl_adapter/cmake)
[4.280s] -- Found OpenSSL: /usr/lib/x86_64-linux-gnu/libcrypto.so (found version "1.1.1f")  
[4.391s] -- Found FastRTPS: /opt/ros/foxy/include  
[4.662s] -- Using all available rosidl_typesupport_cpp: rosidl_typesupport_fastrtps_cpp;rosidl_typesupport_introspection_cpp
[6.513s] -- Found rmw_implementation_cmake: 1.0.4 (/opt/ros/foxy/share/rmw_implementation_cmake/cmake)
[6.513s] -- Using RMW implementation 'rmw_fastrtps_cpp' as default
[6.513s] -- Looking for pthread.h
[6.911s] -- Looking for pthread.h - found
[6.912s] -- Performing Test CMAKE_HAVE_LIBC_PTHREAD
[7.209s] -- Performing Test CMAKE_HAVE_LIBC_PTHREAD - Failed
[7.209s] -- Looking for pthread_create in pthreads
[7.621s] -- Looking for pthread_create in pthreads - not found
[7.621s] -- Looking for pthread_create in pthread
[7.873s] -- Looking for pthread_create in pthread - found
[7.879s] -- Found Threads: TRUE  
[9.341s] -- Found ament_cmake_gmock: 0.9.12 (/opt/ros/foxy/share/ament_cmake_gmock/cmake)
[9.341s] -- Found ament_lint_auto: 0.9.8 (/opt/ros/foxy/share/ament_lint_auto/cmake)
[9.341s] -- Found controller_manager: 0.7.1 (/home/khaledob/bookros2_ws/src/install/controller_manager/share/controller_manager/cmake)
[9.811s] -- Found ros2_control_test_assets: 0.7.1 (/home/khaledob/bookros2_ws/src/install/ros2_control_test_assets/share/ros2_control_test_assets/cmake)
[10.354s] -- Found gmock sources under '/opt/ros/foxy/src/gmock_vendor': C++ tests using 'Google Mock' will be built
[10.373s] -- Found ament_cmake_gtest: 0.9.12 (/opt/ros/foxy/share/ament_cmake_gtest/cmake)
[10.377s] -- Found gtest sources under '/opt/ros/foxy/src/gtest_vendor': C++ tests using 'Google Test' will be built
[10.854s] -- Added test 'copyright' to check source files copyright and LICENSE
[10.857s] -- Added test 'cppcheck' to perform static code analysis on C / C++ code
[10.859s] -- Configured cppcheck include dirs: /home/khaledob/bookros2_ws/src/ThirdParty/ros2_controllers/position_controllers/include
[10.859s] -- Configured cppcheck exclude dirs and/or files: 
[10.864s] -- Added test 'cpplint' to check C / C++ code against the Google style
[10.864s] -- Configured cpplint exclude dirs and/or files: 
[10.866s] -- Added test 'lint_cmake' to check CMake code style
[10.876s] -- Added test 'uncrustify' to check C / C++ code style
[10.877s] -- Configured uncrustify additional arguments: 
[10.879s] -- Added test 'xmllint' to check XML markup files
[10.915s] -- Configuring done
[11.285s] -- Generating done
[11.293s] -- Build files have been written to: /home/khaledob/bookros2_ws/src/build/position_controllers
[11.367s] Invoked command in '/home/khaledob/bookros2_ws/src/build/position_controllers' returned '0': AMENT_PREFIX_PATH=/home/khaledob/bookros2_ws/src/install/forward_command_controller:/home/khaledob/bookros2_ws/src/install/controller_manager:/home/khaledob/bookros2_ws/src/install/controller_interface:/home/khaledob/bookros2_ws/src/install/hardware_interface:/home/khaledob/bookros2_ws/src/install/ros2_control_test_assets:/home/khaledob/bookros2_ws/src/install/controller_manager_msgs:${AMENT_PREFIX_PATH} CMAKE_PREFIX_PATH=/home/khaledob/bookros2_ws/src/install/forward_command_controller:/home/khaledob/bookros2_ws/src/install/controller_manager:/home/khaledob/bookros2_ws/src/install/controller_interface:/home/khaledob/bookros2_ws/src/install/hardware_interface:/home/khaledob/bookros2_ws/src/install/ros2_control_test_assets:/home/khaledob/bookros2_ws/src/install/controller_manager_msgs:/opt/ros/foxy LD_LIBRARY_PATH=/home/khaledob/bookros2_ws/src/install/forward_command_controller/lib:/home/khaledob/bookros2_ws/src/install/controller_manager/lib:/home/khaledob/bookros2_ws/src/install/controller_interface/lib:/home/khaledob/bookros2_ws/src/install/hardware_interface/lib:/home/khaledob/bookros2_ws/src/install/controller_manager_msgs/lib:${LD_LIBRARY_PATH} PYTHONPATH=/home/khaledob/bookros2_ws/src/install/controller_manager/lib/python3.8/site-packages:/home/khaledob/bookros2_ws/src/install/controller_manager_msgs/lib/python3.8/site-packages:${PYTHONPATH} /usr/bin/cmake /home/khaledob/bookros2_ws/src/ThirdParty/ros2_controllers/position_controllers -DAMENT_CMAKE_SYMLINK_INSTALL=1 -DCMAKE_INSTALL_PREFIX=/home/khaledob/bookros2_ws/src/install/position_controllers
[11.369s] Invoking command in '/home/khaledob/bookros2_ws/src/build/position_controllers': AMENT_PREFIX_PATH=/home/khaledob/bookros2_ws/src/install/forward_command_controller:/home/khaledob/bookros2_ws/src/install/controller_manager:/home/khaledob/bookros2_ws/src/install/controller_interface:/home/khaledob/bookros2_ws/src/install/hardware_interface:/home/khaledob/bookros2_ws/src/install/ros2_control_test_assets:/home/khaledob/bookros2_ws/src/install/controller_manager_msgs:${AMENT_PREFIX_PATH} CMAKE_PREFIX_PATH=/home/khaledob/bookros2_ws/src/install/forward_command_controller:/home/khaledob/bookros2_ws/src/install/controller_manager:/home/khaledob/bookros2_ws/src/install/controller_interface:/home/khaledob/bookros2_ws/src/install/hardware_interface:/home/khaledob/bookros2_ws/src/install/ros2_control_test_assets:/home/khaledob/bookros2_ws/src/install/controller_manager_msgs:/opt/ros/foxy LD_LIBRARY_PATH=/home/khaledob/bookros2_ws/src/install/forward_command_controller/lib:/home/khaledob/bookros2_ws/src/install/controller_manager/lib:/home/khaledob/bookros2_ws/src/install/controller_interface/lib:/home/khaledob/bookros2_ws/src/install/hardware_interface/lib:/home/khaledob/bookros2_ws/src/install/controller_manager_msgs/lib:${LD_LIBRARY_PATH} PYTHONPATH=/home/khaledob/bookros2_ws/src/install/controller_manager/lib/python3.8/site-packages:/home/khaledob/bookros2_ws/src/install/controller_manager_msgs/lib/python3.8/site-packages:${PYTHONPATH} /usr/bin/cmake --build /home/khaledob/bookros2_ws/src/build/position_controllers -- -j7 -l7
[12.462s] [35m[1mScanning dependencies of target gmock[0m
[12.463s] [35m[1mScanning dependencies of target gmock_main[0m
[12.463s] [  9%] [32mBuilding CXX object gmock/CMakeFiles/gmock_main.dir/src/gmock_main.cc.o[0m
[12.464s] [35m[1mScanning dependencies of target position_controllers[0m
[12.470s] [ 18%] [32mBuilding CXX object gmock/CMakeFiles/gmock.dir/opt/ros/foxy/src/gtest_vendor/src/gtest-all.cc.o[0m
[12.472s] [ 27%] [32mBuilding CXX object CMakeFiles/position_controllers.dir/src/joint_group_position_controller.cpp.o[0m
[15.649s] [ 36%] [32m[1mLinking CXX static library libgmock_main.a[0m
[16.522s] [ 36%] Built target gmock_main
[20.160s] [ 45%] [32m[1mLinking CXX shared library libposition_controllers.so[0m
[20.904s] [ 45%] Built target position_controllers
[24.483s] [ 54%] [32mBuilding CXX object gmock/CMakeFiles/gmock.dir/src/gmock-all.cc.o[0m
[29.053s] [ 63%] [32m[1mLinking CXX static library libgmock.a[0m
[29.423s] [ 63%] Built target gmock
[29.500s] [35m[1mScanning dependencies of target test_joint_group_position_controller[0m
[29.714s] [ 72%] [32mBuilding CXX object CMakeFiles/test_joint_group_position_controller.dir/test/test_joint_group_position_controller.cpp.o[0m
[42.640s] [ 81%] [32m[1mLinking CXX executable test_joint_group_position_controller[0m
[43.710s] [ 81%] Built target test_joint_group_position_controller
[43.752s] [35m[1mScanning dependencies of target test_load_joint_group_position_controller[0m
[43.995s] [ 90%] [32mBuilding CXX object CMakeFiles/test_load_joint_group_position_controller.dir/test/test_load_joint_group_position_controller.cpp.o[0m
[52.504s] [100%] [32m[1mLinking CXX executable test_load_joint_group_position_controller[0m
[53.995s] [100%] Built target test_load_joint_group_position_controller
[54.137s] Invoked command in '/home/khaledob/bookros2_ws/src/build/position_controllers' returned '0': AMENT_PREFIX_PATH=/home/khaledob/bookros2_ws/src/install/forward_command_controller:/home/khaledob/bookros2_ws/src/install/controller_manager:/home/khaledob/bookros2_ws/src/install/controller_interface:/home/khaledob/bookros2_ws/src/install/hardware_interface:/home/khaledob/bookros2_ws/src/install/ros2_control_test_assets:/home/khaledob/bookros2_ws/src/install/controller_manager_msgs:${AMENT_PREFIX_PATH} CMAKE_PREFIX_PATH=/home/khaledob/bookros2_ws/src/install/forward_command_controller:/home/khaledob/bookros2_ws/src/install/controller_manager:/home/khaledob/bookros2_ws/src/install/controller_interface:/home/khaledob/bookros2_ws/src/install/hardware_interface:/home/khaledob/bookros2_ws/src/install/ros2_control_test_assets:/home/khaledob/bookros2_ws/src/install/controller_manager_msgs:/opt/ros/foxy LD_LIBRARY_PATH=/home/khaledob/bookros2_ws/src/install/forward_command_controller/lib:/home/khaledob/bookros2_ws/src/install/controller_manager/lib:/home/khaledob/bookros2_ws/src/install/controller_interface/lib:/home/khaledob/bookros2_ws/src/install/hardware_interface/lib:/home/khaledob/bookros2_ws/src/install/controller_manager_msgs/lib:${LD_LIBRARY_PATH} PYTHONPATH=/home/khaledob/bookros2_ws/src/install/controller_manager/lib/python3.8/site-packages:/home/khaledob/bookros2_ws/src/install/controller_manager_msgs/lib/python3.8/site-packages:${PYTHONPATH} /usr/bin/cmake --build /home/khaledob/bookros2_ws/src/build/position_controllers -- -j7 -l7
[54.139s] Invoking command in '/home/khaledob/bookros2_ws/src/build/position_controllers': AMENT_PREFIX_PATH=/home/khaledob/bookros2_ws/src/install/forward_command_controller:/home/khaledob/bookros2_ws/src/install/controller_manager:/home/khaledob/bookros2_ws/src/install/controller_interface:/home/khaledob/bookros2_ws/src/install/hardware_interface:/home/khaledob/bookros2_ws/src/install/ros2_control_test_assets:/home/khaledob/bookros2_ws/src/install/controller_manager_msgs:${AMENT_PREFIX_PATH} CMAKE_PREFIX_PATH=/home/khaledob/bookros2_ws/src/install/forward_command_controller:/home/khaledob/bookros2_ws/src/install/controller_manager:/home/khaledob/bookros2_ws/src/install/controller_interface:/home/khaledob/bookros2_ws/src/install/hardware_interface:/home/khaledob/bookros2_ws/src/install/ros2_control_test_assets:/home/khaledob/bookros2_ws/src/install/controller_manager_msgs:/opt/ros/foxy LD_LIBRARY_PATH=/home/khaledob/bookros2_ws/src/install/forward_command_controller/lib:/home/khaledob/bookros2_ws/src/install/controller_manager/lib:/home/khaledob/bookros2_ws/src/install/controller_interface/lib:/home/khaledob/bookros2_ws/src/install/hardware_interface/lib:/home/khaledob/bookros2_ws/src/install/controller_manager_msgs/lib:${LD_LIBRARY_PATH} PYTHONPATH=/home/khaledob/bookros2_ws/src/install/controller_manager/lib/python3.8/site-packages:/home/khaledob/bookros2_ws/src/install/controller_manager_msgs/lib/python3.8/site-packages:${PYTHONPATH} /usr/bin/cmake --install /home/khaledob/bookros2_ws/src/build/position_controllers
[54.151s] -- Install configuration: ""
[54.154s] -- Execute custom install script
[54.157s] -- Symlinking: /home/khaledob/bookros2_ws/src/install/position_controllers/share/position_controllers//position_controllers_plugins.xml
[54.184s] -- Symlinking: /home/khaledob/bookros2_ws/src/install/position_controllers/include/position_controllers/joint_group_position_controller.hpp
[54.211s] -- Symlinking: /home/khaledob/bookros2_ws/src/install/position_controllers/include/position_controllers/visibility_control.h
[54.229s] -- Symlinking: /home/khaledob/bookros2_ws/src/install/position_controllers/lib/libposition_controllers.so
[54.251s] -- Symlinking: /home/khaledob/bookros2_ws/src/install/position_controllers/share/position_controllers/environment/library_path.sh
[54.266s] -- Symlinking: /home/khaledob/bookros2_ws/src/install/position_controllers/share/position_controllers/environment/library_path.dsv
[54.288s] -- Symlinking: /home/khaledob/bookros2_ws/src/install/position_controllers/share/ament_index/resource_index/package_run_dependencies/position_controllers
[54.318s] -- Symlinking: /home/khaledob/bookros2_ws/src/install/position_controllers/share/ament_index/resource_index/parent_prefix_path/position_controllers
[54.342s] -- Symlinking: /home/khaledob/bookros2_ws/src/install/position_controllers/share/position_controllers/environment/ament_prefix_path.sh
[54.359s] -- Symlinking: /home/khaledob/bookros2_ws/src/install/position_controllers/share/position_controllers/environment/ament_prefix_path.dsv
[54.376s] -- Symlinking: /home/khaledob/bookros2_ws/src/install/position_controllers/share/position_controllers/environment/path.sh
[54.584s] -- Symlinking: /home/khaledob/bookros2_ws/src/install/position_controllers/share/position_controllers/environment/path.dsv
[54.654s] -- Symlinking: /home/khaledob/bookros2_ws/src/install/position_controllers/share/position_controllers/local_setup.bash
[54.709s] -- Symlinking: /home/khaledob/bookros2_ws/src/install/position_controllers/share/position_controllers/local_setup.sh
[54.822s] -- Symlinking: /home/khaledob/bookros2_ws/src/install/position_controllers/share/position_controllers/local_setup.zsh
[54.917s] -- Symlinking: /home/khaledob/bookros2_ws/src/install/position_controllers/share/position_controllers/local_setup.dsv
[54.945s] -- Symlinking: /home/khaledob/bookros2_ws/src/install/position_controllers/share/position_controllers/package.dsv
[54.984s] -- Symlinking: /home/khaledob/bookros2_ws/src/install/position_controllers/share/ament_index/resource_index/packages/position_controllers
[55.016s] -- Symlinking: /home/khaledob/bookros2_ws/src/install/position_controllers/share/ament_index/resource_index/controller_interface__pluginlib__plugin/position_controllers
[55.060s] -- Symlinking: /home/khaledob/bookros2_ws/src/install/position_controllers/share/position_controllers/cmake/ament_cmake_export_dependencies-extras.cmake
[55.090s] -- Symlinking: /home/khaledob/bookros2_ws/src/install/position_controllers/share/position_controllers/cmake/ament_cmake_export_include_directories-extras.cmake
[55.117s] -- Symlinking: /home/khaledob/bookros2_ws/src/install/position_controllers/share/position_controllers/cmake/ament_cmake_export_libraries-extras.cmake
[55.179s] -- Symlinking: /home/khaledob/bookros2_ws/src/install/position_controllers/share/position_controllers/cmake/position_controllersConfig.cmake
[55.228s] -- Symlinking: /home/khaledob/bookros2_ws/src/install/position_controllers/share/position_controllers/cmake/position_controllersConfig-version.cmake
[55.247s] -- Symlinking: /home/khaledob/bookros2_ws/src/install/position_controllers/share/position_controllers/package.xml
[55.363s] Invoked command in '/home/khaledob/bookros2_ws/src/build/position_controllers' returned '0': AMENT_PREFIX_PATH=/home/khaledob/bookros2_ws/src/install/forward_command_controller:/home/khaledob/bookros2_ws/src/install/controller_manager:/home/khaledob/bookros2_ws/src/install/controller_interface:/home/khaledob/bookros2_ws/src/install/hardware_interface:/home/khaledob/bookros2_ws/src/install/ros2_control_test_assets:/home/khaledob/bookros2_ws/src/install/controller_manager_msgs:${AMENT_PREFIX_PATH} CMAKE_PREFIX_PATH=/home/khaledob/bookros2_ws/src/install/forward_command_controller:/home/khaledob/bookros2_ws/src/install/controller_manager:/home/khaledob/bookros2_ws/src/install/controller_interface:/home/khaledob/bookros2_ws/src/install/hardware_interface:/home/khaledob/bookros2_ws/src/install/ros2_control_test_assets:/home/khaledob/bookros2_ws/src/install/controller_manager_msgs:/opt/ros/foxy LD_LIBRARY_PATH=/home/khaledob/bookros2_ws/src/install/forward_command_controller/lib:/home/khaledob/bookros2_ws/src/install/controller_manager/lib:/home/khaledob/bookros2_ws/src/install/controller_interface/lib:/home/khaledob/bookros2_ws/src/install/hardware_interface/lib:/home/khaledob/bookros2_ws/src/install/controller_manager_msgs/lib:${LD_LIBRARY_PATH} PYTHONPATH=/home/khaledob/bookros2_ws/src/install/controller_manager/lib/python3.8/site-packages:/home/khaledob/bookros2_ws/src/install/controller_manager_msgs/lib/python3.8/site-packages:${PYTHONPATH} /usr/bin/cmake --install /home/khaledob/bookros2_ws/src/build/position_controllers
