[0.498s] Invoking command in '/home/khaledob/bookros2_ws/build/diff_drive_controller': AMENT_PREFIX_PATH=/home/khaledob/bookros2_ws/install/controller_manager:/home/khaledob/bookros2_ws/install/controller_interface:/home/khaledob/bookros2_ws/install/hardware_interface:/home/khaledob/bookros2_ws/install/ros2_control_test_assets:/home/khaledob/bookros2_ws/install/controller_manager_msgs:${AMENT_PREFIX_PATH} CMAKE_PREFIX_PATH=/home/khaledob/bookros2_ws/install/controller_manager:/home/khaledob/bookros2_ws/install/controller_interface:/home/khaledob/bookros2_ws/install/hardware_interface:/home/khaledob/bookros2_ws/install/ros2_control_test_assets:/home/khaledob/bookros2_ws/install/controller_manager_msgs:/opt/ros/foxy LD_LIBRARY_PATH=/home/khaledob/bookros2_ws/install/controller_manager/lib:/home/khaledob/bookros2_ws/install/controller_interface/lib:/home/khaledob/bookros2_ws/install/hardware_interface/lib:/home/khaledob/bookros2_ws/install/controller_manager_msgs/lib:${LD_LIBRARY_PATH} PYTHONPATH=/home/khaledob/bookros2_ws/install/controller_manager/lib/python3.8/site-packages:/home/khaledob/bookros2_ws/install/controller_manager_msgs/lib/python3.8/site-packages:${PYTHONPATH} /usr/bin/cmake --build /home/khaledob/bookros2_ws/build/diff_drive_controller -- -j7 -l7
[1.462s] [ 13%] Built target gmock_main
[1.481s] [ 33%] Built target gmock
[1.813s] [ 60%] Built target diff_drive_controller
[2.019s] [ 73%] Built target test_accumulator
[2.057s] [ 86%] Built target test_load_diff_drive_controller
[2.396s] [100%] Built target test_diff_drive_controller
[3.031s] Invoked command in '/home/khaledob/bookros2_ws/build/diff_drive_controller' returned '0': AMENT_PREFIX_PATH=/home/khaledob/bookros2_ws/install/controller_manager:/home/khaledob/bookros2_ws/install/controller_interface:/home/khaledob/bookros2_ws/install/hardware_interface:/home/khaledob/bookros2_ws/install/ros2_control_test_assets:/home/khaledob/bookros2_ws/install/controller_manager_msgs:${AMENT_PREFIX_PATH} CMAKE_PREFIX_PATH=/home/khaledob/bookros2_ws/install/controller_manager:/home/khaledob/bookros2_ws/install/controller_interface:/home/khaledob/bookros2_ws/install/hardware_interface:/home/khaledob/bookros2_ws/install/ros2_control_test_assets:/home/khaledob/bookros2_ws/install/controller_manager_msgs:/opt/ros/foxy LD_LIBRARY_PATH=/home/khaledob/bookros2_ws/install/controller_manager/lib:/home/khaledob/bookros2_ws/install/controller_interface/lib:/home/khaledob/bookros2_ws/install/hardware_interface/lib:/home/khaledob/bookros2_ws/install/controller_manager_msgs/lib:${LD_LIBRARY_PATH} PYTHONPATH=/home/khaledob/bookros2_ws/install/controller_manager/lib/python3.8/site-packages:/home/khaledob/bookros2_ws/install/controller_manager_msgs/lib/python3.8/site-packages:${PYTHONPATH} /usr/bin/cmake --build /home/khaledob/bookros2_ws/build/diff_drive_controller -- -j7 -l7
[3.169s] Invoking command in '/home/khaledob/bookros2_ws/build/diff_drive_controller': AMENT_PREFIX_PATH=/home/khaledob/bookros2_ws/install/controller_manager:/home/khaledob/bookros2_ws/install/controller_interface:/home/khaledob/bookros2_ws/install/hardware_interface:/home/khaledob/bookros2_ws/install/ros2_control_test_assets:/home/khaledob/bookros2_ws/install/controller_manager_msgs:${AMENT_PREFIX_PATH} CMAKE_PREFIX_PATH=/home/khaledob/bookros2_ws/install/controller_manager:/home/khaledob/bookros2_ws/install/controller_interface:/home/khaledob/bookros2_ws/install/hardware_interface:/home/khaledob/bookros2_ws/install/ros2_control_test_assets:/home/khaledob/bookros2_ws/install/controller_manager_msgs:/opt/ros/foxy LD_LIBRARY_PATH=/home/khaledob/bookros2_ws/install/controller_manager/lib:/home/khaledob/bookros2_ws/install/controller_interface/lib:/home/khaledob/bookros2_ws/install/hardware_interface/lib:/home/khaledob/bookros2_ws/install/controller_manager_msgs/lib:${LD_LIBRARY_PATH} PYTHONPATH=/home/khaledob/bookros2_ws/install/controller_manager/lib/python3.8/site-packages:/home/khaledob/bookros2_ws/install/controller_manager_msgs/lib/python3.8/site-packages:${PYTHONPATH} /usr/bin/cmake --install /home/khaledob/bookros2_ws/build/diff_drive_controller
[3.259s] -- Install configuration: ""
[3.263s] -- Execute custom install script
[3.270s] -- Up-to-date symlink: /home/khaledob/bookros2_ws/install/diff_drive_controller/share/diff_drive_controller//diff_drive_plugin.xml
[3.331s] -- Up-to-date symlink: /home/khaledob/bookros2_ws/install/diff_drive_controller/include/diff_drive_controller/diff_drive_controller.hpp
[3.333s] -- Up-to-date symlink: /home/khaledob/bookros2_ws/install/diff_drive_controller/include/diff_drive_controller/odometry.hpp
[3.344s] -- Up-to-date symlink: /home/khaledob/bookros2_ws/install/diff_drive_controller/include/diff_drive_controller/rolling_mean_accumulator.hpp
[3.344s] -- Up-to-date symlink: /home/khaledob/bookros2_ws/install/diff_drive_controller/include/diff_drive_controller/speed_limiter.hpp
[3.344s] -- Up-to-date symlink: /home/khaledob/bookros2_ws/install/diff_drive_controller/include/diff_drive_controller/visibility_control.h
[3.344s] -- Up-to-date symlink: /home/khaledob/bookros2_ws/install/diff_drive_controller/lib/libdiff_drive_controller.so
[3.345s] -- Up-to-date symlink: /home/khaledob/bookros2_ws/install/diff_drive_controller/share/diff_drive_controller/environment/library_path.sh
[3.345s] -- Up-to-date symlink: /home/khaledob/bookros2_ws/install/diff_drive_controller/share/diff_drive_controller/environment/library_path.dsv
[3.348s] -- Up-to-date symlink: /home/khaledob/bookros2_ws/install/diff_drive_controller/share/ament_index/resource_index/package_run_dependencies/diff_drive_controller
[3.353s] -- Up-to-date symlink: /home/khaledob/bookros2_ws/install/diff_drive_controller/share/ament_index/resource_index/parent_prefix_path/diff_drive_controller
[3.360s] -- Up-to-date symlink: /home/khaledob/bookros2_ws/install/diff_drive_controller/share/diff_drive_controller/environment/ament_prefix_path.sh
[3.366s] -- Up-to-date symlink: /home/khaledob/bookros2_ws/install/diff_drive_controller/share/diff_drive_controller/environment/ament_prefix_path.dsv
[3.366s] -- Up-to-date symlink: /home/khaledob/bookros2_ws/install/diff_drive_controller/share/diff_drive_controller/environment/path.sh
[3.367s] -- Up-to-date symlink: /home/khaledob/bookros2_ws/install/diff_drive_controller/share/diff_drive_controller/environment/path.dsv
[3.380s] -- Up-to-date symlink: /home/khaledob/bookros2_ws/install/diff_drive_controller/share/diff_drive_controller/local_setup.bash
[3.382s] -- Up-to-date symlink: /home/khaledob/bookros2_ws/install/diff_drive_controller/share/diff_drive_controller/local_setup.sh
[3.384s] -- Up-to-date symlink: /home/khaledob/bookros2_ws/install/diff_drive_controller/share/diff_drive_controller/local_setup.zsh
[3.408s] -- Up-to-date symlink: /home/khaledob/bookros2_ws/install/diff_drive_controller/share/diff_drive_controller/local_setup.dsv
[3.411s] -- Symlinking: /home/khaledob/bookros2_ws/install/diff_drive_controller/share/diff_drive_controller/package.dsv
[3.463s] -- Up-to-date symlink: /home/khaledob/bookros2_ws/install/diff_drive_controller/share/ament_index/resource_index/packages/diff_drive_controller
[3.470s] -- Up-to-date symlink: /home/khaledob/bookros2_ws/install/diff_drive_controller/share/ament_index/resource_index/controller_interface__pluginlib__plugin/diff_drive_controller
[3.471s] -- Up-to-date symlink: /home/khaledob/bookros2_ws/install/diff_drive_controller/share/diff_drive_controller/cmake/ament_cmake_export_dependencies-extras.cmake
[3.475s] -- Up-to-date symlink: /home/khaledob/bookros2_ws/install/diff_drive_controller/share/diff_drive_controller/cmake/ament_cmake_export_include_directories-extras.cmake
[3.481s] -- Up-to-date symlink: /home/khaledob/bookros2_ws/install/diff_drive_controller/share/diff_drive_controller/cmake/ament_cmake_export_libraries-extras.cmake
[3.493s] -- Up-to-date symlink: /home/khaledob/bookros2_ws/install/diff_drive_controller/share/diff_drive_controller/cmake/diff_drive_controllerConfig.cmake
[3.498s] -- Up-to-date symlink: /home/khaledob/bookros2_ws/install/diff_drive_controller/share/diff_drive_controller/cmake/diff_drive_controllerConfig-version.cmake
[3.501s] -- Up-to-date symlink: /home/khaledob/bookros2_ws/install/diff_drive_controller/share/diff_drive_controller/package.xml
[4.284s] Invoked command in '/home/khaledob/bookros2_ws/build/diff_drive_controller' returned '0': AMENT_PREFIX_PATH=/home/khaledob/bookros2_ws/install/controller_manager:/home/khaledob/bookros2_ws/install/controller_interface:/home/khaledob/bookros2_ws/install/hardware_interface:/home/khaledob/bookros2_ws/install/ros2_control_test_assets:/home/khaledob/bookros2_ws/install/controller_manager_msgs:${AMENT_PREFIX_PATH} CMAKE_PREFIX_PATH=/home/khaledob/bookros2_ws/install/controller_manager:/home/khaledob/bookros2_ws/install/controller_interface:/home/khaledob/bookros2_ws/install/hardware_interface:/home/khaledob/bookros2_ws/install/ros2_control_test_assets:/home/khaledob/bookros2_ws/install/controller_manager_msgs:/opt/ros/foxy LD_LIBRARY_PATH=/home/khaledob/bookros2_ws/install/controller_manager/lib:/home/khaledob/bookros2_ws/install/controller_interface/lib:/home/khaledob/bookros2_ws/install/hardware_interface/lib:/home/khaledob/bookros2_ws/install/controller_manager_msgs/lib:${LD_LIBRARY_PATH} PYTHONPATH=/home/khaledob/bookros2_ws/install/controller_manager/lib/python3.8/site-packages:/home/khaledob/bookros2_ws/install/controller_manager_msgs/lib/python3.8/site-packages:${PYTHONPATH} /usr/bin/cmake --install /home/khaledob/bookros2_ws/build/diff_drive_controller
