[0.335s] Invoking command in '/home/khaledob/bookros2_ws/build/br2_tiago': CMAKE_PREFIX_PATH=/opt/ros/foxy /usr/bin/cmake --build /home/khaledob/bookros2_ws/build/br2_tiago -- -j7 -l7
[0.488s] Invoked command in '/home/khaledob/bookros2_ws/build/br2_tiago' returned '0': CMAKE_PREFIX_PATH=/opt/ros/foxy /usr/bin/cmake --build /home/khaledob/bookros2_ws/build/br2_tiago -- -j7 -l7
[0.491s] Invoking command in '/home/khaledob/bookros2_ws/build/br2_tiago': CMAKE_PREFIX_PATH=/opt/ros/foxy /usr/bin/cmake --install /home/khaledob/bookros2_ws/build/br2_tiago
[0.513s] -- Install configuration: ""
[0.514s] -- Execute custom install script
[0.515s] -- Up-to-date symlink: /home/khaledob/bookros2_ws/install/br2_tiago/share/br2_tiago/launch/sim.launch.py
[0.516s] -- Up-to-date symlink: /home/khaledob/bookros2_ws/install/br2_tiago/share/ament_index/resource_index/package_run_dependencies/br2_tiago
[0.516s] -- Up-to-date symlink: /home/khaledob/bookros2_ws/install/br2_tiago/share/ament_index/resource_index/parent_prefix_path/br2_tiago
[0.518s] -- Up-to-date symlink: /home/khaledob/bookros2_ws/install/br2_tiago/share/br2_tiago/environment/ament_prefix_path.sh
[0.520s] -- Up-to-date symlink: /home/khaledob/bookros2_ws/install/br2_tiago/share/br2_tiago/environment/ament_prefix_path.dsv
[0.521s] -- Up-to-date symlink: /home/khaledob/bookros2_ws/install/br2_tiago/share/br2_tiago/environment/path.sh
[0.521s] -- Up-to-date symlink: /home/khaledob/bookros2_ws/install/br2_tiago/share/br2_tiago/environment/path.dsv
[0.522s] -- Up-to-date symlink: /home/khaledob/bookros2_ws/install/br2_tiago/share/br2_tiago/local_setup.bash
[0.522s] -- Up-to-date symlink: /home/khaledob/bookros2_ws/install/br2_tiago/share/br2_tiago/local_setup.sh
[0.522s] -- Up-to-date symlink: /home/khaledob/bookros2_ws/install/br2_tiago/share/br2_tiago/local_setup.zsh
[0.522s] -- Up-to-date symlink: /home/khaledob/bookros2_ws/install/br2_tiago/share/br2_tiago/local_setup.dsv
[0.522s] -- Symlinking: /home/khaledob/bookros2_ws/install/br2_tiago/share/br2_tiago/package.dsv
[0.579s] -- Up-to-date symlink: /home/khaledob/bookros2_ws/install/br2_tiago/share/ament_index/resource_index/packages/br2_tiago
[0.580s] -- Up-to-date symlink: /home/khaledob/bookros2_ws/install/br2_tiago/share/br2_tiago/cmake/br2_tiagoConfig.cmake
[0.580s] -- Up-to-date symlink: /home/khaledob/bookros2_ws/install/br2_tiago/share/br2_tiago/cmake/br2_tiagoConfig-version.cmake
[0.580s] -- Up-to-date symlink: /home/khaledob/bookros2_ws/install/br2_tiago/share/br2_tiago/package.xml
[0.634s] Invoked command in '/home/khaledob/bookros2_ws/build/br2_tiago' returned '0': CMAKE_PREFIX_PATH=/opt/ros/foxy /usr/bin/cmake --install /home/khaledob/bookros2_ws/build/br2_tiago
