[0.487s] Invoking command in '/home/khaledob/bookros2_ws/build/br2_bt_bumpgo': CMAKE_PREFIX_PATH=/opt/ros/foxy /usr/bin/cmake --build /home/khaledob/bookros2_ws/build/br2_bt_bumpgo -- -j7 -l7
[0.752s] [ 11%] Built target br2_forward_bt_node
[0.793s] [ 22%] Built target br2_back_bt_node
[0.808s] [ 33%] Built target br2_turn_bt_node
[0.814s] [ 44%] Built target bt_bumpgo
[0.841s] [ 55%] Built target br2_is_obstacle_bt_node
[0.848s] [ 66%] Built target gtest
[0.851s] [ 77%] Built target bt_forward
[0.869s] [ 88%] Built target gtest_main
[1.089s] [100%] Built target bt_action_test
[1.276s] Invoked command in '/home/khaledob/bookros2_ws/build/br2_bt_bumpgo' returned '0': CMAKE_PREFIX_PATH=/opt/ros/foxy /usr/bin/cmake --build /home/khaledob/bookros2_ws/build/br2_bt_bumpgo -- -j7 -l7
[1.290s] Invoking command in '/home/khaledob/bookros2_ws/build/br2_bt_bumpgo': CMAKE_PREFIX_PATH=/opt/ros/foxy /usr/bin/cmake --install /home/khaledob/bookros2_ws/build/br2_bt_bumpgo
[1.735s] -- Install configuration: ""
[1.736s] -- Execute custom install script
[1.743s] -- Up-to-date symlink: /home/khaledob/bookros2_ws/install/br2_bt_bumpgo/lib/libbr2_forward_bt_node.so
[1.743s] -- Up-to-date symlink: /home/khaledob/bookros2_ws/install/br2_bt_bumpgo/lib/libbr2_back_bt_node.so
[1.743s] -- Up-to-date symlink: /home/khaledob/bookros2_ws/install/br2_bt_bumpgo/lib/libbr2_turn_bt_node.so
[1.743s] -- Up-to-date symlink: /home/khaledob/bookros2_ws/install/br2_bt_bumpgo/lib/libbr2_is_obstacle_bt_node.so
[1.753s] -- Up-to-date symlink: /home/khaledob/bookros2_ws/install/br2_bt_bumpgo/lib/br2_bt_bumpgo/bt_bumpgo
[1.754s] -- Up-to-date symlink: /home/khaledob/bookros2_ws/install/br2_bt_bumpgo/include//br2_bt_bumpgo/Back.hpp
[1.755s] -- Up-to-date symlink: /home/khaledob/bookros2_ws/install/br2_bt_bumpgo/include//br2_bt_bumpgo/Forward.hpp
[1.764s] -- Up-to-date symlink: /home/khaledob/bookros2_ws/install/br2_bt_bumpgo/include//br2_bt_bumpgo/IsObstacle.hpp
[1.764s] -- Up-to-date symlink: /home/khaledob/bookros2_ws/install/br2_bt_bumpgo/include//br2_bt_bumpgo/Turn.hpp
[1.765s] -- Up-to-date symlink: /home/khaledob/bookros2_ws/install/br2_bt_bumpgo/share/br2_bt_bumpgo/behavior_tree_xml/bumpgo.xml
[1.765s] -- Up-to-date symlink: /home/khaledob/bookros2_ws/install/br2_bt_bumpgo/lib/br2_bt_bumpgo/bt_forward
[1.766s] -- Up-to-date symlink: /home/khaledob/bookros2_ws/install/br2_bt_bumpgo/share/ament_index/resource_index/package_run_dependencies/br2_bt_bumpgo
[1.767s] -- Up-to-date symlink: /home/khaledob/bookros2_ws/install/br2_bt_bumpgo/share/ament_index/resource_index/parent_prefix_path/br2_bt_bumpgo
[1.770s] -- Up-to-date symlink: /home/khaledob/bookros2_ws/install/br2_bt_bumpgo/share/br2_bt_bumpgo/environment/ament_prefix_path.sh
[1.771s] -- Up-to-date symlink: /home/khaledob/bookros2_ws/install/br2_bt_bumpgo/share/br2_bt_bumpgo/environment/ament_prefix_path.dsv
[1.772s] -- Up-to-date symlink: /home/khaledob/bookros2_ws/install/br2_bt_bumpgo/share/br2_bt_bumpgo/environment/path.sh
[1.772s] -- Up-to-date symlink: /home/khaledob/bookros2_ws/install/br2_bt_bumpgo/share/br2_bt_bumpgo/environment/path.dsv
[1.773s] -- Up-to-date symlink: /home/khaledob/bookros2_ws/install/br2_bt_bumpgo/share/br2_bt_bumpgo/local_setup.bash
[1.774s] -- Up-to-date symlink: /home/khaledob/bookros2_ws/install/br2_bt_bumpgo/share/br2_bt_bumpgo/local_setup.sh
[1.774s] -- Up-to-date symlink: /home/khaledob/bookros2_ws/install/br2_bt_bumpgo/share/br2_bt_bumpgo/local_setup.zsh
[1.775s] -- Up-to-date symlink: /home/khaledob/bookros2_ws/install/br2_bt_bumpgo/share/br2_bt_bumpgo/local_setup.dsv
[1.775s] -- Symlinking: /home/khaledob/bookros2_ws/install/br2_bt_bumpgo/share/br2_bt_bumpgo/package.dsv
[1.775s] -- Up-to-date symlink: /home/khaledob/bookros2_ws/install/br2_bt_bumpgo/share/ament_index/resource_index/packages/br2_bt_bumpgo
[1.776s] -- Up-to-date symlink: /home/khaledob/bookros2_ws/install/br2_bt_bumpgo/share/br2_bt_bumpgo/cmake/ament_cmake_export_include_directories-extras.cmake
[1.777s] -- Up-to-date symlink: /home/khaledob/bookros2_ws/install/br2_bt_bumpgo/share/br2_bt_bumpgo/cmake/ament_cmake_export_dependencies-extras.cmake
[1.781s] -- Up-to-date symlink: /home/khaledob/bookros2_ws/install/br2_bt_bumpgo/share/br2_bt_bumpgo/cmake/br2_bt_bumpgoConfig.cmake
[1.794s] -- Up-to-date symlink: /home/khaledob/bookros2_ws/install/br2_bt_bumpgo/share/br2_bt_bumpgo/cmake/br2_bt_bumpgoConfig-version.cmake
[1.794s] -- Up-to-date symlink: /home/khaledob/bookros2_ws/install/br2_bt_bumpgo/share/br2_bt_bumpgo/package.xml
[1.831s] Invoked command in '/home/khaledob/bookros2_ws/build/br2_bt_bumpgo' returned '0': CMAKE_PREFIX_PATH=/opt/ros/foxy /usr/bin/cmake --install /home/khaledob/bookros2_ws/build/br2_bt_bumpgo
