[0.727s] Invoking command in '/home/khaledob/bookros2_ws/src/build/br2_navigation': CMAKE_PREFIX_PATH=/opt/ros/foxy /usr/bin/cmake --build /home/khaledob/bookros2_ws/src/build/br2_navigation -- -j7 -l7
[1.173s] Invoked command in '/home/khaledob/bookros2_ws/src/build/br2_navigation' returned '0': CMAKE_PREFIX_PATH=/opt/ros/foxy /usr/bin/cmake --build /home/khaledob/bookros2_ws/src/build/br2_navigation -- -j7 -l7
[1.174s] Invoking command in '/home/khaledob/bookros2_ws/src/build/br2_navigation': CMAKE_PREFIX_PATH=/opt/ros/foxy /usr/bin/cmake --install /home/khaledob/bookros2_ws/src/build/br2_navigation
[1.357s] -- Install configuration: ""
[1.359s] -- Execute custom install script
[1.359s] -- Up-to-date symlink: /home/khaledob/bookros2_ws/src/install/br2_navigation/share/br2_navigation/launch/navigation_launch.py
[1.362s] -- Up-to-date symlink: /home/khaledob/bookros2_ws/src/install/br2_navigation/share/br2_navigation/launch/tiago_navigation.launch.py
[1.363s] -- Up-to-date symlink: /home/khaledob/bookros2_ws/src/install/br2_navigation/share/br2_navigation/params/mapper_params_online_async.yaml
[1.363s] -- Up-to-date symlink: /home/khaledob/bookros2_ws/src/install/br2_navigation/share/br2_navigation/params/tiago_nav_params.yaml
[1.363s] -- Up-to-date symlink: /home/khaledob/bookros2_ws/src/install/br2_navigation/share/br2_navigation/maps/home.pgm
[1.364s] -- Up-to-date symlink: /home/khaledob/bookros2_ws/src/install/br2_navigation/share/br2_navigation/maps/home.yaml
[1.364s] -- Up-to-date symlink: /home/khaledob/bookros2_ws/src/install/br2_navigation/share/ament_index/resource_index/package_run_dependencies/br2_navigation
[1.364s] -- Up-to-date symlink: /home/khaledob/bookros2_ws/src/install/br2_navigation/share/ament_index/resource_index/parent_prefix_path/br2_navigation
[1.364s] -- Up-to-date symlink: /home/khaledob/bookros2_ws/src/install/br2_navigation/share/br2_navigation/environment/ament_prefix_path.sh
[1.364s] -- Up-to-date symlink: /home/khaledob/bookros2_ws/src/install/br2_navigation/share/br2_navigation/environment/ament_prefix_path.dsv
[1.364s] -- Up-to-date symlink: /home/khaledob/bookros2_ws/src/install/br2_navigation/share/br2_navigation/environment/path.sh
[1.364s] -- Up-to-date symlink: /home/khaledob/bookros2_ws/src/install/br2_navigation/share/br2_navigation/environment/path.dsv
[1.364s] -- Up-to-date symlink: /home/khaledob/bookros2_ws/src/install/br2_navigation/share/br2_navigation/local_setup.bash
[1.364s] -- Up-to-date symlink: /home/khaledob/bookros2_ws/src/install/br2_navigation/share/br2_navigation/local_setup.sh
[1.364s] -- Up-to-date symlink: /home/khaledob/bookros2_ws/src/install/br2_navigation/share/br2_navigation/local_setup.zsh
[1.364s] -- Up-to-date symlink: /home/khaledob/bookros2_ws/src/install/br2_navigation/share/br2_navigation/local_setup.dsv
[1.364s] -- Symlinking: /home/khaledob/bookros2_ws/src/install/br2_navigation/share/br2_navigation/package.dsv
[1.364s] -- Up-to-date symlink: /home/khaledob/bookros2_ws/src/install/br2_navigation/share/ament_index/resource_index/packages/br2_navigation
[1.365s] -- Up-to-date symlink: /home/khaledob/bookros2_ws/src/install/br2_navigation/share/br2_navigation/cmake/br2_navigationConfig.cmake
[1.365s] -- Up-to-date symlink: /home/khaledob/bookros2_ws/src/install/br2_navigation/share/br2_navigation/cmake/br2_navigationConfig-version.cmake
[1.365s] -- Up-to-date symlink: /home/khaledob/bookros2_ws/src/install/br2_navigation/share/br2_navigation/package.xml
[1.390s] Invoked command in '/home/khaledob/bookros2_ws/src/build/br2_navigation' returned '0': CMAKE_PREFIX_PATH=/opt/ros/foxy /usr/bin/cmake --install /home/khaledob/bookros2_ws/src/build/br2_navigation
