[0.161s] Invoking command in '/home/khaledob/bookros2_ws/build/task2a': CMAKE_PREFIX_PATH=/opt/ros/foxy /usr/bin/cmake --build /home/khaledob/bookros2_ws/build/task2a -- -j7 -l7
[0.343s] [100%] Built target node
[0.451s] Invoked command in '/home/khaledob/bookros2_ws/build/task2a' returned '0': CMAKE_PREFIX_PATH=/opt/ros/foxy /usr/bin/cmake --build /home/khaledob/bookros2_ws/build/task2a -- -j7 -l7
[0.453s] Invoking command in '/home/khaledob/bookros2_ws/build/task2a': CMAKE_PREFIX_PATH=/opt/ros/foxy /usr/bin/cmake --install /home/khaledob/bookros2_ws/build/task2a
[0.467s] -- Install configuration: ""
[0.468s] -- Execute custom install script
[0.469s] -- Up-to-date symlink: /home/khaledob/bookros2_ws/install/task2a/lib/task2a/node
[0.471s] -- Up-to-date symlink: /home/khaledob/bookros2_ws/install/task2a/share/task2a/launch/my_launch2a_file.py
[0.528s] -- Up-to-date symlink: /home/khaledob/bookros2_ws/install/task2a/share/ament_index/resource_index/package_run_dependencies/task2a
[0.528s] -- Up-to-date symlink: /home/khaledob/bookros2_ws/install/task2a/share/ament_index/resource_index/parent_prefix_path/task2a
[0.529s] -- Up-to-date symlink: /home/khaledob/bookros2_ws/install/task2a/share/task2a/environment/ament_prefix_path.sh
[0.530s] -- Up-to-date symlink: /home/khaledob/bookros2_ws/install/task2a/share/task2a/environment/ament_prefix_path.dsv
[0.530s] -- Up-to-date symlink: /home/khaledob/bookros2_ws/install/task2a/share/task2a/environment/path.sh
[0.530s] -- Up-to-date symlink: /home/khaledob/bookros2_ws/install/task2a/share/task2a/environment/path.dsv
[0.530s] -- Up-to-date symlink: /home/khaledob/bookros2_ws/install/task2a/share/task2a/local_setup.bash
[0.531s] -- Up-to-date symlink: /home/khaledob/bookros2_ws/install/task2a/share/task2a/local_setup.sh
[0.532s] -- Up-to-date symlink: /home/khaledob/bookros2_ws/install/task2a/share/task2a/local_setup.zsh
[0.532s] -- Up-to-date symlink: /home/khaledob/bookros2_ws/install/task2a/share/task2a/local_setup.dsv
[0.533s] -- Symlinking: /home/khaledob/bookros2_ws/install/task2a/share/task2a/package.dsv
[0.543s] -- Up-to-date symlink: /home/khaledob/bookros2_ws/install/task2a/share/ament_index/resource_index/packages/task2a
[0.544s] -- Up-to-date symlink: /home/khaledob/bookros2_ws/install/task2a/share/task2a/cmake/task2aConfig.cmake
[0.544s] -- Up-to-date symlink: /home/khaledob/bookros2_ws/install/task2a/share/task2a/cmake/task2aConfig-version.cmake
[0.545s] -- Up-to-date symlink: /home/khaledob/bookros2_ws/install/task2a/share/task2a/package.xml
[0.780s] Invoked command in '/home/khaledob/bookros2_ws/build/task2a' returned '0': CMAKE_PREFIX_PATH=/opt/ros/foxy /usr/bin/cmake --install /home/khaledob/bookros2_ws/build/task2a
