[0.527s] Invoking command in '/home/khaledob/bookros2_ws/src/build/controller_manager': AMENT_PREFIX_PATH=/home/khaledob/bookros2_ws/src/install/controller_interface:/home/khaledob/bookros2_ws/src/install/hardware_interface:/home/khaledob/bookros2_ws/src/install/ros2_control_test_assets:/home/khaledob/bookros2_ws/src/install/controller_manager_msgs:${AMENT_PREFIX_PATH} CMAKE_PREFIX_PATH=/home/khaledob/bookros2_ws/src/install/controller_interface:/home/khaledob/bookros2_ws/src/install/hardware_interface:/home/khaledob/bookros2_ws/src/install/ros2_control_test_assets:/home/khaledob/bookros2_ws/src/install/controller_manager_msgs:/opt/ros/foxy LD_LIBRARY_PATH=/home/khaledob/bookros2_ws/src/install/controller_interface/lib:/home/khaledob/bookros2_ws/src/install/hardware_interface/lib:/home/khaledob/bookros2_ws/src/install/controller_manager_msgs/lib:${LD_LIBRARY_PATH} PYTHONPATH=/home/khaledob/bookros2_ws/src/install/controller_manager_msgs/lib/python3.8/site-packages:${PYTHONPATH} /usr/bin/cmake --build /home/khaledob/bookros2_ws/src/build/controller_manager -- -j7 -l7
[0.980s] [  8%] Built target controller_manager
[1.242s] [ 16%] Built target gmock_main
[1.624s] [ 24%] Built target test_controller_failed_init
[2.030s] [ 32%] Built target ros2_control_node
[2.368s] [ 40%] Built target test_controller
[2.811s] [ 48%] Built target test_controller_with_interfaces
[2.820s] [ 60%] Built target gmock
[3.200s] [ 68%] Built target test_release_interfaces
[3.476s] [ 76%] Built target test_controller_manager_srvs
[3.734s] [ 84%] Built target test_spawner_unspawner
[4.104s] [ 92%] Built target test_load_controller
[4.362s] [100%] Built target test_controller_manager
[4.655s] Invoked command in '/home/khaledob/bookros2_ws/src/build/controller_manager' returned '0': AMENT_PREFIX_PATH=/home/khaledob/bookros2_ws/src/install/controller_interface:/home/khaledob/bookros2_ws/src/install/hardware_interface:/home/khaledob/bookros2_ws/src/install/ros2_control_test_assets:/home/khaledob/bookros2_ws/src/install/controller_manager_msgs:${AMENT_PREFIX_PATH} CMAKE_PREFIX_PATH=/home/khaledob/bookros2_ws/src/install/controller_interface:/home/khaledob/bookros2_ws/src/install/hardware_interface:/home/khaledob/bookros2_ws/src/install/ros2_control_test_assets:/home/khaledob/bookros2_ws/src/install/controller_manager_msgs:/opt/ros/foxy LD_LIBRARY_PATH=/home/khaledob/bookros2_ws/src/install/controller_interface/lib:/home/khaledob/bookros2_ws/src/install/hardware_interface/lib:/home/khaledob/bookros2_ws/src/install/controller_manager_msgs/lib:${LD_LIBRARY_PATH} PYTHONPATH=/home/khaledob/bookros2_ws/src/install/controller_manager_msgs/lib/python3.8/site-packages:${PYTHONPATH} /usr/bin/cmake --build /home/khaledob/bookros2_ws/src/build/controller_manager -- -j7 -l7
[4.667s] Invoking command in '/home/khaledob/bookros2_ws/src/build/controller_manager': AMENT_PREFIX_PATH=/home/khaledob/bookros2_ws/src/install/controller_interface:/home/khaledob/bookros2_ws/src/install/hardware_interface:/home/khaledob/bookros2_ws/src/install/ros2_control_test_assets:/home/khaledob/bookros2_ws/src/install/controller_manager_msgs:${AMENT_PREFIX_PATH} CMAKE_PREFIX_PATH=/home/khaledob/bookros2_ws/src/install/controller_interface:/home/khaledob/bookros2_ws/src/install/hardware_interface:/home/khaledob/bookros2_ws/src/install/ros2_control_test_assets:/home/khaledob/bookros2_ws/src/install/controller_manager_msgs:/opt/ros/foxy LD_LIBRARY_PATH=/home/khaledob/bookros2_ws/src/install/controller_interface/lib:/home/khaledob/bookros2_ws/src/install/hardware_interface/lib:/home/khaledob/bookros2_ws/src/install/controller_manager_msgs/lib:${LD_LIBRARY_PATH} PYTHONPATH=/home/khaledob/bookros2_ws/src/install/controller_manager_msgs/lib/python3.8/site-packages:${PYTHONPATH} /usr/bin/cmake --install /home/khaledob/bookros2_ws/src/build/controller_manager
[4.720s] -- Install configuration: ""
[4.749s] -- Execute custom install script
[4.750s] -- Up-to-date symlink: /home/khaledob/bookros2_ws/src/install/controller_manager/lib/libcontroller_manager.so
[4.752s] -- Up-to-date symlink: /home/khaledob/bookros2_ws/src/install/controller_manager/lib/controller_manager/ros2_control_node
[4.753s] -- Up-to-date symlink: /home/khaledob/bookros2_ws/src/install/controller_manager/include/controller_manager/controller_manager.hpp
[4.754s] -- Up-to-date symlink: /home/khaledob/bookros2_ws/src/install/controller_manager/include/controller_manager/controller_spec.hpp
[4.755s] -- Up-to-date symlink: /home/khaledob/bookros2_ws/src/install/controller_manager/include/controller_manager/visibility_control.h
[4.757s] -- Up-to-date symlink: /home/khaledob/bookros2_ws/src/install/controller_manager/lib/controller_manager/spawner.py
[4.758s] -- Up-to-date symlink: /home/khaledob/bookros2_ws/src/install/controller_manager/lib/controller_manager/unspawner.py
[4.763s] -- Up-to-date symlink: /home/khaledob/bookros2_ws/src/install/controller_manager/share/controller_manager/test/test_controller/test_controller.xml
[4.765s] -- Up-to-date symlink: /home/khaledob/bookros2_ws/src/install/controller_manager/lib/libtest_controller.so
[4.767s] -- Up-to-date symlink: /home/khaledob/bookros2_ws/src/install/controller_manager/share/controller_manager/test/test_controller_failed_init/test_controller_failed_init.xml
[4.769s] -- Up-to-date symlink: /home/khaledob/bookros2_ws/src/install/controller_manager/lib/libtest_controller_failed_init.so
[4.770s] -- Up-to-date symlink: /home/khaledob/bookros2_ws/src/install/controller_manager/share/controller_manager/test/test_controller_with_interfaces/test_controller_with_interfaces.xml
[4.778s] -- Up-to-date symlink: /home/khaledob/bookros2_ws/src/install/controller_manager/lib/libtest_controller_with_interfaces.so
[4.865s] -- Up-to-date symlink: /home/khaledob/bookros2_ws/src/install/controller_manager/share/controller_manager/environment/pythonpath.sh
[4.865s] -- Up-to-date symlink: /home/khaledob/bookros2_ws/src/install/controller_manager/share/controller_manager/environment/pythonpath.dsv
[4.865s] -- Up-to-date symlink: /home/khaledob/bookros2_ws/src/install/controller_manager/lib/python3.8/site-packages/controller_manager/__init__.py
[4.865s] -- Up-to-date symlink: /home/khaledob/bookros2_ws/src/install/controller_manager/lib/python3.8/site-packages/controller_manager/controller_manager_services.py
[4.865s] -- Up-to-date symlink: /home/khaledob/bookros2_ws/src/install/controller_manager/lib/python3.8/site-packages/controller_manager/launch_utils.py
[4.865s] -- Up-to-date symlink: /home/khaledob/bookros2_ws/src/install/controller_manager/share/controller_manager/environment/library_path.sh
[4.866s] -- Up-to-date symlink: /home/khaledob/bookros2_ws/src/install/controller_manager/share/controller_manager/environment/library_path.dsv
[4.866s] -- Up-to-date symlink: /home/khaledob/bookros2_ws/src/install/controller_manager/share/ament_index/resource_index/package_run_dependencies/controller_manager
[4.866s] -- Up-to-date symlink: /home/khaledob/bookros2_ws/src/install/controller_manager/share/ament_index/resource_index/parent_prefix_path/controller_manager
[4.866s] -- Up-to-date symlink: /home/khaledob/bookros2_ws/src/install/controller_manager/share/controller_manager/environment/ament_prefix_path.sh
[4.866s] -- Up-to-date symlink: /home/khaledob/bookros2_ws/src/install/controller_manager/share/controller_manager/environment/ament_prefix_path.dsv
[4.872s] -- Up-to-date symlink: /home/khaledob/bookros2_ws/src/install/controller_manager/share/controller_manager/environment/path.sh
[4.873s] -- Up-to-date symlink: /home/khaledob/bookros2_ws/src/install/controller_manager/share/controller_manager/environment/path.dsv
[4.874s] -- Up-to-date symlink: /home/khaledob/bookros2_ws/src/install/controller_manager/share/controller_manager/local_setup.bash
[4.874s] -- Up-to-date symlink: /home/khaledob/bookros2_ws/src/install/controller_manager/share/controller_manager/local_setup.sh
[4.894s] -- Up-to-date symlink: /home/khaledob/bookros2_ws/src/install/controller_manager/share/controller_manager/local_setup.zsh
[4.894s] -- Up-to-date symlink: /home/khaledob/bookros2_ws/src/install/controller_manager/share/controller_manager/local_setup.dsv
[4.895s] -- Symlinking: /home/khaledob/bookros2_ws/src/install/controller_manager/share/controller_manager/package.dsv
[4.979s] -- Up-to-date symlink: /home/khaledob/bookros2_ws/src/install/controller_manager/share/ament_index/resource_index/packages/controller_manager
[4.979s] -- Up-to-date symlink: /home/khaledob/bookros2_ws/src/install/controller_manager/share/ament_index/resource_index/controller_interface__pluginlib__plugin/controller_manager
[4.979s] -- Up-to-date symlink: /home/khaledob/bookros2_ws/src/install/controller_manager/share/controller_manager/cmake/ament_cmake_export_libraries-extras.cmake
[4.979s] -- Up-to-date symlink: /home/khaledob/bookros2_ws/src/install/controller_manager/share/controller_manager/cmake/ament_cmake_export_include_directories-extras.cmake
[4.980s] -- Up-to-date symlink: /home/khaledob/bookros2_ws/src/install/controller_manager/share/controller_manager/cmake/ament_cmake_export_dependencies-extras.cmake
[4.980s] -- Up-to-date symlink: /home/khaledob/bookros2_ws/src/install/controller_manager/share/controller_manager/cmake/controller_managerConfig.cmake
[4.980s] -- Up-to-date symlink: /home/khaledob/bookros2_ws/src/install/controller_manager/share/controller_manager/cmake/controller_managerConfig-version.cmake
[4.980s] -- Up-to-date symlink: /home/khaledob/bookros2_ws/src/install/controller_manager/share/controller_manager/package.xml
[5.083s] Listing '/home/khaledob/bookros2_ws/src/install/controller_manager/lib/python3.8/site-packages/controller_manager'...
[5.109s] Invoked command in '/home/khaledob/bookros2_ws/src/build/controller_manager' returned '0': AMENT_PREFIX_PATH=/home/khaledob/bookros2_ws/src/install/controller_interface:/home/khaledob/bookros2_ws/src/install/hardware_interface:/home/khaledob/bookros2_ws/src/install/ros2_control_test_assets:/home/khaledob/bookros2_ws/src/install/controller_manager_msgs:${AMENT_PREFIX_PATH} CMAKE_PREFIX_PATH=/home/khaledob/bookros2_ws/src/install/controller_interface:/home/khaledob/bookros2_ws/src/install/hardware_interface:/home/khaledob/bookros2_ws/src/install/ros2_control_test_assets:/home/khaledob/bookros2_ws/src/install/controller_manager_msgs:/opt/ros/foxy LD_LIBRARY_PATH=/home/khaledob/bookros2_ws/src/install/controller_interface/lib:/home/khaledob/bookros2_ws/src/install/hardware_interface/lib:/home/khaledob/bookros2_ws/src/install/controller_manager_msgs/lib:${LD_LIBRARY_PATH} PYTHONPATH=/home/khaledob/bookros2_ws/src/install/controller_manager_msgs/lib/python3.8/site-packages:${PYTHONPATH} /usr/bin/cmake --install /home/khaledob/bookros2_ws/src/build/controller_manager
