[0.642s] Invoking command in '/home/khaledob/bookros2_ws/src/build/twist_mux': CMAKE_PREFIX_PATH=${CMAKE_PREFIX_PATH}:/home/khaledob/bookros2_ws/src/install/ros2controlcli:/home/khaledob/bookros2_ws/src/install/launch_pal:/home/khaledob/bookros2_ws/src/install/br2_fsm_bumpgo_py:/opt/ros/foxy /usr/bin/cmake --build /home/khaledob/bookros2_ws/src/build/twist_mux -- -j7 -l7
[0.913s] [ 33%] Built target twist_marker
[0.921s] [100%] Built target twist_mux
[1.030s] Invoked command in '/home/khaledob/bookros2_ws/src/build/twist_mux' returned '0': CMAKE_PREFIX_PATH=${CMAKE_PREFIX_PATH}:/home/khaledob/bookros2_ws/src/install/ros2controlcli:/home/khaledob/bookros2_ws/src/install/launch_pal:/home/khaledob/bookros2_ws/src/install/br2_fsm_bumpgo_py:/opt/ros/foxy /usr/bin/cmake --build /home/khaledob/bookros2_ws/src/build/twist_mux -- -j7 -l7
[1.035s] Invoking command in '/home/khaledob/bookros2_ws/src/build/twist_mux': CMAKE_PREFIX_PATH=${CMAKE_PREFIX_PATH}:/home/khaledob/bookros2_ws/src/install/ros2controlcli:/home/khaledob/bookros2_ws/src/install/launch_pal:/home/khaledob/bookros2_ws/src/install/br2_fsm_bumpgo_py:/opt/ros/foxy /usr/bin/cmake --install /home/khaledob/bookros2_ws/src/build/twist_mux
[1.200s] -- Install configuration: ""
[1.201s] -- Execute custom install script
[1.201s] -- Up-to-date symlink: /home/khaledob/bookros2_ws/src/install/twist_mux/lib/twist_mux/twist_mux
[1.201s] -- Up-to-date symlink: /home/khaledob/bookros2_ws/src/install/twist_mux/lib/twist_mux/twist_marker
[1.201s] -- Up-to-date symlink: /home/khaledob/bookros2_ws/src/install/twist_mux/share/twist_mux/launch/twist_mux.launch
[1.201s] -- Up-to-date symlink: /home/khaledob/bookros2_ws/src/install/twist_mux/share/twist_mux/launch/twist_mux_launch.py
[1.207s] -- Up-to-date symlink: /home/khaledob/bookros2_ws/src/install/twist_mux/share/twist_mux/config/joystick.yaml
[1.208s] -- Up-to-date symlink: /home/khaledob/bookros2_ws/src/install/twist_mux/share/twist_mux/config/twist_mux_locks.yaml
[1.208s] -- Up-to-date symlink: /home/khaledob/bookros2_ws/src/install/twist_mux/share/twist_mux/config/twist_mux_topics.yaml
[1.209s] -- Up-to-date symlink: /home/khaledob/bookros2_ws/src/install/twist_mux/include/twist_mux/params_helpers.hpp
[1.210s] -- Up-to-date symlink: /home/khaledob/bookros2_ws/src/install/twist_mux/include/twist_mux/topic_handle.hpp
[1.210s] -- Up-to-date symlink: /home/khaledob/bookros2_ws/src/install/twist_mux/include/twist_mux/twist_mux.hpp
[1.210s] -- Up-to-date symlink: /home/khaledob/bookros2_ws/src/install/twist_mux/include/twist_mux/twist_mux_diagnostics.hpp
[1.210s] -- Up-to-date symlink: /home/khaledob/bookros2_ws/src/install/twist_mux/include/twist_mux/twist_mux_diagnostics_status.hpp
[1.211s] -- Up-to-date symlink: /home/khaledob/bookros2_ws/src/install/twist_mux/include/twist_mux/utils.hpp
[1.212s] -- Up-to-date symlink: /home/khaledob/bookros2_ws/src/install/twist_mux/share/ament_index/resource_index/package_run_dependencies/twist_mux
[1.214s] -- Up-to-date symlink: /home/khaledob/bookros2_ws/src/install/twist_mux/share/ament_index/resource_index/parent_prefix_path/twist_mux
[1.214s] -- Up-to-date symlink: /home/khaledob/bookros2_ws/src/install/twist_mux/share/twist_mux/environment/ament_prefix_path.sh
[1.215s] -- Up-to-date symlink: /home/khaledob/bookros2_ws/src/install/twist_mux/share/twist_mux/environment/ament_prefix_path.dsv
[1.215s] -- Up-to-date symlink: /home/khaledob/bookros2_ws/src/install/twist_mux/share/twist_mux/environment/path.sh
[1.215s] -- Up-to-date symlink: /home/khaledob/bookros2_ws/src/install/twist_mux/share/twist_mux/environment/path.dsv
[1.216s] -- Up-to-date symlink: /home/khaledob/bookros2_ws/src/install/twist_mux/share/twist_mux/local_setup.bash
[1.217s] -- Up-to-date symlink: /home/khaledob/bookros2_ws/src/install/twist_mux/share/twist_mux/local_setup.sh
[1.217s] -- Up-to-date symlink: /home/khaledob/bookros2_ws/src/install/twist_mux/share/twist_mux/local_setup.zsh
[1.217s] -- Up-to-date symlink: /home/khaledob/bookros2_ws/src/install/twist_mux/share/twist_mux/local_setup.dsv
[1.220s] -- Symlinking: /home/khaledob/bookros2_ws/src/install/twist_mux/share/twist_mux/package.dsv
[1.222s] -- Up-to-date symlink: /home/khaledob/bookros2_ws/src/install/twist_mux/share/ament_index/resource_index/packages/twist_mux
[1.223s] -- Up-to-date symlink: /home/khaledob/bookros2_ws/src/install/twist_mux/share/twist_mux/cmake/ament_cmake_export_include_directories-extras.cmake
[1.223s] -- Up-to-date symlink: /home/khaledob/bookros2_ws/src/install/twist_mux/share/twist_mux/cmake/ament_cmake_export_dependencies-extras.cmake
[1.224s] -- Up-to-date symlink: /home/khaledob/bookros2_ws/src/install/twist_mux/share/twist_mux/cmake/twist_muxConfig.cmake
[1.225s] -- Up-to-date symlink: /home/khaledob/bookros2_ws/src/install/twist_mux/share/twist_mux/cmake/twist_muxConfig-version.cmake
[1.226s] -- Up-to-date symlink: /home/khaledob/bookros2_ws/src/install/twist_mux/share/twist_mux/package.xml
[1.504s] Invoked command in '/home/khaledob/bookros2_ws/src/build/twist_mux' returned '0': CMAKE_PREFIX_PATH=${CMAKE_PREFIX_PATH}:/home/khaledob/bookros2_ws/src/install/ros2controlcli:/home/khaledob/bookros2_ws/src/install/launch_pal:/home/khaledob/bookros2_ws/src/install/br2_fsm_bumpgo_py:/opt/ros/foxy /usr/bin/cmake --install /home/khaledob/bookros2_ws/src/build/twist_mux
