[1.033s] Invoking command in '/home/khaledob/bookros2_ws/build/gazebo_ros2_control': AMENT_PREFIX_PATH=/home/khaledob/bookros2_ws/install/controller_manager:/home/khaledob/bookros2_ws/install/controller_interface:/home/khaledob/bookros2_ws/install/hardware_interface:/home/khaledob/bookros2_ws/install/ros2_control_test_assets:/home/khaledob/bookros2_ws/install/controller_manager_msgs:${AMENT_PREFIX_PATH} CMAKE_PREFIX_PATH=/home/khaledob/bookros2_ws/install/controller_manager:/home/khaledob/bookros2_ws/install/controller_interface:/home/khaledob/bookros2_ws/install/hardware_interface:/home/khaledob/bookros2_ws/install/ros2_control_test_assets:/home/khaledob/bookros2_ws/install/controller_manager_msgs:/opt/ros/foxy LD_LIBRARY_PATH=/home/khaledob/bookros2_ws/install/controller_manager/lib:/home/khaledob/bookros2_ws/install/controller_interface/lib:/home/khaledob/bookros2_ws/install/hardware_interface/lib:/home/khaledob/bookros2_ws/install/controller_manager_msgs/lib:${LD_LIBRARY_PATH} PYTHONPATH=/home/khaledob/bookros2_ws/install/controller_manager/lib/python3.8/site-packages:/home/khaledob/bookros2_ws/install/controller_manager_msgs/lib/python3.8/site-packages:${PYTHONPATH} /usr/bin/cmake --build /home/khaledob/bookros2_ws/build/gazebo_ros2_control -- -j7 -l7
[1.464s] [ 50%] Built target gazebo_hardware_plugins
[1.622s] [100%] Built target gazebo_ros2_control
[1.813s] Invoked command in '/home/khaledob/bookros2_ws/build/gazebo_ros2_control' returned '0': AMENT_PREFIX_PATH=/home/khaledob/bookros2_ws/install/controller_manager:/home/khaledob/bookros2_ws/install/controller_interface:/home/khaledob/bookros2_ws/install/hardware_interface:/home/khaledob/bookros2_ws/install/ros2_control_test_assets:/home/khaledob/bookros2_ws/install/controller_manager_msgs:${AMENT_PREFIX_PATH} CMAKE_PREFIX_PATH=/home/khaledob/bookros2_ws/install/controller_manager:/home/khaledob/bookros2_ws/install/controller_interface:/home/khaledob/bookros2_ws/install/hardware_interface:/home/khaledob/bookros2_ws/install/ros2_control_test_assets:/home/khaledob/bookros2_ws/install/controller_manager_msgs:/opt/ros/foxy LD_LIBRARY_PATH=/home/khaledob/bookros2_ws/install/controller_manager/lib:/home/khaledob/bookros2_ws/install/controller_interface/lib:/home/khaledob/bookros2_ws/install/hardware_interface/lib:/home/khaledob/bookros2_ws/install/controller_manager_msgs/lib:${LD_LIBRARY_PATH} PYTHONPATH=/home/khaledob/bookros2_ws/install/controller_manager/lib/python3.8/site-packages:/home/khaledob/bookros2_ws/install/controller_manager_msgs/lib/python3.8/site-packages:${PYTHONPATH} /usr/bin/cmake --build /home/khaledob/bookros2_ws/build/gazebo_ros2_control -- -j7 -l7
[1.852s] Invoking command in '/home/khaledob/bookros2_ws/build/gazebo_ros2_control': AMENT_PREFIX_PATH=/home/khaledob/bookros2_ws/install/controller_manager:/home/khaledob/bookros2_ws/install/controller_interface:/home/khaledob/bookros2_ws/install/hardware_interface:/home/khaledob/bookros2_ws/install/ros2_control_test_assets:/home/khaledob/bookros2_ws/install/controller_manager_msgs:${AMENT_PREFIX_PATH} CMAKE_PREFIX_PATH=/home/khaledob/bookros2_ws/install/controller_manager:/home/khaledob/bookros2_ws/install/controller_interface:/home/khaledob/bookros2_ws/install/hardware_interface:/home/khaledob/bookros2_ws/install/ros2_control_test_assets:/home/khaledob/bookros2_ws/install/controller_manager_msgs:/opt/ros/foxy LD_LIBRARY_PATH=/home/khaledob/bookros2_ws/install/controller_manager/lib:/home/khaledob/bookros2_ws/install/controller_interface/lib:/home/khaledob/bookros2_ws/install/hardware_interface/lib:/home/khaledob/bookros2_ws/install/controller_manager_msgs/lib:${LD_LIBRARY_PATH} PYTHONPATH=/home/khaledob/bookros2_ws/install/controller_manager/lib/python3.8/site-packages:/home/khaledob/bookros2_ws/install/controller_manager_msgs/lib/python3.8/site-packages:${PYTHONPATH} /usr/bin/cmake --install /home/khaledob/bookros2_ws/build/gazebo_ros2_control
[1.855s] -- Install configuration: ""
[1.855s] -- Execute custom install script
[1.856s] -- Up-to-date symlink: /home/khaledob/bookros2_ws/install/gazebo_ros2_control/lib/libgazebo_ros2_control.so
[1.856s] -- Up-to-date symlink: /home/khaledob/bookros2_ws/install/gazebo_ros2_control/lib/libgazebo_hardware_plugins.so
[1.856s] -- Up-to-date symlink: /home/khaledob/bookros2_ws/install/gazebo_ros2_control/share/gazebo_ros2_control/environment/library_path.sh
[1.856s] -- Up-to-date symlink: /home/khaledob/bookros2_ws/install/gazebo_ros2_control/share/gazebo_ros2_control/environment/library_path.dsv
[1.856s] -- Up-to-date symlink: /home/khaledob/bookros2_ws/install/gazebo_ros2_control/include/gazebo_ros2_control/gazebo_ros2_control_plugin.hpp
[1.856s] -- Up-to-date symlink: /home/khaledob/bookros2_ws/install/gazebo_ros2_control/include/gazebo_ros2_control/gazebo_system.hpp
[1.856s] -- Up-to-date symlink: /home/khaledob/bookros2_ws/install/gazebo_ros2_control/include/gazebo_ros2_control/gazebo_system_interface.hpp
[1.857s] -- Up-to-date symlink: /home/khaledob/bookros2_ws/install/gazebo_ros2_control/share/gazebo_ros2_control//gazebo_hardware_plugins.xml
[1.867s] -- Up-to-date symlink: /home/khaledob/bookros2_ws/install/gazebo_ros2_control/share/ament_index/resource_index/package_run_dependencies/gazebo_ros2_control
[1.867s] -- Up-to-date symlink: /home/khaledob/bookros2_ws/install/gazebo_ros2_control/share/ament_index/resource_index/parent_prefix_path/gazebo_ros2_control
[1.867s] -- Up-to-date symlink: /home/khaledob/bookros2_ws/install/gazebo_ros2_control/share/gazebo_ros2_control/environment/ament_prefix_path.sh
[1.867s] -- Up-to-date symlink: /home/khaledob/bookros2_ws/install/gazebo_ros2_control/share/gazebo_ros2_control/environment/ament_prefix_path.dsv
[1.868s] -- Up-to-date symlink: /home/khaledob/bookros2_ws/install/gazebo_ros2_control/share/gazebo_ros2_control/environment/path.sh
[1.869s] -- Up-to-date symlink: /home/khaledob/bookros2_ws/install/gazebo_ros2_control/share/gazebo_ros2_control/environment/path.dsv
[1.869s] -- Up-to-date symlink: /home/khaledob/bookros2_ws/install/gazebo_ros2_control/share/gazebo_ros2_control/local_setup.bash
[1.879s] -- Up-to-date symlink: /home/khaledob/bookros2_ws/install/gazebo_ros2_control/share/gazebo_ros2_control/local_setup.sh
[1.884s] -- Up-to-date symlink: /home/khaledob/bookros2_ws/install/gazebo_ros2_control/share/gazebo_ros2_control/local_setup.zsh
[1.887s] -- Up-to-date symlink: /home/khaledob/bookros2_ws/install/gazebo_ros2_control/share/gazebo_ros2_control/local_setup.dsv
[1.887s] -- Symlinking: /home/khaledob/bookros2_ws/install/gazebo_ros2_control/share/gazebo_ros2_control/package.dsv
[1.938s] -- Up-to-date symlink: /home/khaledob/bookros2_ws/install/gazebo_ros2_control/share/ament_index/resource_index/packages/gazebo_ros2_control
[1.938s] -- Up-to-date symlink: /home/khaledob/bookros2_ws/install/gazebo_ros2_control/share/ament_index/resource_index/gazebo_ros2_control__pluginlib__plugin/gazebo_ros2_control
[1.939s] -- Up-to-date symlink: /home/khaledob/bookros2_ws/install/gazebo_ros2_control/share/gazebo_ros2_control/cmake/ament_cmake_export_include_directories-extras.cmake
[1.939s] -- Up-to-date symlink: /home/khaledob/bookros2_ws/install/gazebo_ros2_control/share/gazebo_ros2_control/cmake/ament_cmake_export_dependencies-extras.cmake
[1.939s] -- Up-to-date symlink: /home/khaledob/bookros2_ws/install/gazebo_ros2_control/share/gazebo_ros2_control/cmake/ament_cmake_export_libraries-extras.cmake
[1.939s] -- Up-to-date symlink: /home/khaledob/bookros2_ws/install/gazebo_ros2_control/share/gazebo_ros2_control/cmake/gazebo_ros2_controlConfig.cmake
[1.939s] -- Up-to-date symlink: /home/khaledob/bookros2_ws/install/gazebo_ros2_control/share/gazebo_ros2_control/cmake/gazebo_ros2_controlConfig-version.cmake
[1.939s] -- Up-to-date symlink: /home/khaledob/bookros2_ws/install/gazebo_ros2_control/share/gazebo_ros2_control/package.xml
[1.952s] Invoked command in '/home/khaledob/bookros2_ws/build/gazebo_ros2_control' returned '0': AMENT_PREFIX_PATH=/home/khaledob/bookros2_ws/install/controller_manager:/home/khaledob/bookros2_ws/install/controller_interface:/home/khaledob/bookros2_ws/install/hardware_interface:/home/khaledob/bookros2_ws/install/ros2_control_test_assets:/home/khaledob/bookros2_ws/install/controller_manager_msgs:${AMENT_PREFIX_PATH} CMAKE_PREFIX_PATH=/home/khaledob/bookros2_ws/install/controller_manager:/home/khaledob/bookros2_ws/install/controller_interface:/home/khaledob/bookros2_ws/install/hardware_interface:/home/khaledob/bookros2_ws/install/ros2_control_test_assets:/home/khaledob/bookros2_ws/install/controller_manager_msgs:/opt/ros/foxy LD_LIBRARY_PATH=/home/khaledob/bookros2_ws/install/controller_manager/lib:/home/khaledob/bookros2_ws/install/controller_interface/lib:/home/khaledob/bookros2_ws/install/hardware_interface/lib:/home/khaledob/bookros2_ws/install/controller_manager_msgs/lib:${LD_LIBRARY_PATH} PYTHONPATH=/home/khaledob/bookros2_ws/install/controller_manager/lib/python3.8/site-packages:/home/khaledob/bookros2_ws/install/controller_manager_msgs/lib/python3.8/site-packages:${PYTHONPATH} /usr/bin/cmake --install /home/khaledob/bookros2_ws/build/gazebo_ros2_control
