[1.867s] Invoking command in '/home/khaledob/bookros2_ws/build/br2_tf2_detector': CMAKE_PREFIX_PATH=${CMAKE_PREFIX_PATH}:/home/khaledob/bookros2_ws/install/ros2controlcli:/home/khaledob/bookros2_ws/install/launch_pal:/home/khaledob/bookros2_ws/install/br2_fsm_bumpgo_py:/opt/ros/foxy /usr/bin/cmake --build /home/khaledob/bookros2_ws/build/br2_tf2_detector -- -j7 -l7
[3.790s] [ 50%] Built target br2_tf2_detector
[5.056s] [ 75%] Built target detector
[7.145s] [100%] Built target detector_improved
[9.786s] Invoked command in '/home/khaledob/bookros2_ws/build/br2_tf2_detector' returned '0': CMAKE_PREFIX_PATH=${CMAKE_PREFIX_PATH}:/home/khaledob/bookros2_ws/install/ros2controlcli:/home/khaledob/bookros2_ws/install/launch_pal:/home/khaledob/bookros2_ws/install/br2_fsm_bumpgo_py:/opt/ros/foxy /usr/bin/cmake --build /home/khaledob/bookros2_ws/build/br2_tf2_detector -- -j7 -l7
[9.787s] Invoking command in '/home/khaledob/bookros2_ws/build/br2_tf2_detector': CMAKE_PREFIX_PATH=${CMAKE_PREFIX_PATH}:/home/khaledob/bookros2_ws/install/ros2controlcli:/home/khaledob/bookros2_ws/install/launch_pal:/home/khaledob/bookros2_ws/install/br2_fsm_bumpgo_py:/opt/ros/foxy /usr/bin/cmake --install /home/khaledob/bookros2_ws/build/br2_tf2_detector
[11.282s] -- Install configuration: ""
[11.290s] -- Execute custom install script
[11.290s] -- Up-to-date symlink: /home/khaledob/bookros2_ws/install/br2_tf2_detector/lib/libbr2_tf2_detector.so
[11.290s] -- Up-to-date symlink: /home/khaledob/bookros2_ws/install/br2_tf2_detector/lib/br2_tf2_detector/detector
[11.290s] -- Up-to-date symlink: /home/khaledob/bookros2_ws/install/br2_tf2_detector/lib/br2_tf2_detector/detector_improved
[11.290s] -- Up-to-date symlink: /home/khaledob/bookros2_ws/install/br2_tf2_detector/share/br2_tf2_detector/launch/detector_basic.launch.py
[11.291s] -- Up-to-date symlink: /home/khaledob/bookros2_ws/install/br2_tf2_detector/share/br2_tf2_detector/launch/detector_improved.launch.py
[11.291s] -- Up-to-date symlink: /home/khaledob/bookros2_ws/install/br2_tf2_detector/share/ament_index/resource_index/package_run_dependencies/br2_tf2_detector
[11.291s] -- Up-to-date symlink: /home/khaledob/bookros2_ws/install/br2_tf2_detector/share/ament_index/resource_index/parent_prefix_path/br2_tf2_detector
[11.291s] -- Up-to-date symlink: /home/khaledob/bookros2_ws/install/br2_tf2_detector/share/br2_tf2_detector/environment/ament_prefix_path.sh
[11.293s] -- Up-to-date symlink: /home/khaledob/bookros2_ws/install/br2_tf2_detector/share/br2_tf2_detector/environment/ament_prefix_path.dsv
[11.293s] -- Up-to-date symlink: /home/khaledob/bookros2_ws/install/br2_tf2_detector/share/br2_tf2_detector/environment/path.sh
[11.293s] -- Up-to-date symlink: /home/khaledob/bookros2_ws/install/br2_tf2_detector/share/br2_tf2_detector/environment/path.dsv
[11.294s] -- Up-to-date symlink: /home/khaledob/bookros2_ws/install/br2_tf2_detector/share/br2_tf2_detector/local_setup.bash
[11.436s] -- Up-to-date symlink: /home/khaledob/bookros2_ws/install/br2_tf2_detector/share/br2_tf2_detector/local_setup.sh
[11.443s] -- Up-to-date symlink: /home/khaledob/bookros2_ws/install/br2_tf2_detector/share/br2_tf2_detector/local_setup.zsh
[11.443s] -- Up-to-date symlink: /home/khaledob/bookros2_ws/install/br2_tf2_detector/share/br2_tf2_detector/local_setup.dsv
[11.443s] -- Symlinking: /home/khaledob/bookros2_ws/install/br2_tf2_detector/share/br2_tf2_detector/package.dsv
[11.444s] -- Up-to-date symlink: /home/khaledob/bookros2_ws/install/br2_tf2_detector/share/ament_index/resource_index/packages/br2_tf2_detector
[11.444s] -- Up-to-date symlink: /home/khaledob/bookros2_ws/install/br2_tf2_detector/share/br2_tf2_detector/cmake/br2_tf2_detectorConfig.cmake
[11.444s] -- Up-to-date symlink: /home/khaledob/bookros2_ws/install/br2_tf2_detector/share/br2_tf2_detector/cmake/br2_tf2_detectorConfig-version.cmake
[11.444s] -- Up-to-date symlink: /home/khaledob/bookros2_ws/install/br2_tf2_detector/share/br2_tf2_detector/package.xml
[11.483s] Invoked command in '/home/khaledob/bookros2_ws/build/br2_tf2_detector' returned '0': CMAKE_PREFIX_PATH=${CMAKE_PREFIX_PATH}:/home/khaledob/bookros2_ws/install/ros2controlcli:/home/khaledob/bookros2_ws/install/launch_pal:/home/khaledob/bookros2_ws/install/br2_fsm_bumpgo_py:/opt/ros/foxy /usr/bin/cmake --install /home/khaledob/bookros2_ws/build/br2_tf2_detector
