[0.542s] Invoking command in '/home/khaledob/bookros2_ws/build/t1': CMAKE_PREFIX_PATH=${CMAKE_PREFIX_PATH}:/home/khaledob/bookros2_ws/install/ros2controlcli:/home/khaledob/bookros2_ws/install/launch_pal:/home/khaledob/bookros2_ws/install/br2_fsm_bumpgo_py:/opt/ros/foxy /usr/bin/cmake --build /home/khaledob/bookros2_ws/build/t1 -- -j7 -l7
[1.166s] [100%] Built target bumpgo
[1.405s] Invoked command in '/home/khaledob/bookros2_ws/build/t1' returned '0': CMAKE_PREFIX_PATH=${CMAKE_PREFIX_PATH}:/home/khaledob/bookros2_ws/install/ros2controlcli:/home/khaledob/bookros2_ws/install/launch_pal:/home/khaledob/bookros2_ws/install/br2_fsm_bumpgo_py:/opt/ros/foxy /usr/bin/cmake --build /home/khaledob/bookros2_ws/build/t1 -- -j7 -l7
[1.407s] Invoking command in '/home/khaledob/bookros2_ws/build/t1': CMAKE_PREFIX_PATH=${CMAKE_PREFIX_PATH}:/home/khaledob/bookros2_ws/install/ros2controlcli:/home/khaledob/bookros2_ws/install/launch_pal:/home/khaledob/bookros2_ws/install/br2_fsm_bumpgo_py:/opt/ros/foxy /usr/bin/cmake --install /home/khaledob/bookros2_ws/build/t1
[1.445s] -- Install configuration: ""
[1.445s] -- Execute custom install script
[1.445s] -- Up-to-date symlink: /home/khaledob/bookros2_ws/install/t1/lib/t1/bumpgo
[1.446s] -- Up-to-date symlink: /home/khaledob/bookros2_ws/install/t1/share/t1/launch/bump_and_go.launch.py
[1.446s] -- Up-to-date symlink: /home/khaledob/bookros2_ws/install/t1/share/ament_index/resource_index/package_run_dependencies/t1
[1.446s] -- Up-to-date symlink: /home/khaledob/bookros2_ws/install/t1/share/ament_index/resource_index/parent_prefix_path/t1
[1.446s] -- Up-to-date symlink: /home/khaledob/bookros2_ws/install/t1/share/t1/environment/ament_prefix_path.sh
[1.446s] -- Up-to-date symlink: /home/khaledob/bookros2_ws/install/t1/share/t1/environment/ament_prefix_path.dsv
[1.446s] -- Up-to-date symlink: /home/khaledob/bookros2_ws/install/t1/share/t1/environment/path.sh
[1.446s] -- Up-to-date symlink: /home/khaledob/bookros2_ws/install/t1/share/t1/environment/path.dsv
[1.446s] -- Up-to-date symlink: /home/khaledob/bookros2_ws/install/t1/share/t1/local_setup.bash
[1.447s] -- Up-to-date symlink: /home/khaledob/bookros2_ws/install/t1/share/t1/local_setup.sh
[1.447s] -- Up-to-date symlink: /home/khaledob/bookros2_ws/install/t1/share/t1/local_setup.zsh
[1.447s] -- Up-to-date symlink: /home/khaledob/bookros2_ws/install/t1/share/t1/local_setup.dsv
[1.454s] -- Symlinking: /home/khaledob/bookros2_ws/install/t1/share/t1/package.dsv
[1.547s] -- Up-to-date symlink: /home/khaledob/bookros2_ws/install/t1/share/ament_index/resource_index/packages/t1
[1.548s] -- Up-to-date symlink: /home/khaledob/bookros2_ws/install/t1/share/t1/cmake/t1Config.cmake
[1.551s] -- Up-to-date symlink: /home/khaledob/bookros2_ws/install/t1/share/t1/cmake/t1Config-version.cmake
[1.551s] -- Up-to-date symlink: /home/khaledob/bookros2_ws/install/t1/share/t1/package.xml
[1.798s] Invoked command in '/home/khaledob/bookros2_ws/build/t1' returned '0': CMAKE_PREFIX_PATH=${CMAKE_PREFIX_PATH}:/home/khaledob/bookros2_ws/install/ros2controlcli:/home/khaledob/bookros2_ws/install/launch_pal:/home/khaledob/bookros2_ws/install/br2_fsm_bumpgo_py:/opt/ros/foxy /usr/bin/cmake --install /home/khaledob/bookros2_ws/build/t1
