[0.472s] Invoking command in '/home/khaledob/bookros2_ws/build/task2a': CMAKE_PREFIX_PATH=${CMAKE_PREFIX_PATH}:/home/khaledob/bookros2_ws/install/ros2controlcli:/home/khaledob/bookros2_ws/install/launch_pal:/home/khaledob/bookros2_ws/install/br2_fsm_bumpgo_py:/opt/ros/foxy /usr/bin/cmake --build /home/khaledob/bookros2_ws/build/task2a -- -j7 -l7
[0.663s] [100%] Built target node
[0.935s] Invoked command in '/home/khaledob/bookros2_ws/build/task2a' returned '0': CMAKE_PREFIX_PATH=${CMAKE_PREFIX_PATH}:/home/khaledob/bookros2_ws/install/ros2controlcli:/home/khaledob/bookros2_ws/install/launch_pal:/home/khaledob/bookros2_ws/install/br2_fsm_bumpgo_py:/opt/ros/foxy /usr/bin/cmake --build /home/khaledob/bookros2_ws/build/task2a -- -j7 -l7
[0.943s] Invoking command in '/home/khaledob/bookros2_ws/build/task2a': CMAKE_PREFIX_PATH=${CMAKE_PREFIX_PATH}:/home/khaledob/bookros2_ws/install/ros2controlcli:/home/khaledob/bookros2_ws/install/launch_pal:/home/khaledob/bookros2_ws/install/br2_fsm_bumpgo_py:/opt/ros/foxy /usr/bin/cmake --install /home/khaledob/bookros2_ws/build/task2a
[1.021s] -- Install configuration: ""
[1.021s] -- Execute custom install script
[1.021s] -- Up-to-date symlink: /home/khaledob/bookros2_ws/install/task2a/lib/task2a/node
[1.021s] -- Up-to-date symlink: /home/khaledob/bookros2_ws/install/task2a/share/task2a/launch/my_launch2a_file.py
[1.021s] -- Up-to-date symlink: /home/khaledob/bookros2_ws/install/task2a/share/ament_index/resource_index/package_run_dependencies/task2a
[1.021s] -- Up-to-date symlink: /home/khaledob/bookros2_ws/install/task2a/share/ament_index/resource_index/parent_prefix_path/task2a
[1.029s] -- Up-to-date symlink: /home/khaledob/bookros2_ws/install/task2a/share/task2a/environment/ament_prefix_path.sh
[1.030s] -- Up-to-date symlink: /home/khaledob/bookros2_ws/install/task2a/share/task2a/environment/ament_prefix_path.dsv
[1.030s] -- Up-to-date symlink: /home/khaledob/bookros2_ws/install/task2a/share/task2a/environment/path.sh
[1.031s] -- Up-to-date symlink: /home/khaledob/bookros2_ws/install/task2a/share/task2a/environment/path.dsv
[1.031s] -- Up-to-date symlink: /home/khaledob/bookros2_ws/install/task2a/share/task2a/local_setup.bash
[1.032s] -- Up-to-date symlink: /home/khaledob/bookros2_ws/install/task2a/share/task2a/local_setup.sh
[1.033s] -- Up-to-date symlink: /home/khaledob/bookros2_ws/install/task2a/share/task2a/local_setup.zsh
[1.033s] -- Up-to-date symlink: /home/khaledob/bookros2_ws/install/task2a/share/task2a/local_setup.dsv
[1.034s] -- Symlinking: /home/khaledob/bookros2_ws/install/task2a/share/task2a/package.dsv
[1.036s] -- Up-to-date symlink: /home/khaledob/bookros2_ws/install/task2a/share/ament_index/resource_index/packages/task2a
[1.039s] -- Up-to-date symlink: /home/khaledob/bookros2_ws/install/task2a/share/task2a/cmake/task2aConfig.cmake
[1.040s] -- Up-to-date symlink: /home/khaledob/bookros2_ws/install/task2a/share/task2a/cmake/task2aConfig-version.cmake
[1.041s] -- Up-to-date symlink: /home/khaledob/bookros2_ws/install/task2a/share/task2a/package.xml
[1.160s] Invoked command in '/home/khaledob/bookros2_ws/build/task2a' returned '0': CMAKE_PREFIX_PATH=${CMAKE_PREFIX_PATH}:/home/khaledob/bookros2_ws/install/ros2controlcli:/home/khaledob/bookros2_ws/install/launch_pal:/home/khaledob/bookros2_ws/install/br2_fsm_bumpgo_py:/opt/ros/foxy /usr/bin/cmake --install /home/khaledob/bookros2_ws/build/task2a
