[0.275s] Invoking command in '/home/khaledob/bookros2_ws/build/br2_bt_patrolling': CMAKE_PREFIX_PATH=${CMAKE_PREFIX_PATH}:/home/khaledob/bookros2_ws/install/ros2controlcli:/home/khaledob/bookros2_ws/install/launch_pal:/home/khaledob/bookros2_ws/install/br2_fsm_bumpgo_py:/opt/ros/foxy /usr/bin/cmake --build /home/khaledob/bookros2_ws/build/br2_bt_patrolling -- -j7 -l7
[0.860s] [ 10%] Built target br2_recharge_bt_node
[1.124s] [ 20%] Built target br2_patrol_bt_node
[1.282s] [ 30%] Built target gtest
[1.620s] [ 40%] Built target gtest_main
[1.804s] [ 50%] Built target br2_track_objects_bt_node
[2.131s] [ 60%] Built target br2_get_waypoint_bt_node
[2.293s] [ 70%] Built target bt_action_test
[2.518s] [ 80%] Built target br2_move_bt_node
[2.699s] [ 90%] Built target patrolling_main
[2.969s] [100%] Built target br2_battery_checker_bt_node
[3.454s] Invoked command in '/home/khaledob/bookros2_ws/build/br2_bt_patrolling' returned '0': CMAKE_PREFIX_PATH=${CMAKE_PREFIX_PATH}:/home/khaledob/bookros2_ws/install/ros2controlcli:/home/khaledob/bookros2_ws/install/launch_pal:/home/khaledob/bookros2_ws/install/br2_fsm_bumpgo_py:/opt/ros/foxy /usr/bin/cmake --build /home/khaledob/bookros2_ws/build/br2_bt_patrolling -- -j7 -l7
[3.457s] Invoking command in '/home/khaledob/bookros2_ws/build/br2_bt_patrolling': CMAKE_PREFIX_PATH=${CMAKE_PREFIX_PATH}:/home/khaledob/bookros2_ws/install/ros2controlcli:/home/khaledob/bookros2_ws/install/launch_pal:/home/khaledob/bookros2_ws/install/br2_fsm_bumpgo_py:/opt/ros/foxy /usr/bin/cmake --install /home/khaledob/bookros2_ws/build/br2_bt_patrolling
[3.569s] -- Install configuration: "Debug"
[3.569s] -- Execute custom install script
[3.570s] -- Up-to-date symlink: /home/khaledob/bookros2_ws/install/br2_bt_patrolling/lib/libbr2_recharge_bt_node.so
[3.570s] -- Up-to-date symlink: /home/khaledob/bookros2_ws/install/br2_bt_patrolling/lib/libbr2_patrol_bt_node.so
[3.570s] -- Up-to-date symlink: /home/khaledob/bookros2_ws/install/br2_bt_patrolling/lib/libbr2_move_bt_node.so
[3.570s] -- Up-to-date symlink: /home/khaledob/bookros2_ws/install/br2_bt_patrolling/lib/libbr2_get_waypoint_bt_node.so
[3.571s] -- Up-to-date symlink: /home/khaledob/bookros2_ws/install/br2_bt_patrolling/lib/libbr2_battery_checker_bt_node.so
[3.572s] -- Up-to-date symlink: /home/khaledob/bookros2_ws/install/br2_bt_patrolling/lib/libbr2_track_objects_bt_node.so
[3.581s] -- Up-to-date symlink: /home/khaledob/bookros2_ws/install/br2_bt_patrolling/lib/br2_bt_patrolling/patrolling_main
[3.651s] -- Up-to-date symlink: /home/khaledob/bookros2_ws/install/br2_bt_patrolling/include//br2_bt_patrolling/BatteryChecker.hpp
[3.653s] -- Up-to-date symlink: /home/khaledob/bookros2_ws/install/br2_bt_patrolling/include//br2_bt_patrolling/GetWaypoint.hpp
[3.656s] -- Up-to-date symlink: /home/khaledob/bookros2_ws/install/br2_bt_patrolling/include//br2_bt_patrolling/Move.hpp
[3.657s] -- Up-to-date symlink: /home/khaledob/bookros2_ws/install/br2_bt_patrolling/include//br2_bt_patrolling/Patrol.hpp
[3.659s] -- Up-to-date symlink: /home/khaledob/bookros2_ws/install/br2_bt_patrolling/include//br2_bt_patrolling/Recharge.hpp
[3.660s] -- Up-to-date symlink: /home/khaledob/bookros2_ws/install/br2_bt_patrolling/include//br2_bt_patrolling/TrackObjects.hpp
[3.661s] -- Up-to-date symlink: /home/khaledob/bookros2_ws/install/br2_bt_patrolling/include//br2_bt_patrolling/ctrl_support/BTActionNode.hpp
[3.666s] -- Up-to-date symlink: /home/khaledob/bookros2_ws/install/br2_bt_patrolling/include//br2_bt_patrolling/ctrl_support/BTLifecycleCtrlNode.hpp
[3.698s] -- Up-to-date symlink: /home/khaledob/bookros2_ws/install/br2_bt_patrolling/share/br2_bt_patrolling/behavior_tree_xml/patrolling.xml
[3.699s] -- Up-to-date symlink: /home/khaledob/bookros2_ws/install/br2_bt_patrolling/share/br2_bt_patrolling/launch/patrolling.launch.py
[3.699s] -- Up-to-date symlink: /home/khaledob/bookros2_ws/install/br2_bt_patrolling/share/ament_index/resource_index/package_run_dependencies/br2_bt_patrolling
[3.699s] -- Up-to-date symlink: /home/khaledob/bookros2_ws/install/br2_bt_patrolling/share/ament_index/resource_index/parent_prefix_path/br2_bt_patrolling
[3.699s] -- Up-to-date symlink: /home/khaledob/bookros2_ws/install/br2_bt_patrolling/share/br2_bt_patrolling/environment/ament_prefix_path.sh
[3.699s] -- Up-to-date symlink: /home/khaledob/bookros2_ws/install/br2_bt_patrolling/share/br2_bt_patrolling/environment/ament_prefix_path.dsv
[3.700s] -- Up-to-date symlink: /home/khaledob/bookros2_ws/install/br2_bt_patrolling/share/br2_bt_patrolling/environment/path.sh
[3.700s] -- Up-to-date symlink: /home/khaledob/bookros2_ws/install/br2_bt_patrolling/share/br2_bt_patrolling/environment/path.dsv
[3.700s] -- Up-to-date symlink: /home/khaledob/bookros2_ws/install/br2_bt_patrolling/share/br2_bt_patrolling/local_setup.bash
[3.700s] -- Up-to-date symlink: /home/khaledob/bookros2_ws/install/br2_bt_patrolling/share/br2_bt_patrolling/local_setup.sh
[3.700s] -- Up-to-date symlink: /home/khaledob/bookros2_ws/install/br2_bt_patrolling/share/br2_bt_patrolling/local_setup.zsh
[3.700s] -- Up-to-date symlink: /home/khaledob/bookros2_ws/install/br2_bt_patrolling/share/br2_bt_patrolling/local_setup.dsv
[3.701s] -- Symlinking: /home/khaledob/bookros2_ws/install/br2_bt_patrolling/share/br2_bt_patrolling/package.dsv
[3.701s] -- Up-to-date symlink: /home/khaledob/bookros2_ws/install/br2_bt_patrolling/share/ament_index/resource_index/packages/br2_bt_patrolling
[3.701s] -- Up-to-date symlink: /home/khaledob/bookros2_ws/install/br2_bt_patrolling/share/br2_bt_patrolling/cmake/ament_cmake_export_include_directories-extras.cmake
[3.701s] -- Up-to-date symlink: /home/khaledob/bookros2_ws/install/br2_bt_patrolling/share/br2_bt_patrolling/cmake/ament_cmake_export_dependencies-extras.cmake
[3.701s] -- Up-to-date symlink: /home/khaledob/bookros2_ws/install/br2_bt_patrolling/share/br2_bt_patrolling/cmake/br2_bt_patrollingConfig.cmake
[3.701s] -- Up-to-date symlink: /home/khaledob/bookros2_ws/install/br2_bt_patrolling/share/br2_bt_patrolling/cmake/br2_bt_patrollingConfig-version.cmake
[3.702s] -- Up-to-date symlink: /home/khaledob/bookros2_ws/install/br2_bt_patrolling/share/br2_bt_patrolling/package.xml
[3.790s] Invoked command in '/home/khaledob/bookros2_ws/build/br2_bt_patrolling' returned '0': CMAKE_PREFIX_PATH=${CMAKE_PREFIX_PATH}:/home/khaledob/bookros2_ws/install/ros2controlcli:/home/khaledob/bookros2_ws/install/launch_pal:/home/khaledob/bookros2_ws/install/br2_fsm_bumpgo_py:/opt/ros/foxy /usr/bin/cmake --install /home/khaledob/bookros2_ws/build/br2_bt_patrolling
