[0.079s] Invoking command in '/home/khaledob/bookros2_ws/build/t1': CMAKE_PREFIX_PATH=/opt/ros/foxy /usr/bin/cmake /home/khaledob/bookros2_ws/src/t1 -DAMENT_CMAKE_SYMLINK_INSTALL=1 -DCMAKE_INSTALL_PREFIX=/home/khaledob/bookros2_ws/install/t1
[0.656s] -- The C compiler identification is GNU 9.4.0
[1.224s] -- The CXX compiler identification is GNU 9.4.0
[1.304s] -- Check for working C compiler: /usr/bin/cc
[1.889s] -- Check for working C compiler: /usr/bin/cc -- works
[1.889s] -- Detecting C compiler ABI info
[2.600s] -- Detecting C compiler ABI info - done
[2.854s] -- Detecting C compile features
[2.854s] -- Detecting C compile features - done
[2.854s] -- Check for working CXX compiler: /usr/bin/c++
[3.450s] -- Check for working CXX compiler: /usr/bin/c++ -- works
[3.451s] -- Detecting CXX compiler ABI info
[4.240s] -- Detecting CXX compiler ABI info - done
[4.354s] -- Detecting CXX compile features
[4.368s] -- Detecting CXX compile features - done
[4.379s] -- Found ament_cmake: 0.9.12 (/opt/ros/foxy/share/ament_cmake/cmake)
[4.626s] -- Found PythonInterp: /usr/bin/python3 (found suitable version "3.8.10", minimum required is "3") 
[4.626s] -- Using PYTHON_EXECUTABLE: /usr/bin/python3
[5.486s] -- Override CMake install command with custom implementation using symlinks instead of copying resources
[5.648s] -- Found rclcpp: 2.4.3 (/opt/ros/foxy/share/rclcpp/cmake)
[5.879s] -- Using all available rosidl_typesupport_c: rosidl_typesupport_fastrtps_c;rosidl_typesupport_introspection_c
[5.914s] -- Found rosidl_adapter: 1.3.1 (/opt/ros/foxy/share/rosidl_adapter/cmake)
[6.793s] -- Found OpenSSL: /usr/lib/x86_64-linux-gnu/libcrypto.so (found version "1.1.1f")  
[7.020s] -- Found FastRTPS: /opt/ros/foxy/include  
[7.557s] -- Using all available rosidl_typesupport_cpp: rosidl_typesupport_fastrtps_cpp;rosidl_typesupport_introspection_cpp
[7.796s] -- Found rmw_implementation_cmake: 1.0.4 (/opt/ros/foxy/share/rmw_implementation_cmake/cmake)
[7.812s] -- Using RMW implementation 'rmw_fastrtps_cpp' as default
[7.822s] -- Looking for pthread.h
[8.561s] -- Looking for pthread.h - found
[8.562s] -- Performing Test CMAKE_HAVE_LIBC_PTHREAD
[8.966s] -- Performing Test CMAKE_HAVE_LIBC_PTHREAD - Failed
[8.966s] -- Looking for pthread_create in pthreads
[9.580s] -- Looking for pthread_create in pthreads - not found
[9.580s] -- Looking for pthread_create in pthread
[10.586s] -- Looking for pthread_create in pthread - found
[10.587s] -- Found Threads: TRUE  
[11.422s] -- Found sensor_msgs: 2.0.5 (/opt/ros/foxy/share/sensor_msgs/cmake)
[11.786s] -- Found ament_lint_auto: 0.9.8 (/opt/ros/foxy/share/ament_lint_auto/cmake)
[12.223s] -- Added test 'copyright' to check source files copyright and LICENSE
[12.227s] -- Added test 'cppcheck' to perform static code analysis on C / C++ code
[12.227s] -- Configured cppcheck include dirs: /home/khaledob/bookros2_ws/src/t1/include
[12.228s] -- Configured cppcheck exclude dirs and/or files: 
[12.235s] -- Added test 'cpplint' to check C / C++ code against the Google style
[12.240s] -- Configured cpplint exclude dirs and/or files: 
[12.241s] -- Added test 'flake8' to check Python code syntax and style conventions
[12.246s] -- Added test 'lint_cmake' to check CMake code style
[12.246s] -- Added test 'pep257' to check Python code against some of the style conventions in PEP 257
[12.247s] -- Added test 'uncrustify' to check C / C++ code style
[12.247s] -- Configured uncrustify additional arguments: 
[12.282s] -- Added test 'xmllint' to check XML markup files
[12.289s] -- Configuring done
[12.318s] -- Generating done
[12.325s] -- Build files have been written to: /home/khaledob/bookros2_ws/build/t1
[13.084s] Invoked command in '/home/khaledob/bookros2_ws/build/t1' returned '0': CMAKE_PREFIX_PATH=/opt/ros/foxy /usr/bin/cmake /home/khaledob/bookros2_ws/src/t1 -DAMENT_CMAKE_SYMLINK_INSTALL=1 -DCMAKE_INSTALL_PREFIX=/home/khaledob/bookros2_ws/install/t1
[13.097s] Invoking command in '/home/khaledob/bookros2_ws/build/t1': CMAKE_PREFIX_PATH=/opt/ros/foxy /usr/bin/cmake --build /home/khaledob/bookros2_ws/build/t1 -- -j7 -l7
[13.371s] [35m[1mScanning dependencies of target bumpgo[0m
[13.737s] [ 33%] [32mBuilding CXX object CMakeFiles/bumpgo.dir/src/t1/BumpGoNode.cpp.o[0m
[35.522s] [ 66%] [32mBuilding CXX object CMakeFiles/bumpgo.dir/src/bumpgo_main.cpp.o[0m
[40.616s] [100%] [32m[1mLinking CXX executable bumpgo[0m
[41.432s] [100%] Built target bumpgo
[41.465s] Invoked command in '/home/khaledob/bookros2_ws/build/t1' returned '0': CMAKE_PREFIX_PATH=/opt/ros/foxy /usr/bin/cmake --build /home/khaledob/bookros2_ws/build/t1 -- -j7 -l7
[41.473s] Invoking command in '/home/khaledob/bookros2_ws/build/t1': CMAKE_PREFIX_PATH=/opt/ros/foxy /usr/bin/cmake --install /home/khaledob/bookros2_ws/build/t1
[41.501s] -- Install configuration: ""
[41.503s] -- Execute custom install script
[41.517s] -- Symlinking: /home/khaledob/bookros2_ws/install/t1/lib/t1/bumpgo
[41.556s] -- Symlinking: /home/khaledob/bookros2_ws/install/t1/share/t1/launch/bump_and_go.launch.py
[41.580s] -- Symlinking: /home/khaledob/bookros2_ws/install/t1/share/ament_index/resource_index/package_run_dependencies/t1
[41.604s] -- Symlinking: /home/khaledob/bookros2_ws/install/t1/share/ament_index/resource_index/parent_prefix_path/t1
[41.633s] -- Symlinking: /home/khaledob/bookros2_ws/install/t1/share/t1/environment/ament_prefix_path.sh
[41.692s] -- Symlinking: /home/khaledob/bookros2_ws/install/t1/share/t1/environment/ament_prefix_path.dsv
[41.739s] -- Symlinking: /home/khaledob/bookros2_ws/install/t1/share/t1/environment/path.sh
[41.771s] -- Symlinking: /home/khaledob/bookros2_ws/install/t1/share/t1/environment/path.dsv
[41.819s] -- Symlinking: /home/khaledob/bookros2_ws/install/t1/share/t1/local_setup.bash
[41.848s] -- Symlinking: /home/khaledob/bookros2_ws/install/t1/share/t1/local_setup.sh
[41.873s] -- Symlinking: /home/khaledob/bookros2_ws/install/t1/share/t1/local_setup.zsh
[41.969s] -- Symlinking: /home/khaledob/bookros2_ws/install/t1/share/t1/local_setup.dsv
[41.996s] -- Symlinking: /home/khaledob/bookros2_ws/install/t1/share/t1/package.dsv
[42.011s] -- Symlinking: /home/khaledob/bookros2_ws/install/t1/share/ament_index/resource_index/packages/t1
[42.041s] -- Symlinking: /home/khaledob/bookros2_ws/install/t1/share/t1/cmake/t1Config.cmake
[42.062s] -- Symlinking: /home/khaledob/bookros2_ws/install/t1/share/t1/cmake/t1Config-version.cmake
[42.085s] -- Symlinking: /home/khaledob/bookros2_ws/install/t1/share/t1/package.xml
[42.117s] Invoked command in '/home/khaledob/bookros2_ws/build/t1' returned '0': CMAKE_PREFIX_PATH=/opt/ros/foxy /usr/bin/cmake --install /home/khaledob/bookros2_ws/build/t1
