[0.140s] Invoking command in '/home/khaledob/bookros2_ws/build/task1': CMAKE_PREFIX_PATH=/opt/ros/foxy /usr/bin/cmake /home/khaledob/bookros2_ws/src/task1 -DAMENT_CMAKE_SYMLINK_INSTALL=1 -DCMAKE_INSTALL_PREFIX=/home/khaledob/bookros2_ws/install/task1
[0.231s] -- Found ament_cmake: 0.9.12 (/opt/ros/foxy/share/ament_cmake/cmake)
[0.304s] -- Using PYTHON_EXECUTABLE: /usr/bin/python3
[0.727s] -- Override CMake install command with custom implementation using symlinks instead of copying resources
[0.765s] -- Found rclcpp: 2.4.3 (/opt/ros/foxy/share/rclcpp/cmake)
[0.877s] -- Using all available rosidl_typesupport_c: rosidl_typesupport_fastrtps_c;rosidl_typesupport_introspection_c
[0.885s] -- Found rosidl_adapter: 1.3.1 (/opt/ros/foxy/share/rosidl_adapter/cmake)
[1.252s] -- Using all available rosidl_typesupport_cpp: rosidl_typesupport_fastrtps_cpp;rosidl_typesupport_introspection_cpp
[1.449s] -- Found rmw_implementation_cmake: 1.0.4 (/opt/ros/foxy/share/rmw_implementation_cmake/cmake)
[1.449s] -- Using RMW implementation 'rmw_fastrtps_cpp' as default
[1.693s] -- Found sensor_msgs: 2.0.5 (/opt/ros/foxy/share/sensor_msgs/cmake)
[1.927s] -- Found ament_lint_auto: 0.9.8 (/opt/ros/foxy/share/ament_lint_auto/cmake)
[2.151s] -- Added test 'copyright' to check source files copyright and LICENSE
[2.151s] -- Added test 'cppcheck' to perform static code analysis on C / C++ code
[2.151s] -- Configured cppcheck include dirs: /home/khaledob/bookros2_ws/src/task1/include
[2.151s] -- Configured cppcheck exclude dirs and/or files: 
[2.151s] -- Added test 'cpplint' to check C / C++ code against the Google style
[2.151s] -- Configured cpplint exclude dirs and/or files: 
[2.151s] -- Added test 'lint_cmake' to check CMake code style
[2.151s] -- Added test 'uncrustify' to check C / C++ code style
[2.151s] -- Configured uncrustify additional arguments: 
[2.151s] -- Added test 'xmllint' to check XML markup files
[2.152s] -- Configuring done
[2.165s] CMake Error at CMakeLists.txt:19 (add_executable):
[2.165s]   Cannot find source file:
[2.165s] 
[2.165s]     home/khaledob/bookros2_ws/src/task1/src
[2.165s] 
[2.165s]   Tried extensions .c .C .c++ .cc .cpp .cxx .cu .m .M .mm .h .hh .h++ .hm
[2.165s]   .hpp .hxx .in .txx
[2.166s] 
[2.166s] 
[2.166s] CMake Error at CMakeLists.txt:19 (add_executable):
[2.167s]   No SOURCES given to target: bumpgo
[2.167s] 
[2.168s] 
[2.168s] CMake Generate step failed.  Build files cannot be regenerated correctly.
[2.365s] Invoked command in '/home/khaledob/bookros2_ws/build/task1' returned '1': CMAKE_PREFIX_PATH=/opt/ros/foxy /usr/bin/cmake /home/khaledob/bookros2_ws/src/task1 -DAMENT_CMAKE_SYMLINK_INSTALL=1 -DCMAKE_INSTALL_PREFIX=/home/khaledob/bookros2_ws/install/task1
