[2.732s] Invoking command in '/home/khaledob/bookros2_ws/build/task1': CMAKE_PREFIX_PATH=${CMAKE_PREFIX_PATH}:/home/khaledob/bookros2_ws/install/ros2controlcli:/home/khaledob/bookros2_ws/install/launch_pal:/home/khaledob/bookros2_ws/install/br2_fsm_bumpgo_py:/opt/ros/foxy /usr/bin/cmake --build /home/khaledob/bookros2_ws/build/task1 -- -j7 -l7
[3.542s] [35m[1mScanning dependencies of target node[0m
[4.711s] [ 33%] [32mBuilding CXX object CMakeFiles/node.dir/src/task1/BumpGoNode1.cpp.o[0m
[30.372s] [01m[K/home/khaledob/bookros2_ws/src/task1/src/task1/BumpGoNode1.cpp:[m[K In member function ‘[01m[Kvoid task1::BumpGoNode1::control_cycle()[m[K’:
[30.372s] [01m[K/home/khaledob/bookros2_ws/src/task1/src/task1/BumpGoNode1.cpp:40:22:[m[K [01;31m[Kerror: [m[K‘[01m[Kget_region_clearance[m[K’ was not declared in this scope
[30.372s]    40 |   double front_avg = [01;31m[Kget_region_clearance[m[K(-20.0 * M_PI/180.0, 20.0 * M_PI/180.0);
[30.372s]       |                      [01;31m[K^~~~~~~~~~~~~~~~~~~~[m[K
[30.420s] [01m[K/home/khaledob/bookros2_ws/src/task1/src/task1/BumpGoNode1.cpp:57:43:[m[K [01;31m[Kerror: [m[K‘[01m[KTURN_ANGULAR[m[K’ was not declared in this scope
[30.421s]    57 |     out_vel.angular.z = turn_direction_ * [01;31m[KTURN_ANGULAR[m[K;
[30.421s]       |                                           [01;31m[K^~~~~~~~~~~~[m[K
[30.506s] [01m[K/home/khaledob/bookros2_ws/src/task1/src/task1/BumpGoNode1.cpp:[m[K At global scope:
[30.513s] [01m[K/home/khaledob/bookros2_ws/src/task1/src/task1/BumpGoNode1.cpp:73:8:[m[K [01;31m[Kerror: [m[Kno declaration matches ‘[01m[Kdouble task1::BumpGoNode1::get_region_clearance(double, double)[m[K’
[30.513s]    73 | double [01;31m[KBumpGoNode1[m[K::get_region_clearance(double angle_start, double angle_end)
[30.514s]       |        [01;31m[K^~~~~~~~~~~[m[K
[30.532s] [01m[K/home/khaledob/bookros2_ws/src/task1/src/task1/BumpGoNode1.cpp:73:8:[m[K [01;36m[Knote: [m[Kno functions named ‘[01m[Kdouble task1::BumpGoNode1::get_region_clearance(double, double)[m[K’
[30.541s] In file included from [01m[K/home/khaledob/bookros2_ws/src/task1/src/task1/BumpGoNode1.cpp:4[m[K:
[30.542s] [01m[K/home/khaledob/bookros2_ws/src/task1/include/BumpGoNode1.hpp:19:7:[m[K [01;36m[Knote: [m[K‘[01m[Kclass task1::BumpGoNode1[m[K’ defined here
[30.542s]    19 | class [01;36m[KBumpGoNode1[m[K : public rclcpp::Node
[30.542s]       |       [01;36m[K^~~~~~~~~~~[m[K
[41.181s] make[2]: *** [CMakeFiles/node.dir/build.make:76: CMakeFiles/node.dir/src/task1/BumpGoNode1.cpp.o] Error 1
[41.182s] make[1]: *** [CMakeFiles/Makefile2:78: CMakeFiles/node.dir/all] Error 2
[41.182s] make: *** [Makefile:141: all] Error 2
[41.789s] Invoked command in '/home/khaledob/bookros2_ws/build/task1' returned '2': CMAKE_PREFIX_PATH=${CMAKE_PREFIX_PATH}:/home/khaledob/bookros2_ws/install/ros2controlcli:/home/khaledob/bookros2_ws/install/launch_pal:/home/khaledob/bookros2_ws/install/br2_fsm_bumpgo_py:/opt/ros/foxy /usr/bin/cmake --build /home/khaledob/bookros2_ws/build/task1 -- -j7 -l7
