[0.411s] Invoking command in '/home/khaledob/bookros2_ws/build/task2b': CMAKE_PREFIX_PATH=${CMAKE_PREFIX_PATH}:/home/khaledob/bookros2_ws/install/ros2controlcli:/home/khaledob/bookros2_ws/install/launch_pal:/home/khaledob/bookros2_ws/install/br2_fsm_bumpgo_py:/opt/ros/foxy /usr/bin/cmake --build /home/khaledob/bookros2_ws/build/task2b -- -j7 -l7
[0.637s] [100%] Built target node
[0.943s] Invoked command in '/home/khaledob/bookros2_ws/build/task2b' returned '0': CMAKE_PREFIX_PATH=${CMAKE_PREFIX_PATH}:/home/khaledob/bookros2_ws/install/ros2controlcli:/home/khaledob/bookros2_ws/install/launch_pal:/home/khaledob/bookros2_ws/install/br2_fsm_bumpgo_py:/opt/ros/foxy /usr/bin/cmake --build /home/khaledob/bookros2_ws/build/task2b -- -j7 -l7
[0.944s] Invoking command in '/home/khaledob/bookros2_ws/build/task2b': CMAKE_PREFIX_PATH=${CMAKE_PREFIX_PATH}:/home/khaledob/bookros2_ws/install/ros2controlcli:/home/khaledob/bookros2_ws/install/launch_pal:/home/khaledob/bookros2_ws/install/br2_fsm_bumpgo_py:/opt/ros/foxy /usr/bin/cmake --install /home/khaledob/bookros2_ws/build/task2b
[1.037s] -- Install configuration: ""
[1.038s] -- Execute custom install script
[1.038s] -- Up-to-date symlink: /home/khaledob/bookros2_ws/install/task2b/lib/task2b/node
[1.038s] -- Symlinking: /home/khaledob/bookros2_ws/install/task2b/share/task2b/launch/my_launch2b_file.py
[1.038s] -- Up-to-date symlink: /home/khaledob/bookros2_ws/install/task2b/share/ament_index/resource_index/package_run_dependencies/task2b
[1.038s] -- Up-to-date symlink: /home/khaledob/bookros2_ws/install/task2b/share/ament_index/resource_index/parent_prefix_path/task2b
[1.038s] -- Up-to-date symlink: /home/khaledob/bookros2_ws/install/task2b/share/task2b/environment/ament_prefix_path.sh
[1.038s] -- Up-to-date symlink: /home/khaledob/bookros2_ws/install/task2b/share/task2b/environment/ament_prefix_path.dsv
[1.038s] -- Up-to-date symlink: /home/khaledob/bookros2_ws/install/task2b/share/task2b/environment/path.sh
[1.038s] -- Up-to-date symlink: /home/khaledob/bookros2_ws/install/task2b/share/task2b/environment/path.dsv
[1.038s] -- Up-to-date symlink: /home/khaledob/bookros2_ws/install/task2b/share/task2b/local_setup.bash
[1.038s] -- Up-to-date symlink: /home/khaledob/bookros2_ws/install/task2b/share/task2b/local_setup.sh
[1.038s] -- Up-to-date symlink: /home/khaledob/bookros2_ws/install/task2b/share/task2b/local_setup.zsh
[1.038s] -- Up-to-date symlink: /home/khaledob/bookros2_ws/install/task2b/share/task2b/local_setup.dsv
[1.039s] -- Symlinking: /home/khaledob/bookros2_ws/install/task2b/share/task2b/package.dsv
[1.065s] -- Up-to-date symlink: /home/khaledob/bookros2_ws/install/task2b/share/ament_index/resource_index/packages/task2b
[1.066s] -- Up-to-date symlink: /home/khaledob/bookros2_ws/install/task2b/share/task2b/cmake/task2bConfig.cmake
[1.067s] -- Up-to-date symlink: /home/khaledob/bookros2_ws/install/task2b/share/task2b/cmake/task2bConfig-version.cmake
[1.068s] -- Up-to-date symlink: /home/khaledob/bookros2_ws/install/task2b/share/task2b/package.xml
[1.201s] Invoked command in '/home/khaledob/bookros2_ws/build/task2b' returned '0': CMAKE_PREFIX_PATH=${CMAKE_PREFIX_PATH}:/home/khaledob/bookros2_ws/install/ros2controlcli:/home/khaledob/bookros2_ws/install/launch_pal:/home/khaledob/bookros2_ws/install/br2_fsm_bumpgo_py:/opt/ros/foxy /usr/bin/cmake --install /home/khaledob/bookros2_ws/build/task2b
