[1.679s] Invoking command in '/home/khaledob/bookros2_ws/build/tiago_description_calibration': CMAKE_PREFIX_PATH=${CMAKE_PREFIX_PATH}:/home/khaledob/bookros2_ws/install/ros2controlcli:/home/khaledob/bookros2_ws/install/launch_pal:/home/khaledob/bookros2_ws/install/br2_fsm_bumpgo_py:/opt/ros/foxy /usr/bin/cmake --build /home/khaledob/bookros2_ws/build/tiago_description_calibration -- -j7 -l7
[4.636s] Invoked command in '/home/khaledob/bookros2_ws/build/tiago_description_calibration' returned '0': CMAKE_PREFIX_PATH=${CMAKE_PREFIX_PATH}:/home/khaledob/bookros2_ws/install/ros2controlcli:/home/khaledob/bookros2_ws/install/launch_pal:/home/khaledob/bookros2_ws/install/br2_fsm_bumpgo_py:/opt/ros/foxy /usr/bin/cmake --build /home/khaledob/bookros2_ws/build/tiago_description_calibration -- -j7 -l7
[4.658s] Invoking command in '/home/khaledob/bookros2_ws/build/tiago_description_calibration': CMAKE_PREFIX_PATH=${CMAKE_PREFIX_PATH}:/home/khaledob/bookros2_ws/install/ros2controlcli:/home/khaledob/bookros2_ws/install/launch_pal:/home/khaledob/bookros2_ws/install/br2_fsm_bumpgo_py:/opt/ros/foxy /usr/bin/cmake --install /home/khaledob/bookros2_ws/build/tiago_description_calibration
[5.097s] -- Install configuration: ""
[5.098s] -- Execute custom install script
[5.098s] -- Up-to-date symlink: /home/khaledob/bookros2_ws/install/tiago_description_calibration/share/tiago_description_calibration/urdf/calibration/calibration_constants.urdf.xacro
[5.098s] -- Up-to-date symlink: /home/khaledob/bookros2_ws/install/tiago_description_calibration/share/tiago_description_calibration/urdf/calibration/extrinsic_camera_calibration_constants.urdf.xacro
[5.098s] -- Up-to-date symlink: /home/khaledob/bookros2_ws/install/tiago_description_calibration/share/tiago_description_calibration/urdf/deg_to_rad.xacro
[5.098s] -- Up-to-date symlink: /home/khaledob/bookros2_ws/install/tiago_description_calibration/share/ament_index/resource_index/package_run_dependencies/tiago_description_calibration
[5.098s] -- Up-to-date symlink: /home/khaledob/bookros2_ws/install/tiago_description_calibration/share/ament_index/resource_index/parent_prefix_path/tiago_description_calibration
[5.098s] -- Up-to-date symlink: /home/khaledob/bookros2_ws/install/tiago_description_calibration/share/tiago_description_calibration/environment/ament_prefix_path.sh
[5.098s] -- Up-to-date symlink: /home/khaledob/bookros2_ws/install/tiago_description_calibration/share/tiago_description_calibration/environment/ament_prefix_path.dsv
[5.098s] -- Up-to-date symlink: /home/khaledob/bookros2_ws/install/tiago_description_calibration/share/tiago_description_calibration/environment/path.sh
[5.098s] -- Up-to-date symlink: /home/khaledob/bookros2_ws/install/tiago_description_calibration/share/tiago_description_calibration/environment/path.dsv
[5.099s] -- Up-to-date symlink: /home/khaledob/bookros2_ws/install/tiago_description_calibration/share/tiago_description_calibration/local_setup.bash
[5.099s] -- Up-to-date symlink: /home/khaledob/bookros2_ws/install/tiago_description_calibration/share/tiago_description_calibration/local_setup.sh
[5.099s] -- Up-to-date symlink: /home/khaledob/bookros2_ws/install/tiago_description_calibration/share/tiago_description_calibration/local_setup.zsh
[5.099s] -- Up-to-date symlink: /home/khaledob/bookros2_ws/install/tiago_description_calibration/share/tiago_description_calibration/local_setup.dsv
[5.099s] -- Symlinking: /home/khaledob/bookros2_ws/install/tiago_description_calibration/share/tiago_description_calibration/package.dsv
[5.099s] -- Up-to-date symlink: /home/khaledob/bookros2_ws/install/tiago_description_calibration/share/ament_index/resource_index/packages/tiago_description_calibration
[5.099s] -- Up-to-date symlink: /home/khaledob/bookros2_ws/install/tiago_description_calibration/share/tiago_description_calibration/cmake/tiago_description_calibrationConfig.cmake
[5.099s] -- Up-to-date symlink: /home/khaledob/bookros2_ws/install/tiago_description_calibration/share/tiago_description_calibration/cmake/tiago_description_calibrationConfig-version.cmake
[5.099s] -- Up-to-date symlink: /home/khaledob/bookros2_ws/install/tiago_description_calibration/share/tiago_description_calibration/package.xml
[5.540s] Invoked command in '/home/khaledob/bookros2_ws/build/tiago_description_calibration' returned '0': CMAKE_PREFIX_PATH=${CMAKE_PREFIX_PATH}:/home/khaledob/bookros2_ws/install/ros2controlcli:/home/khaledob/bookros2_ws/install/launch_pal:/home/khaledob/bookros2_ws/install/br2_fsm_bumpgo_py:/opt/ros/foxy /usr/bin/cmake --install /home/khaledob/bookros2_ws/build/tiago_description_calibration
