[0.289s] Invoking command in '/home/khaledob/bookros2_ws/build/forward_command_controller': AMENT_PREFIX_PATH=/home/khaledob/bookros2_ws/install/controller_manager:/home/khaledob/bookros2_ws/install/controller_interface:/home/khaledob/bookros2_ws/install/hardware_interface:/home/khaledob/bookros2_ws/install/ros2_control_test_assets:/home/khaledob/bookros2_ws/install/controller_manager_msgs:${AMENT_PREFIX_PATH} CMAKE_PREFIX_PATH=/home/khaledob/bookros2_ws/install/controller_manager:/home/khaledob/bookros2_ws/install/controller_interface:/home/khaledob/bookros2_ws/install/hardware_interface:/home/khaledob/bookros2_ws/install/ros2_control_test_assets:/home/khaledob/bookros2_ws/install/controller_manager_msgs:/opt/ros/foxy LD_LIBRARY_PATH=/home/khaledob/bookros2_ws/install/controller_manager/lib:/home/khaledob/bookros2_ws/install/controller_interface/lib:/home/khaledob/bookros2_ws/install/hardware_interface/lib:/home/khaledob/bookros2_ws/install/controller_manager_msgs/lib:${LD_LIBRARY_PATH} PYTHONPATH=/home/khaledob/bookros2_ws/install/controller_manager/lib/python3.8/site-packages:/home/khaledob/bookros2_ws/install/controller_manager_msgs/lib/python3.8/site-packages:${PYTHONPATH} /usr/bin/cmake --build /home/khaledob/bookros2_ws/build/forward_command_controller -- -j7 -l7
[0.669s] [ 27%] Built target gmock
[0.892s] [ 45%] Built target forward_command_controller
[1.033s] [ 63%] Built target gmock_main
[1.292s] [ 81%] Built target test_load_forward_command_controller
[1.449s] [100%] Built target test_forward_command_controller
[1.523s] Invoked command in '/home/khaledob/bookros2_ws/build/forward_command_controller' returned '0': AMENT_PREFIX_PATH=/home/khaledob/bookros2_ws/install/controller_manager:/home/khaledob/bookros2_ws/install/controller_interface:/home/khaledob/bookros2_ws/install/hardware_interface:/home/khaledob/bookros2_ws/install/ros2_control_test_assets:/home/khaledob/bookros2_ws/install/controller_manager_msgs:${AMENT_PREFIX_PATH} CMAKE_PREFIX_PATH=/home/khaledob/bookros2_ws/install/controller_manager:/home/khaledob/bookros2_ws/install/controller_interface:/home/khaledob/bookros2_ws/install/hardware_interface:/home/khaledob/bookros2_ws/install/ros2_control_test_assets:/home/khaledob/bookros2_ws/install/controller_manager_msgs:/opt/ros/foxy LD_LIBRARY_PATH=/home/khaledob/bookros2_ws/install/controller_manager/lib:/home/khaledob/bookros2_ws/install/controller_interface/lib:/home/khaledob/bookros2_ws/install/hardware_interface/lib:/home/khaledob/bookros2_ws/install/controller_manager_msgs/lib:${LD_LIBRARY_PATH} PYTHONPATH=/home/khaledob/bookros2_ws/install/controller_manager/lib/python3.8/site-packages:/home/khaledob/bookros2_ws/install/controller_manager_msgs/lib/python3.8/site-packages:${PYTHONPATH} /usr/bin/cmake --build /home/khaledob/bookros2_ws/build/forward_command_controller -- -j7 -l7
[1.525s] Invoking command in '/home/khaledob/bookros2_ws/build/forward_command_controller': AMENT_PREFIX_PATH=/home/khaledob/bookros2_ws/install/controller_manager:/home/khaledob/bookros2_ws/install/controller_interface:/home/khaledob/bookros2_ws/install/hardware_interface:/home/khaledob/bookros2_ws/install/ros2_control_test_assets:/home/khaledob/bookros2_ws/install/controller_manager_msgs:${AMENT_PREFIX_PATH} CMAKE_PREFIX_PATH=/home/khaledob/bookros2_ws/install/controller_manager:/home/khaledob/bookros2_ws/install/controller_interface:/home/khaledob/bookros2_ws/install/hardware_interface:/home/khaledob/bookros2_ws/install/ros2_control_test_assets:/home/khaledob/bookros2_ws/install/controller_manager_msgs:/opt/ros/foxy LD_LIBRARY_PATH=/home/khaledob/bookros2_ws/install/controller_manager/lib:/home/khaledob/bookros2_ws/install/controller_interface/lib:/home/khaledob/bookros2_ws/install/hardware_interface/lib:/home/khaledob/bookros2_ws/install/controller_manager_msgs/lib:${LD_LIBRARY_PATH} PYTHONPATH=/home/khaledob/bookros2_ws/install/controller_manager/lib/python3.8/site-packages:/home/khaledob/bookros2_ws/install/controller_manager_msgs/lib/python3.8/site-packages:${PYTHONPATH} /usr/bin/cmake --install /home/khaledob/bookros2_ws/build/forward_command_controller
[1.631s] -- Install configuration: ""
[1.642s] -- Execute custom install script
[1.643s] -- Up-to-date symlink: /home/khaledob/bookros2_ws/install/forward_command_controller/share/forward_command_controller//forward_command_plugin.xml
[1.667s] -- Up-to-date symlink: /home/khaledob/bookros2_ws/install/forward_command_controller/include/forward_command_controller/forward_command_controller.hpp
[1.669s] -- Up-to-date symlink: /home/khaledob/bookros2_ws/install/forward_command_controller/include/forward_command_controller/visibility_control.h
[1.669s] -- Up-to-date symlink: /home/khaledob/bookros2_ws/install/forward_command_controller/lib/libforward_command_controller.so
[1.670s] -- Up-to-date symlink: /home/khaledob/bookros2_ws/install/forward_command_controller/share/forward_command_controller/environment/library_path.sh
[1.670s] -- Up-to-date symlink: /home/khaledob/bookros2_ws/install/forward_command_controller/share/forward_command_controller/environment/library_path.dsv
[1.670s] -- Up-to-date symlink: /home/khaledob/bookros2_ws/install/forward_command_controller/share/ament_index/resource_index/package_run_dependencies/forward_command_controller
[1.670s] -- Up-to-date symlink: /home/khaledob/bookros2_ws/install/forward_command_controller/share/ament_index/resource_index/parent_prefix_path/forward_command_controller
[1.670s] -- Up-to-date symlink: /home/khaledob/bookros2_ws/install/forward_command_controller/share/forward_command_controller/environment/ament_prefix_path.sh
[1.671s] -- Up-to-date symlink: /home/khaledob/bookros2_ws/install/forward_command_controller/share/forward_command_controller/environment/ament_prefix_path.dsv
[1.671s] -- Up-to-date symlink: /home/khaledob/bookros2_ws/install/forward_command_controller/share/forward_command_controller/environment/path.sh
[1.671s] -- Up-to-date symlink: /home/khaledob/bookros2_ws/install/forward_command_controller/share/forward_command_controller/environment/path.dsv
[1.671s] -- Up-to-date symlink: /home/khaledob/bookros2_ws/install/forward_command_controller/share/forward_command_controller/local_setup.bash
[1.671s] -- Up-to-date symlink: /home/khaledob/bookros2_ws/install/forward_command_controller/share/forward_command_controller/local_setup.sh
[1.671s] -- Up-to-date symlink: /home/khaledob/bookros2_ws/install/forward_command_controller/share/forward_command_controller/local_setup.zsh
[1.671s] -- Up-to-date symlink: /home/khaledob/bookros2_ws/install/forward_command_controller/share/forward_command_controller/local_setup.dsv
[1.671s] -- Symlinking: /home/khaledob/bookros2_ws/install/forward_command_controller/share/forward_command_controller/package.dsv
[1.672s] -- Up-to-date symlink: /home/khaledob/bookros2_ws/install/forward_command_controller/share/ament_index/resource_index/packages/forward_command_controller
[1.672s] -- Up-to-date symlink: /home/khaledob/bookros2_ws/install/forward_command_controller/share/ament_index/resource_index/controller_interface__pluginlib__plugin/forward_command_controller
[1.672s] -- Up-to-date symlink: /home/khaledob/bookros2_ws/install/forward_command_controller/share/forward_command_controller/cmake/ament_cmake_export_dependencies-extras.cmake
[1.672s] -- Up-to-date symlink: /home/khaledob/bookros2_ws/install/forward_command_controller/share/forward_command_controller/cmake/ament_cmake_export_include_directories-extras.cmake
[1.672s] -- Up-to-date symlink: /home/khaledob/bookros2_ws/install/forward_command_controller/share/forward_command_controller/cmake/ament_cmake_export_libraries-extras.cmake
[1.672s] -- Up-to-date symlink: /home/khaledob/bookros2_ws/install/forward_command_controller/share/forward_command_controller/cmake/forward_command_controllerConfig.cmake
[1.672s] -- Up-to-date symlink: /home/khaledob/bookros2_ws/install/forward_command_controller/share/forward_command_controller/cmake/forward_command_controllerConfig-version.cmake
[1.673s] -- Up-to-date symlink: /home/khaledob/bookros2_ws/install/forward_command_controller/share/forward_command_controller/package.xml
[1.701s] Invoked command in '/home/khaledob/bookros2_ws/build/forward_command_controller' returned '0': AMENT_PREFIX_PATH=/home/khaledob/bookros2_ws/install/controller_manager:/home/khaledob/bookros2_ws/install/controller_interface:/home/khaledob/bookros2_ws/install/hardware_interface:/home/khaledob/bookros2_ws/install/ros2_control_test_assets:/home/khaledob/bookros2_ws/install/controller_manager_msgs:${AMENT_PREFIX_PATH} CMAKE_PREFIX_PATH=/home/khaledob/bookros2_ws/install/controller_manager:/home/khaledob/bookros2_ws/install/controller_interface:/home/khaledob/bookros2_ws/install/hardware_interface:/home/khaledob/bookros2_ws/install/ros2_control_test_assets:/home/khaledob/bookros2_ws/install/controller_manager_msgs:/opt/ros/foxy LD_LIBRARY_PATH=/home/khaledob/bookros2_ws/install/controller_manager/lib:/home/khaledob/bookros2_ws/install/controller_interface/lib:/home/khaledob/bookros2_ws/install/hardware_interface/lib:/home/khaledob/bookros2_ws/install/controller_manager_msgs/lib:${LD_LIBRARY_PATH} PYTHONPATH=/home/khaledob/bookros2_ws/install/controller_manager/lib/python3.8/site-packages:/home/khaledob/bookros2_ws/install/controller_manager_msgs/lib/python3.8/site-packages:${PYTHONPATH} /usr/bin/cmake --install /home/khaledob/bookros2_ws/build/forward_command_controller
