[0.266s] Invoking command in '/home/khaledob/bookros2_ws/build/br2_tracking_msgs': CMAKE_PREFIX_PATH=/opt/ros/foxy /usr/bin/cmake --build /home/khaledob/bookros2_ws/build/br2_tracking_msgs -- -j7 -l7
[0.597s] [  3%] Built target br2_tracking_msgs__cpp
[0.656s] [ 12%] Built target br2_tracking_msgs__rosidl_generator_c
[0.828s] [ 22%] Built target br2_tracking_msgs__rosidl_typesupport_introspection_c
[0.855s] [ 32%] Built target br2_tracking_msgs__rosidl_typesupport_cpp
[0.862s] [ 41%] Built target br2_tracking_msgs__rosidl_typesupport_introspection_cpp
[0.885s] [ 51%] Built target br2_tracking_msgs__rosidl_typesupport_c
[0.908s] [ 61%] Built target br2_tracking_msgs__rosidl_typesupport_fastrtps_cpp
[0.941s] [ 70%] Built target br2_tracking_msgs__rosidl_typesupport_fastrtps_c
[0.952s] [ 70%] Built target br2_tracking_msgs
[1.025s] [ 74%] Built target br2_tracking_msgs__py
[1.026s] [ 80%] Built target br2_tracking_msgs__python
[1.086s] [ 87%] Built target br2_tracking_msgs__rosidl_typesupport_fastrtps_c__pyext
[1.115s] [ 93%] Built target br2_tracking_msgs__rosidl_typesupport_c__pyext
[1.115s] [100%] Built target br2_tracking_msgs__rosidl_typesupport_introspection_c__pyext
[1.450s] Invoked command in '/home/khaledob/bookros2_ws/build/br2_tracking_msgs' returned '0': CMAKE_PREFIX_PATH=/opt/ros/foxy /usr/bin/cmake --build /home/khaledob/bookros2_ws/build/br2_tracking_msgs -- -j7 -l7
[1.454s] Invoking command in '/home/khaledob/bookros2_ws/build/br2_tracking_msgs': CMAKE_PREFIX_PATH=/opt/ros/foxy /usr/bin/cmake --install /home/khaledob/bookros2_ws/build/br2_tracking_msgs
[1.465s] -- Install configuration: ""
[1.465s] -- Execute custom install script
[1.465s] -- Up-to-date symlink: /home/khaledob/bookros2_ws/install/br2_tracking_msgs/share/ament_index/resource_index/rosidl_interfaces/br2_tracking_msgs
[1.465s] -- Up-to-date symlink: /home/khaledob/bookros2_ws/install/br2_tracking_msgs/include/br2_tracking_msgs/msg/detail/pan_tilt_command__functions.h
[1.466s] -- Up-to-date symlink: /home/khaledob/bookros2_ws/install/br2_tracking_msgs/include/br2_tracking_msgs/msg/detail/pan_tilt_command__struct.h
[1.466s] -- Up-to-date symlink: /home/khaledob/bookros2_ws/install/br2_tracking_msgs/include/br2_tracking_msgs/msg/detail/pan_tilt_command__type_support.h
[1.466s] -- Up-to-date symlink: /home/khaledob/bookros2_ws/install/br2_tracking_msgs/include/br2_tracking_msgs/msg/pan_tilt_command.h
[1.467s] -- Up-to-date symlink: /home/khaledob/bookros2_ws/install/br2_tracking_msgs/include/br2_tracking_msgs/msg/rosidl_generator_c__visibility_control.h
[1.468s] -- Up-to-date symlink: /home/khaledob/bookros2_ws/install/br2_tracking_msgs/share/br2_tracking_msgs/environment/library_path.sh
[1.469s] -- Up-to-date symlink: /home/khaledob/bookros2_ws/install/br2_tracking_msgs/share/br2_tracking_msgs/environment/library_path.dsv
[1.469s] -- Up-to-date symlink: /home/khaledob/bookros2_ws/install/br2_tracking_msgs/include/br2_tracking_msgs/msg/detail/pan_tilt_command__rosidl_typesupport_fastrtps_c.h
[1.470s] -- Up-to-date symlink: /home/khaledob/bookros2_ws/install/br2_tracking_msgs/include/br2_tracking_msgs/msg/rosidl_typesupport_fastrtps_c__visibility_control.h
[1.472s] -- Up-to-date symlink: /home/khaledob/bookros2_ws/install/br2_tracking_msgs/lib/libbr2_tracking_msgs__rosidl_typesupport_fastrtps_c.so
[1.496s] -- Up-to-date symlink: /home/khaledob/bookros2_ws/install/br2_tracking_msgs/include/br2_tracking_msgs/msg/detail/pan_tilt_command__rosidl_typesupport_fastrtps_cpp.hpp
[1.497s] -- Up-to-date symlink: /home/khaledob/bookros2_ws/install/br2_tracking_msgs/include/br2_tracking_msgs/msg/rosidl_typesupport_fastrtps_cpp__visibility_control.h
[1.497s] -- Up-to-date symlink: /home/khaledob/bookros2_ws/install/br2_tracking_msgs/lib/libbr2_tracking_msgs__rosidl_typesupport_fastrtps_cpp.so
[1.497s] -- Up-to-date symlink: /home/khaledob/bookros2_ws/install/br2_tracking_msgs/include/br2_tracking_msgs/msg/detail/pan_tilt_command__rosidl_typesupport_introspection_c.h
[1.497s] -- Up-to-date symlink: /home/khaledob/bookros2_ws/install/br2_tracking_msgs/include/br2_tracking_msgs/msg/rosidl_typesupport_introspection_c__visibility_control.h
[1.497s] -- Up-to-date symlink: /home/khaledob/bookros2_ws/install/br2_tracking_msgs/include/br2_tracking_msgs/msg/detail/pan_tilt_command__builder.hpp
[1.510s] -- Up-to-date symlink: /home/khaledob/bookros2_ws/install/br2_tracking_msgs/include/br2_tracking_msgs/msg/detail/pan_tilt_command__struct.hpp
[1.510s] -- Up-to-date symlink: /home/khaledob/bookros2_ws/install/br2_tracking_msgs/include/br2_tracking_msgs/msg/detail/pan_tilt_command__traits.hpp
[1.510s] -- Up-to-date symlink: /home/khaledob/bookros2_ws/install/br2_tracking_msgs/include/br2_tracking_msgs/msg/detail/pan_tilt_command__type_support.hpp
[1.510s] -- Up-to-date symlink: /home/khaledob/bookros2_ws/install/br2_tracking_msgs/include/br2_tracking_msgs/msg/pan_tilt_command.hpp
[1.510s] -- Up-to-date symlink: /home/khaledob/bookros2_ws/install/br2_tracking_msgs/include/br2_tracking_msgs/msg/rosidl_generator_cpp__visibility_control.hpp
[1.511s] -- Up-to-date symlink: /home/khaledob/bookros2_ws/install/br2_tracking_msgs/include/br2_tracking_msgs/msg/detail/pan_tilt_command__rosidl_typesupport_introspection_cpp.hpp
[1.511s] -- Up-to-date symlink: /home/khaledob/bookros2_ws/install/br2_tracking_msgs/share/br2_tracking_msgs/environment/pythonpath.sh
[1.511s] -- Up-to-date symlink: /home/khaledob/bookros2_ws/install/br2_tracking_msgs/share/br2_tracking_msgs/environment/pythonpath.dsv
[1.511s] -- Up-to-date symlink: /home/khaledob/bookros2_ws/install/br2_tracking_msgs/lib/python3.8/site-packages/br2_tracking_msgs/__init__.py
[1.511s] -- Up-to-date symlink: /home/khaledob/bookros2_ws/install/br2_tracking_msgs/lib/python3.8/site-packages/br2_tracking_msgs/msg/__init__.py
[1.511s] -- Up-to-date symlink: /home/khaledob/bookros2_ws/install/br2_tracking_msgs/lib/python3.8/site-packages/br2_tracking_msgs/msg/_pan_tilt_command.py
[1.511s] -- Up-to-date symlink: /home/khaledob/bookros2_ws/install/br2_tracking_msgs/lib/python3.8/site-packages/br2_tracking_msgs/br2_tracking_msgs_s__rosidl_typesupport_fastrtps_c.cpython-38-x86_64-linux-gnu.so
[1.511s] -- Up-to-date symlink: /home/khaledob/bookros2_ws/install/br2_tracking_msgs/lib/python3.8/site-packages/br2_tracking_msgs/br2_tracking_msgs_s__rosidl_typesupport_introspection_c.cpython-38-x86_64-linux-gnu.so
[1.518s] -- Up-to-date symlink: /home/khaledob/bookros2_ws/install/br2_tracking_msgs/lib/python3.8/site-packages/br2_tracking_msgs/br2_tracking_msgs_s__rosidl_typesupport_c.cpython-38-x86_64-linux-gnu.so
[1.519s] -- Up-to-date symlink: /home/khaledob/bookros2_ws/install/br2_tracking_msgs/lib/libbr2_tracking_msgs__python.so
[1.530s] -- Up-to-date symlink: /home/khaledob/bookros2_ws/install/br2_tracking_msgs/share/br2_tracking_msgs/msg/PanTiltCommand.idl
[1.530s] -- Up-to-date symlink: /home/khaledob/bookros2_ws/install/br2_tracking_msgs/share/br2_tracking_msgs/msg/PanTiltCommand.msg
[1.530s] -- Up-to-date symlink: /home/khaledob/bookros2_ws/install/br2_tracking_msgs/share/ament_index/resource_index/package_run_dependencies/br2_tracking_msgs
[1.531s] -- Up-to-date symlink: /home/khaledob/bookros2_ws/install/br2_tracking_msgs/share/ament_index/resource_index/parent_prefix_path/br2_tracking_msgs
[1.531s] -- Up-to-date symlink: /home/khaledob/bookros2_ws/install/br2_tracking_msgs/share/br2_tracking_msgs/environment/ament_prefix_path.sh
[1.531s] -- Up-to-date symlink: /home/khaledob/bookros2_ws/install/br2_tracking_msgs/share/br2_tracking_msgs/environment/ament_prefix_path.dsv
[1.531s] -- Up-to-date symlink: /home/khaledob/bookros2_ws/install/br2_tracking_msgs/share/br2_tracking_msgs/environment/path.sh
[1.531s] -- Up-to-date symlink: /home/khaledob/bookros2_ws/install/br2_tracking_msgs/share/br2_tracking_msgs/environment/path.dsv
[1.532s] -- Up-to-date symlink: /home/khaledob/bookros2_ws/install/br2_tracking_msgs/share/br2_tracking_msgs/local_setup.bash
[1.532s] -- Up-to-date symlink: /home/khaledob/bookros2_ws/install/br2_tracking_msgs/share/br2_tracking_msgs/local_setup.sh
[1.532s] -- Up-to-date symlink: /home/khaledob/bookros2_ws/install/br2_tracking_msgs/share/br2_tracking_msgs/local_setup.zsh
[1.532s] -- Up-to-date symlink: /home/khaledob/bookros2_ws/install/br2_tracking_msgs/share/br2_tracking_msgs/local_setup.dsv
[1.533s] -- Symlinking: /home/khaledob/bookros2_ws/install/br2_tracking_msgs/share/br2_tracking_msgs/package.dsv
[1.536s] -- Up-to-date symlink: /home/khaledob/bookros2_ws/install/br2_tracking_msgs/share/ament_index/resource_index/packages/br2_tracking_msgs
[1.536s] -- Up-to-date symlink: /home/khaledob/bookros2_ws/install/br2_tracking_msgs/share/br2_tracking_msgs/cmake/rosidl_cmake-extras.cmake
[1.537s] -- Up-to-date symlink: /home/khaledob/bookros2_ws/install/br2_tracking_msgs/share/br2_tracking_msgs/cmake/ament_cmake_export_dependencies-extras.cmake
[1.537s] -- Up-to-date symlink: /home/khaledob/bookros2_ws/install/br2_tracking_msgs/share/br2_tracking_msgs/cmake/ament_cmake_export_libraries-extras.cmake
[1.537s] -- Up-to-date symlink: /home/khaledob/bookros2_ws/install/br2_tracking_msgs/share/br2_tracking_msgs/cmake/ament_cmake_export_targets-extras.cmake
[1.537s] -- Up-to-date symlink: /home/khaledob/bookros2_ws/install/br2_tracking_msgs/share/br2_tracking_msgs/cmake/ament_cmake_export_include_directories-extras.cmake
[1.537s] -- Up-to-date symlink: /home/khaledob/bookros2_ws/install/br2_tracking_msgs/share/br2_tracking_msgs/cmake/rosidl_cmake_export_typesupport_libraries-extras.cmake
[1.538s] -- Up-to-date symlink: /home/khaledob/bookros2_ws/install/br2_tracking_msgs/share/br2_tracking_msgs/cmake/rosidl_cmake_export_typesupport_targets-extras.cmake
[1.538s] -- Up-to-date symlink: /home/khaledob/bookros2_ws/install/br2_tracking_msgs/share/br2_tracking_msgs/cmake/br2_tracking_msgsConfig.cmake
[1.538s] -- Up-to-date symlink: /home/khaledob/bookros2_ws/install/br2_tracking_msgs/share/br2_tracking_msgs/cmake/br2_tracking_msgsConfig-version.cmake
[1.538s] -- Up-to-date symlink: /home/khaledob/bookros2_ws/install/br2_tracking_msgs/share/br2_tracking_msgs/package.xml
[1.539s] -- Up-to-date: /home/khaledob/bookros2_ws/install/br2_tracking_msgs/lib/libbr2_tracking_msgs__rosidl_generator_c.so
[1.539s] -- Up-to-date: /home/khaledob/bookros2_ws/install/br2_tracking_msgs/lib/libbr2_tracking_msgs__rosidl_typesupport_introspection_c.so
[1.540s] -- Up-to-date: /home/khaledob/bookros2_ws/install/br2_tracking_msgs/lib/libbr2_tracking_msgs__rosidl_typesupport_c.so
[1.540s] -- Up-to-date: /home/khaledob/bookros2_ws/install/br2_tracking_msgs/lib/libbr2_tracking_msgs__rosidl_typesupport_introspection_cpp.so
[1.540s] -- Up-to-date: /home/khaledob/bookros2_ws/install/br2_tracking_msgs/lib/libbr2_tracking_msgs__rosidl_typesupport_cpp.so
[1.599s] -- Up-to-date: /home/khaledob/bookros2_ws/install/br2_tracking_msgs/share/br2_tracking_msgs/cmake/br2_tracking_msgs__rosidl_generator_cExport.cmake
[1.611s] -- Up-to-date: /home/khaledob/bookros2_ws/install/br2_tracking_msgs/share/br2_tracking_msgs/cmake/br2_tracking_msgs__rosidl_generator_cExport-noconfig.cmake
[1.611s] -- Up-to-date: /home/khaledob/bookros2_ws/install/br2_tracking_msgs/share/br2_tracking_msgs/cmake/br2_tracking_msgs__rosidl_typesupport_introspection_cExport.cmake
[1.611s] -- Up-to-date: /home/khaledob/bookros2_ws/install/br2_tracking_msgs/share/br2_tracking_msgs/cmake/br2_tracking_msgs__rosidl_typesupport_introspection_cExport-noconfig.cmake
[1.611s] -- Up-to-date: /home/khaledob/bookros2_ws/install/br2_tracking_msgs/share/br2_tracking_msgs/cmake/br2_tracking_msgs__rosidl_typesupport_cExport.cmake
[1.611s] -- Up-to-date: /home/khaledob/bookros2_ws/install/br2_tracking_msgs/share/br2_tracking_msgs/cmake/br2_tracking_msgs__rosidl_typesupport_cExport-noconfig.cmake
[1.611s] -- Up-to-date: /home/khaledob/bookros2_ws/install/br2_tracking_msgs/share/br2_tracking_msgs/cmake/br2_tracking_msgs__rosidl_generator_cppExport.cmake
[1.611s] -- Up-to-date: /home/khaledob/bookros2_ws/install/br2_tracking_msgs/share/br2_tracking_msgs/cmake/br2_tracking_msgs__rosidl_typesupport_introspection_cppExport.cmake
[1.613s] -- Up-to-date: /home/khaledob/bookros2_ws/install/br2_tracking_msgs/share/br2_tracking_msgs/cmake/br2_tracking_msgs__rosidl_typesupport_introspection_cppExport-noconfig.cmake
[1.613s] -- Up-to-date: /home/khaledob/bookros2_ws/install/br2_tracking_msgs/share/br2_tracking_msgs/cmake/br2_tracking_msgs__rosidl_typesupport_cppExport.cmake
[1.613s] -- Up-to-date: /home/khaledob/bookros2_ws/install/br2_tracking_msgs/share/br2_tracking_msgs/cmake/br2_tracking_msgs__rosidl_typesupport_cppExport-noconfig.cmake
[1.854s] Invoked command in '/home/khaledob/bookros2_ws/build/br2_tracking_msgs' returned '0': CMAKE_PREFIX_PATH=/opt/ros/foxy /usr/bin/cmake --install /home/khaledob/bookros2_ws/build/br2_tracking_msgs
