[0.496s] Invoking command in '/home/khaledob/bookros2_ws/build/gripper_controllers': AMENT_PREFIX_PATH=/home/khaledob/bookros2_ws/install/controller_manager:/home/khaledob/bookros2_ws/install/controller_interface:/home/khaledob/bookros2_ws/install/hardware_interface:/home/khaledob/bookros2_ws/install/ros2_control_test_assets:/home/khaledob/bookros2_ws/install/controller_manager_msgs:${AMENT_PREFIX_PATH} CMAKE_PREFIX_PATH=/home/khaledob/bookros2_ws/install/controller_manager:/home/khaledob/bookros2_ws/install/controller_interface:/home/khaledob/bookros2_ws/install/hardware_interface:/home/khaledob/bookros2_ws/install/ros2_control_test_assets:/home/khaledob/bookros2_ws/install/controller_manager_msgs:/opt/ros/foxy LD_LIBRARY_PATH=/home/khaledob/bookros2_ws/install/controller_manager/lib:/home/khaledob/bookros2_ws/install/controller_interface/lib:/home/khaledob/bookros2_ws/install/hardware_interface/lib:/home/khaledob/bookros2_ws/install/controller_manager_msgs/lib:${LD_LIBRARY_PATH} PYTHONPATH=/home/khaledob/bookros2_ws/install/controller_manager/lib/python3.8/site-packages:/home/khaledob/bookros2_ws/install/controller_manager_msgs/lib/python3.8/site-packages:${PYTHONPATH} /usr/bin/cmake --build /home/khaledob/bookros2_ws/build/gripper_controllers -- -j7 -l7
[0.781s] [ 33%] Built target gmock
[0.782s] [ 55%] Built target gripper_action_controller
[0.960s] [ 77%] Built target gmock_main
[1.129s] [100%] Built target test_load_gripper_action_controllers
[1.201s] Invoked command in '/home/khaledob/bookros2_ws/build/gripper_controllers' returned '0': AMENT_PREFIX_PATH=/home/khaledob/bookros2_ws/install/controller_manager:/home/khaledob/bookros2_ws/install/controller_interface:/home/khaledob/bookros2_ws/install/hardware_interface:/home/khaledob/bookros2_ws/install/ros2_control_test_assets:/home/khaledob/bookros2_ws/install/controller_manager_msgs:${AMENT_PREFIX_PATH} CMAKE_PREFIX_PATH=/home/khaledob/bookros2_ws/install/controller_manager:/home/khaledob/bookros2_ws/install/controller_interface:/home/khaledob/bookros2_ws/install/hardware_interface:/home/khaledob/bookros2_ws/install/ros2_control_test_assets:/home/khaledob/bookros2_ws/install/controller_manager_msgs:/opt/ros/foxy LD_LIBRARY_PATH=/home/khaledob/bookros2_ws/install/controller_manager/lib:/home/khaledob/bookros2_ws/install/controller_interface/lib:/home/khaledob/bookros2_ws/install/hardware_interface/lib:/home/khaledob/bookros2_ws/install/controller_manager_msgs/lib:${LD_LIBRARY_PATH} PYTHONPATH=/home/khaledob/bookros2_ws/install/controller_manager/lib/python3.8/site-packages:/home/khaledob/bookros2_ws/install/controller_manager_msgs/lib/python3.8/site-packages:${PYTHONPATH} /usr/bin/cmake --build /home/khaledob/bookros2_ws/build/gripper_controllers -- -j7 -l7
[1.224s] Invoking command in '/home/khaledob/bookros2_ws/build/gripper_controllers': AMENT_PREFIX_PATH=/home/khaledob/bookros2_ws/install/controller_manager:/home/khaledob/bookros2_ws/install/controller_interface:/home/khaledob/bookros2_ws/install/hardware_interface:/home/khaledob/bookros2_ws/install/ros2_control_test_assets:/home/khaledob/bookros2_ws/install/controller_manager_msgs:${AMENT_PREFIX_PATH} CMAKE_PREFIX_PATH=/home/khaledob/bookros2_ws/install/controller_manager:/home/khaledob/bookros2_ws/install/controller_interface:/home/khaledob/bookros2_ws/install/hardware_interface:/home/khaledob/bookros2_ws/install/ros2_control_test_assets:/home/khaledob/bookros2_ws/install/controller_manager_msgs:/opt/ros/foxy LD_LIBRARY_PATH=/home/khaledob/bookros2_ws/install/controller_manager/lib:/home/khaledob/bookros2_ws/install/controller_interface/lib:/home/khaledob/bookros2_ws/install/hardware_interface/lib:/home/khaledob/bookros2_ws/install/controller_manager_msgs/lib:${LD_LIBRARY_PATH} PYTHONPATH=/home/khaledob/bookros2_ws/install/controller_manager/lib/python3.8/site-packages:/home/khaledob/bookros2_ws/install/controller_manager_msgs/lib/python3.8/site-packages:${PYTHONPATH} /usr/bin/cmake --install /home/khaledob/bookros2_ws/build/gripper_controllers
[1.331s] -- Install configuration: ""
[1.331s] -- Execute custom install script
[1.333s] -- Up-to-date symlink: /home/khaledob/bookros2_ws/install/gripper_controllers/share/gripper_controllers//ros_control_plugins.xml
[1.333s] -- Up-to-date symlink: /home/khaledob/bookros2_ws/install/gripper_controllers/include/gripper_action_controller.hpp
[1.333s] -- Up-to-date symlink: /home/khaledob/bookros2_ws/install/gripper_controllers/include/gripper_action_controller_impl.hpp
[1.333s] -- Up-to-date symlink: /home/khaledob/bookros2_ws/install/gripper_controllers/include/hardware_interface_adapter.hpp
[1.333s] -- Up-to-date symlink: /home/khaledob/bookros2_ws/install/gripper_controllers/include/visibility_control.hpp
[1.333s] -- Up-to-date symlink: /home/khaledob/bookros2_ws/install/gripper_controllers/lib/libgripper_action_controller.so
[1.354s] -- Up-to-date symlink: /home/khaledob/bookros2_ws/install/gripper_controllers/share/ament_index/resource_index/package_run_dependencies/gripper_controllers
[1.354s] -- Up-to-date symlink: /home/khaledob/bookros2_ws/install/gripper_controllers/share/ament_index/resource_index/parent_prefix_path/gripper_controllers
[1.355s] -- Up-to-date symlink: /home/khaledob/bookros2_ws/install/gripper_controllers/share/gripper_controllers/environment/ament_prefix_path.sh
[1.355s] -- Up-to-date symlink: /home/khaledob/bookros2_ws/install/gripper_controllers/share/gripper_controllers/environment/ament_prefix_path.dsv
[1.355s] -- Up-to-date symlink: /home/khaledob/bookros2_ws/install/gripper_controllers/share/gripper_controllers/environment/path.sh
[1.355s] -- Up-to-date symlink: /home/khaledob/bookros2_ws/install/gripper_controllers/share/gripper_controllers/environment/path.dsv
[1.355s] -- Up-to-date symlink: /home/khaledob/bookros2_ws/install/gripper_controllers/share/gripper_controllers/local_setup.bash
[1.355s] -- Up-to-date symlink: /home/khaledob/bookros2_ws/install/gripper_controllers/share/gripper_controllers/local_setup.sh
[1.356s] -- Up-to-date symlink: /home/khaledob/bookros2_ws/install/gripper_controllers/share/gripper_controllers/local_setup.zsh
[1.356s] -- Up-to-date symlink: /home/khaledob/bookros2_ws/install/gripper_controllers/share/gripper_controllers/local_setup.dsv
[1.356s] -- Symlinking: /home/khaledob/bookros2_ws/install/gripper_controllers/share/gripper_controllers/package.dsv
[1.360s] -- Up-to-date symlink: /home/khaledob/bookros2_ws/install/gripper_controllers/share/ament_index/resource_index/packages/gripper_controllers
[1.360s] -- Up-to-date symlink: /home/khaledob/bookros2_ws/install/gripper_controllers/share/ament_index/resource_index/controller_interface__pluginlib__plugin/gripper_controllers
[1.360s] -- Up-to-date symlink: /home/khaledob/bookros2_ws/install/gripper_controllers/share/gripper_controllers/cmake/gripper_controllersConfig.cmake
[1.360s] -- Up-to-date symlink: /home/khaledob/bookros2_ws/install/gripper_controllers/share/gripper_controllers/cmake/gripper_controllersConfig-version.cmake
[1.360s] -- Up-to-date symlink: /home/khaledob/bookros2_ws/install/gripper_controllers/share/gripper_controllers/package.xml
[1.505s] Invoked command in '/home/khaledob/bookros2_ws/build/gripper_controllers' returned '0': AMENT_PREFIX_PATH=/home/khaledob/bookros2_ws/install/controller_manager:/home/khaledob/bookros2_ws/install/controller_interface:/home/khaledob/bookros2_ws/install/hardware_interface:/home/khaledob/bookros2_ws/install/ros2_control_test_assets:/home/khaledob/bookros2_ws/install/controller_manager_msgs:${AMENT_PREFIX_PATH} CMAKE_PREFIX_PATH=/home/khaledob/bookros2_ws/install/controller_manager:/home/khaledob/bookros2_ws/install/controller_interface:/home/khaledob/bookros2_ws/install/hardware_interface:/home/khaledob/bookros2_ws/install/ros2_control_test_assets:/home/khaledob/bookros2_ws/install/controller_manager_msgs:/opt/ros/foxy LD_LIBRARY_PATH=/home/khaledob/bookros2_ws/install/controller_manager/lib:/home/khaledob/bookros2_ws/install/controller_interface/lib:/home/khaledob/bookros2_ws/install/hardware_interface/lib:/home/khaledob/bookros2_ws/install/controller_manager_msgs/lib:${LD_LIBRARY_PATH} PYTHONPATH=/home/khaledob/bookros2_ws/install/controller_manager/lib/python3.8/site-packages:/home/khaledob/bookros2_ws/install/controller_manager_msgs/lib/python3.8/site-packages:${PYTHONPATH} /usr/bin/cmake --install /home/khaledob/bookros2_ws/build/gripper_controllers
