[0.227s] Invoking command in '/home/khaledob/bookros2_ws/build/br2_bt_patrolling': CMAKE_PREFIX_PATH=${CMAKE_PREFIX_PATH}:/home/khaledob/bookros2_ws/install/ros2controlcli:/home/khaledob/bookros2_ws/install/launch_pal:/home/khaledob/bookros2_ws/install/br2_fsm_bumpgo_py:/opt/ros/foxy /usr/bin/cmake --build /home/khaledob/bookros2_ws/build/br2_bt_patrolling -- -j7 -l7
[0.419s] [ 10%] Built target br2_recharge_bt_node
[0.514s] [ 20%] Built target br2_patrol_bt_node
[0.588s] [ 30%] Built target gtest
[0.662s] [ 40%] Built target gtest_main
[0.791s] [ 50%] Built target br2_track_objects_bt_node
[0.878s] [ 60%] Built target br2_get_waypoint_bt_node
[0.956s] [ 70%] Built target bt_action_test
[1.035s] [ 80%] Built target br2_move_bt_node
[1.099s] [ 90%] Built target patrolling_main
[1.194s] [100%] Built target br2_battery_checker_bt_node
[1.424s] Invoked command in '/home/khaledob/bookros2_ws/build/br2_bt_patrolling' returned '0': CMAKE_PREFIX_PATH=${CMAKE_PREFIX_PATH}:/home/khaledob/bookros2_ws/install/ros2controlcli:/home/khaledob/bookros2_ws/install/launch_pal:/home/khaledob/bookros2_ws/install/br2_fsm_bumpgo_py:/opt/ros/foxy /usr/bin/cmake --build /home/khaledob/bookros2_ws/build/br2_bt_patrolling -- -j7 -l7
[1.434s] Invoking command in '/home/khaledob/bookros2_ws/build/br2_bt_patrolling': CMAKE_PREFIX_PATH=${CMAKE_PREFIX_PATH}:/home/khaledob/bookros2_ws/install/ros2controlcli:/home/khaledob/bookros2_ws/install/launch_pal:/home/khaledob/bookros2_ws/install/br2_fsm_bumpgo_py:/opt/ros/foxy /usr/bin/cmake --install /home/khaledob/bookros2_ws/build/br2_bt_patrolling
[1.529s] -- Install configuration: "Debug"
[1.529s] -- Execute custom install script
[1.529s] -- Up-to-date symlink: /home/khaledob/bookros2_ws/install/br2_bt_patrolling/lib/libbr2_recharge_bt_node.so
[1.529s] -- Up-to-date symlink: /home/khaledob/bookros2_ws/install/br2_bt_patrolling/lib/libbr2_patrol_bt_node.so
[1.529s] -- Up-to-date symlink: /home/khaledob/bookros2_ws/install/br2_bt_patrolling/lib/libbr2_move_bt_node.so
[1.529s] -- Up-to-date symlink: /home/khaledob/bookros2_ws/install/br2_bt_patrolling/lib/libbr2_get_waypoint_bt_node.so
[1.529s] -- Up-to-date symlink: /home/khaledob/bookros2_ws/install/br2_bt_patrolling/lib/libbr2_battery_checker_bt_node.so
[1.530s] -- Up-to-date symlink: /home/khaledob/bookros2_ws/install/br2_bt_patrolling/lib/libbr2_track_objects_bt_node.so
[1.530s] -- Up-to-date symlink: /home/khaledob/bookros2_ws/install/br2_bt_patrolling/lib/br2_bt_patrolling/patrolling_main
[1.530s] -- Up-to-date symlink: /home/khaledob/bookros2_ws/install/br2_bt_patrolling/include//br2_bt_patrolling/BatteryChecker.hpp
[1.531s] -- Up-to-date symlink: /home/khaledob/bookros2_ws/install/br2_bt_patrolling/include//br2_bt_patrolling/GetWaypoint.hpp
[1.531s] -- Up-to-date symlink: /home/khaledob/bookros2_ws/install/br2_bt_patrolling/include//br2_bt_patrolling/Move.hpp
[1.535s] -- Up-to-date symlink: /home/khaledob/bookros2_ws/install/br2_bt_patrolling/include//br2_bt_patrolling/Patrol.hpp
[1.535s] -- Up-to-date symlink: /home/khaledob/bookros2_ws/install/br2_bt_patrolling/include//br2_bt_patrolling/Recharge.hpp
[1.535s] -- Up-to-date symlink: /home/khaledob/bookros2_ws/install/br2_bt_patrolling/include//br2_bt_patrolling/TrackObjects.hpp
[1.536s] -- Up-to-date symlink: /home/khaledob/bookros2_ws/install/br2_bt_patrolling/include//br2_bt_patrolling/ctrl_support/BTActionNode.hpp
[1.536s] -- Up-to-date symlink: /home/khaledob/bookros2_ws/install/br2_bt_patrolling/include//br2_bt_patrolling/ctrl_support/BTLifecycleCtrlNode.hpp
[1.536s] -- Up-to-date symlink: /home/khaledob/bookros2_ws/install/br2_bt_patrolling/share/br2_bt_patrolling/behavior_tree_xml/patrolling.xml
[1.536s] -- Up-to-date symlink: /home/khaledob/bookros2_ws/install/br2_bt_patrolling/share/br2_bt_patrolling/launch/patrolling.launch.py
[1.536s] -- Up-to-date symlink: /home/khaledob/bookros2_ws/install/br2_bt_patrolling/share/ament_index/resource_index/package_run_dependencies/br2_bt_patrolling
[1.537s] -- Up-to-date symlink: /home/khaledob/bookros2_ws/install/br2_bt_patrolling/share/ament_index/resource_index/parent_prefix_path/br2_bt_patrolling
[1.537s] -- Up-to-date symlink: /home/khaledob/bookros2_ws/install/br2_bt_patrolling/share/br2_bt_patrolling/environment/ament_prefix_path.sh
[1.538s] -- Up-to-date symlink: /home/khaledob/bookros2_ws/install/br2_bt_patrolling/share/br2_bt_patrolling/environment/ament_prefix_path.dsv
[1.538s] -- Up-to-date symlink: /home/khaledob/bookros2_ws/install/br2_bt_patrolling/share/br2_bt_patrolling/environment/path.sh
[1.538s] -- Up-to-date symlink: /home/khaledob/bookros2_ws/install/br2_bt_patrolling/share/br2_bt_patrolling/environment/path.dsv
[1.544s] -- Up-to-date symlink: /home/khaledob/bookros2_ws/install/br2_bt_patrolling/share/br2_bt_patrolling/local_setup.bash
[1.544s] -- Up-to-date symlink: /home/khaledob/bookros2_ws/install/br2_bt_patrolling/share/br2_bt_patrolling/local_setup.sh
[1.546s] -- Up-to-date symlink: /home/khaledob/bookros2_ws/install/br2_bt_patrolling/share/br2_bt_patrolling/local_setup.zsh
[1.547s] -- Up-to-date symlink: /home/khaledob/bookros2_ws/install/br2_bt_patrolling/share/br2_bt_patrolling/local_setup.dsv
[1.547s] -- Symlinking: /home/khaledob/bookros2_ws/install/br2_bt_patrolling/share/br2_bt_patrolling/package.dsv
[1.558s] -- Up-to-date symlink: /home/khaledob/bookros2_ws/install/br2_bt_patrolling/share/ament_index/resource_index/packages/br2_bt_patrolling
[1.558s] -- Up-to-date symlink: /home/khaledob/bookros2_ws/install/br2_bt_patrolling/share/br2_bt_patrolling/cmake/ament_cmake_export_include_directories-extras.cmake
[1.564s] -- Up-to-date symlink: /home/khaledob/bookros2_ws/install/br2_bt_patrolling/share/br2_bt_patrolling/cmake/ament_cmake_export_dependencies-extras.cmake
[1.601s] -- Up-to-date symlink: /home/khaledob/bookros2_ws/install/br2_bt_patrolling/share/br2_bt_patrolling/cmake/br2_bt_patrollingConfig.cmake
[1.602s] -- Up-to-date symlink: /home/khaledob/bookros2_ws/install/br2_bt_patrolling/share/br2_bt_patrolling/cmake/br2_bt_patrollingConfig-version.cmake
[1.602s] -- Up-to-date symlink: /home/khaledob/bookros2_ws/install/br2_bt_patrolling/share/br2_bt_patrolling/package.xml
[1.900s] Invoked command in '/home/khaledob/bookros2_ws/build/br2_bt_patrolling' returned '0': CMAKE_PREFIX_PATH=${CMAKE_PREFIX_PATH}:/home/khaledob/bookros2_ws/install/ros2controlcli:/home/khaledob/bookros2_ws/install/launch_pal:/home/khaledob/bookros2_ws/install/br2_fsm_bumpgo_py:/opt/ros/foxy /usr/bin/cmake --install /home/khaledob/bookros2_ws/build/br2_bt_patrolling
