[0.272s] Invoking command in '/home/khaledob/bookros2_ws/src/build/task1': CMAKE_PREFIX_PATH=${CMAKE_PREFIX_PATH}:/home/khaledob/bookros2_ws/src/install/ros2controlcli:/home/khaledob/bookros2_ws/src/install/launch_pal:/home/khaledob/bookros2_ws/src/install/br2_fsm_bumpgo_py:/opt/ros/foxy /usr/bin/cmake --build /home/khaledob/bookros2_ws/src/build/task1 -- -j7 -l7
[0.651s] [100%] Built target node
[0.729s] Invoked command in '/home/khaledob/bookros2_ws/src/build/task1' returned '0': CMAKE_PREFIX_PATH=${CMAKE_PREFIX_PATH}:/home/khaledob/bookros2_ws/src/install/ros2controlcli:/home/khaledob/bookros2_ws/src/install/launch_pal:/home/khaledob/bookros2_ws/src/install/br2_fsm_bumpgo_py:/opt/ros/foxy /usr/bin/cmake --build /home/khaledob/bookros2_ws/src/build/task1 -- -j7 -l7
[0.730s] Invoking command in '/home/khaledob/bookros2_ws/src/build/task1': CMAKE_PREFIX_PATH=${CMAKE_PREFIX_PATH}:/home/khaledob/bookros2_ws/src/install/ros2controlcli:/home/khaledob/bookros2_ws/src/install/launch_pal:/home/khaledob/bookros2_ws/src/install/br2_fsm_bumpgo_py:/opt/ros/foxy /usr/bin/cmake --install /home/khaledob/bookros2_ws/src/build/task1
[0.805s] -- Install configuration: ""
[0.807s] -- Execute custom install script
[0.807s] -- Up-to-date symlink: /home/khaledob/bookros2_ws/src/install/task1/lib/task1/node
[0.809s] -- Up-to-date symlink: /home/khaledob/bookros2_ws/src/install/task1/share/task1/launch/my_launch_file.py
[0.809s] -- Up-to-date symlink: /home/khaledob/bookros2_ws/src/install/task1/share/ament_index/resource_index/package_run_dependencies/task1
[0.809s] -- Up-to-date symlink: /home/khaledob/bookros2_ws/src/install/task1/share/ament_index/resource_index/parent_prefix_path/task1
[0.810s] -- Up-to-date symlink: /home/khaledob/bookros2_ws/src/install/task1/share/task1/environment/ament_prefix_path.sh
[0.810s] -- Up-to-date symlink: /home/khaledob/bookros2_ws/src/install/task1/share/task1/environment/ament_prefix_path.dsv
[0.810s] -- Up-to-date symlink: /home/khaledob/bookros2_ws/src/install/task1/share/task1/environment/path.sh
[0.810s] -- Up-to-date symlink: /home/khaledob/bookros2_ws/src/install/task1/share/task1/environment/path.dsv
[0.811s] -- Up-to-date symlink: /home/khaledob/bookros2_ws/src/install/task1/share/task1/local_setup.bash
[0.811s] -- Up-to-date symlink: /home/khaledob/bookros2_ws/src/install/task1/share/task1/local_setup.sh
[0.811s] -- Up-to-date symlink: /home/khaledob/bookros2_ws/src/install/task1/share/task1/local_setup.zsh
[0.812s] -- Up-to-date symlink: /home/khaledob/bookros2_ws/src/install/task1/share/task1/local_setup.dsv
[0.812s] -- Symlinking: /home/khaledob/bookros2_ws/src/install/task1/share/task1/package.dsv
[0.814s] -- Up-to-date symlink: /home/khaledob/bookros2_ws/src/install/task1/share/ament_index/resource_index/packages/task1
[0.816s] -- Up-to-date symlink: /home/khaledob/bookros2_ws/src/install/task1/share/task1/cmake/task1Config.cmake
[0.816s] -- Up-to-date symlink: /home/khaledob/bookros2_ws/src/install/task1/share/task1/cmake/task1Config-version.cmake
[0.817s] -- Up-to-date symlink: /home/khaledob/bookros2_ws/src/install/task1/share/task1/package.xml
[0.827s] Invoked command in '/home/khaledob/bookros2_ws/src/build/task1' returned '0': CMAKE_PREFIX_PATH=${CMAKE_PREFIX_PATH}:/home/khaledob/bookros2_ws/src/install/ros2controlcli:/home/khaledob/bookros2_ws/src/install/launch_pal:/home/khaledob/bookros2_ws/src/install/br2_fsm_bumpgo_py:/opt/ros/foxy /usr/bin/cmake --install /home/khaledob/bookros2_ws/src/build/task1
