[0.898s] Invoking command in '/home/khaledob/bookros2_ws/build/br2_bt_patrolling': CMAKE_PREFIX_PATH=${CMAKE_PREFIX_PATH}:/home/khaledob/bookros2_ws/install/ros2controlcli:/home/khaledob/bookros2_ws/install/launch_pal:/home/khaledob/bookros2_ws/install/br2_fsm_bumpgo_py:/opt/ros/foxy /usr/bin/cmake --build /home/khaledob/bookros2_ws/build/br2_bt_patrolling -- -j7 -l7
[2.650s] [ 10%] Built target br2_recharge_bt_node
[3.133s] [ 20%] Built target br2_patrol_bt_node
[3.525s] [ 30%] Built target gtest
[4.032s] [ 40%] Built target gtest_main
[4.372s] [ 50%] Built target br2_track_objects_bt_node
[5.197s] [ 60%] Built target br2_get_waypoint_bt_node
[5.737s] [ 70%] Built target bt_action_test
[6.136s] [ 80%] Built target br2_move_bt_node
[6.218s] [ 90%] Built target patrolling_main
[6.519s] [100%] Built target br2_battery_checker_bt_node
[7.839s] Invoked command in '/home/khaledob/bookros2_ws/build/br2_bt_patrolling' returned '0': CMAKE_PREFIX_PATH=${CMAKE_PREFIX_PATH}:/home/khaledob/bookros2_ws/install/ros2controlcli:/home/khaledob/bookros2_ws/install/launch_pal:/home/khaledob/bookros2_ws/install/br2_fsm_bumpgo_py:/opt/ros/foxy /usr/bin/cmake --build /home/khaledob/bookros2_ws/build/br2_bt_patrolling -- -j7 -l7
[7.840s] Invoking command in '/home/khaledob/bookros2_ws/build/br2_bt_patrolling': CMAKE_PREFIX_PATH=${CMAKE_PREFIX_PATH}:/home/khaledob/bookros2_ws/install/ros2controlcli:/home/khaledob/bookros2_ws/install/launch_pal:/home/khaledob/bookros2_ws/install/br2_fsm_bumpgo_py:/opt/ros/foxy /usr/bin/cmake --install /home/khaledob/bookros2_ws/build/br2_bt_patrolling
[8.184s] -- Install configuration: "Debug"
[8.346s] -- Execute custom install script
[8.347s] -- Up-to-date symlink: /home/khaledob/bookros2_ws/install/br2_bt_patrolling/lib/libbr2_recharge_bt_node.so
[8.347s] -- Up-to-date symlink: /home/khaledob/bookros2_ws/install/br2_bt_patrolling/lib/libbr2_patrol_bt_node.so
[8.347s] -- Up-to-date symlink: /home/khaledob/bookros2_ws/install/br2_bt_patrolling/lib/libbr2_move_bt_node.so
[8.347s] -- Up-to-date symlink: /home/khaledob/bookros2_ws/install/br2_bt_patrolling/lib/libbr2_get_waypoint_bt_node.so
[8.347s] -- Up-to-date symlink: /home/khaledob/bookros2_ws/install/br2_bt_patrolling/lib/libbr2_battery_checker_bt_node.so
[8.357s] -- Up-to-date symlink: /home/khaledob/bookros2_ws/install/br2_bt_patrolling/lib/libbr2_track_objects_bt_node.so
[8.358s] -- Up-to-date symlink: /home/khaledob/bookros2_ws/install/br2_bt_patrolling/lib/br2_bt_patrolling/patrolling_main
[8.358s] -- Up-to-date symlink: /home/khaledob/bookros2_ws/install/br2_bt_patrolling/include//br2_bt_patrolling/BatteryChecker.hpp
[8.358s] -- Up-to-date symlink: /home/khaledob/bookros2_ws/install/br2_bt_patrolling/include//br2_bt_patrolling/GetWaypoint.hpp
[8.358s] -- Up-to-date symlink: /home/khaledob/bookros2_ws/install/br2_bt_patrolling/include//br2_bt_patrolling/Move.hpp
[8.358s] -- Up-to-date symlink: /home/khaledob/bookros2_ws/install/br2_bt_patrolling/include//br2_bt_patrolling/Patrol.hpp
[8.358s] -- Up-to-date symlink: /home/khaledob/bookros2_ws/install/br2_bt_patrolling/include//br2_bt_patrolling/Recharge.hpp
[8.358s] -- Up-to-date symlink: /home/khaledob/bookros2_ws/install/br2_bt_patrolling/include//br2_bt_patrolling/TrackObjects.hpp
[8.358s] -- Up-to-date symlink: /home/khaledob/bookros2_ws/install/br2_bt_patrolling/include//br2_bt_patrolling/ctrl_support/BTActionNode.hpp
[8.359s] -- Up-to-date symlink: /home/khaledob/bookros2_ws/install/br2_bt_patrolling/include//br2_bt_patrolling/ctrl_support/BTLifecycleCtrlNode.hpp
[8.359s] -- Up-to-date symlink: /home/khaledob/bookros2_ws/install/br2_bt_patrolling/share/br2_bt_patrolling/behavior_tree_xml/patrolling.xml
[8.359s] -- Up-to-date symlink: /home/khaledob/bookros2_ws/install/br2_bt_patrolling/share/br2_bt_patrolling/launch/patrolling.launch.py
[8.359s] -- Up-to-date symlink: /home/khaledob/bookros2_ws/install/br2_bt_patrolling/share/ament_index/resource_index/package_run_dependencies/br2_bt_patrolling
[8.359s] -- Up-to-date symlink: /home/khaledob/bookros2_ws/install/br2_bt_patrolling/share/ament_index/resource_index/parent_prefix_path/br2_bt_patrolling
[8.389s] -- Up-to-date symlink: /home/khaledob/bookros2_ws/install/br2_bt_patrolling/share/br2_bt_patrolling/environment/ament_prefix_path.sh
[8.391s] -- Up-to-date symlink: /home/khaledob/bookros2_ws/install/br2_bt_patrolling/share/br2_bt_patrolling/environment/ament_prefix_path.dsv
[8.392s] -- Up-to-date symlink: /home/khaledob/bookros2_ws/install/br2_bt_patrolling/share/br2_bt_patrolling/environment/path.sh
[8.392s] -- Up-to-date symlink: /home/khaledob/bookros2_ws/install/br2_bt_patrolling/share/br2_bt_patrolling/environment/path.dsv
[8.392s] -- Up-to-date symlink: /home/khaledob/bookros2_ws/install/br2_bt_patrolling/share/br2_bt_patrolling/local_setup.bash
[8.393s] -- Up-to-date symlink: /home/khaledob/bookros2_ws/install/br2_bt_patrolling/share/br2_bt_patrolling/local_setup.sh
[8.393s] -- Up-to-date symlink: /home/khaledob/bookros2_ws/install/br2_bt_patrolling/share/br2_bt_patrolling/local_setup.zsh
[8.393s] -- Up-to-date symlink: /home/khaledob/bookros2_ws/install/br2_bt_patrolling/share/br2_bt_patrolling/local_setup.dsv
[8.393s] -- Symlinking: /home/khaledob/bookros2_ws/install/br2_bt_patrolling/share/br2_bt_patrolling/package.dsv
[8.395s] -- Up-to-date symlink: /home/khaledob/bookros2_ws/install/br2_bt_patrolling/share/ament_index/resource_index/packages/br2_bt_patrolling
[8.395s] -- Up-to-date symlink: /home/khaledob/bookros2_ws/install/br2_bt_patrolling/share/br2_bt_patrolling/cmake/ament_cmake_export_include_directories-extras.cmake
[8.396s] -- Up-to-date symlink: /home/khaledob/bookros2_ws/install/br2_bt_patrolling/share/br2_bt_patrolling/cmake/ament_cmake_export_dependencies-extras.cmake
[8.408s] -- Up-to-date symlink: /home/khaledob/bookros2_ws/install/br2_bt_patrolling/share/br2_bt_patrolling/cmake/br2_bt_patrollingConfig.cmake
[8.418s] -- Up-to-date symlink: /home/khaledob/bookros2_ws/install/br2_bt_patrolling/share/br2_bt_patrolling/cmake/br2_bt_patrollingConfig-version.cmake
[8.418s] -- Up-to-date symlink: /home/khaledob/bookros2_ws/install/br2_bt_patrolling/share/br2_bt_patrolling/package.xml
[9.547s] Invoked command in '/home/khaledob/bookros2_ws/build/br2_bt_patrolling' returned '0': CMAKE_PREFIX_PATH=${CMAKE_PREFIX_PATH}:/home/khaledob/bookros2_ws/install/ros2controlcli:/home/khaledob/bookros2_ws/install/launch_pal:/home/khaledob/bookros2_ws/install/br2_fsm_bumpgo_py:/opt/ros/foxy /usr/bin/cmake --install /home/khaledob/bookros2_ws/build/br2_bt_patrolling
