[0.164s] Invoking command in '/home/khaledob/bookros2_ws/build/task1': CMAKE_PREFIX_PATH=${CMAKE_PREFIX_PATH}:/home/khaledob/bookros2_ws/install/tiago_controller_configuration:/home/khaledob/bookros2_ws/install/ros2controlcli:/home/khaledob/bookros2_ws/install/launch_pal:/home/khaledob/bookros2_ws/install/joint_trajectory_controller:/home/khaledob/bookros2_ws/install/imu_sensor_broadcaster:/home/khaledob/bookros2_ws/install/br2_fsm_bumpgo_py:/opt/ros/foxy /usr/bin/cmake /home/khaledob/bookros2_ws/src/task1 -DAMENT_CMAKE_SYMLINK_INSTALL=1 -DCMAKE_INSTALL_PREFIX=/home/khaledob/bookros2_ws/install/task1
[0.219s] -- Found ament_cmake: 0.9.12 (/opt/ros/foxy/share/ament_cmake/cmake)
[0.290s] -- Using PYTHON_EXECUTABLE: /usr/bin/python3
[1.004s] -- Override CMake install command with custom implementation using symlinks instead of copying resources
[1.008s] -- Found rclcpp: 2.4.3 (/opt/ros/foxy/share/rclcpp/cmake)
[1.116s] -- Using all available rosidl_typesupport_c: rosidl_typesupport_fastrtps_c;rosidl_typesupport_introspection_c
[1.155s] -- Found rosidl_adapter: 1.3.1 (/opt/ros/foxy/share/rosidl_adapter/cmake)
[1.458s] -- Using all available rosidl_typesupport_cpp: rosidl_typesupport_fastrtps_cpp;rosidl_typesupport_introspection_cpp
[1.645s] -- Found rmw_implementation_cmake: 1.0.4 (/opt/ros/foxy/share/rmw_implementation_cmake/cmake)
[1.668s] -- Using RMW implementation 'rmw_fastrtps_cpp' as default
[1.983s] -- Found sensor_msgs: 2.0.5 (/opt/ros/foxy/share/sensor_msgs/cmake)
[2.316s] -- Found ament_lint_auto: 0.9.8 (/opt/ros/foxy/share/ament_lint_auto/cmake)
[2.620s] -- Added test 'copyright' to check source files copyright and LICENSE
[2.620s] -- Added test 'cppcheck' to perform static code analysis on C / C++ code
[2.620s] -- Configured cppcheck include dirs: $<BUILD_INTERFACE:/home/khaledob/bookros2_ws/src/task1/include>
[2.621s] -- Configured cppcheck exclude dirs and/or files: 
[2.623s] -- Added test 'cpplint' to check C / C++ code against the Google style
[2.623s] -- Configured cpplint exclude dirs and/or files: 
[2.623s] -- Added test 'lint_cmake' to check CMake code style
[2.623s] -- Added test 'uncrustify' to check C / C++ code style
[2.624s] -- Configured uncrustify additional arguments: 
[2.624s] -- Added test 'xmllint' to check XML markup files
[2.624s] -- Configuring done
[2.624s] CMake Error at CMakeLists.txt:18 (add_executable):
[2.625s]   Cannot find source file:
[2.625s] 
[2.625s]     src/BumpGoNode1.cpp
[2.625s] 
[2.625s]   Tried extensions .c .C .c++ .cc .cpp .cxx .cu .m .M .mm .h .hh .h++ .hm
[2.625s]   .hpp .hxx .in .txx
[2.626s] 
[2.626s] 
[2.626s] CMake Error at CMakeLists.txt:18 (add_executable):
[2.626s]   No SOURCES given to target: bumpgo
[2.626s] 
[2.626s] 
[2.627s] CMake Generate step failed.  Build files cannot be regenerated correctly.
[2.820s] Invoked command in '/home/khaledob/bookros2_ws/build/task1' returned '1': CMAKE_PREFIX_PATH=${CMAKE_PREFIX_PATH}:/home/khaledob/bookros2_ws/install/tiago_controller_configuration:/home/khaledob/bookros2_ws/install/ros2controlcli:/home/khaledob/bookros2_ws/install/launch_pal:/home/khaledob/bookros2_ws/install/joint_trajectory_controller:/home/khaledob/bookros2_ws/install/imu_sensor_broadcaster:/home/khaledob/bookros2_ws/install/br2_fsm_bumpgo_py:/opt/ros/foxy /usr/bin/cmake /home/khaledob/bookros2_ws/src/task1 -DAMENT_CMAKE_SYMLINK_INSTALL=1 -DCMAKE_INSTALL_PREFIX=/home/khaledob/bookros2_ws/install/task1
