[0.459s] Invoking command in '/home/khaledob/bookros2_ws/build/groot': CMAKE_PREFIX_PATH=/opt/ros/foxy /usr/bin/cmake --build /home/khaledob/bookros2_ws/build/groot -- -j7 -l7
[0.761s] [  1%] [34m[1mAutomatic MOC and UIC for target QtNodeEditor[0m
[0.823s] [  1%] Built target QtNodeEditor_autogen
[1.210s] [ 57%] Built target QtNodeEditor
[1.350s] [ 58%] [34m[1mAutomatic MOC and UIC for target behavior_tree_editor[0m
[1.650s] [ 58%] Built target behavior_tree_editor_autogen
[1.957s] [ 74%] Built target behavior_tree_editor
[2.102s] [ 75%] [34m[1mAutomatic MOC and UIC for target replay_test[0m
[2.106s] [ 75%] [34m[1mAutomatic MOC and UIC for target editor_test[0m
[2.157s] [ 76%] [34m[1mAutomatic MOC and UIC for target Groot[0m
[2.203s] [ 76%] Built target editor_test_autogen
[2.203s] [ 76%] Built target replay_test_autogen
[2.265s] [ 76%] Built target Groot_autogen
[2.427s] [ 85%] Built target editor_test
[2.503s] [ 91%] Built target Groot
[2.503s] [100%] Built target replay_test
[3.011s] Invoked command in '/home/khaledob/bookros2_ws/build/groot' returned '0': CMAKE_PREFIX_PATH=/opt/ros/foxy /usr/bin/cmake --build /home/khaledob/bookros2_ws/build/groot -- -j7 -l7
[3.014s] Invoking command in '/home/khaledob/bookros2_ws/build/groot': CMAKE_PREFIX_PATH=/opt/ros/foxy /usr/bin/cmake --install /home/khaledob/bookros2_ws/build/groot
[3.104s] -- Install configuration: ""
[3.107s] -- Execute custom install script
[3.109s] -- Up-to-date symlink: /home/khaledob/bookros2_ws/install/groot/lib/libbehavior_tree_editor.so
[3.112s] -- Up-to-date symlink: /home/khaledob/bookros2_ws/install/groot/lib/groot/Groot
[3.113s] -- Up-to-date symlink: /home/khaledob/bookros2_ws/install/groot/share/groot/environment/library_path.sh
[3.115s] -- Up-to-date symlink: /home/khaledob/bookros2_ws/install/groot/share/groot/environment/library_path.dsv
[3.121s] -- Up-to-date symlink: /home/khaledob/bookros2_ws/install/groot/share/ament_index/resource_index/package_run_dependencies/groot
[3.122s] -- Up-to-date symlink: /home/khaledob/bookros2_ws/install/groot/share/ament_index/resource_index/parent_prefix_path/groot
[3.132s] -- Up-to-date symlink: /home/khaledob/bookros2_ws/install/groot/share/groot/environment/ament_prefix_path.sh
[3.133s] -- Up-to-date symlink: /home/khaledob/bookros2_ws/install/groot/share/groot/environment/ament_prefix_path.dsv
[3.133s] -- Up-to-date symlink: /home/khaledob/bookros2_ws/install/groot/share/groot/environment/path.sh
[3.133s] -- Up-to-date symlink: /home/khaledob/bookros2_ws/install/groot/share/groot/environment/path.dsv
[3.133s] -- Up-to-date symlink: /home/khaledob/bookros2_ws/install/groot/share/groot/local_setup.bash
[3.133s] -- Up-to-date symlink: /home/khaledob/bookros2_ws/install/groot/share/groot/local_setup.sh
[3.172s] -- Up-to-date symlink: /home/khaledob/bookros2_ws/install/groot/share/groot/local_setup.zsh
[3.173s] -- Up-to-date symlink: /home/khaledob/bookros2_ws/install/groot/share/groot/local_setup.dsv
[3.207s] -- Symlinking: /home/khaledob/bookros2_ws/install/groot/share/groot/package.dsv
[3.246s] -- Up-to-date symlink: /home/khaledob/bookros2_ws/install/groot/share/ament_index/resource_index/packages/groot
[3.247s] -- Up-to-date symlink: /home/khaledob/bookros2_ws/install/groot/share/groot/cmake/ament_cmake_export_include_directories-extras.cmake
[3.251s] -- Up-to-date symlink: /home/khaledob/bookros2_ws/install/groot/share/groot/cmake/ament_cmake_export_dependencies-extras.cmake
[3.258s] -- Up-to-date symlink: /home/khaledob/bookros2_ws/install/groot/share/groot/cmake/ament_cmake_export_libraries-extras.cmake
[3.265s] -- Up-to-date symlink: /home/khaledob/bookros2_ws/install/groot/share/groot/cmake/grootConfig.cmake
[3.265s] -- Up-to-date symlink: /home/khaledob/bookros2_ws/install/groot/share/groot/cmake/grootConfig-version.cmake
[3.265s] -- Up-to-date symlink: /home/khaledob/bookros2_ws/install/groot/share/groot/package.xml
[3.295s] Invoked command in '/home/khaledob/bookros2_ws/build/groot' returned '0': CMAKE_PREFIX_PATH=/opt/ros/foxy /usr/bin/cmake --install /home/khaledob/bookros2_ws/build/groot
