[0.333s] Invoking command in '/home/khaledob/bookros2_ws/build/controller_manager': AMENT_PREFIX_PATH=/home/khaledob/bookros2_ws/install/controller_interface:/home/khaledob/bookros2_ws/install/hardware_interface:/home/khaledob/bookros2_ws/install/ros2_control_test_assets:/home/khaledob/bookros2_ws/install/controller_manager_msgs:${AMENT_PREFIX_PATH} CMAKE_PREFIX_PATH=/home/khaledob/bookros2_ws/install/controller_interface:/home/khaledob/bookros2_ws/install/hardware_interface:/home/khaledob/bookros2_ws/install/ros2_control_test_assets:/home/khaledob/bookros2_ws/install/controller_manager_msgs:/opt/ros/foxy LD_LIBRARY_PATH=/home/khaledob/bookros2_ws/install/controller_interface/lib:/home/khaledob/bookros2_ws/install/hardware_interface/lib:/home/khaledob/bookros2_ws/install/controller_manager_msgs/lib:${LD_LIBRARY_PATH} PYTHONPATH=/home/khaledob/bookros2_ws/install/controller_manager_msgs/lib/python3.8/site-packages:${PYTHONPATH} /usr/bin/cmake --build /home/khaledob/bookros2_ws/build/controller_manager -- -j7 -l7
[0.594s] [ 12%] Built target gmock
[0.595s] [ 20%] Built target controller_manager
[0.597s] [ 28%] Built target gmock_main
[0.692s] [ 36%] Built target test_controller_with_interfaces
[0.769s] [ 44%] Built target test_controller
[0.817s] [ 52%] Built target ros2_control_node
[0.826s] [ 60%] Built target test_controller_failed_init
[0.846s] [ 68%] Built target test_release_interfaces
[0.870s] [ 76%] Built target test_spawner_unspawner
[0.986s] [ 84%] Built target test_controller_manager
[0.988s] [ 92%] Built target test_controller_manager_srvs
[0.993s] [100%] Built target test_load_controller
[1.049s] Invoked command in '/home/khaledob/bookros2_ws/build/controller_manager' returned '0': AMENT_PREFIX_PATH=/home/khaledob/bookros2_ws/install/controller_interface:/home/khaledob/bookros2_ws/install/hardware_interface:/home/khaledob/bookros2_ws/install/ros2_control_test_assets:/home/khaledob/bookros2_ws/install/controller_manager_msgs:${AMENT_PREFIX_PATH} CMAKE_PREFIX_PATH=/home/khaledob/bookros2_ws/install/controller_interface:/home/khaledob/bookros2_ws/install/hardware_interface:/home/khaledob/bookros2_ws/install/ros2_control_test_assets:/home/khaledob/bookros2_ws/install/controller_manager_msgs:/opt/ros/foxy LD_LIBRARY_PATH=/home/khaledob/bookros2_ws/install/controller_interface/lib:/home/khaledob/bookros2_ws/install/hardware_interface/lib:/home/khaledob/bookros2_ws/install/controller_manager_msgs/lib:${LD_LIBRARY_PATH} PYTHONPATH=/home/khaledob/bookros2_ws/install/controller_manager_msgs/lib/python3.8/site-packages:${PYTHONPATH} /usr/bin/cmake --build /home/khaledob/bookros2_ws/build/controller_manager -- -j7 -l7
[1.058s] Invoking command in '/home/khaledob/bookros2_ws/build/controller_manager': AMENT_PREFIX_PATH=/home/khaledob/bookros2_ws/install/controller_interface:/home/khaledob/bookros2_ws/install/hardware_interface:/home/khaledob/bookros2_ws/install/ros2_control_test_assets:/home/khaledob/bookros2_ws/install/controller_manager_msgs:${AMENT_PREFIX_PATH} CMAKE_PREFIX_PATH=/home/khaledob/bookros2_ws/install/controller_interface:/home/khaledob/bookros2_ws/install/hardware_interface:/home/khaledob/bookros2_ws/install/ros2_control_test_assets:/home/khaledob/bookros2_ws/install/controller_manager_msgs:/opt/ros/foxy LD_LIBRARY_PATH=/home/khaledob/bookros2_ws/install/controller_interface/lib:/home/khaledob/bookros2_ws/install/hardware_interface/lib:/home/khaledob/bookros2_ws/install/controller_manager_msgs/lib:${LD_LIBRARY_PATH} PYTHONPATH=/home/khaledob/bookros2_ws/install/controller_manager_msgs/lib/python3.8/site-packages:${PYTHONPATH} /usr/bin/cmake --install /home/khaledob/bookros2_ws/build/controller_manager
[1.099s] -- Install configuration: ""
[1.099s] -- Execute custom install script
[1.099s] -- Up-to-date symlink: /home/khaledob/bookros2_ws/install/controller_manager/lib/libcontroller_manager.so
[1.100s] -- Up-to-date symlink: /home/khaledob/bookros2_ws/install/controller_manager/lib/controller_manager/ros2_control_node
[1.100s] -- Up-to-date symlink: /home/khaledob/bookros2_ws/install/controller_manager/include/controller_manager/controller_manager.hpp
[1.101s] -- Up-to-date symlink: /home/khaledob/bookros2_ws/install/controller_manager/include/controller_manager/controller_spec.hpp
[1.101s] -- Up-to-date symlink: /home/khaledob/bookros2_ws/install/controller_manager/include/controller_manager/visibility_control.h
[1.102s] -- Up-to-date symlink: /home/khaledob/bookros2_ws/install/controller_manager/lib/controller_manager/spawner.py
[1.102s] -- Up-to-date symlink: /home/khaledob/bookros2_ws/install/controller_manager/lib/controller_manager/unspawner.py
[1.102s] -- Up-to-date symlink: /home/khaledob/bookros2_ws/install/controller_manager/share/controller_manager/test/test_controller/test_controller.xml
[1.103s] -- Up-to-date symlink: /home/khaledob/bookros2_ws/install/controller_manager/lib/libtest_controller.so
[1.103s] -- Up-to-date symlink: /home/khaledob/bookros2_ws/install/controller_manager/share/controller_manager/test/test_controller_failed_init/test_controller_failed_init.xml
[1.103s] -- Up-to-date symlink: /home/khaledob/bookros2_ws/install/controller_manager/lib/libtest_controller_failed_init.so
[1.103s] -- Up-to-date symlink: /home/khaledob/bookros2_ws/install/controller_manager/share/controller_manager/test/test_controller_with_interfaces/test_controller_with_interfaces.xml
[1.104s] -- Up-to-date symlink: /home/khaledob/bookros2_ws/install/controller_manager/lib/libtest_controller_with_interfaces.so
[1.104s] -- Up-to-date symlink: /home/khaledob/bookros2_ws/install/controller_manager/share/controller_manager/environment/pythonpath.sh
[1.104s] -- Up-to-date symlink: /home/khaledob/bookros2_ws/install/controller_manager/share/controller_manager/environment/pythonpath.dsv
[1.105s] -- Up-to-date symlink: /home/khaledob/bookros2_ws/install/controller_manager/lib/python3.8/site-packages/controller_manager/__init__.py
[1.105s] -- Up-to-date symlink: /home/khaledob/bookros2_ws/install/controller_manager/lib/python3.8/site-packages/controller_manager/controller_manager_services.py
[1.105s] -- Up-to-date symlink: /home/khaledob/bookros2_ws/install/controller_manager/lib/python3.8/site-packages/controller_manager/launch_utils.py
[1.105s] -- Up-to-date symlink: /home/khaledob/bookros2_ws/install/controller_manager/share/controller_manager/environment/library_path.sh
[1.106s] -- Up-to-date symlink: /home/khaledob/bookros2_ws/install/controller_manager/share/controller_manager/environment/library_path.dsv
[1.106s] -- Up-to-date symlink: /home/khaledob/bookros2_ws/install/controller_manager/share/ament_index/resource_index/package_run_dependencies/controller_manager
[1.106s] -- Up-to-date symlink: /home/khaledob/bookros2_ws/install/controller_manager/share/ament_index/resource_index/parent_prefix_path/controller_manager
[1.107s] -- Up-to-date symlink: /home/khaledob/bookros2_ws/install/controller_manager/share/controller_manager/environment/ament_prefix_path.sh
[1.107s] -- Up-to-date symlink: /home/khaledob/bookros2_ws/install/controller_manager/share/controller_manager/environment/ament_prefix_path.dsv
[1.107s] -- Up-to-date symlink: /home/khaledob/bookros2_ws/install/controller_manager/share/controller_manager/environment/path.sh
[1.108s] -- Up-to-date symlink: /home/khaledob/bookros2_ws/install/controller_manager/share/controller_manager/environment/path.dsv
[1.108s] -- Up-to-date symlink: /home/khaledob/bookros2_ws/install/controller_manager/share/controller_manager/local_setup.bash
[1.109s] -- Up-to-date symlink: /home/khaledob/bookros2_ws/install/controller_manager/share/controller_manager/local_setup.sh
[1.109s] -- Up-to-date symlink: /home/khaledob/bookros2_ws/install/controller_manager/share/controller_manager/local_setup.zsh
[1.109s] -- Up-to-date symlink: /home/khaledob/bookros2_ws/install/controller_manager/share/controller_manager/local_setup.dsv
[1.110s] -- Symlinking: /home/khaledob/bookros2_ws/install/controller_manager/share/controller_manager/package.dsv
[1.134s] -- Up-to-date symlink: /home/khaledob/bookros2_ws/install/controller_manager/share/ament_index/resource_index/packages/controller_manager
[1.145s] -- Up-to-date symlink: /home/khaledob/bookros2_ws/install/controller_manager/share/ament_index/resource_index/controller_interface__pluginlib__plugin/controller_manager
[1.147s] -- Up-to-date symlink: /home/khaledob/bookros2_ws/install/controller_manager/share/controller_manager/cmake/ament_cmake_export_libraries-extras.cmake
[1.148s] -- Up-to-date symlink: /home/khaledob/bookros2_ws/install/controller_manager/share/controller_manager/cmake/ament_cmake_export_include_directories-extras.cmake
[1.148s] -- Up-to-date symlink: /home/khaledob/bookros2_ws/install/controller_manager/share/controller_manager/cmake/ament_cmake_export_dependencies-extras.cmake
[1.148s] -- Up-to-date symlink: /home/khaledob/bookros2_ws/install/controller_manager/share/controller_manager/cmake/controller_managerConfig.cmake
[1.148s] -- Up-to-date symlink: /home/khaledob/bookros2_ws/install/controller_manager/share/controller_manager/cmake/controller_managerConfig-version.cmake
[1.152s] -- Up-to-date symlink: /home/khaledob/bookros2_ws/install/controller_manager/share/controller_manager/package.xml
[1.236s] Listing '/home/khaledob/bookros2_ws/install/controller_manager/lib/python3.8/site-packages/controller_manager'...
[1.311s] Invoked command in '/home/khaledob/bookros2_ws/build/controller_manager' returned '0': AMENT_PREFIX_PATH=/home/khaledob/bookros2_ws/install/controller_interface:/home/khaledob/bookros2_ws/install/hardware_interface:/home/khaledob/bookros2_ws/install/ros2_control_test_assets:/home/khaledob/bookros2_ws/install/controller_manager_msgs:${AMENT_PREFIX_PATH} CMAKE_PREFIX_PATH=/home/khaledob/bookros2_ws/install/controller_interface:/home/khaledob/bookros2_ws/install/hardware_interface:/home/khaledob/bookros2_ws/install/ros2_control_test_assets:/home/khaledob/bookros2_ws/install/controller_manager_msgs:/opt/ros/foxy LD_LIBRARY_PATH=/home/khaledob/bookros2_ws/install/controller_interface/lib:/home/khaledob/bookros2_ws/install/hardware_interface/lib:/home/khaledob/bookros2_ws/install/controller_manager_msgs/lib:${LD_LIBRARY_PATH} PYTHONPATH=/home/khaledob/bookros2_ws/install/controller_manager_msgs/lib/python3.8/site-packages:${PYTHONPATH} /usr/bin/cmake --install /home/khaledob/bookros2_ws/build/controller_manager
