[0.040s] Invoking command in '/home/khaledob/bookros2_ws/build/task1': CMAKE_PREFIX_PATH=${CMAKE_PREFIX_PATH}:/home/khaledob/bookros2_ws/install/ros2controlcli:/home/khaledob/bookros2_ws/install/launch_pal:/home/khaledob/bookros2_ws/install/br2_fsm_bumpgo_py:/opt/ros/foxy /usr/bin/cmake --build /home/khaledob/bookros2_ws/build/task1 -- -j7 -l7
[0.298s] [100%] Built target node
[0.326s] Invoked command in '/home/khaledob/bookros2_ws/build/task1' returned '0': CMAKE_PREFIX_PATH=${CMAKE_PREFIX_PATH}:/home/khaledob/bookros2_ws/install/ros2controlcli:/home/khaledob/bookros2_ws/install/launch_pal:/home/khaledob/bookros2_ws/install/br2_fsm_bumpgo_py:/opt/ros/foxy /usr/bin/cmake --build /home/khaledob/bookros2_ws/build/task1 -- -j7 -l7
[0.332s] Invoking command in '/home/khaledob/bookros2_ws/build/task1': CMAKE_PREFIX_PATH=${CMAKE_PREFIX_PATH}:/home/khaledob/bookros2_ws/install/ros2controlcli:/home/khaledob/bookros2_ws/install/launch_pal:/home/khaledob/bookros2_ws/install/br2_fsm_bumpgo_py:/opt/ros/foxy /usr/bin/cmake --install /home/khaledob/bookros2_ws/build/task1
[0.353s] -- Install configuration: ""
[0.354s] -- Execute custom install script
[0.354s] -- Up-to-date symlink: /home/khaledob/bookros2_ws/install/task1/lib/task1/node
[0.355s] -- Up-to-date symlink: /home/khaledob/bookros2_ws/install/task1/share/task1/launch/my_launch_file.py
[0.356s] -- Up-to-date symlink: /home/khaledob/bookros2_ws/install/task1/share/ament_index/resource_index/package_run_dependencies/task1
[0.357s] -- Up-to-date symlink: /home/khaledob/bookros2_ws/install/task1/share/ament_index/resource_index/parent_prefix_path/task1
[0.358s] -- Up-to-date symlink: /home/khaledob/bookros2_ws/install/task1/share/task1/environment/ament_prefix_path.sh
[0.358s] -- Up-to-date symlink: /home/khaledob/bookros2_ws/install/task1/share/task1/environment/ament_prefix_path.dsv
[0.359s] -- Up-to-date symlink: /home/khaledob/bookros2_ws/install/task1/share/task1/environment/path.sh
[0.360s] -- Up-to-date symlink: /home/khaledob/bookros2_ws/install/task1/share/task1/environment/path.dsv
[0.360s] -- Up-to-date symlink: /home/khaledob/bookros2_ws/install/task1/share/task1/local_setup.bash
[0.360s] -- Up-to-date symlink: /home/khaledob/bookros2_ws/install/task1/share/task1/local_setup.sh
[0.361s] -- Up-to-date symlink: /home/khaledob/bookros2_ws/install/task1/share/task1/local_setup.zsh
[0.361s] -- Up-to-date symlink: /home/khaledob/bookros2_ws/install/task1/share/task1/local_setup.dsv
[0.361s] -- Symlinking: /home/khaledob/bookros2_ws/install/task1/share/task1/package.dsv
[0.383s] -- Up-to-date symlink: /home/khaledob/bookros2_ws/install/task1/share/ament_index/resource_index/packages/task1
[0.383s] -- Up-to-date symlink: /home/khaledob/bookros2_ws/install/task1/share/task1/cmake/task1Config.cmake
[0.386s] -- Up-to-date symlink: /home/khaledob/bookros2_ws/install/task1/share/task1/cmake/task1Config-version.cmake
[0.387s] -- Up-to-date symlink: /home/khaledob/bookros2_ws/install/task1/share/task1/package.xml
[0.412s] Invoked command in '/home/khaledob/bookros2_ws/build/task1' returned '0': CMAKE_PREFIX_PATH=${CMAKE_PREFIX_PATH}:/home/khaledob/bookros2_ws/install/ros2controlcli:/home/khaledob/bookros2_ws/install/launch_pal:/home/khaledob/bookros2_ws/install/br2_fsm_bumpgo_py:/opt/ros/foxy /usr/bin/cmake --install /home/khaledob/bookros2_ws/build/task1
