[0.190s] Invoking command in '/home/khaledob/bookros2_ws/build/t2b': CMAKE_PREFIX_PATH=${CMAKE_PREFIX_PATH}:/home/khaledob/bookros2_ws/install/ros2controlcli:/home/khaledob/bookros2_ws/install/launch_pal:/home/khaledob/bookros2_ws/install/br2_fsm_bumpgo_py:/opt/ros/foxy /usr/bin/cmake /home/khaledob/bookros2_ws/src/t2b -DAMENT_CMAKE_SYMLINK_INSTALL=1 -DCMAKE_INSTALL_PREFIX=/home/khaledob/bookros2_ws/install/t2b
[0.203s] -- Found ament_cmake: 0.9.12 (/opt/ros/foxy/share/ament_cmake/cmake)
[0.275s] -- Using PYTHON_EXECUTABLE: /usr/bin/python3
[0.655s] -- Override CMake install command with custom implementation using symlinks instead of copying resources
[0.664s] -- Found rclcpp: 2.4.3 (/opt/ros/foxy/share/rclcpp/cmake)
[0.738s] -- Using all available rosidl_typesupport_c: rosidl_typesupport_fastrtps_c;rosidl_typesupport_introspection_c
[0.745s] -- Found rosidl_adapter: 1.3.1 (/opt/ros/foxy/share/rosidl_adapter/cmake)
[0.968s] -- Using all available rosidl_typesupport_cpp: rosidl_typesupport_fastrtps_cpp;rosidl_typesupport_introspection_cpp
[1.056s] -- Found rmw_implementation_cmake: 1.0.4 (/opt/ros/foxy/share/rmw_implementation_cmake/cmake)
[1.064s] -- Using RMW implementation 'rmw_fastrtps_cpp' as default
[1.379s] -- Found sensor_msgs: 2.0.5 (/opt/ros/foxy/share/sensor_msgs/cmake)
[1.577s] -- Found ament_lint_auto: 0.9.8 (/opt/ros/foxy/share/ament_lint_auto/cmake)
[1.645s] CMake Error at /opt/ros/foxy/share/ament_cmake_core/cmake/core/ament_package_xml.cmake:53 (message):
[1.645s]   ament_package_xml() package name 't2b' in '/package.xml' does not match
[1.645s]   current PROJECT_NAME 't2a'.  You must call project() with the same package
[1.645s]   name before.
[1.645s] Call Stack (most recent call first):
[1.645s]   /opt/ros/foxy/share/ament_lint_auto/cmake/ament_lint_auto_find_test_dependencies.cmake:31 (ament_package_xml)
[1.645s]   CMakeLists.txt:36 (ament_lint_auto_find_test_dependencies)
[1.646s] 
[1.646s] 
[1.646s] -- Configuring incomplete, errors occurred!
[1.646s] See also "/home/khaledob/bookros2_ws/build/t2b/CMakeFiles/CMakeOutput.log".
[1.646s] See also "/home/khaledob/bookros2_ws/build/t2b/CMakeFiles/CMakeError.log".
