[0.121s] Invoking command in '/home/khaledob/bookros2_ws/build/gripper_controllers': AMENT_PREFIX_PATH=/home/khaledob/bookros2_ws/install/controller_manager:/home/khaledob/bookros2_ws/install/controller_interface:/home/khaledob/bookros2_ws/install/hardware_interface:/home/khaledob/bookros2_ws/install/ros2_control_test_assets:/home/khaledob/bookros2_ws/install/controller_manager_msgs:${AMENT_PREFIX_PATH} CMAKE_PREFIX_PATH=/home/khaledob/bookros2_ws/install/controller_manager:/home/khaledob/bookros2_ws/install/controller_interface:/home/khaledob/bookros2_ws/install/hardware_interface:/home/khaledob/bookros2_ws/install/ros2_control_test_assets:/home/khaledob/bookros2_ws/install/controller_manager_msgs:/opt/ros/foxy LD_LIBRARY_PATH=/home/khaledob/bookros2_ws/install/controller_manager/lib:/home/khaledob/bookros2_ws/install/controller_interface/lib:/home/khaledob/bookros2_ws/install/hardware_interface/lib:/home/khaledob/bookros2_ws/install/controller_manager_msgs/lib:${LD_LIBRARY_PATH} PYTHONPATH=/home/khaledob/bookros2_ws/install/controller_manager/lib/python3.8/site-packages:/home/khaledob/bookros2_ws/install/controller_manager_msgs/lib/python3.8/site-packages:${PYTHONPATH} /usr/bin/cmake --build /home/khaledob/bookros2_ws/build/gripper_controllers -- -j7 -l7
[0.415s] [ 33%] Built target gmock
[0.415s] [ 55%] Built target gmock_main
[0.415s] [ 77%] Built target gripper_action_controller
[0.618s] [100%] Built target test_load_gripper_action_controllers
[0.912s] Invoked command in '/home/khaledob/bookros2_ws/build/gripper_controllers' returned '0': AMENT_PREFIX_PATH=/home/khaledob/bookros2_ws/install/controller_manager:/home/khaledob/bookros2_ws/install/controller_interface:/home/khaledob/bookros2_ws/install/hardware_interface:/home/khaledob/bookros2_ws/install/ros2_control_test_assets:/home/khaledob/bookros2_ws/install/controller_manager_msgs:${AMENT_PREFIX_PATH} CMAKE_PREFIX_PATH=/home/khaledob/bookros2_ws/install/controller_manager:/home/khaledob/bookros2_ws/install/controller_interface:/home/khaledob/bookros2_ws/install/hardware_interface:/home/khaledob/bookros2_ws/install/ros2_control_test_assets:/home/khaledob/bookros2_ws/install/controller_manager_msgs:/opt/ros/foxy LD_LIBRARY_PATH=/home/khaledob/bookros2_ws/install/controller_manager/lib:/home/khaledob/bookros2_ws/install/controller_interface/lib:/home/khaledob/bookros2_ws/install/hardware_interface/lib:/home/khaledob/bookros2_ws/install/controller_manager_msgs/lib:${LD_LIBRARY_PATH} PYTHONPATH=/home/khaledob/bookros2_ws/install/controller_manager/lib/python3.8/site-packages:/home/khaledob/bookros2_ws/install/controller_manager_msgs/lib/python3.8/site-packages:${PYTHONPATH} /usr/bin/cmake --build /home/khaledob/bookros2_ws/build/gripper_controllers -- -j7 -l7
[0.917s] Invoking command in '/home/khaledob/bookros2_ws/build/gripper_controllers': AMENT_PREFIX_PATH=/home/khaledob/bookros2_ws/install/controller_manager:/home/khaledob/bookros2_ws/install/controller_interface:/home/khaledob/bookros2_ws/install/hardware_interface:/home/khaledob/bookros2_ws/install/ros2_control_test_assets:/home/khaledob/bookros2_ws/install/controller_manager_msgs:${AMENT_PREFIX_PATH} CMAKE_PREFIX_PATH=/home/khaledob/bookros2_ws/install/controller_manager:/home/khaledob/bookros2_ws/install/controller_interface:/home/khaledob/bookros2_ws/install/hardware_interface:/home/khaledob/bookros2_ws/install/ros2_control_test_assets:/home/khaledob/bookros2_ws/install/controller_manager_msgs:/opt/ros/foxy LD_LIBRARY_PATH=/home/khaledob/bookros2_ws/install/controller_manager/lib:/home/khaledob/bookros2_ws/install/controller_interface/lib:/home/khaledob/bookros2_ws/install/hardware_interface/lib:/home/khaledob/bookros2_ws/install/controller_manager_msgs/lib:${LD_LIBRARY_PATH} PYTHONPATH=/home/khaledob/bookros2_ws/install/controller_manager/lib/python3.8/site-packages:/home/khaledob/bookros2_ws/install/controller_manager_msgs/lib/python3.8/site-packages:${PYTHONPATH} /usr/bin/cmake --install /home/khaledob/bookros2_ws/build/gripper_controllers
[0.974s] -- Install configuration: ""
[0.975s] -- Execute custom install script
[0.988s] -- Up-to-date symlink: /home/khaledob/bookros2_ws/install/gripper_controllers/share/gripper_controllers//ros_control_plugins.xml
[0.990s] -- Up-to-date symlink: /home/khaledob/bookros2_ws/install/gripper_controllers/include/gripper_action_controller.hpp
[1.055s] -- Up-to-date symlink: /home/khaledob/bookros2_ws/install/gripper_controllers/include/gripper_action_controller_impl.hpp
[1.075s] -- Up-to-date symlink: /home/khaledob/bookros2_ws/install/gripper_controllers/include/hardware_interface_adapter.hpp
[1.076s] -- Up-to-date symlink: /home/khaledob/bookros2_ws/install/gripper_controllers/include/visibility_control.hpp
[1.080s] -- Up-to-date symlink: /home/khaledob/bookros2_ws/install/gripper_controllers/lib/libgripper_action_controller.so
[1.081s] -- Up-to-date symlink: /home/khaledob/bookros2_ws/install/gripper_controllers/share/ament_index/resource_index/package_run_dependencies/gripper_controllers
[1.081s] -- Up-to-date symlink: /home/khaledob/bookros2_ws/install/gripper_controllers/share/ament_index/resource_index/parent_prefix_path/gripper_controllers
[1.081s] -- Up-to-date symlink: /home/khaledob/bookros2_ws/install/gripper_controllers/share/gripper_controllers/environment/ament_prefix_path.sh
[1.081s] -- Up-to-date symlink: /home/khaledob/bookros2_ws/install/gripper_controllers/share/gripper_controllers/environment/ament_prefix_path.dsv
[1.081s] -- Up-to-date symlink: /home/khaledob/bookros2_ws/install/gripper_controllers/share/gripper_controllers/environment/path.sh
[1.082s] -- Up-to-date symlink: /home/khaledob/bookros2_ws/install/gripper_controllers/share/gripper_controllers/environment/path.dsv
[1.083s] -- Up-to-date symlink: /home/khaledob/bookros2_ws/install/gripper_controllers/share/gripper_controllers/local_setup.bash
[1.084s] -- Up-to-date symlink: /home/khaledob/bookros2_ws/install/gripper_controllers/share/gripper_controllers/local_setup.sh
[1.085s] -- Up-to-date symlink: /home/khaledob/bookros2_ws/install/gripper_controllers/share/gripper_controllers/local_setup.zsh
[1.085s] -- Up-to-date symlink: /home/khaledob/bookros2_ws/install/gripper_controllers/share/gripper_controllers/local_setup.dsv
[1.085s] -- Symlinking: /home/khaledob/bookros2_ws/install/gripper_controllers/share/gripper_controllers/package.dsv
[1.154s] -- Up-to-date symlink: /home/khaledob/bookros2_ws/install/gripper_controllers/share/ament_index/resource_index/packages/gripper_controllers
[1.154s] -- Up-to-date symlink: /home/khaledob/bookros2_ws/install/gripper_controllers/share/ament_index/resource_index/controller_interface__pluginlib__plugin/gripper_controllers
[1.154s] -- Up-to-date symlink: /home/khaledob/bookros2_ws/install/gripper_controllers/share/gripper_controllers/cmake/gripper_controllersConfig.cmake
[1.154s] -- Up-to-date symlink: /home/khaledob/bookros2_ws/install/gripper_controllers/share/gripper_controllers/cmake/gripper_controllersConfig-version.cmake
[1.154s] -- Up-to-date symlink: /home/khaledob/bookros2_ws/install/gripper_controllers/share/gripper_controllers/package.xml
[1.171s] Invoked command in '/home/khaledob/bookros2_ws/build/gripper_controllers' returned '0': AMENT_PREFIX_PATH=/home/khaledob/bookros2_ws/install/controller_manager:/home/khaledob/bookros2_ws/install/controller_interface:/home/khaledob/bookros2_ws/install/hardware_interface:/home/khaledob/bookros2_ws/install/ros2_control_test_assets:/home/khaledob/bookros2_ws/install/controller_manager_msgs:${AMENT_PREFIX_PATH} CMAKE_PREFIX_PATH=/home/khaledob/bookros2_ws/install/controller_manager:/home/khaledob/bookros2_ws/install/controller_interface:/home/khaledob/bookros2_ws/install/hardware_interface:/home/khaledob/bookros2_ws/install/ros2_control_test_assets:/home/khaledob/bookros2_ws/install/controller_manager_msgs:/opt/ros/foxy LD_LIBRARY_PATH=/home/khaledob/bookros2_ws/install/controller_manager/lib:/home/khaledob/bookros2_ws/install/controller_interface/lib:/home/khaledob/bookros2_ws/install/hardware_interface/lib:/home/khaledob/bookros2_ws/install/controller_manager_msgs/lib:${LD_LIBRARY_PATH} PYTHONPATH=/home/khaledob/bookros2_ws/install/controller_manager/lib/python3.8/site-packages:/home/khaledob/bookros2_ws/install/controller_manager_msgs/lib/python3.8/site-packages:${PYTHONPATH} /usr/bin/cmake --install /home/khaledob/bookros2_ws/build/gripper_controllers
