[0.214s] Invoking command in '/home/khaledob/bookros2_ws/build/joint_state_broadcaster': AMENT_PREFIX_PATH=/home/khaledob/bookros2_ws/install/controller_manager:/home/khaledob/bookros2_ws/install/controller_interface:/home/khaledob/bookros2_ws/install/hardware_interface:/home/khaledob/bookros2_ws/install/ros2_control_test_assets:/home/khaledob/bookros2_ws/install/controller_manager_msgs:${AMENT_PREFIX_PATH} CMAKE_PREFIX_PATH=/home/khaledob/bookros2_ws/install/controller_manager:/home/khaledob/bookros2_ws/install/controller_interface:/home/khaledob/bookros2_ws/install/hardware_interface:/home/khaledob/bookros2_ws/install/ros2_control_test_assets:/home/khaledob/bookros2_ws/install/controller_manager_msgs:/opt/ros/foxy LD_LIBRARY_PATH=/home/khaledob/bookros2_ws/install/controller_manager/lib:/home/khaledob/bookros2_ws/install/controller_interface/lib:/home/khaledob/bookros2_ws/install/hardware_interface/lib:/home/khaledob/bookros2_ws/install/controller_manager_msgs/lib:${LD_LIBRARY_PATH} PYTHONPATH=/home/khaledob/bookros2_ws/install/controller_manager/lib/python3.8/site-packages:/home/khaledob/bookros2_ws/install/controller_manager_msgs/lib/python3.8/site-packages:${PYTHONPATH} /usr/bin/cmake --build /home/khaledob/bookros2_ws/build/joint_state_broadcaster -- -j7 -l7
[0.489s] [ 27%] Built target gmock
[0.491s] [ 45%] Built target gmock_main
[0.533s] [ 63%] Built target joint_state_broadcaster
[0.741s] [ 81%] Built target test_load_joint_state_broadcaster
[0.788s] [100%] Built target test_joint_state_broadcaster
[0.861s] Invoked command in '/home/khaledob/bookros2_ws/build/joint_state_broadcaster' returned '0': AMENT_PREFIX_PATH=/home/khaledob/bookros2_ws/install/controller_manager:/home/khaledob/bookros2_ws/install/controller_interface:/home/khaledob/bookros2_ws/install/hardware_interface:/home/khaledob/bookros2_ws/install/ros2_control_test_assets:/home/khaledob/bookros2_ws/install/controller_manager_msgs:${AMENT_PREFIX_PATH} CMAKE_PREFIX_PATH=/home/khaledob/bookros2_ws/install/controller_manager:/home/khaledob/bookros2_ws/install/controller_interface:/home/khaledob/bookros2_ws/install/hardware_interface:/home/khaledob/bookros2_ws/install/ros2_control_test_assets:/home/khaledob/bookros2_ws/install/controller_manager_msgs:/opt/ros/foxy LD_LIBRARY_PATH=/home/khaledob/bookros2_ws/install/controller_manager/lib:/home/khaledob/bookros2_ws/install/controller_interface/lib:/home/khaledob/bookros2_ws/install/hardware_interface/lib:/home/khaledob/bookros2_ws/install/controller_manager_msgs/lib:${LD_LIBRARY_PATH} PYTHONPATH=/home/khaledob/bookros2_ws/install/controller_manager/lib/python3.8/site-packages:/home/khaledob/bookros2_ws/install/controller_manager_msgs/lib/python3.8/site-packages:${PYTHONPATH} /usr/bin/cmake --build /home/khaledob/bookros2_ws/build/joint_state_broadcaster -- -j7 -l7
[0.889s] Invoking command in '/home/khaledob/bookros2_ws/build/joint_state_broadcaster': AMENT_PREFIX_PATH=/home/khaledob/bookros2_ws/install/controller_manager:/home/khaledob/bookros2_ws/install/controller_interface:/home/khaledob/bookros2_ws/install/hardware_interface:/home/khaledob/bookros2_ws/install/ros2_control_test_assets:/home/khaledob/bookros2_ws/install/controller_manager_msgs:${AMENT_PREFIX_PATH} CMAKE_PREFIX_PATH=/home/khaledob/bookros2_ws/install/controller_manager:/home/khaledob/bookros2_ws/install/controller_interface:/home/khaledob/bookros2_ws/install/hardware_interface:/home/khaledob/bookros2_ws/install/ros2_control_test_assets:/home/khaledob/bookros2_ws/install/controller_manager_msgs:/opt/ros/foxy LD_LIBRARY_PATH=/home/khaledob/bookros2_ws/install/controller_manager/lib:/home/khaledob/bookros2_ws/install/controller_interface/lib:/home/khaledob/bookros2_ws/install/hardware_interface/lib:/home/khaledob/bookros2_ws/install/controller_manager_msgs/lib:${LD_LIBRARY_PATH} PYTHONPATH=/home/khaledob/bookros2_ws/install/controller_manager/lib/python3.8/site-packages:/home/khaledob/bookros2_ws/install/controller_manager_msgs/lib/python3.8/site-packages:${PYTHONPATH} /usr/bin/cmake --install /home/khaledob/bookros2_ws/build/joint_state_broadcaster
[0.904s] -- Install configuration: ""
[0.904s] -- Execute custom install script
[0.911s] -- Up-to-date symlink: /home/khaledob/bookros2_ws/install/joint_state_broadcaster/share/joint_state_broadcaster//joint_state_plugin.xml
[0.911s] -- Up-to-date symlink: /home/khaledob/bookros2_ws/install/joint_state_broadcaster/include/joint_state_broadcaster/joint_state_broadcaster.hpp
[0.912s] -- Up-to-date symlink: /home/khaledob/bookros2_ws/install/joint_state_broadcaster/include/joint_state_broadcaster/visibility_control.h
[0.912s] -- Up-to-date symlink: /home/khaledob/bookros2_ws/install/joint_state_broadcaster/lib/libjoint_state_broadcaster.so
[0.914s] -- Up-to-date symlink: /home/khaledob/bookros2_ws/install/joint_state_broadcaster/share/joint_state_broadcaster/environment/library_path.sh
[0.914s] -- Up-to-date symlink: /home/khaledob/bookros2_ws/install/joint_state_broadcaster/share/joint_state_broadcaster/environment/library_path.dsv
[0.930s] -- Up-to-date symlink: /home/khaledob/bookros2_ws/install/joint_state_broadcaster/share/ament_index/resource_index/package_run_dependencies/joint_state_broadcaster
[0.931s] -- Up-to-date symlink: /home/khaledob/bookros2_ws/install/joint_state_broadcaster/share/ament_index/resource_index/parent_prefix_path/joint_state_broadcaster
[0.932s] -- Up-to-date symlink: /home/khaledob/bookros2_ws/install/joint_state_broadcaster/share/joint_state_broadcaster/environment/ament_prefix_path.sh
[0.932s] -- Up-to-date symlink: /home/khaledob/bookros2_ws/install/joint_state_broadcaster/share/joint_state_broadcaster/environment/ament_prefix_path.dsv
[0.932s] -- Up-to-date symlink: /home/khaledob/bookros2_ws/install/joint_state_broadcaster/share/joint_state_broadcaster/environment/path.sh
[0.932s] -- Up-to-date symlink: /home/khaledob/bookros2_ws/install/joint_state_broadcaster/share/joint_state_broadcaster/environment/path.dsv
[0.932s] -- Up-to-date symlink: /home/khaledob/bookros2_ws/install/joint_state_broadcaster/share/joint_state_broadcaster/local_setup.bash
[0.932s] -- Up-to-date symlink: /home/khaledob/bookros2_ws/install/joint_state_broadcaster/share/joint_state_broadcaster/local_setup.sh
[0.933s] -- Up-to-date symlink: /home/khaledob/bookros2_ws/install/joint_state_broadcaster/share/joint_state_broadcaster/local_setup.zsh
[0.933s] -- Up-to-date symlink: /home/khaledob/bookros2_ws/install/joint_state_broadcaster/share/joint_state_broadcaster/local_setup.dsv
[0.933s] -- Symlinking: /home/khaledob/bookros2_ws/install/joint_state_broadcaster/share/joint_state_broadcaster/package.dsv
[0.967s] -- Up-to-date symlink: /home/khaledob/bookros2_ws/install/joint_state_broadcaster/share/ament_index/resource_index/packages/joint_state_broadcaster
[0.970s] -- Up-to-date symlink: /home/khaledob/bookros2_ws/install/joint_state_broadcaster/share/ament_index/resource_index/controller_interface__pluginlib__plugin/joint_state_broadcaster
[0.971s] -- Up-to-date symlink: /home/khaledob/bookros2_ws/install/joint_state_broadcaster/share/joint_state_broadcaster/cmake/ament_cmake_export_dependencies-extras.cmake
[0.978s] -- Up-to-date symlink: /home/khaledob/bookros2_ws/install/joint_state_broadcaster/share/joint_state_broadcaster/cmake/ament_cmake_export_include_directories-extras.cmake
[0.978s] -- Up-to-date symlink: /home/khaledob/bookros2_ws/install/joint_state_broadcaster/share/joint_state_broadcaster/cmake/ament_cmake_export_libraries-extras.cmake
[0.979s] -- Up-to-date symlink: /home/khaledob/bookros2_ws/install/joint_state_broadcaster/share/joint_state_broadcaster/cmake/joint_state_broadcasterConfig.cmake
[0.979s] -- Up-to-date symlink: /home/khaledob/bookros2_ws/install/joint_state_broadcaster/share/joint_state_broadcaster/cmake/joint_state_broadcasterConfig-version.cmake
[0.980s] -- Up-to-date symlink: /home/khaledob/bookros2_ws/install/joint_state_broadcaster/share/joint_state_broadcaster/package.xml
[1.078s] Invoked command in '/home/khaledob/bookros2_ws/build/joint_state_broadcaster' returned '0': AMENT_PREFIX_PATH=/home/khaledob/bookros2_ws/install/controller_manager:/home/khaledob/bookros2_ws/install/controller_interface:/home/khaledob/bookros2_ws/install/hardware_interface:/home/khaledob/bookros2_ws/install/ros2_control_test_assets:/home/khaledob/bookros2_ws/install/controller_manager_msgs:${AMENT_PREFIX_PATH} CMAKE_PREFIX_PATH=/home/khaledob/bookros2_ws/install/controller_manager:/home/khaledob/bookros2_ws/install/controller_interface:/home/khaledob/bookros2_ws/install/hardware_interface:/home/khaledob/bookros2_ws/install/ros2_control_test_assets:/home/khaledob/bookros2_ws/install/controller_manager_msgs:/opt/ros/foxy LD_LIBRARY_PATH=/home/khaledob/bookros2_ws/install/controller_manager/lib:/home/khaledob/bookros2_ws/install/controller_interface/lib:/home/khaledob/bookros2_ws/install/hardware_interface/lib:/home/khaledob/bookros2_ws/install/controller_manager_msgs/lib:${LD_LIBRARY_PATH} PYTHONPATH=/home/khaledob/bookros2_ws/install/controller_manager/lib/python3.8/site-packages:/home/khaledob/bookros2_ws/install/controller_manager_msgs/lib/python3.8/site-packages:${PYTHONPATH} /usr/bin/cmake --install /home/khaledob/bookros2_ws/build/joint_state_broadcaster
