[2.216s] Invoking command in '/home/khaledob/bookros2_ws/build/pal_gazebo_worlds': CMAKE_PREFIX_PATH=/opt/ros/foxy /usr/bin/cmake --build /home/khaledob/bookros2_ws/build/pal_gazebo_worlds -- -j7 -l7
[4.426s] Invoked command in '/home/khaledob/bookros2_ws/build/pal_gazebo_worlds' returned '0': CMAKE_PREFIX_PATH=/opt/ros/foxy /usr/bin/cmake --build /home/khaledob/bookros2_ws/build/pal_gazebo_worlds -- -j7 -l7
[4.428s] Invoking command in '/home/khaledob/bookros2_ws/build/pal_gazebo_worlds': CMAKE_PREFIX_PATH=/opt/ros/foxy /usr/bin/cmake --install /home/khaledob/bookros2_ws/build/pal_gazebo_worlds
[4.672s] -- Install configuration: ""
[4.672s] -- Execute custom install script
[4.673s] -- Up-to-date symlink: /home/khaledob/bookros2_ws/install/pal_gazebo_worlds/share/pal_gazebo_worlds/launch/pal_gazebo.launch.py
[4.673s] -- Up-to-date symlink: /home/khaledob/bookros2_ws/install/pal_gazebo_worlds/share/pal_gazebo_worlds/launch/pal_play_gazebo.launch
[4.673s] -- Up-to-date symlink: /home/khaledob/bookros2_ws/install/pal_gazebo_worlds/share/pal_gazebo_worlds/models/arm_chair/arm_chair.sdf
[4.673s] -- Up-to-date symlink: /home/khaledob/bookros2_ws/install/pal_gazebo_worlds/share/pal_gazebo_worlds/models/arm_chair/meshes/arm_chair.stl
[4.673s] -- Up-to-date symlink: /home/khaledob/bookros2_ws/install/pal_gazebo_worlds/share/pal_gazebo_worlds/models/arm_chair/model.config
[4.673s] -- Up-to-date symlink: /home/khaledob/bookros2_ws/install/pal_gazebo_worlds/share/pal_gazebo_worlds/models/aruco_board/aruco_board.sdf
[4.673s] -- Up-to-date symlink: /home/khaledob/bookros2_ws/install/pal_gazebo_worlds/share/pal_gazebo_worlds/models/aruco_board/material/scripts/aruco_board.material
[4.673s] -- Up-to-date symlink: /home/khaledob/bookros2_ws/install/pal_gazebo_worlds/share/pal_gazebo_worlds/models/aruco_board/material/textures/aruco_board.png
[4.673s] -- Up-to-date symlink: /home/khaledob/bookros2_ws/install/pal_gazebo_worlds/share/pal_gazebo_worlds/models/aruco_board/model.config
[4.674s] -- Up-to-date symlink: /home/khaledob/bookros2_ws/install/pal_gazebo_worlds/share/pal_gazebo_worlds/models/aruco_cube/aruco_cube.sdf
[4.674s] -- Up-to-date symlink: /home/khaledob/bookros2_ws/install/pal_gazebo_worlds/share/pal_gazebo_worlds/models/aruco_cube/meshes/aruco_cube_5cm.dae
[4.674s] -- Up-to-date symlink: /home/khaledob/bookros2_ws/install/pal_gazebo_worlds/share/pal_gazebo_worlds/models/aruco_cube/meshes/aruco_cube_6cm.dae
[4.674s] -- Up-to-date symlink: /home/khaledob/bookros2_ws/install/pal_gazebo_worlds/share/pal_gazebo_worlds/models/aruco_cube/meshes/aruco_cube_8cm.dae
[4.674s] -- Up-to-date symlink: /home/khaledob/bookros2_ws/install/pal_gazebo_worlds/share/pal_gazebo_worlds/models/aruco_cube/meshes/marker582.png
[4.674s] -- Up-to-date symlink: /home/khaledob/bookros2_ws/install/pal_gazebo_worlds/share/pal_gazebo_worlds/models/aruco_cube/meshes/marker582_small_margin.png
[4.674s] -- Up-to-date symlink: /home/khaledob/bookros2_ws/install/pal_gazebo_worlds/share/pal_gazebo_worlds/models/aruco_cube/model.config
[4.674s] -- Up-to-date symlink: /home/khaledob/bookros2_ws/install/pal_gazebo_worlds/share/pal_gazebo_worlds/models/aruco_marker_250_6x6_1/aruco_marker_250_6x6.sdf
[4.674s] -- Up-to-date symlink: /home/khaledob/bookros2_ws/install/pal_gazebo_worlds/share/pal_gazebo_worlds/models/aruco_marker_250_6x6_1/material/scripts/aruco_marker_250_6x6.material
[4.674s] -- Up-to-date symlink: /home/khaledob/bookros2_ws/install/pal_gazebo_worlds/share/pal_gazebo_worlds/models/aruco_marker_250_6x6_1/material/textures/Aruco_6x6_250_0.png
[4.675s] -- Up-to-date symlink: /home/khaledob/bookros2_ws/install/pal_gazebo_worlds/share/pal_gazebo_worlds/models/aruco_marker_250_6x6_1/model.config
[4.675s] -- Up-to-date symlink: /home/khaledob/bookros2_ws/install/pal_gazebo_worlds/share/pal_gazebo_worlds/models/aruco_marker_250_6x6_2/aruco_marker_250_6x6.sdf
[4.675s] -- Up-to-date symlink: /home/khaledob/bookros2_ws/install/pal_gazebo_worlds/share/pal_gazebo_worlds/models/aruco_marker_250_6x6_2/material/scripts/aruco_marker_250_6x6.material
[4.675s] -- Up-to-date symlink: /home/khaledob/bookros2_ws/install/pal_gazebo_worlds/share/pal_gazebo_worlds/models/aruco_marker_250_6x6_2/material/textures/Aruco_6x6_250_1.png
[4.675s] -- Up-to-date symlink: /home/khaledob/bookros2_ws/install/pal_gazebo_worlds/share/pal_gazebo_worlds/models/aruco_marker_250_6x6_2/model.config
[4.675s] -- Up-to-date symlink: /home/khaledob/bookros2_ws/install/pal_gazebo_worlds/share/pal_gazebo_worlds/models/aruco_marker_250_6x6_3/aruco_marker_250_6x6.sdf
[4.675s] -- Up-to-date symlink: /home/khaledob/bookros2_ws/install/pal_gazebo_worlds/share/pal_gazebo_worlds/models/aruco_marker_250_6x6_3/material/scripts/aruco_marker_250_6x6.material
[4.715s] -- Up-to-date symlink: /home/khaledob/bookros2_ws/install/pal_gazebo_worlds/share/pal_gazebo_worlds/models/aruco_marker_250_6x6_3/material/textures/Aruco_6x6_250_2.png
[4.715s] -- Up-to-date symlink: /home/khaledob/bookros2_ws/install/pal_gazebo_worlds/share/pal_gazebo_worlds/models/aruco_marker_250_6x6_3/model.config
[4.715s] -- Up-to-date symlink: /home/khaledob/bookros2_ws/install/pal_gazebo_worlds/share/pal_gazebo_worlds/models/aruco_marker_250_6x6_4/aruco_marker_250_6x6.sdf
[4.715s] -- Up-to-date symlink: /home/khaledob/bookros2_ws/install/pal_gazebo_worlds/share/pal_gazebo_worlds/models/aruco_marker_250_6x6_4/material/scripts/aruco_marker_250_6x6.material
[4.715s] -- Up-to-date symlink: /home/khaledob/bookros2_ws/install/pal_gazebo_worlds/share/pal_gazebo_worlds/models/aruco_marker_250_6x6_4/material/textures/Aruco_6x6_250_3.png
[4.716s] -- Up-to-date symlink: /home/khaledob/bookros2_ws/install/pal_gazebo_worlds/share/pal_gazebo_worlds/models/aruco_marker_250_6x6_4/model.config
[4.716s] -- Up-to-date symlink: /home/khaledob/bookros2_ws/install/pal_gazebo_worlds/share/pal_gazebo_worlds/models/aruco_marker_6cm_238/aruco_marker_6cm.sdf
[4.716s] -- Up-to-date symlink: /home/khaledob/bookros2_ws/install/pal_gazebo_worlds/share/pal_gazebo_worlds/models/aruco_marker_6cm_238/material/scripts/aruco_marker_original.material
[4.716s] -- Up-to-date symlink: /home/khaledob/bookros2_ws/install/pal_gazebo_worlds/share/pal_gazebo_worlds/models/aruco_marker_6cm_238/material/textures/Aruco_6cm_238.png
[4.716s] -- Up-to-date symlink: /home/khaledob/bookros2_ws/install/pal_gazebo_worlds/share/pal_gazebo_worlds/models/aruco_marker_6cm_238/model.config
[4.716s] -- Up-to-date symlink: /home/khaledob/bookros2_ws/install/pal_gazebo_worlds/share/pal_gazebo_worlds/models/aruco_marker_6cm_26/aruco_marker_6cm.sdf
[4.716s] -- Up-to-date symlink: /home/khaledob/bookros2_ws/install/pal_gazebo_worlds/share/pal_gazebo_worlds/models/aruco_marker_6cm_26/material/scripts/aruco_marker_original.material
[4.716s] -- Up-to-date symlink: /home/khaledob/bookros2_ws/install/pal_gazebo_worlds/share/pal_gazebo_worlds/models/aruco_marker_6cm_26/material/textures/Aruco_6cm_26.png
[4.716s] -- Up-to-date symlink: /home/khaledob/bookros2_ws/install/pal_gazebo_worlds/share/pal_gazebo_worlds/models/aruco_marker_6cm_26/model.config
[4.830s] -- Up-to-date symlink: /home/khaledob/bookros2_ws/install/pal_gazebo_worlds/share/pal_gazebo_worlds/models/aruco_marker_6cm_582/aruco_marker_6cm.sdf
[4.830s] -- Up-to-date symlink: /home/khaledob/bookros2_ws/install/pal_gazebo_worlds/share/pal_gazebo_worlds/models/aruco_marker_6cm_582/material/scripts/aruco_marker_original.material
[4.830s] -- Up-to-date symlink: /home/khaledob/bookros2_ws/install/pal_gazebo_worlds/share/pal_gazebo_worlds/models/aruco_marker_6cm_582/material/textures/Aruco_6cm_582.png
[4.830s] -- Up-to-date symlink: /home/khaledob/bookros2_ws/install/pal_gazebo_worlds/share/pal_gazebo_worlds/models/aruco_marker_6cm_582/model.config
[4.830s] -- Up-to-date symlink: /home/khaledob/bookros2_ws/install/pal_gazebo_worlds/share/pal_gazebo_worlds/models/aruco_marker_6cm_63/aruco_marker_6cm.sdf
[4.831s] -- Up-to-date symlink: /home/khaledob/bookros2_ws/install/pal_gazebo_worlds/share/pal_gazebo_worlds/models/aruco_marker_6cm_63/material/scripts/aruco_marker_original.material
[4.831s] -- Up-to-date symlink: /home/khaledob/bookros2_ws/install/pal_gazebo_worlds/share/pal_gazebo_worlds/models/aruco_marker_6cm_63/material/textures/Aruco_6cm_63.png
[4.831s] -- Up-to-date symlink: /home/khaledob/bookros2_ws/install/pal_gazebo_worlds/share/pal_gazebo_worlds/models/aruco_marker_6cm_63/model.config
[4.831s] -- Up-to-date symlink: /home/khaledob/bookros2_ws/install/pal_gazebo_worlds/share/pal_gazebo_worlds/models/aruco_marker_9cm_238/aruco_marker_9cm.sdf
[4.831s] -- Up-to-date symlink: /home/khaledob/bookros2_ws/install/pal_gazebo_worlds/share/pal_gazebo_worlds/models/aruco_marker_9cm_238/material/scripts/aruco_marker_original.material
[4.831s] -- Up-to-date symlink: /home/khaledob/bookros2_ws/install/pal_gazebo_worlds/share/pal_gazebo_worlds/models/aruco_marker_9cm_238/material/textures/Aruco_9cm_238.png
[4.831s] -- Up-to-date symlink: /home/khaledob/bookros2_ws/install/pal_gazebo_worlds/share/pal_gazebo_worlds/models/aruco_marker_9cm_238/model.config
[4.831s] -- Up-to-date symlink: /home/khaledob/bookros2_ws/install/pal_gazebo_worlds/share/pal_gazebo_worlds/models/aruco_marker_9cm_26/aruco_marker_9cm.sdf
[4.831s] -- Up-to-date symlink: /home/khaledob/bookros2_ws/install/pal_gazebo_worlds/share/pal_gazebo_worlds/models/aruco_marker_9cm_26/material/scripts/aruco_marker_original.material
[4.831s] -- Up-to-date symlink: /home/khaledob/bookros2_ws/install/pal_gazebo_worlds/share/pal_gazebo_worlds/models/aruco_marker_9cm_26/material/textures/Aruco_9cm_26.png
[4.831s] -- Up-to-date symlink: /home/khaledob/bookros2_ws/install/pal_gazebo_worlds/share/pal_gazebo_worlds/models/aruco_marker_9cm_26/model.config
[4.831s] -- Up-to-date symlink: /home/khaledob/bookros2_ws/install/pal_gazebo_worlds/share/pal_gazebo_worlds/models/aruco_marker_9cm_582/aruco_marker_9cm.sdf
[4.832s] -- Up-to-date symlink: /home/khaledob/bookros2_ws/install/pal_gazebo_worlds/share/pal_gazebo_worlds/models/aruco_marker_9cm_582/material/scripts/aruco_marker_original.material
[4.832s] -- Up-to-date symlink: /home/khaledob/bookros2_ws/install/pal_gazebo_worlds/share/pal_gazebo_worlds/models/aruco_marker_9cm_582/material/textures/Aruco_9cm_582.png
[4.832s] -- Up-to-date symlink: /home/khaledob/bookros2_ws/install/pal_gazebo_worlds/share/pal_gazebo_worlds/models/aruco_marker_9cm_582/model.config
[4.832s] -- Up-to-date symlink: /home/khaledob/bookros2_ws/install/pal_gazebo_worlds/share/pal_gazebo_worlds/models/aruco_marker_9cm_63/aruco_marker_9cm.sdf
[4.847s] -- Up-to-date symlink: /home/khaledob/bookros2_ws/install/pal_gazebo_worlds/share/pal_gazebo_worlds/models/aruco_marker_9cm_63/material/scripts/aruco_marker_original.material
[4.901s] -- Up-to-date symlink: /home/khaledob/bookros2_ws/install/pal_gazebo_worlds/share/pal_gazebo_worlds/models/aruco_marker_9cm_63/material/textures/Aruco_9cm_63.png
[4.901s] -- Up-to-date symlink: /home/khaledob/bookros2_ws/install/pal_gazebo_worlds/share/pal_gazebo_worlds/models/aruco_marker_9cm_63/model.config
[4.901s] -- Up-to-date symlink: /home/khaledob/bookros2_ws/install/pal_gazebo_worlds/share/pal_gazebo_worlds/models/aruco_marker_original_238/aruco_marker_original.sdf
[4.901s] -- Up-to-date symlink: /home/khaledob/bookros2_ws/install/pal_gazebo_worlds/share/pal_gazebo_worlds/models/aruco_marker_original_238/material/scripts/aruco_marker_original.material
[4.901s] -- Up-to-date symlink: /home/khaledob/bookros2_ws/install/pal_gazebo_worlds/share/pal_gazebo_worlds/models/aruco_marker_original_238/material/textures/Aruco_original_238.png
[4.901s] -- Up-to-date symlink: /home/khaledob/bookros2_ws/install/pal_gazebo_worlds/share/pal_gazebo_worlds/models/aruco_marker_original_238/model.config
[4.901s] -- Up-to-date symlink: /home/khaledob/bookros2_ws/install/pal_gazebo_worlds/share/pal_gazebo_worlds/models/aruco_marker_original_26/aruco_marker_original.sdf
[4.902s] -- Up-to-date symlink: /home/khaledob/bookros2_ws/install/pal_gazebo_worlds/share/pal_gazebo_worlds/models/aruco_marker_original_26/material/scripts/aruco_marker_original.material
[4.902s] -- Up-to-date symlink: /home/khaledob/bookros2_ws/install/pal_gazebo_worlds/share/pal_gazebo_worlds/models/aruco_marker_original_26/material/textures/Aruco_original_26.png
[4.902s] -- Up-to-date symlink: /home/khaledob/bookros2_ws/install/pal_gazebo_worlds/share/pal_gazebo_worlds/models/aruco_marker_original_26/model.config
[4.902s] -- Up-to-date symlink: /home/khaledob/bookros2_ws/install/pal_gazebo_worlds/share/pal_gazebo_worlds/models/aruco_marker_original_582/aruco_marker_original.sdf
[4.902s] -- Up-to-date symlink: /home/khaledob/bookros2_ws/install/pal_gazebo_worlds/share/pal_gazebo_worlds/models/aruco_marker_original_582/material/scripts/aruco_marker_original.material
[5.255s] -- Up-to-date symlink: /home/khaledob/bookros2_ws/install/pal_gazebo_worlds/share/pal_gazebo_worlds/models/aruco_marker_original_582/material/textures/Aruco_original_582.png
[5.256s] -- Up-to-date symlink: /home/khaledob/bookros2_ws/install/pal_gazebo_worlds/share/pal_gazebo_worlds/models/aruco_marker_original_582/model.config
[5.256s] -- Up-to-date symlink: /home/khaledob/bookros2_ws/install/pal_gazebo_worlds/share/pal_gazebo_worlds/models/aruco_marker_original_63/aruco_marker_original.sdf
[5.256s] -- Up-to-date symlink: /home/khaledob/bookros2_ws/install/pal_gazebo_worlds/share/pal_gazebo_worlds/models/aruco_marker_original_63/material/scripts/aruco_marker_original.material
[5.256s] -- Up-to-date symlink: /home/khaledob/bookros2_ws/install/pal_gazebo_worlds/share/pal_gazebo_worlds/models/aruco_marker_original_63/material/textures/Aruco_original_63.png
[5.256s] -- Up-to-date symlink: /home/khaledob/bookros2_ws/install/pal_gazebo_worlds/share/pal_gazebo_worlds/models/aruco_marker_original_63/model.config
[5.256s] -- Up-to-date symlink: /home/khaledob/bookros2_ws/install/pal_gazebo_worlds/share/pal_gazebo_worlds/models/bauman/README
[5.256s] -- Up-to-date symlink: /home/khaledob/bookros2_ws/install/pal_gazebo_worlds/share/pal_gazebo_worlds/models/bauman/bauman_walls.png
[5.256s] -- Up-to-date symlink: /home/khaledob/bookros2_ws/install/pal_gazebo_worlds/share/pal_gazebo_worlds/models/bauman/model.config
[5.257s] -- Up-to-date symlink: /home/khaledob/bookros2_ws/install/pal_gazebo_worlds/share/pal_gazebo_worlds/models/bauman/model.sdf
[5.257s] -- Up-to-date symlink: /home/khaledob/bookros2_ws/install/pal_gazebo_worlds/share/pal_gazebo_worlds/models/bench/bench.sdf
[5.257s] -- Up-to-date symlink: /home/khaledob/bookros2_ws/install/pal_gazebo_worlds/share/pal_gazebo_worlds/models/bench/meshes/bench.stl
[5.257s] -- Up-to-date symlink: /home/khaledob/bookros2_ws/install/pal_gazebo_worlds/share/pal_gazebo_worlds/models/bench/model.config
[5.257s] -- Up-to-date symlink: /home/khaledob/bookros2_ws/install/pal_gazebo_worlds/share/pal_gazebo_worlds/models/bifrutas_tropical_can/bifrutas_tropical_can.sdf
[5.257s] -- Up-to-date symlink: /home/khaledob/bookros2_ws/install/pal_gazebo_worlds/share/pal_gazebo_worlds/models/bifrutas_tropical_can/material/scripts/bifrutas_tropical_can.material
[5.257s] -- Up-to-date symlink: /home/khaledob/bookros2_ws/install/pal_gazebo_worlds/share/pal_gazebo_worlds/models/bifrutas_tropical_can/material/textures/bifrutas_tropical_can.jpg
[5.257s] -- Up-to-date symlink: /home/khaledob/bookros2_ws/install/pal_gazebo_worlds/share/pal_gazebo_worlds/models/bifrutas_tropical_can/model.config
[5.257s] -- Up-to-date symlink: /home/khaledob/bookros2_ws/install/pal_gazebo_worlds/share/pal_gazebo_worlds/models/biscuits_pack/biscuits_pack.sdf
[5.257s] -- Up-to-date symlink: /home/khaledob/bookros2_ws/install/pal_gazebo_worlds/share/pal_gazebo_worlds/models/biscuits_pack/material/scripts/pringles.material
[5.257s] -- Up-to-date symlink: /home/khaledob/bookros2_ws/install/pal_gazebo_worlds/share/pal_gazebo_worlds/models/biscuits_pack/material/textures/biscuits_pack.jpg
[5.258s] -- Up-to-date symlink: /home/khaledob/bookros2_ws/install/pal_gazebo_worlds/share/pal_gazebo_worlds/models/biscuits_pack/model.config
[5.258s] -- Up-to-date symlink: /home/khaledob/bookros2_ws/install/pal_gazebo_worlds/share/pal_gazebo_worlds/models/box_with_handles/box_with_handles.sdf
[5.258s] -- Up-to-date symlink: /home/khaledob/bookros2_ws/install/pal_gazebo_worlds/share/pal_gazebo_worlds/models/box_with_handles/material/scripts/aruco_marker_original.material
[5.267s] -- Up-to-date symlink: /home/khaledob/bookros2_ws/install/pal_gazebo_worlds/share/pal_gazebo_worlds/models/box_with_handles/material/textures/Aruco_original_582.png
[5.268s] -- Up-to-date symlink: /home/khaledob/bookros2_ws/install/pal_gazebo_worlds/share/pal_gazebo_worlds/models/box_with_handles/model.config
[5.268s] -- Up-to-date symlink: /home/khaledob/bookros2_ws/install/pal_gazebo_worlds/share/pal_gazebo_worlds/models/brick_box_3x1x3/materials/scripts/brick_box.material
[5.269s] -- Up-to-date symlink: /home/khaledob/bookros2_ws/install/pal_gazebo_worlds/share/pal_gazebo_worlds/models/brick_box_3x1x3/materials/textures/simple_box.png
[5.269s] -- Up-to-date symlink: /home/khaledob/bookros2_ws/install/pal_gazebo_worlds/share/pal_gazebo_worlds/models/brick_box_3x1x3/meshes/simple_box.dae
[5.269s] -- Up-to-date symlink: /home/khaledob/bookros2_ws/install/pal_gazebo_worlds/share/pal_gazebo_worlds/models/brick_box_3x1x3/model-1_3.sdf
[5.269s] -- Up-to-date symlink: /home/khaledob/bookros2_ws/install/pal_gazebo_worlds/share/pal_gazebo_worlds/models/brick_box_3x1x3/model-1_4.sdf
[5.269s] -- Up-to-date symlink: /home/khaledob/bookros2_ws/install/pal_gazebo_worlds/share/pal_gazebo_worlds/models/brick_box_3x1x3/model.config
[5.269s] -- Up-to-date symlink: /home/khaledob/bookros2_ws/install/pal_gazebo_worlds/share/pal_gazebo_worlds/models/brick_box_3x1x3/model.sdf
[5.269s] -- Up-to-date symlink: /home/khaledob/bookros2_ws/install/pal_gazebo_worlds/share/pal_gazebo_worlds/models/citizen_extras_female_02/images/_01_-_Default1noCulling.JPG
[5.269s] -- Up-to-date symlink: /home/khaledob/bookros2_ws/install/pal_gazebo_worlds/share/pal_gazebo_worlds/models/citizen_extras_female_02/images/_02_-_Default1noCulling.JPG
[5.269s] -- Up-to-date symlink: /home/khaledob/bookros2_ws/install/pal_gazebo_worlds/share/pal_gazebo_worlds/models/citizen_extras_female_02/images/_03_-_Default1noCulling.JPG
[5.270s] -- Up-to-date symlink: /home/khaledob/bookros2_ws/install/pal_gazebo_worlds/share/pal_gazebo_worlds/models/citizen_extras_female_02/meshes/mesh.dae
[5.270s] -- Up-to-date symlink: /home/khaledob/bookros2_ws/install/pal_gazebo_worlds/share/pal_gazebo_worlds/models/citizen_extras_female_02/model.config
[5.270s] -- Up-to-date symlink: /home/khaledob/bookros2_ws/install/pal_gazebo_worlds/share/pal_gazebo_worlds/models/citizen_extras_female_02/model.sdf
[5.270s] -- Up-to-date symlink: /home/khaledob/bookros2_ws/install/pal_gazebo_worlds/share/pal_gazebo_worlds/models/citizen_extras_female_03/images/Material__1noCulling.JPG
[5.270s] -- Up-to-date symlink: /home/khaledob/bookros2_ws/install/pal_gazebo_worlds/share/pal_gazebo_worlds/models/citizen_extras_female_03/images/Material__2noCulling.JPG
[5.270s] -- Up-to-date symlink: /home/khaledob/bookros2_ws/install/pal_gazebo_worlds/share/pal_gazebo_worlds/models/citizen_extras_female_03/images/_03_-_Default1noCulling.JPG
[5.270s] -- Up-to-date symlink: /home/khaledob/bookros2_ws/install/pal_gazebo_worlds/share/pal_gazebo_worlds/models/citizen_extras_female_03/meshes/mesh.dae
[5.270s] -- Up-to-date symlink: /home/khaledob/bookros2_ws/install/pal_gazebo_worlds/share/pal_gazebo_worlds/models/citizen_extras_female_03/model.config
[5.270s] -- Up-to-date symlink: /home/khaledob/bookros2_ws/install/pal_gazebo_worlds/share/pal_gazebo_worlds/models/citizen_extras_female_03/model.sdf
[5.290s] -- Up-to-date symlink: /home/khaledob/bookros2_ws/install/pal_gazebo_worlds/share/pal_gazebo_worlds/models/citizen_extras_male_03/images/Material__1noCulling.JPG
[5.290s] -- Up-to-date symlink: /home/khaledob/bookros2_ws/install/pal_gazebo_worlds/share/pal_gazebo_worlds/models/citizen_extras_male_03/images/hair1noCulling.JPG
[5.292s] -- Up-to-date symlink: /home/khaledob/bookros2_ws/install/pal_gazebo_worlds/share/pal_gazebo_worlds/models/citizen_extras_male_03/images/hrad1noCulling.JPG
[5.292s] -- Up-to-date symlink: /home/khaledob/bookros2_ws/install/pal_gazebo_worlds/share/pal_gazebo_worlds/models/citizen_extras_male_03/meshes/mesh.dae
[5.292s] -- Up-to-date symlink: /home/khaledob/bookros2_ws/install/pal_gazebo_worlds/share/pal_gazebo_worlds/models/citizen_extras_male_03/model.config
[5.306s] -- Up-to-date symlink: /home/khaledob/bookros2_ws/install/pal_gazebo_worlds/share/pal_gazebo_worlds/models/citizen_extras_male_03/model.sdf
[5.306s] -- Up-to-date symlink: /home/khaledob/bookros2_ws/install/pal_gazebo_worlds/share/pal_gazebo_worlds/models/closet/closet.sdf
[5.306s] -- Up-to-date symlink: /home/khaledob/bookros2_ws/install/pal_gazebo_worlds/share/pal_gazebo_worlds/models/closet/meshes/closet.stl
[5.306s] -- Up-to-date symlink: /home/khaledob/bookros2_ws/install/pal_gazebo_worlds/share/pal_gazebo_worlds/models/closet/model.config
[5.306s] -- Up-to-date symlink: /home/khaledob/bookros2_ws/install/pal_gazebo_worlds/share/pal_gazebo_worlds/models/cocacola/cocacola.sdf
[5.306s] -- Up-to-date symlink: /home/khaledob/bookros2_ws/install/pal_gazebo_worlds/share/pal_gazebo_worlds/models/cocacola/material/scripts/cocacola.material
[5.306s] -- Up-to-date symlink: /home/khaledob/bookros2_ws/install/pal_gazebo_worlds/share/pal_gazebo_worlds/models/cocacola/material/textures/cocacola.jpg
[5.306s] -- Up-to-date symlink: /home/khaledob/bookros2_ws/install/pal_gazebo_worlds/share/pal_gazebo_worlds/models/cocacola/model.config
[5.319s] -- Up-to-date symlink: /home/khaledob/bookros2_ws/install/pal_gazebo_worlds/share/pal_gazebo_worlds/models/coke_can_slim/coke_can_slim.sdf
[5.331s] -- Up-to-date symlink: /home/khaledob/bookros2_ws/install/pal_gazebo_worlds/share/pal_gazebo_worlds/models/coke_can_slim/material/scripts/coke_can_slim.material
[5.331s] -- Up-to-date symlink: /home/khaledob/bookros2_ws/install/pal_gazebo_worlds/share/pal_gazebo_worlds/models/coke_can_slim/material/textures/coke_can_slim.jpg
[5.331s] -- Up-to-date symlink: /home/khaledob/bookros2_ws/install/pal_gazebo_worlds/share/pal_gazebo_worlds/models/coke_can_slim/model.config
[5.331s] -- Up-to-date symlink: /home/khaledob/bookros2_ws/install/pal_gazebo_worlds/share/pal_gazebo_worlds/models/database.config
[5.331s] -- Up-to-date symlink: /home/khaledob/bookros2_ws/install/pal_gazebo_worlds/share/pal_gazebo_worlds/models/dining_chair/dining_chair.sdf
[5.331s] -- Up-to-date symlink: /home/khaledob/bookros2_ws/install/pal_gazebo_worlds/share/pal_gazebo_worlds/models/dining_chair/meshes/dining_chair.stl
[5.335s] -- Up-to-date symlink: /home/khaledob/bookros2_ws/install/pal_gazebo_worlds/share/pal_gazebo_worlds/models/dining_chair/model.config
[5.335s] -- Up-to-date symlink: /home/khaledob/bookros2_ws/install/pal_gazebo_worlds/share/pal_gazebo_worlds/models/dock1/dock1.sdf
[5.335s] -- Up-to-date symlink: /home/khaledob/bookros2_ws/install/pal_gazebo_worlds/share/pal_gazebo_worlds/models/dock1/meshes/dock1.dae
[5.336s] -- Up-to-date symlink: /home/khaledob/bookros2_ws/install/pal_gazebo_worlds/share/pal_gazebo_worlds/models/dock1/model.config
[5.336s] -- Up-to-date symlink: /home/khaledob/bookros2_ws/install/pal_gazebo_worlds/share/pal_gazebo_worlds/models/door_obstacle/door_obstacle.sdf
[5.336s] -- Up-to-date symlink: /home/khaledob/bookros2_ws/install/pal_gazebo_worlds/share/pal_gazebo_worlds/models/door_obstacle/model.config
[5.336s] -- Up-to-date symlink: /home/khaledob/bookros2_ws/install/pal_gazebo_worlds/share/pal_gazebo_worlds/models/floor_lamp/floor_lamp.sdf
[5.336s] -- Up-to-date symlink: /home/khaledob/bookros2_ws/install/pal_gazebo_worlds/share/pal_gazebo_worlds/models/floor_lamp/meshes/floor_lamp.stl
[5.336s] -- Up-to-date symlink: /home/khaledob/bookros2_ws/install/pal_gazebo_worlds/share/pal_gazebo_worlds/models/floor_lamp/model.config
[5.336s] -- Up-to-date symlink: /home/khaledob/bookros2_ws/install/pal_gazebo_worlds/share/pal_gazebo_worlds/models/goetz_sofa/goetz_sofa.sdf
[5.336s] -- Up-to-date symlink: /home/khaledob/bookros2_ws/install/pal_gazebo_worlds/share/pal_gazebo_worlds/models/goetz_sofa/materials/textures/texture0.jpg
[5.337s] -- Up-to-date symlink: /home/khaledob/bookros2_ws/install/pal_gazebo_worlds/share/pal_gazebo_worlds/models/goetz_sofa/meshes/goetz_sofa.dae
[5.337s] -- Up-to-date symlink: /home/khaledob/bookros2_ws/install/pal_gazebo_worlds/share/pal_gazebo_worlds/models/goetz_sofa/model.config
[5.337s] -- Up-to-date symlink: /home/khaledob/bookros2_ws/install/pal_gazebo_worlds/share/pal_gazebo_worlds/models/green_ball/materials/scripts/ball.material
[5.337s] -- Up-to-date symlink: /home/khaledob/bookros2_ws/install/pal_gazebo_worlds/share/pal_gazebo_worlds/models/green_ball/model.config
[5.337s] -- Up-to-date symlink: /home/khaledob/bookros2_ws/install/pal_gazebo_worlds/share/pal_gazebo_worlds/models/green_ball/model.sdf
[5.337s] -- Up-to-date symlink: /home/khaledob/bookros2_ws/install/pal_gazebo_worlds/share/pal_gazebo_worlds/models/green_cube/green_cube.sdf
[5.337s] -- Up-to-date symlink: /home/khaledob/bookros2_ws/install/pal_gazebo_worlds/share/pal_gazebo_worlds/models/green_cube/model.config
[5.337s] -- Up-to-date symlink: /home/khaledob/bookros2_ws/install/pal_gazebo_worlds/share/pal_gazebo_worlds/models/green_rectangle/green_rectangle.sdf
[5.337s] -- Up-to-date symlink: /home/khaledob/bookros2_ws/install/pal_gazebo_worlds/share/pal_gazebo_worlds/models/green_rectangle/model.config
[5.338s] -- Up-to-date symlink: /home/khaledob/bookros2_ws/install/pal_gazebo_worlds/share/pal_gazebo_worlds/models/ground_plane/model-1_2.sdf
[5.338s] -- Up-to-date symlink: /home/khaledob/bookros2_ws/install/pal_gazebo_worlds/share/pal_gazebo_worlds/models/ground_plane/model-1_3.sdf
[5.338s] -- Up-to-date symlink: /home/khaledob/bookros2_ws/install/pal_gazebo_worlds/share/pal_gazebo_worlds/models/ground_plane/model-1_4.sdf
[5.338s] -- Up-to-date symlink: /home/khaledob/bookros2_ws/install/pal_gazebo_worlds/share/pal_gazebo_worlds/models/ground_plane/model.config
[5.338s] -- Up-to-date symlink: /home/khaledob/bookros2_ws/install/pal_gazebo_worlds/share/pal_gazebo_worlds/models/ground_plane/model.sdf
[5.338s] -- Up-to-date symlink: /home/khaledob/bookros2_ws/install/pal_gazebo_worlds/share/pal_gazebo_worlds/models/hospital_flat_map/hospital_flat_map.sdf
[5.338s] -- Up-to-date symlink: /home/khaledob/bookros2_ws/install/pal_gazebo_worlds/share/pal_gazebo_worlds/models/hospital_flat_map/meshes/hospital_flat_map.stl
[5.338s] -- Up-to-date symlink: /home/khaledob/bookros2_ws/install/pal_gazebo_worlds/share/pal_gazebo_worlds/models/hospital_flat_map/model.config
[5.338s] -- Up-to-date symlink: /home/khaledob/bookros2_ws/install/pal_gazebo_worlds/share/pal_gazebo_worlds/models/hospital_map/hospital_map.sdf
[5.346s] -- Up-to-date symlink: /home/khaledob/bookros2_ws/install/pal_gazebo_worlds/share/pal_gazebo_worlds/models/hospital_map/meshes/g1.stl
[5.347s] -- Up-to-date symlink: /home/khaledob/bookros2_ws/install/pal_gazebo_worlds/share/pal_gazebo_worlds/models/hospital_map/meshes/g2.stl
[5.347s] -- Up-to-date symlink: /home/khaledob/bookros2_ws/install/pal_gazebo_worlds/share/pal_gazebo_worlds/models/hospital_map/meshes/g3.stl
[5.347s] -- Up-to-date symlink: /home/khaledob/bookros2_ws/install/pal_gazebo_worlds/share/pal_gazebo_worlds/models/hospital_map/meshes/g4.stl
[5.347s] -- Up-to-date symlink: /home/khaledob/bookros2_ws/install/pal_gazebo_worlds/share/pal_gazebo_worlds/models/hospital_map/meshes/g5.stl
[5.347s] -- Up-to-date symlink: /home/khaledob/bookros2_ws/install/pal_gazebo_worlds/share/pal_gazebo_worlds/models/hospital_map/meshes/g6.stl
[5.347s] -- Up-to-date symlink: /home/khaledob/bookros2_ws/install/pal_gazebo_worlds/share/pal_gazebo_worlds/models/hospital_map/meshes/g7.stl
[5.347s] -- Up-to-date symlink: /home/khaledob/bookros2_ws/install/pal_gazebo_worlds/share/pal_gazebo_worlds/models/hospital_map/meshes/gr1.stl
[5.347s] -- Up-to-date symlink: /home/khaledob/bookros2_ws/install/pal_gazebo_worlds/share/pal_gazebo_worlds/models/hospital_map/meshes/gr2.stl
[5.347s] -- Up-to-date symlink: /home/khaledob/bookros2_ws/install/pal_gazebo_worlds/share/pal_gazebo_worlds/models/hospital_map/meshes/gr3.stl
[5.348s] -- Up-to-date symlink: /home/khaledob/bookros2_ws/install/pal_gazebo_worlds/share/pal_gazebo_worlds/models/hospital_map/meshes/gr4.stl
[5.348s] -- Up-to-date symlink: /home/khaledob/bookros2_ws/install/pal_gazebo_worlds/share/pal_gazebo_worlds/models/hospital_map/meshes/gr5.stl
[5.348s] -- Up-to-date symlink: /home/khaledob/bookros2_ws/install/pal_gazebo_worlds/share/pal_gazebo_worlds/models/hospital_map/meshes/gr6.stl
[5.348s] -- Up-to-date symlink: /home/khaledob/bookros2_ws/install/pal_gazebo_worlds/share/pal_gazebo_worlds/models/hospital_map/meshes/hospital_map.stl
[5.348s] -- Up-to-date symlink: /home/khaledob/bookros2_ws/install/pal_gazebo_worlds/share/pal_gazebo_worlds/models/hospital_map/meshes/w1.stl
[5.348s] -- Up-to-date symlink: /home/khaledob/bookros2_ws/install/pal_gazebo_worlds/share/pal_gazebo_worlds/models/hospital_map/meshes/w2.stl
[5.348s] -- Up-to-date symlink: /home/khaledob/bookros2_ws/install/pal_gazebo_worlds/share/pal_gazebo_worlds/models/hospital_map/meshes/w3.stl
[5.348s] -- Up-to-date symlink: /home/khaledob/bookros2_ws/install/pal_gazebo_worlds/share/pal_gazebo_worlds/models/hospital_map/meshes/w4.stl
[5.348s] -- Up-to-date symlink: /home/khaledob/bookros2_ws/install/pal_gazebo_worlds/share/pal_gazebo_worlds/models/hospital_map/meshes/w5.stl
[5.349s] -- Up-to-date symlink: /home/khaledob/bookros2_ws/install/pal_gazebo_worlds/share/pal_gazebo_worlds/models/hospital_map/meshes/w6.stl
[5.349s] -- Up-to-date symlink: /home/khaledob/bookros2_ws/install/pal_gazebo_worlds/share/pal_gazebo_worlds/models/hospital_map/meshes/w7.stl
[5.349s] -- Up-to-date symlink: /home/khaledob/bookros2_ws/install/pal_gazebo_worlds/share/pal_gazebo_worlds/models/hospital_map/meshes/wr1.stl
[5.349s] -- Up-to-date symlink: /home/khaledob/bookros2_ws/install/pal_gazebo_worlds/share/pal_gazebo_worlds/models/hospital_map/meshes/wr2.stl
[5.357s] -- Up-to-date symlink: /home/khaledob/bookros2_ws/install/pal_gazebo_worlds/share/pal_gazebo_worlds/models/hospital_map/meshes/wr3.stl
[5.389s] -- Up-to-date symlink: /home/khaledob/bookros2_ws/install/pal_gazebo_worlds/share/pal_gazebo_worlds/models/hospital_map/meshes/wr4.stl
[5.403s] -- Up-to-date symlink: /home/khaledob/bookros2_ws/install/pal_gazebo_worlds/share/pal_gazebo_worlds/models/hospital_map/meshes/wr5.stl
[5.403s] -- Up-to-date symlink: /home/khaledob/bookros2_ws/install/pal_gazebo_worlds/share/pal_gazebo_worlds/models/hospital_map/meshes/wr6.stl
[5.403s] -- Up-to-date symlink: /home/khaledob/bookros2_ws/install/pal_gazebo_worlds/share/pal_gazebo_worlds/models/hospital_map/model.config
[5.405s] -- Up-to-date symlink: /home/khaledob/bookros2_ws/install/pal_gazebo_worlds/share/pal_gazebo_worlds/models/ideal_sun/model.config
[5.405s] -- Up-to-date symlink: /home/khaledob/bookros2_ws/install/pal_gazebo_worlds/share/pal_gazebo_worlds/models/ideal_sun/model.sdf
[5.405s] -- Up-to-date symlink: /home/khaledob/bookros2_ws/install/pal_gazebo_worlds/share/pal_gazebo_worlds/models/ikea_ektorp_chair/meshes/IKE06001.JPG
[5.405s] -- Up-to-date symlink: /home/khaledob/bookros2_ws/install/pal_gazebo_worlds/share/pal_gazebo_worlds/models/ikea_ektorp_chair/meshes/mesh.dae
[5.405s] -- Up-to-date symlink: /home/khaledob/bookros2_ws/install/pal_gazebo_worlds/share/pal_gazebo_worlds/models/ikea_ektorp_chair/model.config
[5.405s] -- Up-to-date symlink: /home/khaledob/bookros2_ws/install/pal_gazebo_worlds/share/pal_gazebo_worlds/models/ikea_ektorp_chair/model.sdf
[5.405s] -- Up-to-date symlink: /home/khaledob/bookros2_ws/install/pal_gazebo_worlds/share/pal_gazebo_worlds/models/ikea_folke_chair/meshes/mesh.dae
[5.415s] -- Up-to-date symlink: /home/khaledob/bookros2_ws/install/pal_gazebo_worlds/share/pal_gazebo_worlds/models/ikea_folke_chair/meshes/notexture.png
[5.415s] -- Up-to-date symlink: /home/khaledob/bookros2_ws/install/pal_gazebo_worlds/share/pal_gazebo_worlds/models/ikea_folke_chair/meshes/texture.png
[5.415s] -- Up-to-date symlink: /home/khaledob/bookros2_ws/install/pal_gazebo_worlds/share/pal_gazebo_worlds/models/ikea_folke_chair/model.config
[5.415s] -- Up-to-date symlink: /home/khaledob/bookros2_ws/install/pal_gazebo_worlds/share/pal_gazebo_worlds/models/ikea_folke_chair/model.sdf
[5.415s] -- Up-to-date symlink: /home/khaledob/bookros2_ws/install/pal_gazebo_worlds/share/pal_gazebo_worlds/models/ikea_harry_chair/meshes/body.png
[5.415s] -- Up-to-date symlink: /home/khaledob/bookros2_ws/install/pal_gazebo_worlds/share/pal_gazebo_worlds/models/ikea_harry_chair/meshes/legs.png
[5.415s] -- Up-to-date symlink: /home/khaledob/bookros2_ws/install/pal_gazebo_worlds/share/pal_gazebo_worlds/models/ikea_harry_chair/meshes/mesh.dae
[5.438s] -- Up-to-date symlink: /home/khaledob/bookros2_ws/install/pal_gazebo_worlds/share/pal_gazebo_worlds/models/ikea_harry_chair/model.config
[5.438s] -- Up-to-date symlink: /home/khaledob/bookros2_ws/install/pal_gazebo_worlds/share/pal_gazebo_worlds/models/ikea_harry_chair/model.sdf
[5.438s] -- Up-to-date symlink: /home/khaledob/bookros2_ws/install/pal_gazebo_worlds/share/pal_gazebo_worlds/models/ikea_stefan_chair/meshes/mesh.dae
[5.438s] -- Up-to-date symlink: /home/khaledob/bookros2_ws/install/pal_gazebo_worlds/share/pal_gazebo_worlds/models/ikea_stefan_chair/model.config
[5.438s] -- Up-to-date symlink: /home/khaledob/bookros2_ws/install/pal_gazebo_worlds/share/pal_gazebo_worlds/models/ikea_stefan_chair/model.sdf
[5.448s] -- Up-to-date symlink: /home/khaledob/bookros2_ws/install/pal_gazebo_worlds/share/pal_gazebo_worlds/models/ikea_urban_chair/meshes/mesh.dae
[5.637s] -- Up-to-date symlink: /home/khaledob/bookros2_ws/install/pal_gazebo_worlds/share/pal_gazebo_worlds/models/ikea_urban_chair/meshes/notexture.png
[5.642s] -- Up-to-date symlink: /home/khaledob/bookros2_ws/install/pal_gazebo_worlds/share/pal_gazebo_worlds/models/ikea_urban_chair/model.config
[5.642s] -- Up-to-date symlink: /home/khaledob/bookros2_ws/install/pal_gazebo_worlds/share/pal_gazebo_worlds/models/ikea_urban_chair/model.sdf
[5.642s] -- Up-to-date symlink: /home/khaledob/bookros2_ws/install/pal_gazebo_worlds/share/pal_gazebo_worlds/models/kitchen_chair/kitchen_chair.sdf
[5.643s] -- Up-to-date symlink: /home/khaledob/bookros2_ws/install/pal_gazebo_worlds/share/pal_gazebo_worlds/models/kitchen_chair/meshes/kitchen_chair.stl
[5.643s] -- Up-to-date symlink: /home/khaledob/bookros2_ws/install/pal_gazebo_worlds/share/pal_gazebo_worlds/models/kitchen_chair/model.config
[5.643s] -- Up-to-date symlink: /home/khaledob/bookros2_ws/install/pal_gazebo_worlds/share/pal_gazebo_worlds/models/kitchen_table/kitchen_table.sdf
[5.643s] -- Up-to-date symlink: /home/khaledob/bookros2_ws/install/pal_gazebo_worlds/share/pal_gazebo_worlds/models/kitchen_table/meshes/kitchen_table.stl
[5.643s] -- Up-to-date symlink: /home/khaledob/bookros2_ws/install/pal_gazebo_worlds/share/pal_gazebo_worlds/models/kitchen_table/model.config
[5.643s] -- Up-to-date symlink: /home/khaledob/bookros2_ws/install/pal_gazebo_worlds/share/pal_gazebo_worlds/models/lamp/lamp.sdf
[5.704s] -- Up-to-date symlink: /home/khaledob/bookros2_ws/install/pal_gazebo_worlds/share/pal_gazebo_worlds/models/lamp/meshes/lamp.stl
[5.704s] -- Up-to-date symlink: /home/khaledob/bookros2_ws/install/pal_gazebo_worlds/share/pal_gazebo_worlds/models/lamp/model.config
[5.704s] -- Up-to-date symlink: /home/khaledob/bookros2_ws/install/pal_gazebo_worlds/share/pal_gazebo_worlds/models/macrolink_small_table/model.config
[5.705s] -- Up-to-date symlink: /home/khaledob/bookros2_ws/install/pal_gazebo_worlds/share/pal_gazebo_worlds/models/macrolink_small_table/table.sdf
[5.705s] -- Up-to-date symlink: /home/khaledob/bookros2_ws/install/pal_gazebo_worlds/share/pal_gazebo_worlds/models/macrolink_table/model.config
[5.705s] -- Up-to-date symlink: /home/khaledob/bookros2_ws/install/pal_gazebo_worlds/share/pal_gazebo_worlds/models/macrolink_table/table.sdf
[5.705s] -- Up-to-date symlink: /home/khaledob/bookros2_ws/install/pal_gazebo_worlds/share/pal_gazebo_worlds/models/marker26_8cm/marker26_8cm.sdf
[5.705s] -- Up-to-date symlink: /home/khaledob/bookros2_ws/install/pal_gazebo_worlds/share/pal_gazebo_worlds/models/marker26_8cm/material/scripts/marker26_8cm.material
[5.705s] -- Up-to-date symlink: /home/khaledob/bookros2_ws/install/pal_gazebo_worlds/share/pal_gazebo_worlds/models/marker26_8cm/material/textures/aruco-26_8cm.png
[5.705s] -- Up-to-date symlink: /home/khaledob/bookros2_ws/install/pal_gazebo_worlds/share/pal_gazebo_worlds/models/marker26_8cm/model.config
[5.705s] -- Up-to-date symlink: /home/khaledob/bookros2_ws/install/pal_gazebo_worlds/share/pal_gazebo_worlds/models/pal_poster/material/scripts/pal_poster.material
[5.705s] -- Up-to-date symlink: /home/khaledob/bookros2_ws/install/pal_gazebo_worlds/share/pal_gazebo_worlds/models/pal_poster/material/textures/pal_poster.jpg
[5.705s] -- Up-to-date symlink: /home/khaledob/bookros2_ws/install/pal_gazebo_worlds/share/pal_gazebo_worlds/models/pal_poster/model.config
[5.705s] -- Up-to-date symlink: /home/khaledob/bookros2_ws/install/pal_gazebo_worlds/share/pal_gazebo_worlds/models/pal_poster/pal_poster.sdf
[5.705s] -- Up-to-date symlink: /home/khaledob/bookros2_ws/install/pal_gazebo_worlds/share/pal_gazebo_worlds/models/pal_textured_object/material/scripts/pal_textured_object.material
[5.705s] -- Up-to-date symlink: /home/khaledob/bookros2_ws/install/pal_gazebo_worlds/share/pal_gazebo_worlds/models/pal_textured_object/material/textures/pal_textured_object.png
[5.858s] -- Up-to-date symlink: /home/khaledob/bookros2_ws/install/pal_gazebo_worlds/share/pal_gazebo_worlds/models/pal_textured_object/model.config
[5.858s] -- Up-to-date symlink: /home/khaledob/bookros2_ws/install/pal_gazebo_worlds/share/pal_gazebo_worlds/models/pal_textured_object/pal_textured_object.sdf
[5.859s] -- Up-to-date symlink: /home/khaledob/bookros2_ws/install/pal_gazebo_worlds/share/pal_gazebo_worlds/models/pringles/material/scripts/pringles.material
[5.859s] -- Up-to-date symlink: /home/khaledob/bookros2_ws/install/pal_gazebo_worlds/share/pal_gazebo_worlds/models/pringles/material/textures/pringles.jpg
[5.859s] -- Up-to-date symlink: /home/khaledob/bookros2_ws/install/pal_gazebo_worlds/share/pal_gazebo_worlds/models/pringles/model.config
[5.859s] -- Up-to-date symlink: /home/khaledob/bookros2_ws/install/pal_gazebo_worlds/share/pal_gazebo_worlds/models/pringles/pringles.sdf
[5.901s] -- Up-to-date symlink: /home/khaledob/bookros2_ws/install/pal_gazebo_worlds/share/pal_gazebo_worlds/models/pringles2/material/scripts/pringles2.material
[5.924s] -- Up-to-date symlink: /home/khaledob/bookros2_ws/install/pal_gazebo_worlds/share/pal_gazebo_worlds/models/pringles2/material/textures/pringles2.jpg
[5.956s] -- Up-to-date symlink: /home/khaledob/bookros2_ws/install/pal_gazebo_worlds/share/pal_gazebo_worlds/models/pringles2/model.config
[5.957s] -- Up-to-date symlink: /home/khaledob/bookros2_ws/install/pal_gazebo_worlds/share/pal_gazebo_worlds/models/pringles2/pringles2.sdf
[5.958s] -- Up-to-date symlink: /home/khaledob/bookros2_ws/install/pal_gazebo_worlds/share/pal_gazebo_worlds/models/reemc_bookshelf/bookshelf.sdf
[5.972s] -- Up-to-date symlink: /home/khaledob/bookros2_ws/install/pal_gazebo_worlds/share/pal_gazebo_worlds/models/reemc_bookshelf/model.config
[6.033s] -- Up-to-date symlink: /home/khaledob/bookros2_ws/install/pal_gazebo_worlds/share/pal_gazebo_worlds/models/reemc_cabinet/cabinet.sdf
[6.034s] -- Up-to-date symlink: /home/khaledob/bookros2_ws/install/pal_gazebo_worlds/share/pal_gazebo_worlds/models/reemc_cabinet/model.config
[6.034s] -- Up-to-date symlink: /home/khaledob/bookros2_ws/install/pal_gazebo_worlds/share/pal_gazebo_worlds/models/reemc_table/model.config
[6.034s] -- Up-to-date symlink: /home/khaledob/bookros2_ws/install/pal_gazebo_worlds/share/pal_gazebo_worlds/models/reemc_table/table.sdf
[6.034s] -- Up-to-date symlink: /home/khaledob/bookros2_ws/install/pal_gazebo_worlds/share/pal_gazebo_worlds/models/reemc_textured_object/meshes/mesh.dae
[6.035s] -- Up-to-date symlink: /home/khaledob/bookros2_ws/install/pal_gazebo_worlds/share/pal_gazebo_worlds/models/reemc_textured_object/meshes/texture.jpg
[6.035s] -- Up-to-date symlink: /home/khaledob/bookros2_ws/install/pal_gazebo_worlds/share/pal_gazebo_worlds/models/reemc_textured_object/model.config
[6.035s] -- Up-to-date symlink: /home/khaledob/bookros2_ws/install/pal_gazebo_worlds/share/pal_gazebo_worlds/models/reemc_textured_object/model.sdf
[6.035s] -- Up-to-date symlink: /home/khaledob/bookros2_ws/install/pal_gazebo_worlds/share/pal_gazebo_worlds/models/reemc_textured_object_nograv/model.config
[6.035s] -- Up-to-date symlink: /home/khaledob/bookros2_ws/install/pal_gazebo_worlds/share/pal_gazebo_worlds/models/reemc_textured_object_nograv/model.sdf
[6.035s] -- Up-to-date symlink: /home/khaledob/bookros2_ws/install/pal_gazebo_worlds/share/pal_gazebo_worlds/models/reemc_walls/model.config
[6.035s] -- Up-to-date symlink: /home/khaledob/bookros2_ws/install/pal_gazebo_worlds/share/pal_gazebo_worlds/models/reemc_walls/walls.sdf
[6.035s] -- Up-to-date symlink: /home/khaledob/bookros2_ws/install/pal_gazebo_worlds/share/pal_gazebo_worlds/models/reviews_table/meshes/reviews_table.stl
[6.035s] -- Up-to-date symlink: /home/khaledob/bookros2_ws/install/pal_gazebo_worlds/share/pal_gazebo_worlds/models/reviews_table/model.config
[6.036s] -- Up-to-date symlink: /home/khaledob/bookros2_ws/install/pal_gazebo_worlds/share/pal_gazebo_worlds/models/reviews_table/reviews_table.sdf
[6.036s] -- Up-to-date symlink: /home/khaledob/bookros2_ws/install/pal_gazebo_worlds/share/pal_gazebo_worlds/models/robocup_walls_70cm_doors/house_walls.sdf
[6.036s] -- Up-to-date symlink: /home/khaledob/bookros2_ws/install/pal_gazebo_worlds/share/pal_gazebo_worlds/models/robocup_walls_70cm_doors/meshes/robocup_house.stl
[6.036s] -- Up-to-date symlink: /home/khaledob/bookros2_ws/install/pal_gazebo_worlds/share/pal_gazebo_worlds/models/robocup_walls_70cm_doors/model.config
[6.036s] -- Up-to-date symlink: /home/khaledob/bookros2_ws/install/pal_gazebo_worlds/share/pal_gazebo_worlds/models/rockin_camp/README
[6.036s] -- Up-to-date symlink: /home/khaledob/bookros2_ws/install/pal_gazebo_worlds/share/pal_gazebo_worlds/models/rockin_camp/model.config
[6.036s] -- Up-to-date symlink: /home/khaledob/bookros2_ws/install/pal_gazebo_worlds/share/pal_gazebo_worlds/models/rockin_camp/model.sdf
[6.036s] -- Up-to-date symlink: /home/khaledob/bookros2_ws/install/pal_gazebo_worlds/share/pal_gazebo_worlds/models/rockin_camp/rockin_camp.png
[6.036s] -- Up-to-date symlink: /home/khaledob/bookros2_ws/install/pal_gazebo_worlds/share/pal_gazebo_worlds/models/sideboard/meshes/sideboard.stl
[6.037s] -- Up-to-date symlink: /home/khaledob/bookros2_ws/install/pal_gazebo_worlds/share/pal_gazebo_worlds/models/sideboard/model.config
[6.396s] -- Up-to-date symlink: /home/khaledob/bookros2_ws/install/pal_gazebo_worlds/share/pal_gazebo_worlds/models/sideboard/sideboard.sdf
[6.507s] -- Up-to-date symlink: /home/khaledob/bookros2_ws/install/pal_gazebo_worlds/share/pal_gazebo_worlds/models/slippery_patch/material/scripts/slippery_patch.material
[6.507s] -- Up-to-date symlink: /home/khaledob/bookros2_ws/install/pal_gazebo_worlds/share/pal_gazebo_worlds/models/slippery_patch/material/textures/slippery_patch.jpg
[6.507s] -- Up-to-date symlink: /home/khaledob/bookros2_ws/install/pal_gazebo_worlds/share/pal_gazebo_worlds/models/slippery_patch/model.config
[6.508s] -- Up-to-date symlink: /home/khaledob/bookros2_ws/install/pal_gazebo_worlds/share/pal_gazebo_worlds/models/slippery_patch/slippery_patch.sdf
[6.508s] -- Up-to-date symlink: /home/khaledob/bookros2_ws/install/pal_gazebo_worlds/share/pal_gazebo_worlds/models/small_cylinder/model.config
[6.508s] -- Up-to-date symlink: /home/khaledob/bookros2_ws/install/pal_gazebo_worlds/share/pal_gazebo_worlds/models/small_cylinder/small_cylinder.sdf
[6.508s] -- Up-to-date symlink: /home/khaledob/bookros2_ws/install/pal_gazebo_worlds/share/pal_gazebo_worlds/models/sofa/meshes/sofa.stl
[6.508s] -- Up-to-date symlink: /home/khaledob/bookros2_ws/install/pal_gazebo_worlds/share/pal_gazebo_worlds/models/sofa/model.config
[6.512s] -- Up-to-date symlink: /home/khaledob/bookros2_ws/install/pal_gazebo_worlds/share/pal_gazebo_worlds/models/sofa/sofa.sdf
[6.512s] -- Up-to-date symlink: /home/khaledob/bookros2_ws/install/pal_gazebo_worlds/share/pal_gazebo_worlds/models/sprite/material/scripts/sprite.material
[6.512s] -- Up-to-date symlink: /home/khaledob/bookros2_ws/install/pal_gazebo_worlds/share/pal_gazebo_worlds/models/sprite/material/textures/sprite.jpg
[6.512s] -- Up-to-date symlink: /home/khaledob/bookros2_ws/install/pal_gazebo_worlds/share/pal_gazebo_worlds/models/sprite/model.config
[6.514s] -- Up-to-date symlink: /home/khaledob/bookros2_ws/install/pal_gazebo_worlds/share/pal_gazebo_worlds/models/sprite/sprite.sdf
[6.514s] -- Up-to-date symlink: /home/khaledob/bookros2_ws/install/pal_gazebo_worlds/share/pal_gazebo_worlds/models/sun/model-1_2.sdf
[6.514s] -- Up-to-date symlink: /home/khaledob/bookros2_ws/install/pal_gazebo_worlds/share/pal_gazebo_worlds/models/sun/model-1_3.sdf
[6.514s] -- Up-to-date symlink: /home/khaledob/bookros2_ws/install/pal_gazebo_worlds/share/pal_gazebo_worlds/models/sun/model-1_4.sdf
[6.514s] -- Up-to-date symlink: /home/khaledob/bookros2_ws/install/pal_gazebo_worlds/share/pal_gazebo_worlds/models/sun/model.config
[6.514s] -- Up-to-date symlink: /home/khaledob/bookros2_ws/install/pal_gazebo_worlds/share/pal_gazebo_worlds/models/sun/model.sdf
[6.515s] -- Up-to-date symlink: /home/khaledob/bookros2_ws/install/pal_gazebo_worlds/share/pal_gazebo_worlds/models/table_0m8/model.config
[6.515s] -- Up-to-date symlink: /home/khaledob/bookros2_ws/install/pal_gazebo_worlds/share/pal_gazebo_worlds/models/table_0m8/table.sdf
[6.515s] -- Up-to-date symlink: /home/khaledob/bookros2_ws/install/pal_gazebo_worlds/share/pal_gazebo_worlds/models/table_1m/model.config
[6.515s] -- Up-to-date symlink: /home/khaledob/bookros2_ws/install/pal_gazebo_worlds/share/pal_gazebo_worlds/models/table_1m/table_1m.sdf
[6.515s] -- Up-to-date symlink: /home/khaledob/bookros2_ws/install/pal_gazebo_worlds/share/pal_gazebo_worlds/models/test2/meshes/test2.dae
[6.515s] -- Up-to-date symlink: /home/khaledob/bookros2_ws/install/pal_gazebo_worlds/share/pal_gazebo_worlds/models/test2/model.config
[6.515s] -- Up-to-date symlink: /home/khaledob/bookros2_ws/install/pal_gazebo_worlds/share/pal_gazebo_worlds/models/test2/test2.sdf
[6.515s] -- Up-to-date symlink: /home/khaledob/bookros2_ws/install/pal_gazebo_worlds/share/pal_gazebo_worlds/models/testing_room/README
[6.515s] -- Up-to-date symlink: /home/khaledob/bookros2_ws/install/pal_gazebo_worlds/share/pal_gazebo_worlds/models/testing_room/model.config
[6.516s] -- Up-to-date symlink: /home/khaledob/bookros2_ws/install/pal_gazebo_worlds/share/pal_gazebo_worlds/models/testing_room/model.sdf
[6.516s] -- Up-to-date symlink: /home/khaledob/bookros2_ws/install/pal_gazebo_worlds/share/pal_gazebo_worlds/models/testing_room/testing_room.png
[6.516s] -- Up-to-date symlink: /home/khaledob/bookros2_ws/install/pal_gazebo_worlds/share/pal_gazebo_worlds/models/tv/meshes/tv.stl
[6.516s] -- Up-to-date symlink: /home/khaledob/bookros2_ws/install/pal_gazebo_worlds/share/pal_gazebo_worlds/models/tv/model.config
[6.516s] -- Up-to-date symlink: /home/khaledob/bookros2_ws/install/pal_gazebo_worlds/share/pal_gazebo_worlds/models/tv/tv.sdf
[6.516s] -- Up-to-date symlink: /home/khaledob/bookros2_ws/install/pal_gazebo_worlds/share/pal_gazebo_worlds/models/wall_with_reem_photo/material/scripts/ball.material
[6.516s] -- Up-to-date symlink: /home/khaledob/bookros2_ws/install/pal_gazebo_worlds/share/pal_gazebo_worlds/models/wall_with_reem_photo/material/scripts/wallWithREEMphoto.material
[6.682s] -- Up-to-date symlink: /home/khaledob/bookros2_ws/install/pal_gazebo_worlds/share/pal_gazebo_worlds/models/wall_with_reem_photo/material/textures/REEM_photo0.jpg
[6.682s] -- Up-to-date symlink: /home/khaledob/bookros2_ws/install/pal_gazebo_worlds/share/pal_gazebo_worlds/models/wall_with_reem_photo/model.config
[6.683s] -- Up-to-date symlink: /home/khaledob/bookros2_ws/install/pal_gazebo_worlds/share/pal_gazebo_worlds/models/wall_with_reem_photo/model.sdf
[6.684s] -- Up-to-date symlink: /home/khaledob/bookros2_ws/install/pal_gazebo_worlds/share/pal_gazebo_worlds/models/wardrobe/meshes/wardrobe.stl
[6.684s] -- Up-to-date symlink: /home/khaledob/bookros2_ws/install/pal_gazebo_worlds/share/pal_gazebo_worlds/models/wardrobe/model.config
[6.684s] -- Up-to-date symlink: /home/khaledob/bookros2_ws/install/pal_gazebo_worlds/share/pal_gazebo_worlds/models/wardrobe/wardrobe.sdf
[6.684s] -- Up-to-date symlink: /home/khaledob/bookros2_ws/install/pal_gazebo_worlds/share/pal_gazebo_worlds/models/willowgarage/materials/textures/Carpet_Berber_Pattern_Gray_.png
[6.684s] -- Up-to-date symlink: /home/khaledob/bookros2_ws/install/pal_gazebo_worlds/share/pal_gazebo_worlds/models/willowgarage/materials/textures/Stone_Brushed_Khaki_.png
[6.684s] -- Up-to-date symlink: /home/khaledob/bookros2_ws/install/pal_gazebo_worlds/share/pal_gazebo_worlds/models/willowgarage/materials/textures/Wood_Bamboo_Medium_.png
[6.684s] -- Up-to-date symlink: /home/khaledob/bookros2_ws/install/pal_gazebo_worlds/share/pal_gazebo_worlds/models/willowgarage/materials/textures/Wood_Cherry_Original_.png
[6.685s] -- Up-to-date symlink: /home/khaledob/bookros2_ws/install/pal_gazebo_worlds/share/pal_gazebo_worlds/models/willowgarage/materials/textures/__Wood_Bamboo_Medium_1.png
[6.685s] -- Up-to-date symlink: /home/khaledob/bookros2_ws/install/pal_gazebo_worlds/share/pal_gazebo_worlds/models/willowgarage/materials/textures/__auto_12.png
[6.685s] -- Up-to-date symlink: /home/khaledob/bookros2_ws/install/pal_gazebo_worlds/share/pal_gazebo_worlds/models/willowgarage/materials/textures/__auto_2.png
[6.685s] -- Up-to-date symlink: /home/khaledob/bookros2_ws/install/pal_gazebo_worlds/share/pal_gazebo_worlds/models/willowgarage/meshes/willowgarage_collision.dae
[6.685s] -- Up-to-date symlink: /home/khaledob/bookros2_ws/install/pal_gazebo_worlds/share/pal_gazebo_worlds/models/willowgarage/meshes/willowgarage_visual.dae
[6.685s] -- Up-to-date symlink: /home/khaledob/bookros2_ws/install/pal_gazebo_worlds/share/pal_gazebo_worlds/worlds/aruco.world
[6.685s] -- Up-to-date symlink: /home/khaledob/bookros2_ws/install/pal_gazebo_worlds/share/pal_gazebo_worlds/worlds/ball.world
[6.703s] -- Up-to-date symlink: /home/khaledob/bookros2_ws/install/pal_gazebo_worlds/share/pal_gazebo_worlds/worlds/cabinet_grasping.world
[6.703s] -- Up-to-date symlink: /home/khaledob/bookros2_ws/install/pal_gazebo_worlds/share/pal_gazebo_worlds/worlds/calibration_room.world
[6.703s] -- Up-to-date symlink: /home/khaledob/bookros2_ws/install/pal_gazebo_worlds/share/pal_gazebo_worlds/worlds/chairs.world
[6.703s] -- Up-to-date symlink: /home/khaledob/bookros2_ws/install/pal_gazebo_worlds/share/pal_gazebo_worlds/worlds/corridor_110cm.world
[6.703s] -- Up-to-date symlink: /home/khaledob/bookros2_ws/install/pal_gazebo_worlds/share/pal_gazebo_worlds/worlds/corridor_60cm.world
[6.703s] -- Up-to-date symlink: /home/khaledob/bookros2_ws/install/pal_gazebo_worlds/share/pal_gazebo_worlds/worlds/corridor_70cm.world
[6.703s] -- Up-to-date symlink: /home/khaledob/bookros2_ws/install/pal_gazebo_worlds/share/pal_gazebo_worlds/worlds/corridor_85cm.world
[6.703s] -- Up-to-date symlink: /home/khaledob/bookros2_ws/install/pal_gazebo_worlds/share/pal_gazebo_worlds/worlds/dock_and_aruco.world
[6.704s] -- Up-to-date symlink: /home/khaledob/bookros2_ws/install/pal_gazebo_worlds/share/pal_gazebo_worlds/worlds/dock_station.world
[6.704s] -- Up-to-date symlink: /home/khaledob/bookros2_ws/install/pal_gazebo_worlds/share/pal_gazebo_worlds/worlds/docker_chair.world
[6.704s] -- Up-to-date symlink: /home/khaledob/bookros2_ws/install/pal_gazebo_worlds/share/pal_gazebo_worlds/worlds/door_obstacle.world
[6.732s] -- Up-to-date symlink: /home/khaledob/bookros2_ws/install/pal_gazebo_worlds/share/pal_gazebo_worlds/worlds/empty.world
[6.845s] -- Up-to-date symlink: /home/khaledob/bookros2_ws/install/pal_gazebo_worlds/share/pal_gazebo_worlds/worlds/empty_room.world
[6.846s] -- Up-to-date symlink: /home/khaledob/bookros2_ws/install/pal_gazebo_worlds/share/pal_gazebo_worlds/worlds/factory.world
[6.846s] -- Up-to-date symlink: /home/khaledob/bookros2_ws/install/pal_gazebo_worlds/share/pal_gazebo_worlds/worlds/featured.world
[6.846s] -- Up-to-date symlink: /home/khaledob/bookros2_ws/install/pal_gazebo_worlds/share/pal_gazebo_worlds/worlds/footstep_obstacle.world
[6.856s] -- Up-to-date symlink: /home/khaledob/bookros2_ws/install/pal_gazebo_worlds/share/pal_gazebo_worlds/worlds/hit_table.world
[6.856s] -- Up-to-date symlink: /home/khaledob/bookros2_ws/install/pal_gazebo_worlds/share/pal_gazebo_worlds/worlds/home.world
[6.856s] -- Up-to-date symlink: /home/khaledob/bookros2_ws/install/pal_gazebo_worlds/share/pal_gazebo_worlds/worlds/hospital.world
[6.856s] -- Up-to-date symlink: /home/khaledob/bookros2_ws/install/pal_gazebo_worlds/share/pal_gazebo_worlds/worlds/hospital_flat.world
[6.856s] -- Up-to-date symlink: /home/khaledob/bookros2_ws/install/pal_gazebo_worlds/share/pal_gazebo_worlds/worlds/look_to_point.world
[6.857s] -- Up-to-date symlink: /home/khaledob/bookros2_ws/install/pal_gazebo_worlds/share/pal_gazebo_worlds/worlds/low_sun_empty.world
[6.857s] -- Up-to-date symlink: /home/khaledob/bookros2_ws/install/pal_gazebo_worlds/share/pal_gazebo_worlds/worlds/memmo_simple.world
[6.879s] -- Up-to-date symlink: /home/khaledob/bookros2_ws/install/pal_gazebo_worlds/share/pal_gazebo_worlds/worlds/narrow_passage.world
[6.880s] -- Up-to-date symlink: /home/khaledob/bookros2_ws/install/pal_gazebo_worlds/share/pal_gazebo_worlds/worlds/objects_on_table.world
[6.880s] -- Up-to-date symlink: /home/khaledob/bookros2_ws/install/pal_gazebo_worlds/share/pal_gazebo_worlds/worlds/pal_office.world
[6.880s] -- Up-to-date symlink: /home/khaledob/bookros2_ws/install/pal_gazebo_worlds/share/pal_gazebo_worlds/worlds/pal_textured_object.world
[6.993s] -- Up-to-date symlink: /home/khaledob/bookros2_ws/install/pal_gazebo_worlds/share/pal_gazebo_worlds/worlds/passage_110cm.world
[6.993s] -- Up-to-date symlink: /home/khaledob/bookros2_ws/install/pal_gazebo_worlds/share/pal_gazebo_worlds/worlds/passage_60cm.world
[6.993s] -- Up-to-date symlink: /home/khaledob/bookros2_ws/install/pal_gazebo_worlds/share/pal_gazebo_worlds/worlds/passage_70cm.world
[6.993s] -- Up-to-date symlink: /home/khaledob/bookros2_ws/install/pal_gazebo_worlds/share/pal_gazebo_worlds/worlds/pg_demo.world
[6.994s] -- Up-to-date symlink: /home/khaledob/bookros2_ws/install/pal_gazebo_worlds/share/pal_gazebo_worlds/worlds/pick.world
[6.994s] -- Up-to-date symlink: /home/khaledob/bookros2_ws/install/pal_gazebo_worlds/share/pal_gazebo_worlds/worlds/pick_place_cabinet.world
[6.994s] -- Up-to-date symlink: /home/khaledob/bookros2_ws/install/pal_gazebo_worlds/share/pal_gazebo_worlds/worlds/pick_place_close_demo.world
[6.994s] -- Up-to-date symlink: /home/khaledob/bookros2_ws/install/pal_gazebo_worlds/share/pal_gazebo_worlds/worlds/pick_place_demo.world
[6.994s] -- Up-to-date symlink: /home/khaledob/bookros2_ws/install/pal_gazebo_worlds/share/pal_gazebo_worlds/worlds/reemc.world
[6.994s] -- Up-to-date symlink: /home/khaledob/bookros2_ws/install/pal_gazebo_worlds/share/pal_gazebo_worlds/worlds/reemc_indoor.world
[6.994s] -- Up-to-date symlink: /home/khaledob/bookros2_ws/install/pal_gazebo_worlds/share/pal_gazebo_worlds/worlds/simple_office.world
[6.994s] -- Up-to-date symlink: /home/khaledob/bookros2_ws/install/pal_gazebo_worlds/share/pal_gazebo_worlds/worlds/simple_office_with_people.world
[6.994s] -- Up-to-date symlink: /home/khaledob/bookros2_ws/install/pal_gazebo_worlds/share/pal_gazebo_worlds/worlds/simple_ramp.world
[6.994s] -- Up-to-date symlink: /home/khaledob/bookros2_ws/install/pal_gazebo_worlds/share/pal_gazebo_worlds/worlds/small_factory.world
[6.995s] -- Up-to-date symlink: /home/khaledob/bookros2_ws/install/pal_gazebo_worlds/share/pal_gazebo_worlds/worlds/small_office.world
[6.995s] -- Up-to-date symlink: /home/khaledob/bookros2_ws/install/pal_gazebo_worlds/share/pal_gazebo_worlds/worlds/small_office_door_obstacle.world
[6.995s] -- Up-to-date symlink: /home/khaledob/bookros2_ws/install/pal_gazebo_worlds/share/pal_gazebo_worlds/worlds/small_office_inventory.world
[6.995s] -- Up-to-date symlink: /home/khaledob/bookros2_ws/install/pal_gazebo_worlds/share/pal_gazebo_worlds/worlds/small_textured_office.world
[6.995s] -- Up-to-date symlink: /home/khaledob/bookros2_ws/install/pal_gazebo_worlds/share/pal_gazebo_worlds/worlds/socmcs.world
[6.995s] -- Up-to-date symlink: /home/khaledob/bookros2_ws/install/pal_gazebo_worlds/share/pal_gazebo_worlds/worlds/stairs.world
[6.995s] -- Up-to-date symlink: /home/khaledob/bookros2_ws/install/pal_gazebo_worlds/share/pal_gazebo_worlds/worlds/stamping_demo.world
[6.995s] -- Up-to-date symlink: /home/khaledob/bookros2_ws/install/pal_gazebo_worlds/share/pal_gazebo_worlds/worlds/t_shaped.world
[6.995s] -- Up-to-date symlink: /home/khaledob/bookros2_ws/install/pal_gazebo_worlds/share/pal_gazebo_worlds/worlds/tabletop_cube.world
[6.995s] -- Up-to-date symlink: /home/khaledob/bookros2_ws/install/pal_gazebo_worlds/share/pal_gazebo_worlds/worlds/tabletop_cylinder.world
[6.996s] -- Up-to-date symlink: /home/khaledob/bookros2_ws/install/pal_gazebo_worlds/share/pal_gazebo_worlds/worlds/tutorial_office.world
[6.996s] -- Up-to-date symlink: /home/khaledob/bookros2_ws/install/pal_gazebo_worlds/share/pal_gazebo_worlds/worlds/voronoi_graph.world
[6.996s] -- Up-to-date symlink: /home/khaledob/bookros2_ws/install/pal_gazebo_worlds/share/pal_gazebo_worlds/worlds/willow_garage.world
[6.996s] -- Up-to-date symlink: /home/khaledob/bookros2_ws/install/pal_gazebo_worlds/share/pal_gazebo_worlds/worlds/world_wall_REEM_photo.world
[7.056s] -- Up-to-date symlink: /home/khaledob/bookros2_ws/install/pal_gazebo_worlds/share/pal_gazebo_worlds/urdf/chessboard/chessboard.gazebo.xacro
[7.056s] -- Up-to-date symlink: /home/khaledob/bookros2_ws/install/pal_gazebo_worlds/share/pal_gazebo_worlds/urdf/chessboard/chessboard.urdf.xacro
[7.056s] -- Up-to-date symlink: /home/khaledob/bookros2_ws/install/pal_gazebo_worlds/share/pal_gazebo_worlds/urdf/chessboard/chessboard_example.urdf.xacro
[7.056s] -- Up-to-date symlink: /home/khaledob/bookros2_ws/install/pal_gazebo_worlds/share/pal_gazebo_worlds/urdf/simple_box.urdf
[7.056s] -- Up-to-date symlink: /home/khaledob/bookros2_ws/install/pal_gazebo_worlds/share/pal_gazebo_worlds/meshes/chessboard/chessboard.dae
[7.056s] -- Up-to-date symlink: /home/khaledob/bookros2_ws/install/pal_gazebo_worlds/share/pal_gazebo_worlds/meshes/chessboard/chessboard.png
[7.069s] -- Up-to-date symlink: /home/khaledob/bookros2_ws/install/pal_gazebo_worlds/share/ament_index/resource_index/package_run_dependencies/pal_gazebo_worlds
[7.069s] -- Up-to-date symlink: /home/khaledob/bookros2_ws/install/pal_gazebo_worlds/share/ament_index/resource_index/parent_prefix_path/pal_gazebo_worlds
[7.069s] -- Up-to-date symlink: /home/khaledob/bookros2_ws/install/pal_gazebo_worlds/share/pal_gazebo_worlds/environment/ament_prefix_path.sh
[7.069s] -- Up-to-date symlink: /home/khaledob/bookros2_ws/install/pal_gazebo_worlds/share/pal_gazebo_worlds/environment/ament_prefix_path.dsv
[7.070s] -- Up-to-date symlink: /home/khaledob/bookros2_ws/install/pal_gazebo_worlds/share/pal_gazebo_worlds/environment/path.sh
[7.070s] -- Up-to-date symlink: /home/khaledob/bookros2_ws/install/pal_gazebo_worlds/share/pal_gazebo_worlds/environment/path.dsv
[7.070s] -- Up-to-date symlink: /home/khaledob/bookros2_ws/install/pal_gazebo_worlds/share/pal_gazebo_worlds/local_setup.bash
[7.070s] -- Up-to-date symlink: /home/khaledob/bookros2_ws/install/pal_gazebo_worlds/share/pal_gazebo_worlds/local_setup.sh
[7.070s] -- Up-to-date symlink: /home/khaledob/bookros2_ws/install/pal_gazebo_worlds/share/pal_gazebo_worlds/local_setup.zsh
[7.070s] -- Up-to-date symlink: /home/khaledob/bookros2_ws/install/pal_gazebo_worlds/share/pal_gazebo_worlds/local_setup.dsv
[7.070s] -- Symlinking: /home/khaledob/bookros2_ws/install/pal_gazebo_worlds/share/pal_gazebo_worlds/package.dsv
[7.070s] -- Up-to-date symlink: /home/khaledob/bookros2_ws/install/pal_gazebo_worlds/share/ament_index/resource_index/packages/pal_gazebo_worlds
[7.070s] -- Up-to-date symlink: /home/khaledob/bookros2_ws/install/pal_gazebo_worlds/share/pal_gazebo_worlds/cmake/pal_gazebo_worldsConfig.cmake
[7.070s] -- Up-to-date symlink: /home/khaledob/bookros2_ws/install/pal_gazebo_worlds/share/pal_gazebo_worlds/cmake/pal_gazebo_worldsConfig-version.cmake
[7.070s] -- Up-to-date symlink: /home/khaledob/bookros2_ws/install/pal_gazebo_worlds/share/pal_gazebo_worlds/package.xml
[7.896s] Invoked command in '/home/khaledob/bookros2_ws/build/pal_gazebo_worlds' returned '0': CMAKE_PREFIX_PATH=/opt/ros/foxy /usr/bin/cmake --install /home/khaledob/bookros2_ws/build/pal_gazebo_worlds
