[2.326s] Invoking command in '/home/khaledob/bookros2_ws/build/br2_tracking_msgs': CMAKE_PREFIX_PATH=/opt/ros/foxy /usr/bin/cmake --build /home/khaledob/bookros2_ws/build/br2_tracking_msgs -- -j7 -l7
[3.206s] [  3%] Built target br2_tracking_msgs__cpp
[3.873s] [ 12%] Built target br2_tracking_msgs__rosidl_generator_c
[4.116s] [ 22%] Built target br2_tracking_msgs__rosidl_typesupport_introspection_cpp
[5.086s] [ 32%] Built target br2_tracking_msgs__rosidl_typesupport_c
[5.959s] [ 41%] Built target br2_tracking_msgs__rosidl_typesupport_introspection_c
[6.500s] [ 51%] Built target br2_tracking_msgs__rosidl_typesupport_fastrtps_cpp
[6.631s] [ 61%] Built target br2_tracking_msgs__rosidl_typesupport_cpp
[6.635s] [ 70%] Built target br2_tracking_msgs__rosidl_typesupport_fastrtps_c
[6.784s] [ 70%] Built target br2_tracking_msgs
[7.261s] [ 74%] Built target br2_tracking_msgs__py
[7.423s] [ 80%] Built target br2_tracking_msgs__python
[7.439s] [ 87%] Built target br2_tracking_msgs__rosidl_typesupport_c__pyext
[7.651s] [ 93%] Built target br2_tracking_msgs__rosidl_typesupport_introspection_c__pyext
[7.986s] [100%] Built target br2_tracking_msgs__rosidl_typesupport_fastrtps_c__pyext
[8.709s] Invoked command in '/home/khaledob/bookros2_ws/build/br2_tracking_msgs' returned '0': CMAKE_PREFIX_PATH=/opt/ros/foxy /usr/bin/cmake --build /home/khaledob/bookros2_ws/build/br2_tracking_msgs -- -j7 -l7
[8.710s] Invoking command in '/home/khaledob/bookros2_ws/build/br2_tracking_msgs': CMAKE_PREFIX_PATH=/opt/ros/foxy /usr/bin/cmake --install /home/khaledob/bookros2_ws/build/br2_tracking_msgs
[9.263s] -- Install configuration: ""
[9.718s] -- Execute custom install script
[9.906s] -- Up-to-date symlink: /home/khaledob/bookros2_ws/install/br2_tracking_msgs/share/ament_index/resource_index/rosidl_interfaces/br2_tracking_msgs
[9.915s] -- Up-to-date symlink: /home/khaledob/bookros2_ws/install/br2_tracking_msgs/include/br2_tracking_msgs/msg/detail/pan_tilt_command__functions.h
[9.915s] -- Up-to-date symlink: /home/khaledob/bookros2_ws/install/br2_tracking_msgs/include/br2_tracking_msgs/msg/detail/pan_tilt_command__struct.h
[9.915s] -- Up-to-date symlink: /home/khaledob/bookros2_ws/install/br2_tracking_msgs/include/br2_tracking_msgs/msg/detail/pan_tilt_command__type_support.h
[9.916s] -- Up-to-date symlink: /home/khaledob/bookros2_ws/install/br2_tracking_msgs/include/br2_tracking_msgs/msg/pan_tilt_command.h
[9.916s] -- Up-to-date symlink: /home/khaledob/bookros2_ws/install/br2_tracking_msgs/include/br2_tracking_msgs/msg/rosidl_generator_c__visibility_control.h
[9.916s] -- Up-to-date symlink: /home/khaledob/bookros2_ws/install/br2_tracking_msgs/share/br2_tracking_msgs/environment/library_path.sh
[9.916s] -- Up-to-date symlink: /home/khaledob/bookros2_ws/install/br2_tracking_msgs/share/br2_tracking_msgs/environment/library_path.dsv
[10.118s] -- Up-to-date symlink: /home/khaledob/bookros2_ws/install/br2_tracking_msgs/include/br2_tracking_msgs/msg/detail/pan_tilt_command__rosidl_typesupport_fastrtps_c.h
[10.118s] -- Up-to-date symlink: /home/khaledob/bookros2_ws/install/br2_tracking_msgs/include/br2_tracking_msgs/msg/rosidl_typesupport_fastrtps_c__visibility_control.h
[10.118s] -- Up-to-date symlink: /home/khaledob/bookros2_ws/install/br2_tracking_msgs/lib/libbr2_tracking_msgs__rosidl_typesupport_fastrtps_c.so
[10.118s] -- Up-to-date symlink: /home/khaledob/bookros2_ws/install/br2_tracking_msgs/include/br2_tracking_msgs/msg/detail/pan_tilt_command__rosidl_typesupport_fastrtps_cpp.hpp
[10.118s] -- Up-to-date symlink: /home/khaledob/bookros2_ws/install/br2_tracking_msgs/include/br2_tracking_msgs/msg/rosidl_typesupport_fastrtps_cpp__visibility_control.h
[10.119s] -- Up-to-date symlink: /home/khaledob/bookros2_ws/install/br2_tracking_msgs/lib/libbr2_tracking_msgs__rosidl_typesupport_fastrtps_cpp.so
[10.119s] -- Up-to-date symlink: /home/khaledob/bookros2_ws/install/br2_tracking_msgs/include/br2_tracking_msgs/msg/detail/pan_tilt_command__rosidl_typesupport_introspection_c.h
[10.119s] -- Up-to-date symlink: /home/khaledob/bookros2_ws/install/br2_tracking_msgs/include/br2_tracking_msgs/msg/rosidl_typesupport_introspection_c__visibility_control.h
[10.119s] -- Up-to-date symlink: /home/khaledob/bookros2_ws/install/br2_tracking_msgs/include/br2_tracking_msgs/msg/detail/pan_tilt_command__builder.hpp
[10.119s] -- Up-to-date symlink: /home/khaledob/bookros2_ws/install/br2_tracking_msgs/include/br2_tracking_msgs/msg/detail/pan_tilt_command__struct.hpp
[10.119s] -- Up-to-date symlink: /home/khaledob/bookros2_ws/install/br2_tracking_msgs/include/br2_tracking_msgs/msg/detail/pan_tilt_command__traits.hpp
[10.119s] -- Up-to-date symlink: /home/khaledob/bookros2_ws/install/br2_tracking_msgs/include/br2_tracking_msgs/msg/detail/pan_tilt_command__type_support.hpp
[10.119s] -- Up-to-date symlink: /home/khaledob/bookros2_ws/install/br2_tracking_msgs/include/br2_tracking_msgs/msg/pan_tilt_command.hpp
[10.119s] -- Up-to-date symlink: /home/khaledob/bookros2_ws/install/br2_tracking_msgs/include/br2_tracking_msgs/msg/rosidl_generator_cpp__visibility_control.hpp
[10.120s] -- Up-to-date symlink: /home/khaledob/bookros2_ws/install/br2_tracking_msgs/include/br2_tracking_msgs/msg/detail/pan_tilt_command__rosidl_typesupport_introspection_cpp.hpp
[10.120s] -- Up-to-date symlink: /home/khaledob/bookros2_ws/install/br2_tracking_msgs/share/br2_tracking_msgs/environment/pythonpath.sh
[10.120s] -- Up-to-date symlink: /home/khaledob/bookros2_ws/install/br2_tracking_msgs/share/br2_tracking_msgs/environment/pythonpath.dsv
[10.120s] -- Up-to-date symlink: /home/khaledob/bookros2_ws/install/br2_tracking_msgs/lib/python3.8/site-packages/br2_tracking_msgs/__init__.py
[10.120s] -- Up-to-date symlink: /home/khaledob/bookros2_ws/install/br2_tracking_msgs/lib/python3.8/site-packages/br2_tracking_msgs/msg/__init__.py
[10.120s] -- Up-to-date symlink: /home/khaledob/bookros2_ws/install/br2_tracking_msgs/lib/python3.8/site-packages/br2_tracking_msgs/msg/_pan_tilt_command.py
[10.120s] -- Up-to-date symlink: /home/khaledob/bookros2_ws/install/br2_tracking_msgs/lib/python3.8/site-packages/br2_tracking_msgs/br2_tracking_msgs_s__rosidl_typesupport_fastrtps_c.cpython-38-x86_64-linux-gnu.so
[10.120s] -- Up-to-date symlink: /home/khaledob/bookros2_ws/install/br2_tracking_msgs/lib/python3.8/site-packages/br2_tracking_msgs/br2_tracking_msgs_s__rosidl_typesupport_introspection_c.cpython-38-x86_64-linux-gnu.so
[10.121s] -- Up-to-date symlink: /home/khaledob/bookros2_ws/install/br2_tracking_msgs/lib/python3.8/site-packages/br2_tracking_msgs/br2_tracking_msgs_s__rosidl_typesupport_c.cpython-38-x86_64-linux-gnu.so
[10.121s] -- Up-to-date symlink: /home/khaledob/bookros2_ws/install/br2_tracking_msgs/lib/libbr2_tracking_msgs__python.so
[10.121s] -- Up-to-date symlink: /home/khaledob/bookros2_ws/install/br2_tracking_msgs/share/br2_tracking_msgs/msg/PanTiltCommand.idl
[10.121s] -- Up-to-date symlink: /home/khaledob/bookros2_ws/install/br2_tracking_msgs/share/br2_tracking_msgs/msg/PanTiltCommand.msg
[10.121s] -- Up-to-date symlink: /home/khaledob/bookros2_ws/install/br2_tracking_msgs/share/ament_index/resource_index/package_run_dependencies/br2_tracking_msgs
[10.121s] -- Up-to-date symlink: /home/khaledob/bookros2_ws/install/br2_tracking_msgs/share/ament_index/resource_index/parent_prefix_path/br2_tracking_msgs
[10.121s] -- Up-to-date symlink: /home/khaledob/bookros2_ws/install/br2_tracking_msgs/share/br2_tracking_msgs/environment/ament_prefix_path.sh
[10.121s] -- Up-to-date symlink: /home/khaledob/bookros2_ws/install/br2_tracking_msgs/share/br2_tracking_msgs/environment/ament_prefix_path.dsv
[10.121s] -- Up-to-date symlink: /home/khaledob/bookros2_ws/install/br2_tracking_msgs/share/br2_tracking_msgs/environment/path.sh
[10.121s] -- Up-to-date symlink: /home/khaledob/bookros2_ws/install/br2_tracking_msgs/share/br2_tracking_msgs/environment/path.dsv
[10.122s] -- Up-to-date symlink: /home/khaledob/bookros2_ws/install/br2_tracking_msgs/share/br2_tracking_msgs/local_setup.bash
[10.122s] -- Up-to-date symlink: /home/khaledob/bookros2_ws/install/br2_tracking_msgs/share/br2_tracking_msgs/local_setup.sh
[10.122s] -- Up-to-date symlink: /home/khaledob/bookros2_ws/install/br2_tracking_msgs/share/br2_tracking_msgs/local_setup.zsh
[10.122s] -- Up-to-date symlink: /home/khaledob/bookros2_ws/install/br2_tracking_msgs/share/br2_tracking_msgs/local_setup.dsv
[10.535s] -- Symlinking: /home/khaledob/bookros2_ws/install/br2_tracking_msgs/share/br2_tracking_msgs/package.dsv
[10.541s] -- Up-to-date symlink: /home/khaledob/bookros2_ws/install/br2_tracking_msgs/share/ament_index/resource_index/packages/br2_tracking_msgs
[10.541s] -- Up-to-date symlink: /home/khaledob/bookros2_ws/install/br2_tracking_msgs/share/br2_tracking_msgs/cmake/rosidl_cmake-extras.cmake
[10.542s] -- Up-to-date symlink: /home/khaledob/bookros2_ws/install/br2_tracking_msgs/share/br2_tracking_msgs/cmake/ament_cmake_export_dependencies-extras.cmake
[10.542s] -- Up-to-date symlink: /home/khaledob/bookros2_ws/install/br2_tracking_msgs/share/br2_tracking_msgs/cmake/ament_cmake_export_libraries-extras.cmake
[10.542s] -- Up-to-date symlink: /home/khaledob/bookros2_ws/install/br2_tracking_msgs/share/br2_tracking_msgs/cmake/ament_cmake_export_targets-extras.cmake
[10.542s] -- Up-to-date symlink: /home/khaledob/bookros2_ws/install/br2_tracking_msgs/share/br2_tracking_msgs/cmake/ament_cmake_export_include_directories-extras.cmake
[10.542s] -- Up-to-date symlink: /home/khaledob/bookros2_ws/install/br2_tracking_msgs/share/br2_tracking_msgs/cmake/rosidl_cmake_export_typesupport_libraries-extras.cmake
[10.542s] -- Up-to-date symlink: /home/khaledob/bookros2_ws/install/br2_tracking_msgs/share/br2_tracking_msgs/cmake/rosidl_cmake_export_typesupport_targets-extras.cmake
[10.542s] -- Up-to-date symlink: /home/khaledob/bookros2_ws/install/br2_tracking_msgs/share/br2_tracking_msgs/cmake/br2_tracking_msgsConfig.cmake
[10.582s] -- Up-to-date symlink: /home/khaledob/bookros2_ws/install/br2_tracking_msgs/share/br2_tracking_msgs/cmake/br2_tracking_msgsConfig-version.cmake
[10.582s] -- Up-to-date symlink: /home/khaledob/bookros2_ws/install/br2_tracking_msgs/share/br2_tracking_msgs/package.xml
[10.584s] -- Up-to-date: /home/khaledob/bookros2_ws/install/br2_tracking_msgs/lib/libbr2_tracking_msgs__rosidl_generator_c.so
[10.596s] -- Up-to-date: /home/khaledob/bookros2_ws/install/br2_tracking_msgs/lib/libbr2_tracking_msgs__rosidl_typesupport_introspection_c.so
[10.596s] -- Up-to-date: /home/khaledob/bookros2_ws/install/br2_tracking_msgs/lib/libbr2_tracking_msgs__rosidl_typesupport_c.so
[10.596s] -- Up-to-date: /home/khaledob/bookros2_ws/install/br2_tracking_msgs/lib/libbr2_tracking_msgs__rosidl_typesupport_introspection_cpp.so
[10.669s] -- Up-to-date: /home/khaledob/bookros2_ws/install/br2_tracking_msgs/lib/libbr2_tracking_msgs__rosidl_typesupport_cpp.so
[11.350s] -- Up-to-date: /home/khaledob/bookros2_ws/install/br2_tracking_msgs/share/br2_tracking_msgs/cmake/br2_tracking_msgs__rosidl_generator_cExport.cmake
[11.350s] -- Up-to-date: /home/khaledob/bookros2_ws/install/br2_tracking_msgs/share/br2_tracking_msgs/cmake/br2_tracking_msgs__rosidl_generator_cExport-noconfig.cmake
[11.350s] -- Up-to-date: /home/khaledob/bookros2_ws/install/br2_tracking_msgs/share/br2_tracking_msgs/cmake/br2_tracking_msgs__rosidl_typesupport_introspection_cExport.cmake
[11.350s] -- Up-to-date: /home/khaledob/bookros2_ws/install/br2_tracking_msgs/share/br2_tracking_msgs/cmake/br2_tracking_msgs__rosidl_typesupport_introspection_cExport-noconfig.cmake
[11.351s] -- Up-to-date: /home/khaledob/bookros2_ws/install/br2_tracking_msgs/share/br2_tracking_msgs/cmake/br2_tracking_msgs__rosidl_typesupport_cExport.cmake
[11.351s] -- Up-to-date: /home/khaledob/bookros2_ws/install/br2_tracking_msgs/share/br2_tracking_msgs/cmake/br2_tracking_msgs__rosidl_typesupport_cExport-noconfig.cmake
[11.351s] -- Up-to-date: /home/khaledob/bookros2_ws/install/br2_tracking_msgs/share/br2_tracking_msgs/cmake/br2_tracking_msgs__rosidl_generator_cppExport.cmake
[11.351s] -- Up-to-date: /home/khaledob/bookros2_ws/install/br2_tracking_msgs/share/br2_tracking_msgs/cmake/br2_tracking_msgs__rosidl_typesupport_introspection_cppExport.cmake
[11.351s] -- Up-to-date: /home/khaledob/bookros2_ws/install/br2_tracking_msgs/share/br2_tracking_msgs/cmake/br2_tracking_msgs__rosidl_typesupport_introspection_cppExport-noconfig.cmake
[11.351s] -- Up-to-date: /home/khaledob/bookros2_ws/install/br2_tracking_msgs/share/br2_tracking_msgs/cmake/br2_tracking_msgs__rosidl_typesupport_cppExport.cmake
[11.351s] -- Up-to-date: /home/khaledob/bookros2_ws/install/br2_tracking_msgs/share/br2_tracking_msgs/cmake/br2_tracking_msgs__rosidl_typesupport_cppExport-noconfig.cmake
[11.355s] Invoked command in '/home/khaledob/bookros2_ws/build/br2_tracking_msgs' returned '0': CMAKE_PREFIX_PATH=/opt/ros/foxy /usr/bin/cmake --install /home/khaledob/bookros2_ws/build/br2_tracking_msgs
