[0.260s] Invoking command in '/home/khaledob/bookros2_ws/build/velocity_controllers': AMENT_PREFIX_PATH=/home/khaledob/bookros2_ws/install/forward_command_controller:/home/khaledob/bookros2_ws/install/controller_manager:/home/khaledob/bookros2_ws/install/controller_interface:/home/khaledob/bookros2_ws/install/hardware_interface:/home/khaledob/bookros2_ws/install/ros2_control_test_assets:/home/khaledob/bookros2_ws/install/controller_manager_msgs:${AMENT_PREFIX_PATH} CMAKE_PREFIX_PATH=/home/khaledob/bookros2_ws/install/forward_command_controller:/home/khaledob/bookros2_ws/install/controller_manager:/home/khaledob/bookros2_ws/install/controller_interface:/home/khaledob/bookros2_ws/install/hardware_interface:/home/khaledob/bookros2_ws/install/ros2_control_test_assets:/home/khaledob/bookros2_ws/install/controller_manager_msgs:/opt/ros/foxy LD_LIBRARY_PATH=/home/khaledob/bookros2_ws/install/forward_command_controller/lib:/home/khaledob/bookros2_ws/install/controller_manager/lib:/home/khaledob/bookros2_ws/install/controller_interface/lib:/home/khaledob/bookros2_ws/install/hardware_interface/lib:/home/khaledob/bookros2_ws/install/controller_manager_msgs/lib:${LD_LIBRARY_PATH} PYTHONPATH=/home/khaledob/bookros2_ws/install/controller_manager/lib/python3.8/site-packages:/home/khaledob/bookros2_ws/install/controller_manager_msgs/lib/python3.8/site-packages:${PYTHONPATH} /usr/bin/cmake --build /home/khaledob/bookros2_ws/build/velocity_controllers -- -j7 -l7
[0.405s] [ 27%] Built target gmock
[0.439s] [ 45%] Built target gmock_main
[0.537s] [ 63%] Built target velocity_controllers
[0.656s] [ 81%] Built target test_load_joint_group_velocity_controller
[0.674s] [100%] Built target test_joint_group_velocity_controller
[0.760s] Invoked command in '/home/khaledob/bookros2_ws/build/velocity_controllers' returned '0': AMENT_PREFIX_PATH=/home/khaledob/bookros2_ws/install/forward_command_controller:/home/khaledob/bookros2_ws/install/controller_manager:/home/khaledob/bookros2_ws/install/controller_interface:/home/khaledob/bookros2_ws/install/hardware_interface:/home/khaledob/bookros2_ws/install/ros2_control_test_assets:/home/khaledob/bookros2_ws/install/controller_manager_msgs:${AMENT_PREFIX_PATH} CMAKE_PREFIX_PATH=/home/khaledob/bookros2_ws/install/forward_command_controller:/home/khaledob/bookros2_ws/install/controller_manager:/home/khaledob/bookros2_ws/install/controller_interface:/home/khaledob/bookros2_ws/install/hardware_interface:/home/khaledob/bookros2_ws/install/ros2_control_test_assets:/home/khaledob/bookros2_ws/install/controller_manager_msgs:/opt/ros/foxy LD_LIBRARY_PATH=/home/khaledob/bookros2_ws/install/forward_command_controller/lib:/home/khaledob/bookros2_ws/install/controller_manager/lib:/home/khaledob/bookros2_ws/install/controller_interface/lib:/home/khaledob/bookros2_ws/install/hardware_interface/lib:/home/khaledob/bookros2_ws/install/controller_manager_msgs/lib:${LD_LIBRARY_PATH} PYTHONPATH=/home/khaledob/bookros2_ws/install/controller_manager/lib/python3.8/site-packages:/home/khaledob/bookros2_ws/install/controller_manager_msgs/lib/python3.8/site-packages:${PYTHONPATH} /usr/bin/cmake --build /home/khaledob/bookros2_ws/build/velocity_controllers -- -j7 -l7
[0.767s] Invoking command in '/home/khaledob/bookros2_ws/build/velocity_controllers': AMENT_PREFIX_PATH=/home/khaledob/bookros2_ws/install/forward_command_controller:/home/khaledob/bookros2_ws/install/controller_manager:/home/khaledob/bookros2_ws/install/controller_interface:/home/khaledob/bookros2_ws/install/hardware_interface:/home/khaledob/bookros2_ws/install/ros2_control_test_assets:/home/khaledob/bookros2_ws/install/controller_manager_msgs:${AMENT_PREFIX_PATH} CMAKE_PREFIX_PATH=/home/khaledob/bookros2_ws/install/forward_command_controller:/home/khaledob/bookros2_ws/install/controller_manager:/home/khaledob/bookros2_ws/install/controller_interface:/home/khaledob/bookros2_ws/install/hardware_interface:/home/khaledob/bookros2_ws/install/ros2_control_test_assets:/home/khaledob/bookros2_ws/install/controller_manager_msgs:/opt/ros/foxy LD_LIBRARY_PATH=/home/khaledob/bookros2_ws/install/forward_command_controller/lib:/home/khaledob/bookros2_ws/install/controller_manager/lib:/home/khaledob/bookros2_ws/install/controller_interface/lib:/home/khaledob/bookros2_ws/install/hardware_interface/lib:/home/khaledob/bookros2_ws/install/controller_manager_msgs/lib:${LD_LIBRARY_PATH} PYTHONPATH=/home/khaledob/bookros2_ws/install/controller_manager/lib/python3.8/site-packages:/home/khaledob/bookros2_ws/install/controller_manager_msgs/lib/python3.8/site-packages:${PYTHONPATH} /usr/bin/cmake --install /home/khaledob/bookros2_ws/build/velocity_controllers
[0.838s] -- Install configuration: ""
[0.839s] -- Execute custom install script
[0.840s] -- Up-to-date symlink: /home/khaledob/bookros2_ws/install/velocity_controllers/share/velocity_controllers//velocity_controllers_plugins.xml
[0.840s] -- Up-to-date symlink: /home/khaledob/bookros2_ws/install/velocity_controllers/include/velocity_controllers/joint_group_velocity_controller.hpp
[0.841s] -- Up-to-date symlink: /home/khaledob/bookros2_ws/install/velocity_controllers/include/velocity_controllers/visibility_control.h
[0.841s] -- Up-to-date symlink: /home/khaledob/bookros2_ws/install/velocity_controllers/lib/libvelocity_controllers.so
[0.842s] -- Up-to-date symlink: /home/khaledob/bookros2_ws/install/velocity_controllers/share/velocity_controllers/environment/library_path.sh
[0.842s] -- Up-to-date symlink: /home/khaledob/bookros2_ws/install/velocity_controllers/share/velocity_controllers/environment/library_path.dsv
[0.844s] -- Up-to-date symlink: /home/khaledob/bookros2_ws/install/velocity_controllers/share/ament_index/resource_index/package_run_dependencies/velocity_controllers
[0.845s] -- Up-to-date symlink: /home/khaledob/bookros2_ws/install/velocity_controllers/share/ament_index/resource_index/parent_prefix_path/velocity_controllers
[0.845s] -- Up-to-date symlink: /home/khaledob/bookros2_ws/install/velocity_controllers/share/velocity_controllers/environment/ament_prefix_path.sh
[0.846s] -- Up-to-date symlink: /home/khaledob/bookros2_ws/install/velocity_controllers/share/velocity_controllers/environment/ament_prefix_path.dsv
[0.846s] -- Up-to-date symlink: /home/khaledob/bookros2_ws/install/velocity_controllers/share/velocity_controllers/environment/path.sh
[0.846s] -- Up-to-date symlink: /home/khaledob/bookros2_ws/install/velocity_controllers/share/velocity_controllers/environment/path.dsv
[0.846s] -- Up-to-date symlink: /home/khaledob/bookros2_ws/install/velocity_controllers/share/velocity_controllers/local_setup.bash
[0.846s] -- Up-to-date symlink: /home/khaledob/bookros2_ws/install/velocity_controllers/share/velocity_controllers/local_setup.sh
[0.847s] -- Up-to-date symlink: /home/khaledob/bookros2_ws/install/velocity_controllers/share/velocity_controllers/local_setup.zsh
[0.847s] -- Up-to-date symlink: /home/khaledob/bookros2_ws/install/velocity_controllers/share/velocity_controllers/local_setup.dsv
[0.847s] -- Symlinking: /home/khaledob/bookros2_ws/install/velocity_controllers/share/velocity_controllers/package.dsv
[0.847s] -- Up-to-date symlink: /home/khaledob/bookros2_ws/install/velocity_controllers/share/ament_index/resource_index/packages/velocity_controllers
[0.847s] -- Up-to-date symlink: /home/khaledob/bookros2_ws/install/velocity_controllers/share/ament_index/resource_index/controller_interface__pluginlib__plugin/velocity_controllers
[0.848s] -- Up-to-date symlink: /home/khaledob/bookros2_ws/install/velocity_controllers/share/velocity_controllers/cmake/ament_cmake_export_dependencies-extras.cmake
[0.848s] -- Up-to-date symlink: /home/khaledob/bookros2_ws/install/velocity_controllers/share/velocity_controllers/cmake/ament_cmake_export_include_directories-extras.cmake
[0.848s] -- Up-to-date symlink: /home/khaledob/bookros2_ws/install/velocity_controllers/share/velocity_controllers/cmake/ament_cmake_export_libraries-extras.cmake
[0.848s] -- Up-to-date symlink: /home/khaledob/bookros2_ws/install/velocity_controllers/share/velocity_controllers/cmake/velocity_controllersConfig.cmake
[0.848s] -- Up-to-date symlink: /home/khaledob/bookros2_ws/install/velocity_controllers/share/velocity_controllers/cmake/velocity_controllersConfig-version.cmake
[0.849s] -- Up-to-date symlink: /home/khaledob/bookros2_ws/install/velocity_controllers/share/velocity_controllers/package.xml
[0.915s] Invoked command in '/home/khaledob/bookros2_ws/build/velocity_controllers' returned '0': AMENT_PREFIX_PATH=/home/khaledob/bookros2_ws/install/forward_command_controller:/home/khaledob/bookros2_ws/install/controller_manager:/home/khaledob/bookros2_ws/install/controller_interface:/home/khaledob/bookros2_ws/install/hardware_interface:/home/khaledob/bookros2_ws/install/ros2_control_test_assets:/home/khaledob/bookros2_ws/install/controller_manager_msgs:${AMENT_PREFIX_PATH} CMAKE_PREFIX_PATH=/home/khaledob/bookros2_ws/install/forward_command_controller:/home/khaledob/bookros2_ws/install/controller_manager:/home/khaledob/bookros2_ws/install/controller_interface:/home/khaledob/bookros2_ws/install/hardware_interface:/home/khaledob/bookros2_ws/install/ros2_control_test_assets:/home/khaledob/bookros2_ws/install/controller_manager_msgs:/opt/ros/foxy LD_LIBRARY_PATH=/home/khaledob/bookros2_ws/install/forward_command_controller/lib:/home/khaledob/bookros2_ws/install/controller_manager/lib:/home/khaledob/bookros2_ws/install/controller_interface/lib:/home/khaledob/bookros2_ws/install/hardware_interface/lib:/home/khaledob/bookros2_ws/install/controller_manager_msgs/lib:${LD_LIBRARY_PATH} PYTHONPATH=/home/khaledob/bookros2_ws/install/controller_manager/lib/python3.8/site-packages:/home/khaledob/bookros2_ws/install/controller_manager_msgs/lib/python3.8/site-packages:${PYTHONPATH} /usr/bin/cmake --install /home/khaledob/bookros2_ws/build/velocity_controllers
