[0.956s] Invoking command in '/home/khaledob/bookros2_ws/build/br2_tf2_detector': CMAKE_PREFIX_PATH=${CMAKE_PREFIX_PATH}:/home/khaledob/bookros2_ws/install/ros2controlcli:/home/khaledob/bookros2_ws/install/launch_pal:/home/khaledob/bookros2_ws/install/br2_fsm_bumpgo_py:/opt/ros/foxy /usr/bin/cmake --build /home/khaledob/bookros2_ws/build/br2_tf2_detector -- -j7 -l7
[1.376s] [ 50%] Built target br2_tf2_detector
[1.911s] [ 75%] Built target detector
[2.461s] [100%] Built target detector_improved
[3.370s] Invoked command in '/home/khaledob/bookros2_ws/build/br2_tf2_detector' returned '0': CMAKE_PREFIX_PATH=${CMAKE_PREFIX_PATH}:/home/khaledob/bookros2_ws/install/ros2controlcli:/home/khaledob/bookros2_ws/install/launch_pal:/home/khaledob/bookros2_ws/install/br2_fsm_bumpgo_py:/opt/ros/foxy /usr/bin/cmake --build /home/khaledob/bookros2_ws/build/br2_tf2_detector -- -j7 -l7
[3.374s] Invoking command in '/home/khaledob/bookros2_ws/build/br2_tf2_detector': CMAKE_PREFIX_PATH=${CMAKE_PREFIX_PATH}:/home/khaledob/bookros2_ws/install/ros2controlcli:/home/khaledob/bookros2_ws/install/launch_pal:/home/khaledob/bookros2_ws/install/br2_fsm_bumpgo_py:/opt/ros/foxy /usr/bin/cmake --install /home/khaledob/bookros2_ws/build/br2_tf2_detector
[3.551s] -- Install configuration: ""
[3.552s] -- Execute custom install script
[3.553s] -- Up-to-date symlink: /home/khaledob/bookros2_ws/install/br2_tf2_detector/lib/libbr2_tf2_detector.so
[3.553s] -- Up-to-date symlink: /home/khaledob/bookros2_ws/install/br2_tf2_detector/lib/br2_tf2_detector/detector
[3.555s] -- Up-to-date symlink: /home/khaledob/bookros2_ws/install/br2_tf2_detector/lib/br2_tf2_detector/detector_improved
[3.555s] -- Up-to-date symlink: /home/khaledob/bookros2_ws/install/br2_tf2_detector/share/br2_tf2_detector/launch/detector_basic.launch.py
[3.556s] -- Up-to-date symlink: /home/khaledob/bookros2_ws/install/br2_tf2_detector/share/br2_tf2_detector/launch/detector_improved.launch.py
[3.556s] -- Up-to-date symlink: /home/khaledob/bookros2_ws/install/br2_tf2_detector/share/ament_index/resource_index/package_run_dependencies/br2_tf2_detector
[3.557s] -- Up-to-date symlink: /home/khaledob/bookros2_ws/install/br2_tf2_detector/share/ament_index/resource_index/parent_prefix_path/br2_tf2_detector
[3.570s] -- Up-to-date symlink: /home/khaledob/bookros2_ws/install/br2_tf2_detector/share/br2_tf2_detector/environment/ament_prefix_path.sh
[3.571s] -- Up-to-date symlink: /home/khaledob/bookros2_ws/install/br2_tf2_detector/share/br2_tf2_detector/environment/ament_prefix_path.dsv
[3.580s] -- Up-to-date symlink: /home/khaledob/bookros2_ws/install/br2_tf2_detector/share/br2_tf2_detector/environment/path.sh
[3.581s] -- Up-to-date symlink: /home/khaledob/bookros2_ws/install/br2_tf2_detector/share/br2_tf2_detector/environment/path.dsv
[3.581s] -- Up-to-date symlink: /home/khaledob/bookros2_ws/install/br2_tf2_detector/share/br2_tf2_detector/local_setup.bash
[3.581s] -- Up-to-date symlink: /home/khaledob/bookros2_ws/install/br2_tf2_detector/share/br2_tf2_detector/local_setup.sh
[3.581s] -- Up-to-date symlink: /home/khaledob/bookros2_ws/install/br2_tf2_detector/share/br2_tf2_detector/local_setup.zsh
[3.581s] -- Up-to-date symlink: /home/khaledob/bookros2_ws/install/br2_tf2_detector/share/br2_tf2_detector/local_setup.dsv
[3.590s] -- Symlinking: /home/khaledob/bookros2_ws/install/br2_tf2_detector/share/br2_tf2_detector/package.dsv
[3.591s] -- Up-to-date symlink: /home/khaledob/bookros2_ws/install/br2_tf2_detector/share/ament_index/resource_index/packages/br2_tf2_detector
[3.591s] -- Up-to-date symlink: /home/khaledob/bookros2_ws/install/br2_tf2_detector/share/br2_tf2_detector/cmake/br2_tf2_detectorConfig.cmake
[3.591s] -- Up-to-date symlink: /home/khaledob/bookros2_ws/install/br2_tf2_detector/share/br2_tf2_detector/cmake/br2_tf2_detectorConfig-version.cmake
[3.591s] -- Up-to-date symlink: /home/khaledob/bookros2_ws/install/br2_tf2_detector/share/br2_tf2_detector/package.xml
[4.571s] Invoked command in '/home/khaledob/bookros2_ws/build/br2_tf2_detector' returned '0': CMAKE_PREFIX_PATH=${CMAKE_PREFIX_PATH}:/home/khaledob/bookros2_ws/install/ros2controlcli:/home/khaledob/bookros2_ws/install/launch_pal:/home/khaledob/bookros2_ws/install/br2_fsm_bumpgo_py:/opt/ros/foxy /usr/bin/cmake --install /home/khaledob/bookros2_ws/build/br2_tf2_detector
