[0.424s] Invoking command in '/home/khaledob/bookros2_ws/build/controller_manager': AMENT_PREFIX_PATH=/home/khaledob/bookros2_ws/install/controller_interface:/home/khaledob/bookros2_ws/install/hardware_interface:/home/khaledob/bookros2_ws/install/ros2_control_test_assets:/home/khaledob/bookros2_ws/install/controller_manager_msgs:${AMENT_PREFIX_PATH} CMAKE_PREFIX_PATH=/home/khaledob/bookros2_ws/install/controller_interface:/home/khaledob/bookros2_ws/install/hardware_interface:/home/khaledob/bookros2_ws/install/ros2_control_test_assets:/home/khaledob/bookros2_ws/install/controller_manager_msgs:/opt/ros/foxy LD_LIBRARY_PATH=/home/khaledob/bookros2_ws/install/controller_interface/lib:/home/khaledob/bookros2_ws/install/hardware_interface/lib:/home/khaledob/bookros2_ws/install/controller_manager_msgs/lib:${LD_LIBRARY_PATH} PYTHONPATH=/home/khaledob/bookros2_ws/install/controller_manager_msgs/lib/python3.8/site-packages:${PYTHONPATH} /usr/bin/cmake --build /home/khaledob/bookros2_ws/build/controller_manager -- -j7 -l7
[0.614s] [ 12%] Built target gmock
[0.615s] [ 20%] Built target gmock_main
[0.635s] [ 28%] Built target controller_manager
[0.778s] [ 36%] Built target test_controller
[0.816s] [ 44%] Built target ros2_control_node
[0.870s] [ 52%] Built target test_controller_with_interfaces
[0.887s] [ 60%] Built target test_controller_failed_init
[0.956s] [ 68%] Built target test_spawner_unspawner
[1.001s] [ 76%] Built target test_controller_manager
[1.001s] [ 84%] Built target test_controller_manager_srvs
[1.018s] [ 92%] Built target test_release_interfaces
[1.044s] [100%] Built target test_load_controller
[1.186s] Invoked command in '/home/khaledob/bookros2_ws/build/controller_manager' returned '0': AMENT_PREFIX_PATH=/home/khaledob/bookros2_ws/install/controller_interface:/home/khaledob/bookros2_ws/install/hardware_interface:/home/khaledob/bookros2_ws/install/ros2_control_test_assets:/home/khaledob/bookros2_ws/install/controller_manager_msgs:${AMENT_PREFIX_PATH} CMAKE_PREFIX_PATH=/home/khaledob/bookros2_ws/install/controller_interface:/home/khaledob/bookros2_ws/install/hardware_interface:/home/khaledob/bookros2_ws/install/ros2_control_test_assets:/home/khaledob/bookros2_ws/install/controller_manager_msgs:/opt/ros/foxy LD_LIBRARY_PATH=/home/khaledob/bookros2_ws/install/controller_interface/lib:/home/khaledob/bookros2_ws/install/hardware_interface/lib:/home/khaledob/bookros2_ws/install/controller_manager_msgs/lib:${LD_LIBRARY_PATH} PYTHONPATH=/home/khaledob/bookros2_ws/install/controller_manager_msgs/lib/python3.8/site-packages:${PYTHONPATH} /usr/bin/cmake --build /home/khaledob/bookros2_ws/build/controller_manager -- -j7 -l7
[1.199s] Invoking command in '/home/khaledob/bookros2_ws/build/controller_manager': AMENT_PREFIX_PATH=/home/khaledob/bookros2_ws/install/controller_interface:/home/khaledob/bookros2_ws/install/hardware_interface:/home/khaledob/bookros2_ws/install/ros2_control_test_assets:/home/khaledob/bookros2_ws/install/controller_manager_msgs:${AMENT_PREFIX_PATH} CMAKE_PREFIX_PATH=/home/khaledob/bookros2_ws/install/controller_interface:/home/khaledob/bookros2_ws/install/hardware_interface:/home/khaledob/bookros2_ws/install/ros2_control_test_assets:/home/khaledob/bookros2_ws/install/controller_manager_msgs:/opt/ros/foxy LD_LIBRARY_PATH=/home/khaledob/bookros2_ws/install/controller_interface/lib:/home/khaledob/bookros2_ws/install/hardware_interface/lib:/home/khaledob/bookros2_ws/install/controller_manager_msgs/lib:${LD_LIBRARY_PATH} PYTHONPATH=/home/khaledob/bookros2_ws/install/controller_manager_msgs/lib/python3.8/site-packages:${PYTHONPATH} /usr/bin/cmake --install /home/khaledob/bookros2_ws/build/controller_manager
[1.274s] -- Install configuration: ""
[1.281s] -- Execute custom install script
[1.306s] -- Up-to-date symlink: /home/khaledob/bookros2_ws/install/controller_manager/lib/libcontroller_manager.so
[1.312s] -- Up-to-date symlink: /home/khaledob/bookros2_ws/install/controller_manager/lib/controller_manager/ros2_control_node
[1.322s] -- Up-to-date symlink: /home/khaledob/bookros2_ws/install/controller_manager/include/controller_manager/controller_manager.hpp
[1.330s] -- Up-to-date symlink: /home/khaledob/bookros2_ws/install/controller_manager/include/controller_manager/controller_spec.hpp
[1.332s] -- Up-to-date symlink: /home/khaledob/bookros2_ws/install/controller_manager/include/controller_manager/visibility_control.h
[1.333s] -- Up-to-date symlink: /home/khaledob/bookros2_ws/install/controller_manager/lib/controller_manager/spawner.py
[1.350s] -- Up-to-date symlink: /home/khaledob/bookros2_ws/install/controller_manager/lib/controller_manager/unspawner.py
[1.352s] -- Up-to-date symlink: /home/khaledob/bookros2_ws/install/controller_manager/share/controller_manager/test/test_controller/test_controller.xml
[1.352s] -- Up-to-date symlink: /home/khaledob/bookros2_ws/install/controller_manager/lib/libtest_controller.so
[1.370s] -- Up-to-date symlink: /home/khaledob/bookros2_ws/install/controller_manager/share/controller_manager/test/test_controller_failed_init/test_controller_failed_init.xml
[1.371s] -- Up-to-date symlink: /home/khaledob/bookros2_ws/install/controller_manager/lib/libtest_controller_failed_init.so
[1.391s] -- Up-to-date symlink: /home/khaledob/bookros2_ws/install/controller_manager/share/controller_manager/test/test_controller_with_interfaces/test_controller_with_interfaces.xml
[1.401s] -- Up-to-date symlink: /home/khaledob/bookros2_ws/install/controller_manager/lib/libtest_controller_with_interfaces.so
[1.402s] -- Up-to-date symlink: /home/khaledob/bookros2_ws/install/controller_manager/share/controller_manager/environment/pythonpath.sh
[1.402s] -- Up-to-date symlink: /home/khaledob/bookros2_ws/install/controller_manager/share/controller_manager/environment/pythonpath.dsv
[1.402s] -- Up-to-date symlink: /home/khaledob/bookros2_ws/install/controller_manager/lib/python3.8/site-packages/controller_manager/__init__.py
[1.402s] -- Up-to-date symlink: /home/khaledob/bookros2_ws/install/controller_manager/lib/python3.8/site-packages/controller_manager/controller_manager_services.py
[1.402s] -- Up-to-date symlink: /home/khaledob/bookros2_ws/install/controller_manager/lib/python3.8/site-packages/controller_manager/launch_utils.py
[1.403s] -- Up-to-date symlink: /home/khaledob/bookros2_ws/install/controller_manager/share/controller_manager/environment/library_path.sh
[1.403s] -- Up-to-date symlink: /home/khaledob/bookros2_ws/install/controller_manager/share/controller_manager/environment/library_path.dsv
[1.403s] -- Up-to-date symlink: /home/khaledob/bookros2_ws/install/controller_manager/share/ament_index/resource_index/package_run_dependencies/controller_manager
[1.403s] -- Up-to-date symlink: /home/khaledob/bookros2_ws/install/controller_manager/share/ament_index/resource_index/parent_prefix_path/controller_manager
[1.403s] -- Up-to-date symlink: /home/khaledob/bookros2_ws/install/controller_manager/share/controller_manager/environment/ament_prefix_path.sh
[1.406s] -- Up-to-date symlink: /home/khaledob/bookros2_ws/install/controller_manager/share/controller_manager/environment/ament_prefix_path.dsv
[1.406s] -- Up-to-date symlink: /home/khaledob/bookros2_ws/install/controller_manager/share/controller_manager/environment/path.sh
[1.406s] -- Up-to-date symlink: /home/khaledob/bookros2_ws/install/controller_manager/share/controller_manager/environment/path.dsv
[1.406s] -- Up-to-date symlink: /home/khaledob/bookros2_ws/install/controller_manager/share/controller_manager/local_setup.bash
[1.406s] -- Up-to-date symlink: /home/khaledob/bookros2_ws/install/controller_manager/share/controller_manager/local_setup.sh
[1.407s] -- Up-to-date symlink: /home/khaledob/bookros2_ws/install/controller_manager/share/controller_manager/local_setup.zsh
[1.407s] -- Up-to-date symlink: /home/khaledob/bookros2_ws/install/controller_manager/share/controller_manager/local_setup.dsv
[1.407s] -- Symlinking: /home/khaledob/bookros2_ws/install/controller_manager/share/controller_manager/package.dsv
[1.407s] -- Up-to-date symlink: /home/khaledob/bookros2_ws/install/controller_manager/share/ament_index/resource_index/packages/controller_manager
[1.411s] -- Up-to-date symlink: /home/khaledob/bookros2_ws/install/controller_manager/share/ament_index/resource_index/controller_interface__pluginlib__plugin/controller_manager
[1.411s] -- Up-to-date symlink: /home/khaledob/bookros2_ws/install/controller_manager/share/controller_manager/cmake/ament_cmake_export_libraries-extras.cmake
[1.411s] -- Up-to-date symlink: /home/khaledob/bookros2_ws/install/controller_manager/share/controller_manager/cmake/ament_cmake_export_include_directories-extras.cmake
[1.412s] -- Up-to-date symlink: /home/khaledob/bookros2_ws/install/controller_manager/share/controller_manager/cmake/ament_cmake_export_dependencies-extras.cmake
[1.412s] -- Up-to-date symlink: /home/khaledob/bookros2_ws/install/controller_manager/share/controller_manager/cmake/controller_managerConfig.cmake
[1.412s] -- Up-to-date symlink: /home/khaledob/bookros2_ws/install/controller_manager/share/controller_manager/cmake/controller_managerConfig-version.cmake
[1.412s] -- Up-to-date symlink: /home/khaledob/bookros2_ws/install/controller_manager/share/controller_manager/package.xml
[1.413s] Listing '/home/khaledob/bookros2_ws/install/controller_manager/lib/python3.8/site-packages/controller_manager'...
[1.435s] Invoked command in '/home/khaledob/bookros2_ws/build/controller_manager' returned '0': AMENT_PREFIX_PATH=/home/khaledob/bookros2_ws/install/controller_interface:/home/khaledob/bookros2_ws/install/hardware_interface:/home/khaledob/bookros2_ws/install/ros2_control_test_assets:/home/khaledob/bookros2_ws/install/controller_manager_msgs:${AMENT_PREFIX_PATH} CMAKE_PREFIX_PATH=/home/khaledob/bookros2_ws/install/controller_interface:/home/khaledob/bookros2_ws/install/hardware_interface:/home/khaledob/bookros2_ws/install/ros2_control_test_assets:/home/khaledob/bookros2_ws/install/controller_manager_msgs:/opt/ros/foxy LD_LIBRARY_PATH=/home/khaledob/bookros2_ws/install/controller_interface/lib:/home/khaledob/bookros2_ws/install/hardware_interface/lib:/home/khaledob/bookros2_ws/install/controller_manager_msgs/lib:${LD_LIBRARY_PATH} PYTHONPATH=/home/khaledob/bookros2_ws/install/controller_manager_msgs/lib/python3.8/site-packages:${PYTHONPATH} /usr/bin/cmake --install /home/khaledob/bookros2_ws/build/controller_manager
