[0.814s] Invoking command in '/home/khaledob/bookros2_ws/build/forward_command_controller': AMENT_PREFIX_PATH=/home/khaledob/bookros2_ws/install/controller_manager:/home/khaledob/bookros2_ws/install/controller_interface:/home/khaledob/bookros2_ws/install/hardware_interface:/home/khaledob/bookros2_ws/install/ros2_control_test_assets:/home/khaledob/bookros2_ws/install/controller_manager_msgs:${AMENT_PREFIX_PATH} CMAKE_PREFIX_PATH=/home/khaledob/bookros2_ws/install/controller_manager:/home/khaledob/bookros2_ws/install/controller_interface:/home/khaledob/bookros2_ws/install/hardware_interface:/home/khaledob/bookros2_ws/install/ros2_control_test_assets:/home/khaledob/bookros2_ws/install/controller_manager_msgs:/opt/ros/foxy LD_LIBRARY_PATH=/home/khaledob/bookros2_ws/install/controller_manager/lib:/home/khaledob/bookros2_ws/install/controller_interface/lib:/home/khaledob/bookros2_ws/install/hardware_interface/lib:/home/khaledob/bookros2_ws/install/controller_manager_msgs/lib:${LD_LIBRARY_PATH} PYTHONPATH=/home/khaledob/bookros2_ws/install/controller_manager/lib/python3.8/site-packages:/home/khaledob/bookros2_ws/install/controller_manager_msgs/lib/python3.8/site-packages:${PYTHONPATH} /usr/bin/cmake --build /home/khaledob/bookros2_ws/build/forward_command_controller -- -j7 -l7
[1.405s] [ 27%] Built target gmock
[1.786s] [ 45%] Built target forward_command_controller
[1.979s] [ 63%] Built target gmock_main
[2.323s] [ 81%] Built target test_load_forward_command_controller
[2.767s] [100%] Built target test_forward_command_controller
[3.121s] Invoked command in '/home/khaledob/bookros2_ws/build/forward_command_controller' returned '0': AMENT_PREFIX_PATH=/home/khaledob/bookros2_ws/install/controller_manager:/home/khaledob/bookros2_ws/install/controller_interface:/home/khaledob/bookros2_ws/install/hardware_interface:/home/khaledob/bookros2_ws/install/ros2_control_test_assets:/home/khaledob/bookros2_ws/install/controller_manager_msgs:${AMENT_PREFIX_PATH} CMAKE_PREFIX_PATH=/home/khaledob/bookros2_ws/install/controller_manager:/home/khaledob/bookros2_ws/install/controller_interface:/home/khaledob/bookros2_ws/install/hardware_interface:/home/khaledob/bookros2_ws/install/ros2_control_test_assets:/home/khaledob/bookros2_ws/install/controller_manager_msgs:/opt/ros/foxy LD_LIBRARY_PATH=/home/khaledob/bookros2_ws/install/controller_manager/lib:/home/khaledob/bookros2_ws/install/controller_interface/lib:/home/khaledob/bookros2_ws/install/hardware_interface/lib:/home/khaledob/bookros2_ws/install/controller_manager_msgs/lib:${LD_LIBRARY_PATH} PYTHONPATH=/home/khaledob/bookros2_ws/install/controller_manager/lib/python3.8/site-packages:/home/khaledob/bookros2_ws/install/controller_manager_msgs/lib/python3.8/site-packages:${PYTHONPATH} /usr/bin/cmake --build /home/khaledob/bookros2_ws/build/forward_command_controller -- -j7 -l7
[3.153s] Invoking command in '/home/khaledob/bookros2_ws/build/forward_command_controller': AMENT_PREFIX_PATH=/home/khaledob/bookros2_ws/install/controller_manager:/home/khaledob/bookros2_ws/install/controller_interface:/home/khaledob/bookros2_ws/install/hardware_interface:/home/khaledob/bookros2_ws/install/ros2_control_test_assets:/home/khaledob/bookros2_ws/install/controller_manager_msgs:${AMENT_PREFIX_PATH} CMAKE_PREFIX_PATH=/home/khaledob/bookros2_ws/install/controller_manager:/home/khaledob/bookros2_ws/install/controller_interface:/home/khaledob/bookros2_ws/install/hardware_interface:/home/khaledob/bookros2_ws/install/ros2_control_test_assets:/home/khaledob/bookros2_ws/install/controller_manager_msgs:/opt/ros/foxy LD_LIBRARY_PATH=/home/khaledob/bookros2_ws/install/controller_manager/lib:/home/khaledob/bookros2_ws/install/controller_interface/lib:/home/khaledob/bookros2_ws/install/hardware_interface/lib:/home/khaledob/bookros2_ws/install/controller_manager_msgs/lib:${LD_LIBRARY_PATH} PYTHONPATH=/home/khaledob/bookros2_ws/install/controller_manager/lib/python3.8/site-packages:/home/khaledob/bookros2_ws/install/controller_manager_msgs/lib/python3.8/site-packages:${PYTHONPATH} /usr/bin/cmake --install /home/khaledob/bookros2_ws/build/forward_command_controller
[4.110s] -- Install configuration: ""
[4.112s] -- Execute custom install script
[4.113s] -- Up-to-date symlink: /home/khaledob/bookros2_ws/install/forward_command_controller/share/forward_command_controller//forward_command_plugin.xml
[4.134s] -- Up-to-date symlink: /home/khaledob/bookros2_ws/install/forward_command_controller/include/forward_command_controller/forward_command_controller.hpp
[4.138s] -- Up-to-date symlink: /home/khaledob/bookros2_ws/install/forward_command_controller/include/forward_command_controller/visibility_control.h
[4.138s] -- Up-to-date symlink: /home/khaledob/bookros2_ws/install/forward_command_controller/lib/libforward_command_controller.so
[4.138s] -- Up-to-date symlink: /home/khaledob/bookros2_ws/install/forward_command_controller/share/forward_command_controller/environment/library_path.sh
[4.138s] -- Up-to-date symlink: /home/khaledob/bookros2_ws/install/forward_command_controller/share/forward_command_controller/environment/library_path.dsv
[4.138s] -- Up-to-date symlink: /home/khaledob/bookros2_ws/install/forward_command_controller/share/ament_index/resource_index/package_run_dependencies/forward_command_controller
[4.138s] -- Up-to-date symlink: /home/khaledob/bookros2_ws/install/forward_command_controller/share/ament_index/resource_index/parent_prefix_path/forward_command_controller
[4.138s] -- Up-to-date symlink: /home/khaledob/bookros2_ws/install/forward_command_controller/share/forward_command_controller/environment/ament_prefix_path.sh
[4.139s] -- Up-to-date symlink: /home/khaledob/bookros2_ws/install/forward_command_controller/share/forward_command_controller/environment/ament_prefix_path.dsv
[4.139s] -- Up-to-date symlink: /home/khaledob/bookros2_ws/install/forward_command_controller/share/forward_command_controller/environment/path.sh
[4.139s] -- Up-to-date symlink: /home/khaledob/bookros2_ws/install/forward_command_controller/share/forward_command_controller/environment/path.dsv
[4.139s] -- Up-to-date symlink: /home/khaledob/bookros2_ws/install/forward_command_controller/share/forward_command_controller/local_setup.bash
[4.139s] -- Up-to-date symlink: /home/khaledob/bookros2_ws/install/forward_command_controller/share/forward_command_controller/local_setup.sh
[4.140s] -- Up-to-date symlink: /home/khaledob/bookros2_ws/install/forward_command_controller/share/forward_command_controller/local_setup.zsh
[4.141s] -- Up-to-date symlink: /home/khaledob/bookros2_ws/install/forward_command_controller/share/forward_command_controller/local_setup.dsv
[4.141s] -- Symlinking: /home/khaledob/bookros2_ws/install/forward_command_controller/share/forward_command_controller/package.dsv
[4.152s] -- Up-to-date symlink: /home/khaledob/bookros2_ws/install/forward_command_controller/share/ament_index/resource_index/packages/forward_command_controller
[4.152s] -- Up-to-date symlink: /home/khaledob/bookros2_ws/install/forward_command_controller/share/ament_index/resource_index/controller_interface__pluginlib__plugin/forward_command_controller
[4.153s] -- Up-to-date symlink: /home/khaledob/bookros2_ws/install/forward_command_controller/share/forward_command_controller/cmake/ament_cmake_export_dependencies-extras.cmake
[4.153s] -- Up-to-date symlink: /home/khaledob/bookros2_ws/install/forward_command_controller/share/forward_command_controller/cmake/ament_cmake_export_include_directories-extras.cmake
[4.153s] -- Up-to-date symlink: /home/khaledob/bookros2_ws/install/forward_command_controller/share/forward_command_controller/cmake/ament_cmake_export_libraries-extras.cmake
[4.154s] -- Up-to-date symlink: /home/khaledob/bookros2_ws/install/forward_command_controller/share/forward_command_controller/cmake/forward_command_controllerConfig.cmake
[4.155s] -- Up-to-date symlink: /home/khaledob/bookros2_ws/install/forward_command_controller/share/forward_command_controller/cmake/forward_command_controllerConfig-version.cmake
[4.155s] -- Up-to-date symlink: /home/khaledob/bookros2_ws/install/forward_command_controller/share/forward_command_controller/package.xml
[4.192s] Invoked command in '/home/khaledob/bookros2_ws/build/forward_command_controller' returned '0': AMENT_PREFIX_PATH=/home/khaledob/bookros2_ws/install/controller_manager:/home/khaledob/bookros2_ws/install/controller_interface:/home/khaledob/bookros2_ws/install/hardware_interface:/home/khaledob/bookros2_ws/install/ros2_control_test_assets:/home/khaledob/bookros2_ws/install/controller_manager_msgs:${AMENT_PREFIX_PATH} CMAKE_PREFIX_PATH=/home/khaledob/bookros2_ws/install/controller_manager:/home/khaledob/bookros2_ws/install/controller_interface:/home/khaledob/bookros2_ws/install/hardware_interface:/home/khaledob/bookros2_ws/install/ros2_control_test_assets:/home/khaledob/bookros2_ws/install/controller_manager_msgs:/opt/ros/foxy LD_LIBRARY_PATH=/home/khaledob/bookros2_ws/install/controller_manager/lib:/home/khaledob/bookros2_ws/install/controller_interface/lib:/home/khaledob/bookros2_ws/install/hardware_interface/lib:/home/khaledob/bookros2_ws/install/controller_manager_msgs/lib:${LD_LIBRARY_PATH} PYTHONPATH=/home/khaledob/bookros2_ws/install/controller_manager/lib/python3.8/site-packages:/home/khaledob/bookros2_ws/install/controller_manager_msgs/lib/python3.8/site-packages:${PYTHONPATH} /usr/bin/cmake --install /home/khaledob/bookros2_ws/build/forward_command_controller
