[0.077s] Invoking command in '/home/khaledob/bookros2_ws/build/t1': CMAKE_PREFIX_PATH=${CMAKE_PREFIX_PATH}:/home/khaledob/bookros2_ws/install/ros2controlcli:/home/khaledob/bookros2_ws/install/launch_pal:/home/khaledob/bookros2_ws/install/br2_fsm_bumpgo_py:/home/khaledob/install/ros2controlcli:/home/khaledob/install/launch_pal:/home/khaledob/install/br2_fsm_bumpgo_py:/opt/ros/foxy /usr/bin/cmake /home/khaledob/bookros2_ws/src/t1 -DCMAKE_INSTALL_PREFIX=/home/khaledob/bookros2_ws/install/t1
[0.189s] -- Found ament_cmake: 0.9.12 (/opt/ros/foxy/share/ament_cmake/cmake)
[0.278s] -- Using PYTHON_EXECUTABLE: /usr/bin/python3
[0.764s] -- Override CMake install command with custom implementation using symlinks instead of copying resources
[0.782s] -- Found rclcpp: 2.4.3 (/opt/ros/foxy/share/rclcpp/cmake)
[0.895s] -- Using all available rosidl_typesupport_c: rosidl_typesupport_fastrtps_c;rosidl_typesupport_introspection_c
[0.913s] -- Found rosidl_adapter: 1.3.1 (/opt/ros/foxy/share/rosidl_adapter/cmake)
[1.260s] -- Using all available rosidl_typesupport_cpp: rosidl_typesupport_fastrtps_cpp;rosidl_typesupport_introspection_cpp
[1.396s] -- Found rmw_implementation_cmake: 1.0.4 (/opt/ros/foxy/share/rmw_implementation_cmake/cmake)
[1.417s] -- Using RMW implementation 'rmw_fastrtps_cpp' as default
[1.746s] -- Found sensor_msgs: 2.0.5 (/opt/ros/foxy/share/sensor_msgs/cmake)
[2.049s] -- Found ament_lint_auto: 0.9.8 (/opt/ros/foxy/share/ament_lint_auto/cmake)
[2.316s] -- Added test 'copyright' to check source files copyright and LICENSE
[2.318s] -- Added test 'cppcheck' to perform static code analysis on C / C++ code
[2.319s] -- Configured cppcheck include dirs: /home/khaledob/bookros2_ws/src/t1/include
[2.320s] -- Configured cppcheck exclude dirs and/or files: 
[2.324s] -- Added test 'cpplint' to check C / C++ code against the Google style
[2.325s] -- Configured cpplint exclude dirs and/or files: 
[2.325s] -- Added test 'flake8' to check Python code syntax and style conventions
[2.326s] -- Added test 'lint_cmake' to check CMake code style
[2.328s] -- Added test 'pep257' to check Python code against some of the style conventions in PEP 257
[2.329s] -- Added test 'uncrustify' to check C / C++ code style
[2.329s] -- Configured uncrustify additional arguments: 
[2.330s] -- Added test 'xmllint' to check XML markup files
[2.340s] -- Configuring done
[2.370s] -- Generating done
[2.392s] -- Build files have been written to: /home/khaledob/bookros2_ws/build/t1
[2.421s] Invoked command in '/home/khaledob/bookros2_ws/build/t1' returned '0': CMAKE_PREFIX_PATH=${CMAKE_PREFIX_PATH}:/home/khaledob/bookros2_ws/install/ros2controlcli:/home/khaledob/bookros2_ws/install/launch_pal:/home/khaledob/bookros2_ws/install/br2_fsm_bumpgo_py:/home/khaledob/install/ros2controlcli:/home/khaledob/install/launch_pal:/home/khaledob/install/br2_fsm_bumpgo_py:/opt/ros/foxy /usr/bin/cmake /home/khaledob/bookros2_ws/src/t1 -DCMAKE_INSTALL_PREFIX=/home/khaledob/bookros2_ws/install/t1
[2.424s] Invoking command in '/home/khaledob/bookros2_ws/build/t1': CMAKE_PREFIX_PATH=${CMAKE_PREFIX_PATH}:/home/khaledob/bookros2_ws/install/ros2controlcli:/home/khaledob/bookros2_ws/install/launch_pal:/home/khaledob/bookros2_ws/install/br2_fsm_bumpgo_py:/home/khaledob/install/ros2controlcli:/home/khaledob/install/launch_pal:/home/khaledob/install/br2_fsm_bumpgo_py:/opt/ros/foxy /usr/bin/cmake --build /home/khaledob/bookros2_ws/build/t1 -- -j7 -l7
[2.801s] [100%] Built target bumpgo
[2.872s] Invoked command in '/home/khaledob/bookros2_ws/build/t1' returned '0': CMAKE_PREFIX_PATH=${CMAKE_PREFIX_PATH}:/home/khaledob/bookros2_ws/install/ros2controlcli:/home/khaledob/bookros2_ws/install/launch_pal:/home/khaledob/bookros2_ws/install/br2_fsm_bumpgo_py:/home/khaledob/install/ros2controlcli:/home/khaledob/install/launch_pal:/home/khaledob/install/br2_fsm_bumpgo_py:/opt/ros/foxy /usr/bin/cmake --build /home/khaledob/bookros2_ws/build/t1 -- -j7 -l7
[2.903s] Invoking command in '/home/khaledob/bookros2_ws/build/t1': CMAKE_PREFIX_PATH=${CMAKE_PREFIX_PATH}:/home/khaledob/bookros2_ws/install/ros2controlcli:/home/khaledob/bookros2_ws/install/launch_pal:/home/khaledob/bookros2_ws/install/br2_fsm_bumpgo_py:/home/khaledob/install/ros2controlcli:/home/khaledob/install/launch_pal:/home/khaledob/install/br2_fsm_bumpgo_py:/opt/ros/foxy /usr/bin/cmake --install /home/khaledob/bookros2_ws/build/t1
[2.943s] -- Install configuration: ""
[2.944s] -- Execute custom install script
[2.944s] -- Up-to-date symlink: /home/khaledob/bookros2_ws/install/t1/lib/t1/bumpgo
[2.972s] -- Up-to-date symlink: /home/khaledob/bookros2_ws/install/t1/share/t1/launch/bump_and_go.launch.py
[2.973s] -- Up-to-date symlink: /home/khaledob/bookros2_ws/install/t1/share/ament_index/resource_index/package_run_dependencies/t1
[2.976s] -- Up-to-date symlink: /home/khaledob/bookros2_ws/install/t1/share/ament_index/resource_index/parent_prefix_path/t1
[2.976s] -- Up-to-date symlink: /home/khaledob/bookros2_ws/install/t1/share/t1/environment/ament_prefix_path.sh
[2.976s] -- Up-to-date symlink: /home/khaledob/bookros2_ws/install/t1/share/t1/environment/ament_prefix_path.dsv
[2.976s] -- Up-to-date symlink: /home/khaledob/bookros2_ws/install/t1/share/t1/environment/path.sh
[2.980s] -- Up-to-date symlink: /home/khaledob/bookros2_ws/install/t1/share/t1/environment/path.dsv
[2.981s] -- Up-to-date symlink: /home/khaledob/bookros2_ws/install/t1/share/t1/local_setup.bash
[2.983s] -- Up-to-date symlink: /home/khaledob/bookros2_ws/install/t1/share/t1/local_setup.sh
[2.983s] -- Up-to-date symlink: /home/khaledob/bookros2_ws/install/t1/share/t1/local_setup.zsh
[2.983s] -- Up-to-date symlink: /home/khaledob/bookros2_ws/install/t1/share/t1/local_setup.dsv
[2.984s] -- Symlinking: /home/khaledob/bookros2_ws/install/t1/share/t1/package.dsv
[3.032s] -- Up-to-date symlink: /home/khaledob/bookros2_ws/install/t1/share/ament_index/resource_index/packages/t1
[3.032s] -- Up-to-date symlink: /home/khaledob/bookros2_ws/install/t1/share/t1/cmake/t1Config.cmake
[3.033s] -- Up-to-date symlink: /home/khaledob/bookros2_ws/install/t1/share/t1/cmake/t1Config-version.cmake
[3.034s] -- Up-to-date symlink: /home/khaledob/bookros2_ws/install/t1/share/t1/package.xml
[3.034s] Invoked command in '/home/khaledob/bookros2_ws/build/t1' returned '0': CMAKE_PREFIX_PATH=${CMAKE_PREFIX_PATH}:/home/khaledob/bookros2_ws/install/ros2controlcli:/home/khaledob/bookros2_ws/install/launch_pal:/home/khaledob/bookros2_ws/install/br2_fsm_bumpgo_py:/home/khaledob/install/ros2controlcli:/home/khaledob/install/launch_pal:/home/khaledob/install/br2_fsm_bumpgo_py:/opt/ros/foxy /usr/bin/cmake --install /home/khaledob/bookros2_ws/build/t1
