[0.083s] Invoking command in '/home/khaledob/bookros2_ws/src/build/t1': CMAKE_PREFIX_PATH=/opt/ros/foxy /usr/bin/cmake /home/khaledob/bookros2_ws/src/t1 -DAMENT_CMAKE_SYMLINK_INSTALL=1 -DCMAKE_INSTALL_PREFIX=/home/khaledob/bookros2_ws/src/install/t1
[0.505s] -- Found ament_cmake: 0.9.12 (/opt/ros/foxy/share/ament_cmake/cmake)
[0.506s] -- Using PYTHON_EXECUTABLE: /usr/bin/python3
[0.607s] -- Override CMake install command with custom implementation using symlinks instead of copying resources
[0.649s] -- Found rclcpp: 2.4.3 (/opt/ros/foxy/share/rclcpp/cmake)
[0.726s] -- Using all available rosidl_typesupport_c: rosidl_typesupport_fastrtps_c;rosidl_typesupport_introspection_c
[0.726s] -- Found rosidl_adapter: 1.3.1 (/opt/ros/foxy/share/rosidl_adapter/cmake)
[1.003s] -- Using all available rosidl_typesupport_cpp: rosidl_typesupport_fastrtps_cpp;rosidl_typesupport_introspection_cpp
[1.111s] -- Found rmw_implementation_cmake: 1.0.4 (/opt/ros/foxy/share/rmw_implementation_cmake/cmake)
[1.130s] -- Using RMW implementation 'rmw_fastrtps_cpp' as default
[1.459s] -- Found sensor_msgs: 2.0.5 (/opt/ros/foxy/share/sensor_msgs/cmake)
[1.780s] -- Found ament_lint_auto: 0.9.8 (/opt/ros/foxy/share/ament_lint_auto/cmake)
[2.551s] -- Added test 'copyright' to check source files copyright and LICENSE
[2.566s] -- Added test 'cppcheck' to perform static code analysis on C / C++ code
[2.568s] -- Configured cppcheck include dirs: /home/khaledob/bookros2_ws/src/t1/include
[2.569s] -- Configured cppcheck exclude dirs and/or files: 
[2.572s] -- Added test 'cpplint' to check C / C++ code against the Google style
[2.572s] -- Configured cpplint exclude dirs and/or files: 
[2.575s] -- Added test 'flake8' to check Python code syntax and style conventions
[2.581s] -- Added test 'lint_cmake' to check CMake code style
[2.582s] -- Added test 'pep257' to check Python code against some of the style conventions in PEP 257
[2.584s] -- Added test 'uncrustify' to check C / C++ code style
[2.585s] -- Configured uncrustify additional arguments: 
[2.646s] -- Added test 'xmllint' to check XML markup files
[2.654s] -- Configuring done
[2.694s] CMake Error at CMakeLists.txt:19 (add_executable):
[2.694s]   Cannot find source file:
[2.694s] 
[2.694s]     src/br2_fsm_bumpgo_cpp/BumpGoNode.cpp
[2.694s] 
[2.695s]   Tried extensions .c .C .c++ .cc .cpp .cxx .cu .m .M .mm .h .hh .h++ .hm
[2.695s]   .hpp .hxx .in .txx
[2.695s] 
[2.695s] 
[2.695s] CMake Error at CMakeLists.txt:19 (add_executable):
[2.695s]   No SOURCES given to target: bumpgo
[2.695s] 
[2.696s] 
[2.696s] CMake Generate step failed.  Build files cannot be regenerated correctly.
[2.708s] Invoked command in '/home/khaledob/bookros2_ws/src/build/t1' returned '1': CMAKE_PREFIX_PATH=/opt/ros/foxy /usr/bin/cmake /home/khaledob/bookros2_ws/src/t1 -DAMENT_CMAKE_SYMLINK_INSTALL=1 -DCMAKE_INSTALL_PREFIX=/home/khaledob/bookros2_ws/src/install/t1
