[0.558s] Invoking command in '/home/khaledob/bookros2_ws/build/tiago_bringup': AMENT_PREFIX_PATH=/home/khaledob/bookros2_ws/install/pmb2_bringup:/home/khaledob/bookros2_ws/install/tiago_controller_configuration:/home/khaledob/bookros2_ws/install/pmb2_description:/home/khaledob/bookros2_ws/install/pmb2_controller_configuration:/home/khaledob/bookros2_ws/install/pal_gripper_controller_configuration:/home/khaledob/bookros2_ws/install/position_controllers:/home/khaledob/bookros2_ws/install/joint_state_controller:/home/khaledob/bookros2_ws/install/joint_trajectory_controller:/home/khaledob/bookros2_ws/install/joint_state_broadcaster:/home/khaledob/bookros2_ws/install/imu_sensor_broadcaster:/home/khaledob/bookros2_ws/install/forward_command_controller:/home/khaledob/bookros2_ws/install/diff_drive_controller:/home/khaledob/bookros2_ws/install/controller_manager:/home/khaledob/bookros2_ws/install/controller_interface:/home/khaledob/bookros2_ws/install/hardware_interface:/home/khaledob/bookros2_ws/install/urdf_test:/home/khaledob/bookros2_ws/install/twist_mux:/home/khaledob/bookros2_ws/install/ros2_control_test_assets:/home/khaledob/bookros2_ws/install/launch_pal:/home/khaledob/bookros2_ws/install/controller_manager_msgs:${AMENT_PREFIX_PATH} CMAKE_PREFIX_PATH=/home/khaledob/bookros2_ws/install/pmb2_bringup:/home/khaledob/bookros2_ws/install/tiago_controller_configuration:/home/khaledob/bookros2_ws/install/pmb2_description:/home/khaledob/bookros2_ws/install/pmb2_controller_configuration:/home/khaledob/bookros2_ws/install/pal_gripper_controller_configuration:/home/khaledob/bookros2_ws/install/position_controllers:/home/khaledob/bookros2_ws/install/joint_state_controller:/home/khaledob/bookros2_ws/install/joint_trajectory_controller:/home/khaledob/bookros2_ws/install/joint_state_broadcaster:/home/khaledob/bookros2_ws/install/imu_sensor_broadcaster:/home/khaledob/bookros2_ws/install/forward_command_controller:/home/khaledob/bookros2_ws/install/diff_drive_controller:/home/khaledob/bookros2_ws/install/controller_manager:/home/khaledob/bookros2_ws/install/controller_interface:/home/khaledob/bookros2_ws/install/hardware_interface:/home/khaledob/bookros2_ws/install/urdf_test:/home/khaledob/bookros2_ws/install/twist_mux:/home/khaledob/bookros2_ws/install/ros2_control_test_assets:/home/khaledob/bookros2_ws/install/controller_manager_msgs:/opt/ros/foxy LD_LIBRARY_PATH=/home/khaledob/bookros2_ws/install/position_controllers/lib:/home/khaledob/bookros2_ws/install/joint_state_controller/lib:/home/khaledob/bookros2_ws/install/joint_trajectory_controller/lib:/home/khaledob/bookros2_ws/install/joint_state_broadcaster/lib:/home/khaledob/bookros2_ws/install/imu_sensor_broadcaster/lib:/home/khaledob/bookros2_ws/install/forward_command_controller/lib:/home/khaledob/bookros2_ws/install/diff_drive_controller/lib:/home/khaledob/bookros2_ws/install/controller_manager/lib:/home/khaledob/bookros2_ws/install/controller_interface/lib:/home/khaledob/bookros2_ws/install/hardware_interface/lib:/home/khaledob/bookros2_ws/install/controller_manager_msgs/lib:${LD_LIBRARY_PATH} PYTHONPATH=/home/khaledob/bookros2_ws/install/pmb2_description/lib/python3.8/site-packages:/home/khaledob/bookros2_ws/install/controller_manager/lib/python3.8/site-packages:/home/khaledob/bookros2_ws/install/urdf_test/lib/python3.8/site-packages:/home/khaledob/bookros2_ws/build/launch_pal:/home/khaledob/bookros2_ws/install/launch_pal/lib/python3.8/site-packages:/home/khaledob/bookros2_ws/install/controller_manager_msgs/lib/python3.8/site-packages:${PYTHONPATH} /usr/bin/cmake --build /home/khaledob/bookros2_ws/build/tiago_bringup -- -j7 -l7
[0.731s] Invoked command in '/home/khaledob/bookros2_ws/build/tiago_bringup' returned '0': AMENT_PREFIX_PATH=/home/khaledob/bookros2_ws/install/pmb2_bringup:/home/khaledob/bookros2_ws/install/tiago_controller_configuration:/home/khaledob/bookros2_ws/install/pmb2_description:/home/khaledob/bookros2_ws/install/pmb2_controller_configuration:/home/khaledob/bookros2_ws/install/pal_gripper_controller_configuration:/home/khaledob/bookros2_ws/install/position_controllers:/home/khaledob/bookros2_ws/install/joint_state_controller:/home/khaledob/bookros2_ws/install/joint_trajectory_controller:/home/khaledob/bookros2_ws/install/joint_state_broadcaster:/home/khaledob/bookros2_ws/install/imu_sensor_broadcaster:/home/khaledob/bookros2_ws/install/forward_command_controller:/home/khaledob/bookros2_ws/install/diff_drive_controller:/home/khaledob/bookros2_ws/install/controller_manager:/home/khaledob/bookros2_ws/install/controller_interface:/home/khaledob/bookros2_ws/install/hardware_interface:/home/khaledob/bookros2_ws/install/urdf_test:/home/khaledob/bookros2_ws/install/twist_mux:/home/khaledob/bookros2_ws/install/ros2_control_test_assets:/home/khaledob/bookros2_ws/install/launch_pal:/home/khaledob/bookros2_ws/install/controller_manager_msgs:${AMENT_PREFIX_PATH} CMAKE_PREFIX_PATH=/home/khaledob/bookros2_ws/install/pmb2_bringup:/home/khaledob/bookros2_ws/install/tiago_controller_configuration:/home/khaledob/bookros2_ws/install/pmb2_description:/home/khaledob/bookros2_ws/install/pmb2_controller_configuration:/home/khaledob/bookros2_ws/install/pal_gripper_controller_configuration:/home/khaledob/bookros2_ws/install/position_controllers:/home/khaledob/bookros2_ws/install/joint_state_controller:/home/khaledob/bookros2_ws/install/joint_trajectory_controller:/home/khaledob/bookros2_ws/install/joint_state_broadcaster:/home/khaledob/bookros2_ws/install/imu_sensor_broadcaster:/home/khaledob/bookros2_ws/install/forward_command_controller:/home/khaledob/bookros2_ws/install/diff_drive_controller:/home/khaledob/bookros2_ws/install/controller_manager:/home/khaledob/bookros2_ws/install/controller_interface:/home/khaledob/bookros2_ws/install/hardware_interface:/home/khaledob/bookros2_ws/install/urdf_test:/home/khaledob/bookros2_ws/install/twist_mux:/home/khaledob/bookros2_ws/install/ros2_control_test_assets:/home/khaledob/bookros2_ws/install/controller_manager_msgs:/opt/ros/foxy LD_LIBRARY_PATH=/home/khaledob/bookros2_ws/install/position_controllers/lib:/home/khaledob/bookros2_ws/install/joint_state_controller/lib:/home/khaledob/bookros2_ws/install/joint_trajectory_controller/lib:/home/khaledob/bookros2_ws/install/joint_state_broadcaster/lib:/home/khaledob/bookros2_ws/install/imu_sensor_broadcaster/lib:/home/khaledob/bookros2_ws/install/forward_command_controller/lib:/home/khaledob/bookros2_ws/install/diff_drive_controller/lib:/home/khaledob/bookros2_ws/install/controller_manager/lib:/home/khaledob/bookros2_ws/install/controller_interface/lib:/home/khaledob/bookros2_ws/install/hardware_interface/lib:/home/khaledob/bookros2_ws/install/controller_manager_msgs/lib:${LD_LIBRARY_PATH} PYTHONPATH=/home/khaledob/bookros2_ws/install/pmb2_description/lib/python3.8/site-packages:/home/khaledob/bookros2_ws/install/controller_manager/lib/python3.8/site-packages:/home/khaledob/bookros2_ws/install/urdf_test/lib/python3.8/site-packages:/home/khaledob/bookros2_ws/build/launch_pal:/home/khaledob/bookros2_ws/install/launch_pal/lib/python3.8/site-packages:/home/khaledob/bookros2_ws/install/controller_manager_msgs/lib/python3.8/site-packages:${PYTHONPATH} /usr/bin/cmake --build /home/khaledob/bookros2_ws/build/tiago_bringup -- -j7 -l7
[0.747s] Invoking command in '/home/khaledob/bookros2_ws/build/tiago_bringup': AMENT_PREFIX_PATH=/home/khaledob/bookros2_ws/install/pmb2_bringup:/home/khaledob/bookros2_ws/install/tiago_controller_configuration:/home/khaledob/bookros2_ws/install/pmb2_description:/home/khaledob/bookros2_ws/install/pmb2_controller_configuration:/home/khaledob/bookros2_ws/install/pal_gripper_controller_configuration:/home/khaledob/bookros2_ws/install/position_controllers:/home/khaledob/bookros2_ws/install/joint_state_controller:/home/khaledob/bookros2_ws/install/joint_trajectory_controller:/home/khaledob/bookros2_ws/install/joint_state_broadcaster:/home/khaledob/bookros2_ws/install/imu_sensor_broadcaster:/home/khaledob/bookros2_ws/install/forward_command_controller:/home/khaledob/bookros2_ws/install/diff_drive_controller:/home/khaledob/bookros2_ws/install/controller_manager:/home/khaledob/bookros2_ws/install/controller_interface:/home/khaledob/bookros2_ws/install/hardware_interface:/home/khaledob/bookros2_ws/install/urdf_test:/home/khaledob/bookros2_ws/install/twist_mux:/home/khaledob/bookros2_ws/install/ros2_control_test_assets:/home/khaledob/bookros2_ws/install/launch_pal:/home/khaledob/bookros2_ws/install/controller_manager_msgs:${AMENT_PREFIX_PATH} CMAKE_PREFIX_PATH=/home/khaledob/bookros2_ws/install/pmb2_bringup:/home/khaledob/bookros2_ws/install/tiago_controller_configuration:/home/khaledob/bookros2_ws/install/pmb2_description:/home/khaledob/bookros2_ws/install/pmb2_controller_configuration:/home/khaledob/bookros2_ws/install/pal_gripper_controller_configuration:/home/khaledob/bookros2_ws/install/position_controllers:/home/khaledob/bookros2_ws/install/joint_state_controller:/home/khaledob/bookros2_ws/install/joint_trajectory_controller:/home/khaledob/bookros2_ws/install/joint_state_broadcaster:/home/khaledob/bookros2_ws/install/imu_sensor_broadcaster:/home/khaledob/bookros2_ws/install/forward_command_controller:/home/khaledob/bookros2_ws/install/diff_drive_controller:/home/khaledob/bookros2_ws/install/controller_manager:/home/khaledob/bookros2_ws/install/controller_interface:/home/khaledob/bookros2_ws/install/hardware_interface:/home/khaledob/bookros2_ws/install/urdf_test:/home/khaledob/bookros2_ws/install/twist_mux:/home/khaledob/bookros2_ws/install/ros2_control_test_assets:/home/khaledob/bookros2_ws/install/controller_manager_msgs:/opt/ros/foxy LD_LIBRARY_PATH=/home/khaledob/bookros2_ws/install/position_controllers/lib:/home/khaledob/bookros2_ws/install/joint_state_controller/lib:/home/khaledob/bookros2_ws/install/joint_trajectory_controller/lib:/home/khaledob/bookros2_ws/install/joint_state_broadcaster/lib:/home/khaledob/bookros2_ws/install/imu_sensor_broadcaster/lib:/home/khaledob/bookros2_ws/install/forward_command_controller/lib:/home/khaledob/bookros2_ws/install/diff_drive_controller/lib:/home/khaledob/bookros2_ws/install/controller_manager/lib:/home/khaledob/bookros2_ws/install/controller_interface/lib:/home/khaledob/bookros2_ws/install/hardware_interface/lib:/home/khaledob/bookros2_ws/install/controller_manager_msgs/lib:${LD_LIBRARY_PATH} PYTHONPATH=/home/khaledob/bookros2_ws/install/pmb2_description/lib/python3.8/site-packages:/home/khaledob/bookros2_ws/install/controller_manager/lib/python3.8/site-packages:/home/khaledob/bookros2_ws/install/urdf_test/lib/python3.8/site-packages:/home/khaledob/bookros2_ws/build/launch_pal:/home/khaledob/bookros2_ws/install/launch_pal/lib/python3.8/site-packages:/home/khaledob/bookros2_ws/install/controller_manager_msgs/lib/python3.8/site-packages:${PYTHONPATH} /usr/bin/cmake --install /home/khaledob/bookros2_ws/build/tiago_bringup
[0.805s] -- Install configuration: ""
[0.806s] -- Execute custom install script
[0.806s] -- Up-to-date symlink: /home/khaledob/bookros2_ws/install/tiago_bringup/share/tiago_bringup/config/approach_planner/approach_planner.yaml.em
[0.809s] -- Up-to-date symlink: /home/khaledob/bookros2_ws/install/tiago_bringup/share/tiago_bringup/config/approach_planner/approach_planner_no-arm_no-end-effector_no-ft-sensor.yaml
[0.816s] -- Up-to-date symlink: /home/khaledob/bookros2_ws/install/tiago_bringup/share/tiago_bringup/config/approach_planner/approach_planner_right-arm_custom_no-ft-sensor.yaml
[0.927s] -- Up-to-date symlink: /home/khaledob/bookros2_ws/install/tiago_bringup/share/tiago_bringup/config/approach_planner/approach_planner_right-arm_custom_schunk-ft.yaml
[0.927s] -- Up-to-date symlink: /home/khaledob/bookros2_ws/install/tiago_bringup/share/tiago_bringup/config/approach_planner/approach_planner_right-arm_pal-gripper_no-ft-sensor.yaml
[0.928s] -- Up-to-date symlink: /home/khaledob/bookros2_ws/install/tiago_bringup/share/tiago_bringup/config/approach_planner/approach_planner_right-arm_pal-gripper_schunk-ft.yaml
[0.929s] -- Up-to-date symlink: /home/khaledob/bookros2_ws/install/tiago_bringup/share/tiago_bringup/config/approach_planner/approach_planner_right-arm_pal-hey5_no-ft-sensor.yaml
[0.929s] -- Up-to-date symlink: /home/khaledob/bookros2_ws/install/tiago_bringup/share/tiago_bringup/config/approach_planner/approach_planner_right-arm_pal-hey5_schunk-ft.yaml
[0.930s] -- Up-to-date symlink: /home/khaledob/bookros2_ws/install/tiago_bringup/share/tiago_bringup/config/approach_planner/approach_planner_right-arm_schunk-wsg_no-ft-sensor.yaml
[0.931s] -- Up-to-date symlink: /home/khaledob/bookros2_ws/install/tiago_bringup/share/tiago_bringup/config/approach_planner/approach_planner_right-arm_schunk-wsg_schunk-ft.yaml
[0.931s] -- Up-to-date symlink: /home/khaledob/bookros2_ws/install/tiago_bringup/share/tiago_bringup/config/dynamic_footprint_arm.yaml
[0.932s] -- Up-to-date symlink: /home/khaledob/bookros2_ws/install/tiago_bringup/share/tiago_bringup/config/dynamic_footprint_arm_pal-gripper.yaml
[0.932s] -- Up-to-date symlink: /home/khaledob/bookros2_ws/install/tiago_bringup/share/tiago_bringup/config/dynamic_footprint_arm_pal-hey5.yaml
[0.936s] -- Up-to-date symlink: /home/khaledob/bookros2_ws/install/tiago_bringup/share/tiago_bringup/config/dynamic_footprint_arm_schunk-wsg.yaml
[0.937s] -- Up-to-date symlink: /home/khaledob/bookros2_ws/install/tiago_bringup/share/tiago_bringup/config/dynamic_footprint_no-arm.yaml
[0.937s] -- Up-to-date symlink: /home/khaledob/bookros2_ws/install/tiago_bringup/share/tiago_bringup/config/dynamixel_head.yaml
[0.938s] -- Up-to-date symlink: /home/khaledob/bookros2_ws/install/tiago_bringup/share/tiago_bringup/config/joy_teleop/joy_teleop.yaml.em
[0.938s] -- Up-to-date symlink: /home/khaledob/bookros2_ws/install/tiago_bringup/share/tiago_bringup/config/joy_teleop/joy_teleop_custom.yaml
[0.938s] -- Up-to-date symlink: /home/khaledob/bookros2_ws/install/tiago_bringup/share/tiago_bringup/config/joy_teleop/joy_teleop_custom_schunk-ft.yaml
[0.939s] -- Up-to-date symlink: /home/khaledob/bookros2_ws/install/tiago_bringup/share/tiago_bringup/config/joy_teleop/joy_teleop_no-arm.yaml
[0.940s] -- Up-to-date symlink: /home/khaledob/bookros2_ws/install/tiago_bringup/share/tiago_bringup/config/joy_teleop/joy_teleop_pal-gripper.yaml
[0.940s] -- Up-to-date symlink: /home/khaledob/bookros2_ws/install/tiago_bringup/share/tiago_bringup/config/joy_teleop/joy_teleop_pal-gripper_schunk-ft.yaml
[0.941s] -- Up-to-date symlink: /home/khaledob/bookros2_ws/install/tiago_bringup/share/tiago_bringup/config/joy_teleop/joy_teleop_pal-hey5.yaml
[0.942s] -- Up-to-date symlink: /home/khaledob/bookros2_ws/install/tiago_bringup/share/tiago_bringup/config/joy_teleop/joy_teleop_pal-hey5_schunk-ft.yaml
[0.946s] -- Up-to-date symlink: /home/khaledob/bookros2_ws/install/tiago_bringup/share/tiago_bringup/config/joy_teleop/joy_teleop_schunk-wsg.yaml
[0.946s] -- Up-to-date symlink: /home/khaledob/bookros2_ws/install/tiago_bringup/share/tiago_bringup/config/joy_teleop/joy_teleop_schunk-wsg_schunk-ft.yaml
[0.946s] -- Up-to-date symlink: /home/khaledob/bookros2_ws/install/tiago_bringup/share/tiago_bringup/config/motions/tiago_motions.yaml.em
[0.946s] -- Up-to-date symlink: /home/khaledob/bookros2_ws/install/tiago_bringup/share/tiago_bringup/config/motions/tiago_motions_no-arm_no-end-effector_no-ft-sensor.yaml
[0.946s] -- Up-to-date symlink: /home/khaledob/bookros2_ws/install/tiago_bringup/share/tiago_bringup/config/motions/tiago_motions_right-arm_custom_no-ft-sensor.yaml
[0.948s] -- Up-to-date symlink: /home/khaledob/bookros2_ws/install/tiago_bringup/share/tiago_bringup/config/motions/tiago_motions_right-arm_custom_schunk-ft.yaml
[0.951s] -- Up-to-date symlink: /home/khaledob/bookros2_ws/install/tiago_bringup/share/tiago_bringup/config/motions/tiago_motions_right-arm_pal-gripper_no-ft-sensor.yaml
[0.951s] -- Up-to-date symlink: /home/khaledob/bookros2_ws/install/tiago_bringup/share/tiago_bringup/config/motions/tiago_motions_right-arm_pal-gripper_schunk-ft.yaml
[0.951s] -- Up-to-date symlink: /home/khaledob/bookros2_ws/install/tiago_bringup/share/tiago_bringup/config/motions/tiago_motions_right-arm_pal-hey5_no-ft-sensor.yaml
[0.951s] -- Up-to-date symlink: /home/khaledob/bookros2_ws/install/tiago_bringup/share/tiago_bringup/config/motions/tiago_motions_right-arm_pal-hey5_schunk-ft.yaml
[0.952s] -- Up-to-date symlink: /home/khaledob/bookros2_ws/install/tiago_bringup/share/tiago_bringup/config/motions/tiago_motions_right-arm_schunk-wsg_no-ft-sensor.yaml
[0.952s] -- Up-to-date symlink: /home/khaledob/bookros2_ws/install/tiago_bringup/share/tiago_bringup/config/motions/tiago_motions_right-arm_schunk-wsg_schunk-ft.yaml
[0.952s] -- Up-to-date symlink: /home/khaledob/bookros2_ws/install/tiago_bringup/share/tiago_bringup/config/sensor_to_cloud/sonar_to_cloud.yaml
[0.952s] -- Up-to-date symlink: /home/khaledob/bookros2_ws/install/tiago_bringup/share/tiago_bringup/config/tiago.rviz
[0.952s] -- Up-to-date symlink: /home/khaledob/bookros2_ws/install/tiago_bringup/share/tiago_bringup/config/tiago_hardware/tiago_hardware.yaml.em
[0.952s] -- Up-to-date symlink: /home/khaledob/bookros2_ws/install/tiago_bringup/share/tiago_bringup/config/tiago_hardware/tiago_hardware_custom.yaml
[0.952s] -- Up-to-date symlink: /home/khaledob/bookros2_ws/install/tiago_bringup/share/tiago_bringup/config/tiago_hardware/tiago_hardware_custom_schunk-ft.yaml
[0.952s] -- Up-to-date symlink: /home/khaledob/bookros2_ws/install/tiago_bringup/share/tiago_bringup/config/tiago_hardware/tiago_hardware_no-arm.yaml
[0.952s] -- Up-to-date symlink: /home/khaledob/bookros2_ws/install/tiago_bringup/share/tiago_bringup/config/tiago_hardware/tiago_hardware_pal-gripper.yaml
[0.954s] -- Up-to-date symlink: /home/khaledob/bookros2_ws/install/tiago_bringup/share/tiago_bringup/config/tiago_hardware/tiago_hardware_pal-gripper_schunk-ft.yaml
[0.954s] -- Up-to-date symlink: /home/khaledob/bookros2_ws/install/tiago_bringup/share/tiago_bringup/config/tiago_hardware/tiago_hardware_pal-hey5.yaml
[0.961s] -- Up-to-date symlink: /home/khaledob/bookros2_ws/install/tiago_bringup/share/tiago_bringup/config/tiago_hardware/tiago_hardware_pal-hey5_schunk-ft.yaml
[0.961s] -- Up-to-date symlink: /home/khaledob/bookros2_ws/install/tiago_bringup/share/tiago_bringup/config/tiago_hardware/tiago_hardware_schunk-wsg.yaml
[0.962s] -- Up-to-date symlink: /home/khaledob/bookros2_ws/install/tiago_bringup/share/tiago_bringup/config/tiago_hardware/tiago_hardware_schunk-wsg_schunk-ft.yaml
[0.962s] -- Up-to-date symlink: /home/khaledob/bookros2_ws/install/tiago_bringup/share/tiago_bringup/config/tiago_soften_values.yaml
[0.965s] -- Up-to-date symlink: /home/khaledob/bookros2_ws/install/tiago_bringup/share/tiago_bringup/config/twist_mux/joystick.yaml
[0.966s] -- Up-to-date symlink: /home/khaledob/bookros2_ws/install/tiago_bringup/share/tiago_bringup/config/twist_mux/twist_mux_locks.yaml
[0.967s] -- Up-to-date symlink: /home/khaledob/bookros2_ws/install/tiago_bringup/share/tiago_bringup/config/twist_mux/twist_mux_topics.yaml
[0.967s] -- Up-to-date symlink: /home/khaledob/bookros2_ws/install/tiago_bringup/share/tiago_bringup/launch/dynamic_footprint.launch
[0.967s] -- Up-to-date symlink: /home/khaledob/bookros2_ws/install/tiago_bringup/share/tiago_bringup/launch/dynamixel_node.launch
[0.967s] -- Up-to-date symlink: /home/khaledob/bookros2_ws/install/tiago_bringup/share/tiago_bringup/launch/end_effector_camera.launch
[0.967s] -- Up-to-date symlink: /home/khaledob/bookros2_ws/install/tiago_bringup/share/tiago_bringup/launch/head_xtion.launch
[0.967s] -- Up-to-date symlink: /home/khaledob/bookros2_ws/install/tiago_bringup/share/tiago_bringup/launch/joystick_teleop.launch
[0.967s] -- Up-to-date symlink: /home/khaledob/bookros2_ws/install/tiago_bringup/share/tiago_bringup/launch/joystick_teleop.launch.py
[0.967s] -- Up-to-date symlink: /home/khaledob/bookros2_ws/install/tiago_bringup/share/tiago_bringup/launch/look_to_link.launch
[0.967s] -- Up-to-date symlink: /home/khaledob/bookros2_ws/install/tiago_bringup/share/tiago_bringup/launch/marker_detector.launch
[0.967s] -- Up-to-date symlink: /home/khaledob/bookros2_ws/install/tiago_bringup/share/tiago_bringup/launch/play_motion.launch
[0.967s] -- Up-to-date symlink: /home/khaledob/bookros2_ws/install/tiago_bringup/share/tiago_bringup/launch/play_motion.launch.py
[0.968s] -- Up-to-date symlink: /home/khaledob/bookros2_ws/install/tiago_bringup/share/tiago_bringup/launch/soften_on_effort.launch
[0.968s] -- Up-to-date symlink: /home/khaledob/bookros2_ws/install/tiago_bringup/share/tiago_bringup/launch/tiago.launch
[0.968s] -- Up-to-date symlink: /home/khaledob/bookros2_ws/install/tiago_bringup/share/tiago_bringup/launch/tiago_bringup.launch
[0.969s] -- Up-to-date symlink: /home/khaledob/bookros2_ws/install/tiago_bringup/share/tiago_bringup/launch/tiago_bringup.launch.py
[0.969s] -- Up-to-date symlink: /home/khaledob/bookros2_ws/install/tiago_bringup/share/tiago_bringup/launch/tiago_camera.launch
[0.969s] -- Up-to-date symlink: /home/khaledob/bookros2_ws/install/tiago_bringup/share/tiago_bringup/launch/twist_mux.launch
[0.969s] -- Up-to-date symlink: /home/khaledob/bookros2_ws/install/tiago_bringup/share/tiago_bringup/launch/twist_mux.launch.py
[0.969s] -- Up-to-date symlink: /home/khaledob/bookros2_ws/install/tiago_bringup/share/ament_index/resource_index/package_run_dependencies/tiago_bringup
[0.970s] -- Up-to-date symlink: /home/khaledob/bookros2_ws/install/tiago_bringup/share/ament_index/resource_index/parent_prefix_path/tiago_bringup
[0.970s] -- Up-to-date symlink: /home/khaledob/bookros2_ws/install/tiago_bringup/share/tiago_bringup/environment/ament_prefix_path.sh
[0.970s] -- Up-to-date symlink: /home/khaledob/bookros2_ws/install/tiago_bringup/share/tiago_bringup/environment/ament_prefix_path.dsv
[0.970s] -- Up-to-date symlink: /home/khaledob/bookros2_ws/install/tiago_bringup/share/tiago_bringup/environment/path.sh
[0.971s] -- Up-to-date symlink: /home/khaledob/bookros2_ws/install/tiago_bringup/share/tiago_bringup/environment/path.dsv
[0.971s] -- Up-to-date symlink: /home/khaledob/bookros2_ws/install/tiago_bringup/share/tiago_bringup/local_setup.bash
[0.971s] -- Up-to-date symlink: /home/khaledob/bookros2_ws/install/tiago_bringup/share/tiago_bringup/local_setup.sh
[0.974s] -- Up-to-date symlink: /home/khaledob/bookros2_ws/install/tiago_bringup/share/tiago_bringup/local_setup.zsh
[0.974s] -- Up-to-date symlink: /home/khaledob/bookros2_ws/install/tiago_bringup/share/tiago_bringup/local_setup.dsv
[0.975s] -- Symlinking: /home/khaledob/bookros2_ws/install/tiago_bringup/share/tiago_bringup/package.dsv
[0.975s] -- Up-to-date symlink: /home/khaledob/bookros2_ws/install/tiago_bringup/share/ament_index/resource_index/packages/tiago_bringup
[0.975s] -- Up-to-date symlink: /home/khaledob/bookros2_ws/install/tiago_bringup/share/tiago_bringup/cmake/tiago_bringupConfig.cmake
[0.976s] -- Up-to-date symlink: /home/khaledob/bookros2_ws/install/tiago_bringup/share/tiago_bringup/cmake/tiago_bringupConfig-version.cmake
[0.980s] -- Up-to-date symlink: /home/khaledob/bookros2_ws/install/tiago_bringup/share/tiago_bringup/package.xml
[0.998s] Invoked command in '/home/khaledob/bookros2_ws/build/tiago_bringup' returned '0': AMENT_PREFIX_PATH=/home/khaledob/bookros2_ws/install/pmb2_bringup:/home/khaledob/bookros2_ws/install/tiago_controller_configuration:/home/khaledob/bookros2_ws/install/pmb2_description:/home/khaledob/bookros2_ws/install/pmb2_controller_configuration:/home/khaledob/bookros2_ws/install/pal_gripper_controller_configuration:/home/khaledob/bookros2_ws/install/position_controllers:/home/khaledob/bookros2_ws/install/joint_state_controller:/home/khaledob/bookros2_ws/install/joint_trajectory_controller:/home/khaledob/bookros2_ws/install/joint_state_broadcaster:/home/khaledob/bookros2_ws/install/imu_sensor_broadcaster:/home/khaledob/bookros2_ws/install/forward_command_controller:/home/khaledob/bookros2_ws/install/diff_drive_controller:/home/khaledob/bookros2_ws/install/controller_manager:/home/khaledob/bookros2_ws/install/controller_interface:/home/khaledob/bookros2_ws/install/hardware_interface:/home/khaledob/bookros2_ws/install/urdf_test:/home/khaledob/bookros2_ws/install/twist_mux:/home/khaledob/bookros2_ws/install/ros2_control_test_assets:/home/khaledob/bookros2_ws/install/launch_pal:/home/khaledob/bookros2_ws/install/controller_manager_msgs:${AMENT_PREFIX_PATH} CMAKE_PREFIX_PATH=/home/khaledob/bookros2_ws/install/pmb2_bringup:/home/khaledob/bookros2_ws/install/tiago_controller_configuration:/home/khaledob/bookros2_ws/install/pmb2_description:/home/khaledob/bookros2_ws/install/pmb2_controller_configuration:/home/khaledob/bookros2_ws/install/pal_gripper_controller_configuration:/home/khaledob/bookros2_ws/install/position_controllers:/home/khaledob/bookros2_ws/install/joint_state_controller:/home/khaledob/bookros2_ws/install/joint_trajectory_controller:/home/khaledob/bookros2_ws/install/joint_state_broadcaster:/home/khaledob/bookros2_ws/install/imu_sensor_broadcaster:/home/khaledob/bookros2_ws/install/forward_command_controller:/home/khaledob/bookros2_ws/install/diff_drive_controller:/home/khaledob/bookros2_ws/install/controller_manager:/home/khaledob/bookros2_ws/install/controller_interface:/home/khaledob/bookros2_ws/install/hardware_interface:/home/khaledob/bookros2_ws/install/urdf_test:/home/khaledob/bookros2_ws/install/twist_mux:/home/khaledob/bookros2_ws/install/ros2_control_test_assets:/home/khaledob/bookros2_ws/install/controller_manager_msgs:/opt/ros/foxy LD_LIBRARY_PATH=/home/khaledob/bookros2_ws/install/position_controllers/lib:/home/khaledob/bookros2_ws/install/joint_state_controller/lib:/home/khaledob/bookros2_ws/install/joint_trajectory_controller/lib:/home/khaledob/bookros2_ws/install/joint_state_broadcaster/lib:/home/khaledob/bookros2_ws/install/imu_sensor_broadcaster/lib:/home/khaledob/bookros2_ws/install/forward_command_controller/lib:/home/khaledob/bookros2_ws/install/diff_drive_controller/lib:/home/khaledob/bookros2_ws/install/controller_manager/lib:/home/khaledob/bookros2_ws/install/controller_interface/lib:/home/khaledob/bookros2_ws/install/hardware_interface/lib:/home/khaledob/bookros2_ws/install/controller_manager_msgs/lib:${LD_LIBRARY_PATH} PYTHONPATH=/home/khaledob/bookros2_ws/install/pmb2_description/lib/python3.8/site-packages:/home/khaledob/bookros2_ws/install/controller_manager/lib/python3.8/site-packages:/home/khaledob/bookros2_ws/install/urdf_test/lib/python3.8/site-packages:/home/khaledob/bookros2_ws/build/launch_pal:/home/khaledob/bookros2_ws/install/launch_pal/lib/python3.8/site-packages:/home/khaledob/bookros2_ws/install/controller_manager_msgs/lib/python3.8/site-packages:${PYTHONPATH} /usr/bin/cmake --install /home/khaledob/bookros2_ws/build/tiago_bringup
