[0.210s] Invoking command in '/home/khaledob/bookros2_ws/build/task1': CMAKE_PREFIX_PATH=/opt/ros/foxy /usr/bin/cmake --build /home/khaledob/bookros2_ws/build/task1 -- -j7 -l7
[0.732s] [100%] Built target node
[1.001s] Invoked command in '/home/khaledob/bookros2_ws/build/task1' returned '0': CMAKE_PREFIX_PATH=/opt/ros/foxy /usr/bin/cmake --build /home/khaledob/bookros2_ws/build/task1 -- -j7 -l7
[1.091s] Invoking command in '/home/khaledob/bookros2_ws/build/task1': CMAKE_PREFIX_PATH=/opt/ros/foxy /usr/bin/cmake --install /home/khaledob/bookros2_ws/build/task1
[1.270s] -- Install configuration: ""
[1.277s] -- Execute custom install script
[1.278s] -- Up-to-date symlink: /home/khaledob/bookros2_ws/install/task1/lib/task1/node
[1.278s] -- Up-to-date symlink: /home/khaledob/bookros2_ws/install/task1/share/task1/launch/my_launch_file.py
[1.279s] -- Up-to-date symlink: /home/khaledob/bookros2_ws/install/task1/share/ament_index/resource_index/package_run_dependencies/task1
[1.281s] -- Up-to-date symlink: /home/khaledob/bookros2_ws/install/task1/share/ament_index/resource_index/parent_prefix_path/task1
[1.281s] -- Up-to-date symlink: /home/khaledob/bookros2_ws/install/task1/share/task1/environment/ament_prefix_path.sh
[1.281s] -- Up-to-date symlink: /home/khaledob/bookros2_ws/install/task1/share/task1/environment/ament_prefix_path.dsv
[1.281s] -- Up-to-date symlink: /home/khaledob/bookros2_ws/install/task1/share/task1/environment/path.sh
[1.281s] -- Up-to-date symlink: /home/khaledob/bookros2_ws/install/task1/share/task1/environment/path.dsv
[1.282s] -- Up-to-date symlink: /home/khaledob/bookros2_ws/install/task1/share/task1/local_setup.bash
[1.282s] -- Up-to-date symlink: /home/khaledob/bookros2_ws/install/task1/share/task1/local_setup.sh
[1.282s] -- Up-to-date symlink: /home/khaledob/bookros2_ws/install/task1/share/task1/local_setup.zsh
[1.282s] -- Up-to-date symlink: /home/khaledob/bookros2_ws/install/task1/share/task1/local_setup.dsv
[1.282s] -- Symlinking: /home/khaledob/bookros2_ws/install/task1/share/task1/package.dsv
[1.309s] -- Up-to-date symlink: /home/khaledob/bookros2_ws/install/task1/share/ament_index/resource_index/packages/task1
[1.310s] -- Up-to-date symlink: /home/khaledob/bookros2_ws/install/task1/share/task1/cmake/task1Config.cmake
[1.311s] -- Up-to-date symlink: /home/khaledob/bookros2_ws/install/task1/share/task1/cmake/task1Config-version.cmake
[1.315s] -- Up-to-date symlink: /home/khaledob/bookros2_ws/install/task1/share/task1/package.xml
[1.338s] Invoked command in '/home/khaledob/bookros2_ws/build/task1' returned '0': CMAKE_PREFIX_PATH=/opt/ros/foxy /usr/bin/cmake --install /home/khaledob/bookros2_ws/build/task1
