[0.700s] Invoking command in '/home/khaledob/bookros2_ws/src/build/tiago_description_calibration': CMAKE_PREFIX_PATH=/opt/ros/foxy /usr/bin/cmake --build /home/khaledob/bookros2_ws/src/build/tiago_description_calibration -- -j7 -l7
[1.084s] Invoked command in '/home/khaledob/bookros2_ws/src/build/tiago_description_calibration' returned '0': CMAKE_PREFIX_PATH=/opt/ros/foxy /usr/bin/cmake --build /home/khaledob/bookros2_ws/src/build/tiago_description_calibration -- -j7 -l7
[1.085s] Invoking command in '/home/khaledob/bookros2_ws/src/build/tiago_description_calibration': CMAKE_PREFIX_PATH=/opt/ros/foxy /usr/bin/cmake --install /home/khaledob/bookros2_ws/src/build/tiago_description_calibration
[1.157s] -- Install configuration: ""
[1.159s] -- Execute custom install script
[1.159s] -- Up-to-date symlink: /home/khaledob/bookros2_ws/src/install/tiago_description_calibration/share/tiago_description_calibration/urdf/calibration/calibration_constants.urdf.xacro
[1.181s] -- Up-to-date symlink: /home/khaledob/bookros2_ws/src/install/tiago_description_calibration/share/tiago_description_calibration/urdf/calibration/extrinsic_camera_calibration_constants.urdf.xacro
[1.182s] -- Up-to-date symlink: /home/khaledob/bookros2_ws/src/install/tiago_description_calibration/share/tiago_description_calibration/urdf/deg_to_rad.xacro
[1.182s] -- Up-to-date symlink: /home/khaledob/bookros2_ws/src/install/tiago_description_calibration/share/ament_index/resource_index/package_run_dependencies/tiago_description_calibration
[1.182s] -- Up-to-date symlink: /home/khaledob/bookros2_ws/src/install/tiago_description_calibration/share/ament_index/resource_index/parent_prefix_path/tiago_description_calibration
[1.182s] -- Up-to-date symlink: /home/khaledob/bookros2_ws/src/install/tiago_description_calibration/share/tiago_description_calibration/environment/ament_prefix_path.sh
[1.185s] -- Up-to-date symlink: /home/khaledob/bookros2_ws/src/install/tiago_description_calibration/share/tiago_description_calibration/environment/ament_prefix_path.dsv
[1.185s] -- Up-to-date symlink: /home/khaledob/bookros2_ws/src/install/tiago_description_calibration/share/tiago_description_calibration/environment/path.sh
[1.196s] -- Up-to-date symlink: /home/khaledob/bookros2_ws/src/install/tiago_description_calibration/share/tiago_description_calibration/environment/path.dsv
[1.196s] -- Up-to-date symlink: /home/khaledob/bookros2_ws/src/install/tiago_description_calibration/share/tiago_description_calibration/local_setup.bash
[1.197s] -- Up-to-date symlink: /home/khaledob/bookros2_ws/src/install/tiago_description_calibration/share/tiago_description_calibration/local_setup.sh
[1.197s] -- Up-to-date symlink: /home/khaledob/bookros2_ws/src/install/tiago_description_calibration/share/tiago_description_calibration/local_setup.zsh
[1.198s] -- Up-to-date symlink: /home/khaledob/bookros2_ws/src/install/tiago_description_calibration/share/tiago_description_calibration/local_setup.dsv
[1.198s] -- Symlinking: /home/khaledob/bookros2_ws/src/install/tiago_description_calibration/share/tiago_description_calibration/package.dsv
[1.208s] -- Up-to-date symlink: /home/khaledob/bookros2_ws/src/install/tiago_description_calibration/share/ament_index/resource_index/packages/tiago_description_calibration
[1.211s] -- Up-to-date symlink: /home/khaledob/bookros2_ws/src/install/tiago_description_calibration/share/tiago_description_calibration/cmake/tiago_description_calibrationConfig.cmake
[1.211s] -- Up-to-date symlink: /home/khaledob/bookros2_ws/src/install/tiago_description_calibration/share/tiago_description_calibration/cmake/tiago_description_calibrationConfig-version.cmake
[1.212s] -- Up-to-date symlink: /home/khaledob/bookros2_ws/src/install/tiago_description_calibration/share/tiago_description_calibration/package.xml
[1.484s] Invoked command in '/home/khaledob/bookros2_ws/src/build/tiago_description_calibration' returned '0': CMAKE_PREFIX_PATH=/opt/ros/foxy /usr/bin/cmake --install /home/khaledob/bookros2_ws/src/build/tiago_description_calibration
