[0.593s] Invoking command in '/home/khaledob/bookros2_ws/build/task2b': CMAKE_PREFIX_PATH=/opt/ros/foxy /usr/bin/cmake --build /home/khaledob/bookros2_ws/build/task2b -- -j7 -l7
[0.828s] [100%] Built target node
[1.269s] Invoked command in '/home/khaledob/bookros2_ws/build/task2b' returned '0': CMAKE_PREFIX_PATH=/opt/ros/foxy /usr/bin/cmake --build /home/khaledob/bookros2_ws/build/task2b -- -j7 -l7
[1.271s] Invoking command in '/home/khaledob/bookros2_ws/build/task2b': CMAKE_PREFIX_PATH=/opt/ros/foxy /usr/bin/cmake --install /home/khaledob/bookros2_ws/build/task2b
[1.426s] -- Install configuration: ""
[1.427s] -- Execute custom install script
[1.427s] -- Up-to-date symlink: /home/khaledob/bookros2_ws/install/task2b/lib/task2b/node
[1.427s] -- Up-to-date symlink: /home/khaledob/bookros2_ws/install/task2b/share/task2b/launch/my_launch2b_file.py
[1.430s] -- Up-to-date symlink: /home/khaledob/bookros2_ws/install/task2b/share/ament_index/resource_index/package_run_dependencies/task2b
[1.431s] -- Up-to-date symlink: /home/khaledob/bookros2_ws/install/task2b/share/ament_index/resource_index/parent_prefix_path/task2b
[1.447s] -- Up-to-date symlink: /home/khaledob/bookros2_ws/install/task2b/share/task2b/environment/ament_prefix_path.sh
[1.448s] -- Up-to-date symlink: /home/khaledob/bookros2_ws/install/task2b/share/task2b/environment/ament_prefix_path.dsv
[1.448s] -- Up-to-date symlink: /home/khaledob/bookros2_ws/install/task2b/share/task2b/environment/path.sh
[1.450s] -- Up-to-date symlink: /home/khaledob/bookros2_ws/install/task2b/share/task2b/environment/path.dsv
[1.450s] -- Up-to-date symlink: /home/khaledob/bookros2_ws/install/task2b/share/task2b/local_setup.bash
[1.450s] -- Up-to-date symlink: /home/khaledob/bookros2_ws/install/task2b/share/task2b/local_setup.sh
[1.450s] -- Up-to-date symlink: /home/khaledob/bookros2_ws/install/task2b/share/task2b/local_setup.zsh
[1.451s] -- Up-to-date symlink: /home/khaledob/bookros2_ws/install/task2b/share/task2b/local_setup.dsv
[1.451s] -- Symlinking: /home/khaledob/bookros2_ws/install/task2b/share/task2b/package.dsv
[1.459s] -- Up-to-date symlink: /home/khaledob/bookros2_ws/install/task2b/share/ament_index/resource_index/packages/task2b
[1.459s] -- Up-to-date symlink: /home/khaledob/bookros2_ws/install/task2b/share/task2b/cmake/task2bConfig.cmake
[1.460s] -- Up-to-date symlink: /home/khaledob/bookros2_ws/install/task2b/share/task2b/cmake/task2bConfig-version.cmake
[1.460s] -- Up-to-date symlink: /home/khaledob/bookros2_ws/install/task2b/share/task2b/package.xml
[1.584s] Invoked command in '/home/khaledob/bookros2_ws/build/task2b' returned '0': CMAKE_PREFIX_PATH=/opt/ros/foxy /usr/bin/cmake --install /home/khaledob/bookros2_ws/build/task2b
