[0.122s] Invoking command in '/home/khaledob/bookros2_ws/build/task2a': CMAKE_PREFIX_PATH=/opt/ros/foxy /usr/bin/cmake --build /home/khaledob/bookros2_ws/build/task2a -- -j7 -l7
[0.312s] [100%] Built target node
[0.498s] Invoked command in '/home/khaledob/bookros2_ws/build/task2a' returned '0': CMAKE_PREFIX_PATH=/opt/ros/foxy /usr/bin/cmake --build /home/khaledob/bookros2_ws/build/task2a -- -j7 -l7
[0.507s] Invoking command in '/home/khaledob/bookros2_ws/build/task2a': CMAKE_PREFIX_PATH=/opt/ros/foxy /usr/bin/cmake --install /home/khaledob/bookros2_ws/build/task2a
[0.548s] -- Install configuration: ""
[0.549s] -- Execute custom install script
[0.555s] -- Up-to-date symlink: /home/khaledob/bookros2_ws/install/task2a/lib/task2a/node
[0.559s] -- Up-to-date symlink: /home/khaledob/bookros2_ws/install/task2a/share/task2a/launch/my_launch2a_file.py
[0.562s] -- Up-to-date symlink: /home/khaledob/bookros2_ws/install/task2a/share/ament_index/resource_index/package_run_dependencies/task2a
[0.565s] -- Up-to-date symlink: /home/khaledob/bookros2_ws/install/task2a/share/ament_index/resource_index/parent_prefix_path/task2a
[0.569s] -- Up-to-date symlink: /home/khaledob/bookros2_ws/install/task2a/share/task2a/environment/ament_prefix_path.sh
[0.578s] -- Up-to-date symlink: /home/khaledob/bookros2_ws/install/task2a/share/task2a/environment/ament_prefix_path.dsv
[0.579s] -- Up-to-date symlink: /home/khaledob/bookros2_ws/install/task2a/share/task2a/environment/path.sh
[0.583s] -- Up-to-date symlink: /home/khaledob/bookros2_ws/install/task2a/share/task2a/environment/path.dsv
[0.583s] -- Up-to-date symlink: /home/khaledob/bookros2_ws/install/task2a/share/task2a/local_setup.bash
[0.583s] -- Up-to-date symlink: /home/khaledob/bookros2_ws/install/task2a/share/task2a/local_setup.sh
[0.591s] -- Up-to-date symlink: /home/khaledob/bookros2_ws/install/task2a/share/task2a/local_setup.zsh
[0.591s] -- Up-to-date symlink: /home/khaledob/bookros2_ws/install/task2a/share/task2a/local_setup.dsv
[0.592s] -- Symlinking: /home/khaledob/bookros2_ws/install/task2a/share/task2a/package.dsv
[0.627s] -- Up-to-date symlink: /home/khaledob/bookros2_ws/install/task2a/share/ament_index/resource_index/packages/task2a
[0.630s] -- Up-to-date symlink: /home/khaledob/bookros2_ws/install/task2a/share/task2a/cmake/task2aConfig.cmake
[0.632s] -- Up-to-date symlink: /home/khaledob/bookros2_ws/install/task2a/share/task2a/cmake/task2aConfig-version.cmake
[0.634s] -- Up-to-date symlink: /home/khaledob/bookros2_ws/install/task2a/share/task2a/package.xml
[0.748s] Invoked command in '/home/khaledob/bookros2_ws/build/task2a' returned '0': CMAKE_PREFIX_PATH=/opt/ros/foxy /usr/bin/cmake --install /home/khaledob/bookros2_ws/build/task2a
