[0.271s] Invoking command in '/home/khaledob/bookros2_ws/build/br2_tracking': AMENT_PREFIX_PATH=/home/khaledob/bookros2_ws/install/br2_tracking_msgs:${AMENT_PREFIX_PATH} CMAKE_PREFIX_PATH=/home/khaledob/bookros2_ws/install/br2_tracking_msgs:/opt/ros/foxy LD_LIBRARY_PATH=/home/khaledob/bookros2_ws/install/br2_tracking_msgs/lib:${LD_LIBRARY_PATH} PYTHONPATH=/home/khaledob/bookros2_ws/install/br2_tracking_msgs/lib/python3.8/site-packages:${PYTHONPATH} /usr/bin/cmake --build /home/khaledob/bookros2_ws/build/br2_tracking -- -j7 -l7
[0.506s] [ 14%] Built target gtest_main
[0.542s] [ 28%] Built target gtest
[0.552s] [ 57%] Built target br2_tracking
[0.675s] [ 71%] Built target object_tracker
[0.677s] [ 85%] Built target object_detector
[0.688s] [100%] Built target pid_test
[0.792s] Invoked command in '/home/khaledob/bookros2_ws/build/br2_tracking' returned '0': AMENT_PREFIX_PATH=/home/khaledob/bookros2_ws/install/br2_tracking_msgs:${AMENT_PREFIX_PATH} CMAKE_PREFIX_PATH=/home/khaledob/bookros2_ws/install/br2_tracking_msgs:/opt/ros/foxy LD_LIBRARY_PATH=/home/khaledob/bookros2_ws/install/br2_tracking_msgs/lib:${LD_LIBRARY_PATH} PYTHONPATH=/home/khaledob/bookros2_ws/install/br2_tracking_msgs/lib/python3.8/site-packages:${PYTHONPATH} /usr/bin/cmake --build /home/khaledob/bookros2_ws/build/br2_tracking -- -j7 -l7
[0.793s] Invoking command in '/home/khaledob/bookros2_ws/build/br2_tracking': AMENT_PREFIX_PATH=/home/khaledob/bookros2_ws/install/br2_tracking_msgs:${AMENT_PREFIX_PATH} CMAKE_PREFIX_PATH=/home/khaledob/bookros2_ws/install/br2_tracking_msgs:/opt/ros/foxy LD_LIBRARY_PATH=/home/khaledob/bookros2_ws/install/br2_tracking_msgs/lib:${LD_LIBRARY_PATH} PYTHONPATH=/home/khaledob/bookros2_ws/install/br2_tracking_msgs/lib/python3.8/site-packages:${PYTHONPATH} /usr/bin/cmake --install /home/khaledob/bookros2_ws/build/br2_tracking
[0.821s] -- Install configuration: "Debug"
[0.823s] -- Execute custom install script
[0.825s] -- Up-to-date symlink: /home/khaledob/bookros2_ws/install/br2_tracking/lib/libbr2_tracking.so
[0.826s] -- Up-to-date symlink: /home/khaledob/bookros2_ws/install/br2_tracking/lib/br2_tracking/object_detector
[0.827s] -- Up-to-date symlink: /home/khaledob/bookros2_ws/install/br2_tracking/lib/br2_tracking/object_tracker
[0.828s] -- Up-to-date symlink: /home/khaledob/bookros2_ws/install/br2_tracking/include/include/br2_tracking/HeadController.hpp
[0.829s] -- Up-to-date symlink: /home/khaledob/bookros2_ws/install/br2_tracking/include/include/br2_tracking/ObjectDetector.hpp
[0.829s] -- Up-to-date symlink: /home/khaledob/bookros2_ws/install/br2_tracking/include/include/br2_tracking/PIDController.hpp
[0.829s] -- Up-to-date symlink: /home/khaledob/bookros2_ws/install/br2_tracking/share/br2_tracking/launch/tracking.launch.py
[0.829s] -- Up-to-date symlink: /home/khaledob/bookros2_ws/install/br2_tracking/share/br2_tracking/config/detector.yaml
[0.830s] -- Up-to-date symlink: /home/khaledob/bookros2_ws/install/br2_tracking/share/br2_tracking/environment/library_path.sh
[0.830s] -- Up-to-date symlink: /home/khaledob/bookros2_ws/install/br2_tracking/share/br2_tracking/environment/library_path.dsv
[0.830s] -- Up-to-date symlink: /home/khaledob/bookros2_ws/install/br2_tracking/share/ament_index/resource_index/package_run_dependencies/br2_tracking
[0.830s] -- Up-to-date symlink: /home/khaledob/bookros2_ws/install/br2_tracking/share/ament_index/resource_index/parent_prefix_path/br2_tracking
[0.830s] -- Up-to-date symlink: /home/khaledob/bookros2_ws/install/br2_tracking/share/br2_tracking/environment/ament_prefix_path.sh
[0.831s] -- Up-to-date symlink: /home/khaledob/bookros2_ws/install/br2_tracking/share/br2_tracking/environment/ament_prefix_path.dsv
[0.831s] -- Up-to-date symlink: /home/khaledob/bookros2_ws/install/br2_tracking/share/br2_tracking/environment/path.sh
[0.831s] -- Up-to-date symlink: /home/khaledob/bookros2_ws/install/br2_tracking/share/br2_tracking/environment/path.dsv
[0.831s] -- Up-to-date symlink: /home/khaledob/bookros2_ws/install/br2_tracking/share/br2_tracking/local_setup.bash
[0.832s] -- Up-to-date symlink: /home/khaledob/bookros2_ws/install/br2_tracking/share/br2_tracking/local_setup.sh
[0.832s] -- Up-to-date symlink: /home/khaledob/bookros2_ws/install/br2_tracking/share/br2_tracking/local_setup.zsh
[0.832s] -- Up-to-date symlink: /home/khaledob/bookros2_ws/install/br2_tracking/share/br2_tracking/local_setup.dsv
[0.832s] -- Symlinking: /home/khaledob/bookros2_ws/install/br2_tracking/share/br2_tracking/package.dsv
[0.877s] -- Up-to-date symlink: /home/khaledob/bookros2_ws/install/br2_tracking/share/ament_index/resource_index/packages/br2_tracking
[0.878s] -- Up-to-date symlink: /home/khaledob/bookros2_ws/install/br2_tracking/share/br2_tracking/cmake/ament_cmake_export_include_directories-extras.cmake
[0.879s] -- Up-to-date symlink: /home/khaledob/bookros2_ws/install/br2_tracking/share/br2_tracking/cmake/ament_cmake_export_libraries-extras.cmake
[0.880s] -- Up-to-date symlink: /home/khaledob/bookros2_ws/install/br2_tracking/share/br2_tracking/cmake/ament_cmake_export_dependencies-extras.cmake
[0.881s] -- Up-to-date symlink: /home/khaledob/bookros2_ws/install/br2_tracking/share/br2_tracking/cmake/br2_trackingConfig.cmake
[0.881s] -- Up-to-date symlink: /home/khaledob/bookros2_ws/install/br2_tracking/share/br2_tracking/cmake/br2_trackingConfig-version.cmake
[0.882s] -- Up-to-date symlink: /home/khaledob/bookros2_ws/install/br2_tracking/share/br2_tracking/package.xml
[0.998s] Invoked command in '/home/khaledob/bookros2_ws/build/br2_tracking' returned '0': AMENT_PREFIX_PATH=/home/khaledob/bookros2_ws/install/br2_tracking_msgs:${AMENT_PREFIX_PATH} CMAKE_PREFIX_PATH=/home/khaledob/bookros2_ws/install/br2_tracking_msgs:/opt/ros/foxy LD_LIBRARY_PATH=/home/khaledob/bookros2_ws/install/br2_tracking_msgs/lib:${LD_LIBRARY_PATH} PYTHONPATH=/home/khaledob/bookros2_ws/install/br2_tracking_msgs/lib/python3.8/site-packages:${PYTHONPATH} /usr/bin/cmake --install /home/khaledob/bookros2_ws/build/br2_tracking
