[0.299s] Invoking command in '/home/khaledob/bookros2_ws/build/task2b': CMAKE_PREFIX_PATH=${CMAKE_PREFIX_PATH}:/home/khaledob/bookros2_ws/install/ros2controlcli:/home/khaledob/bookros2_ws/install/launch_pal:/home/khaledob/bookros2_ws/install/br2_fsm_bumpgo_py:/opt/ros/foxy /usr/bin/cmake --build /home/khaledob/bookros2_ws/build/task2b -- -j7 -l7
[0.764s] Invoked command in '/home/khaledob/bookros2_ws/build/task2b' returned '0': CMAKE_PREFIX_PATH=${CMAKE_PREFIX_PATH}:/home/khaledob/bookros2_ws/install/ros2controlcli:/home/khaledob/bookros2_ws/install/launch_pal:/home/khaledob/bookros2_ws/install/br2_fsm_bumpgo_py:/opt/ros/foxy /usr/bin/cmake --build /home/khaledob/bookros2_ws/build/task2b -- -j7 -l7
[0.797s] Invoking command in '/home/khaledob/bookros2_ws/build/task2b': CMAKE_PREFIX_PATH=${CMAKE_PREFIX_PATH}:/home/khaledob/bookros2_ws/install/ros2controlcli:/home/khaledob/bookros2_ws/install/launch_pal:/home/khaledob/bookros2_ws/install/br2_fsm_bumpgo_py:/opt/ros/foxy /usr/bin/cmake --install /home/khaledob/bookros2_ws/build/task2b
[0.852s] -- Install configuration: ""
[0.852s] -- Execute custom install script
[0.852s] -- Up-to-date symlink: /home/khaledob/bookros2_ws/install/task2b/share/ament_index/resource_index/package_run_dependencies/task2b
[0.852s] -- Up-to-date symlink: /home/khaledob/bookros2_ws/install/task2b/share/ament_index/resource_index/parent_prefix_path/task2b
[0.853s] -- Up-to-date symlink: /home/khaledob/bookros2_ws/install/task2b/share/task2b/environment/ament_prefix_path.sh
[0.853s] -- Up-to-date symlink: /home/khaledob/bookros2_ws/install/task2b/share/task2b/environment/ament_prefix_path.dsv
[0.853s] -- Up-to-date symlink: /home/khaledob/bookros2_ws/install/task2b/share/task2b/environment/path.sh
[0.853s] -- Up-to-date symlink: /home/khaledob/bookros2_ws/install/task2b/share/task2b/environment/path.dsv
[0.854s] -- Up-to-date symlink: /home/khaledob/bookros2_ws/install/task2b/share/task2b/local_setup.bash
[0.854s] -- Up-to-date symlink: /home/khaledob/bookros2_ws/install/task2b/share/task2b/local_setup.sh
[0.854s] -- Up-to-date symlink: /home/khaledob/bookros2_ws/install/task2b/share/task2b/local_setup.zsh
[0.854s] -- Up-to-date symlink: /home/khaledob/bookros2_ws/install/task2b/share/task2b/local_setup.dsv
[0.854s] -- Symlinking: /home/khaledob/bookros2_ws/install/task2b/share/task2b/package.dsv
[0.878s] -- Up-to-date symlink: /home/khaledob/bookros2_ws/install/task2b/share/ament_index/resource_index/packages/task2b
[0.879s] -- Up-to-date symlink: /home/khaledob/bookros2_ws/install/task2b/share/task2b/cmake/task2bConfig.cmake
[0.879s] -- Up-to-date symlink: /home/khaledob/bookros2_ws/install/task2b/share/task2b/cmake/task2bConfig-version.cmake
[0.880s] -- Up-to-date symlink: /home/khaledob/bookros2_ws/install/task2b/share/task2b/package.xml
[0.904s] Invoked command in '/home/khaledob/bookros2_ws/build/task2b' returned '0': CMAKE_PREFIX_PATH=${CMAKE_PREFIX_PATH}:/home/khaledob/bookros2_ws/install/ros2controlcli:/home/khaledob/bookros2_ws/install/launch_pal:/home/khaledob/bookros2_ws/install/br2_fsm_bumpgo_py:/opt/ros/foxy /usr/bin/cmake --install /home/khaledob/bookros2_ws/build/task2b
