[0.246s] Invoking command in '/home/khaledob/bookros2_ws/build/br2_basics': CMAKE_PREFIX_PATH=${CMAKE_PREFIX_PATH}:/home/khaledob/bookros2_ws/install/ros2controlcli:/home/khaledob/bookros2_ws/install/launch_pal:/home/khaledob/bookros2_ws/install/br2_fsm_bumpgo_py:/opt/ros/foxy /usr/bin/cmake --build /home/khaledob/bookros2_ws/build/br2_basics -- -j7 -l7
[0.833s] [ 14%] Built target publisher
[0.833s] [ 28%] Built target subscriber_class
[0.857s] [ 42%] Built target executors
[0.857s] [ 57%] Built target logger
[0.858s] [ 71%] Built target publisher_class
[0.858s] [ 85%] Built target logger_class
[0.952s] [100%] Built target param_reader
[1.163s] Invoked command in '/home/khaledob/bookros2_ws/build/br2_basics' returned '0': CMAKE_PREFIX_PATH=${CMAKE_PREFIX_PATH}:/home/khaledob/bookros2_ws/install/ros2controlcli:/home/khaledob/bookros2_ws/install/launch_pal:/home/khaledob/bookros2_ws/install/br2_fsm_bumpgo_py:/opt/ros/foxy /usr/bin/cmake --build /home/khaledob/bookros2_ws/build/br2_basics -- -j7 -l7
[1.163s] Invoking command in '/home/khaledob/bookros2_ws/build/br2_basics': CMAKE_PREFIX_PATH=${CMAKE_PREFIX_PATH}:/home/khaledob/bookros2_ws/install/ros2controlcli:/home/khaledob/bookros2_ws/install/launch_pal:/home/khaledob/bookros2_ws/install/br2_fsm_bumpgo_py:/opt/ros/foxy /usr/bin/cmake --install /home/khaledob/bookros2_ws/build/br2_basics
[1.198s] -- Install configuration: ""
[1.228s] -- Execute custom install script
[1.229s] -- Up-to-date symlink: /home/khaledob/bookros2_ws/install/br2_basics/lib/br2_basics/publisher
[1.243s] -- Up-to-date symlink: /home/khaledob/bookros2_ws/install/br2_basics/lib/br2_basics/publisher_class
[1.243s] -- Up-to-date symlink: /home/khaledob/bookros2_ws/install/br2_basics/lib/br2_basics/subscriber_class
[1.243s] -- Up-to-date symlink: /home/khaledob/bookros2_ws/install/br2_basics/lib/br2_basics/executors
[1.243s] -- Up-to-date symlink: /home/khaledob/bookros2_ws/install/br2_basics/lib/br2_basics/logger
[1.243s] -- Up-to-date symlink: /home/khaledob/bookros2_ws/install/br2_basics/lib/br2_basics/logger_class
[1.243s] -- Up-to-date symlink: /home/khaledob/bookros2_ws/install/br2_basics/lib/br2_basics/param_reader
[1.244s] -- Up-to-date symlink: /home/khaledob/bookros2_ws/install/br2_basics/share/br2_basics/launch/includer_launch.py
[1.244s] -- Up-to-date symlink: /home/khaledob/bookros2_ws/install/br2_basics/share/br2_basics/launch/param_node_v1_launch.py
[1.244s] -- Up-to-date symlink: /home/khaledob/bookros2_ws/install/br2_basics/share/br2_basics/launch/param_node_v2_launch.py
[1.244s] -- Up-to-date symlink: /home/khaledob/bookros2_ws/install/br2_basics/share/br2_basics/launch/pub_sub_v1_launch.py
[1.271s] -- Up-to-date symlink: /home/khaledob/bookros2_ws/install/br2_basics/share/br2_basics/launch/pub_sub_v2_launch.py
[1.275s] -- Up-to-date symlink: /home/khaledob/bookros2_ws/install/br2_basics/share/br2_basics/config/params.yaml
[1.283s] -- Up-to-date symlink: /home/khaledob/bookros2_ws/install/br2_basics/share/ament_index/resource_index/package_run_dependencies/br2_basics
[1.284s] -- Up-to-date symlink: /home/khaledob/bookros2_ws/install/br2_basics/share/ament_index/resource_index/parent_prefix_path/br2_basics
[1.284s] -- Up-to-date symlink: /home/khaledob/bookros2_ws/install/br2_basics/share/br2_basics/environment/ament_prefix_path.sh
[1.285s] -- Up-to-date symlink: /home/khaledob/bookros2_ws/install/br2_basics/share/br2_basics/environment/ament_prefix_path.dsv
[1.285s] -- Up-to-date symlink: /home/khaledob/bookros2_ws/install/br2_basics/share/br2_basics/environment/path.sh
[1.286s] -- Up-to-date symlink: /home/khaledob/bookros2_ws/install/br2_basics/share/br2_basics/environment/path.dsv
[1.294s] -- Up-to-date symlink: /home/khaledob/bookros2_ws/install/br2_basics/share/br2_basics/local_setup.bash
[1.294s] -- Up-to-date symlink: /home/khaledob/bookros2_ws/install/br2_basics/share/br2_basics/local_setup.sh
[1.294s] -- Up-to-date symlink: /home/khaledob/bookros2_ws/install/br2_basics/share/br2_basics/local_setup.zsh
[1.294s] -- Up-to-date symlink: /home/khaledob/bookros2_ws/install/br2_basics/share/br2_basics/local_setup.dsv
[1.296s] -- Symlinking: /home/khaledob/bookros2_ws/install/br2_basics/share/br2_basics/package.dsv
[1.315s] -- Up-to-date symlink: /home/khaledob/bookros2_ws/install/br2_basics/share/ament_index/resource_index/packages/br2_basics
[1.315s] -- Up-to-date symlink: /home/khaledob/bookros2_ws/install/br2_basics/share/br2_basics/cmake/ament_cmake_export_dependencies-extras.cmake
[1.315s] -- Up-to-date symlink: /home/khaledob/bookros2_ws/install/br2_basics/share/br2_basics/cmake/br2_basicsConfig.cmake
[1.316s] -- Up-to-date symlink: /home/khaledob/bookros2_ws/install/br2_basics/share/br2_basics/cmake/br2_basicsConfig-version.cmake
[1.316s] -- Up-to-date symlink: /home/khaledob/bookros2_ws/install/br2_basics/share/br2_basics/package.xml
[1.566s] Invoked command in '/home/khaledob/bookros2_ws/build/br2_basics' returned '0': CMAKE_PREFIX_PATH=${CMAKE_PREFIX_PATH}:/home/khaledob/bookros2_ws/install/ros2controlcli:/home/khaledob/bookros2_ws/install/launch_pal:/home/khaledob/bookros2_ws/install/br2_fsm_bumpgo_py:/opt/ros/foxy /usr/bin/cmake --install /home/khaledob/bookros2_ws/build/br2_basics
