[0.755s] Invoking command in '/home/khaledob/bookros2_ws/build/pmb2_description': AMENT_PREFIX_PATH=/home/khaledob/bookros2_ws/install/pmb2_controller_configuration:/home/khaledob/bookros2_ws/install/joint_state_controller:/home/khaledob/bookros2_ws/install/joint_state_broadcaster:/home/khaledob/bookros2_ws/install/imu_sensor_broadcaster:/home/khaledob/bookros2_ws/install/diff_drive_controller:/home/khaledob/bookros2_ws/install/controller_manager:/home/khaledob/bookros2_ws/install/controller_interface:/home/khaledob/bookros2_ws/install/hardware_interface:/home/khaledob/bookros2_ws/install/urdf_test:/home/khaledob/bookros2_ws/install/ros2_control_test_assets:/home/khaledob/bookros2_ws/install/launch_pal:/home/khaledob/bookros2_ws/install/controller_manager_msgs:${AMENT_PREFIX_PATH} CMAKE_PREFIX_PATH=/home/khaledob/bookros2_ws/install/pmb2_controller_configuration:/home/khaledob/bookros2_ws/install/joint_state_controller:/home/khaledob/bookros2_ws/install/joint_state_broadcaster:/home/khaledob/bookros2_ws/install/imu_sensor_broadcaster:/home/khaledob/bookros2_ws/install/diff_drive_controller:/home/khaledob/bookros2_ws/install/controller_manager:/home/khaledob/bookros2_ws/install/controller_interface:/home/khaledob/bookros2_ws/install/hardware_interface:/home/khaledob/bookros2_ws/install/urdf_test:/home/khaledob/bookros2_ws/install/ros2_control_test_assets:/home/khaledob/bookros2_ws/install/controller_manager_msgs:/opt/ros/foxy LD_LIBRARY_PATH=/home/khaledob/bookros2_ws/install/joint_state_controller/lib:/home/khaledob/bookros2_ws/install/joint_state_broadcaster/lib:/home/khaledob/bookros2_ws/install/imu_sensor_broadcaster/lib:/home/khaledob/bookros2_ws/install/diff_drive_controller/lib:/home/khaledob/bookros2_ws/install/controller_manager/lib:/home/khaledob/bookros2_ws/install/controller_interface/lib:/home/khaledob/bookros2_ws/install/hardware_interface/lib:/home/khaledob/bookros2_ws/install/controller_manager_msgs/lib:${LD_LIBRARY_PATH} PYTHONPATH=/home/khaledob/bookros2_ws/install/controller_manager/lib/python3.8/site-packages:/home/khaledob/bookros2_ws/install/urdf_test/lib/python3.8/site-packages:/home/khaledob/bookros2_ws/build/launch_pal:/home/khaledob/bookros2_ws/install/launch_pal/lib/python3.8/site-packages:/home/khaledob/bookros2_ws/install/controller_manager_msgs/lib/python3.8/site-packages:${PYTHONPATH} /usr/bin/cmake --build /home/khaledob/bookros2_ws/build/pmb2_description -- -j7 -l7
[1.081s] Invoked command in '/home/khaledob/bookros2_ws/build/pmb2_description' returned '0': AMENT_PREFIX_PATH=/home/khaledob/bookros2_ws/install/pmb2_controller_configuration:/home/khaledob/bookros2_ws/install/joint_state_controller:/home/khaledob/bookros2_ws/install/joint_state_broadcaster:/home/khaledob/bookros2_ws/install/imu_sensor_broadcaster:/home/khaledob/bookros2_ws/install/diff_drive_controller:/home/khaledob/bookros2_ws/install/controller_manager:/home/khaledob/bookros2_ws/install/controller_interface:/home/khaledob/bookros2_ws/install/hardware_interface:/home/khaledob/bookros2_ws/install/urdf_test:/home/khaledob/bookros2_ws/install/ros2_control_test_assets:/home/khaledob/bookros2_ws/install/launch_pal:/home/khaledob/bookros2_ws/install/controller_manager_msgs:${AMENT_PREFIX_PATH} CMAKE_PREFIX_PATH=/home/khaledob/bookros2_ws/install/pmb2_controller_configuration:/home/khaledob/bookros2_ws/install/joint_state_controller:/home/khaledob/bookros2_ws/install/joint_state_broadcaster:/home/khaledob/bookros2_ws/install/imu_sensor_broadcaster:/home/khaledob/bookros2_ws/install/diff_drive_controller:/home/khaledob/bookros2_ws/install/controller_manager:/home/khaledob/bookros2_ws/install/controller_interface:/home/khaledob/bookros2_ws/install/hardware_interface:/home/khaledob/bookros2_ws/install/urdf_test:/home/khaledob/bookros2_ws/install/ros2_control_test_assets:/home/khaledob/bookros2_ws/install/controller_manager_msgs:/opt/ros/foxy LD_LIBRARY_PATH=/home/khaledob/bookros2_ws/install/joint_state_controller/lib:/home/khaledob/bookros2_ws/install/joint_state_broadcaster/lib:/home/khaledob/bookros2_ws/install/imu_sensor_broadcaster/lib:/home/khaledob/bookros2_ws/install/diff_drive_controller/lib:/home/khaledob/bookros2_ws/install/controller_manager/lib:/home/khaledob/bookros2_ws/install/controller_interface/lib:/home/khaledob/bookros2_ws/install/hardware_interface/lib:/home/khaledob/bookros2_ws/install/controller_manager_msgs/lib:${LD_LIBRARY_PATH} PYTHONPATH=/home/khaledob/bookros2_ws/install/controller_manager/lib/python3.8/site-packages:/home/khaledob/bookros2_ws/install/urdf_test/lib/python3.8/site-packages:/home/khaledob/bookros2_ws/build/launch_pal:/home/khaledob/bookros2_ws/install/launch_pal/lib/python3.8/site-packages:/home/khaledob/bookros2_ws/install/controller_manager_msgs/lib/python3.8/site-packages:${PYTHONPATH} /usr/bin/cmake --build /home/khaledob/bookros2_ws/build/pmb2_description -- -j7 -l7
[1.104s] Invoking command in '/home/khaledob/bookros2_ws/build/pmb2_description': AMENT_PREFIX_PATH=/home/khaledob/bookros2_ws/install/pmb2_controller_configuration:/home/khaledob/bookros2_ws/install/joint_state_controller:/home/khaledob/bookros2_ws/install/joint_state_broadcaster:/home/khaledob/bookros2_ws/install/imu_sensor_broadcaster:/home/khaledob/bookros2_ws/install/diff_drive_controller:/home/khaledob/bookros2_ws/install/controller_manager:/home/khaledob/bookros2_ws/install/controller_interface:/home/khaledob/bookros2_ws/install/hardware_interface:/home/khaledob/bookros2_ws/install/urdf_test:/home/khaledob/bookros2_ws/install/ros2_control_test_assets:/home/khaledob/bookros2_ws/install/launch_pal:/home/khaledob/bookros2_ws/install/controller_manager_msgs:${AMENT_PREFIX_PATH} CMAKE_PREFIX_PATH=/home/khaledob/bookros2_ws/install/pmb2_controller_configuration:/home/khaledob/bookros2_ws/install/joint_state_controller:/home/khaledob/bookros2_ws/install/joint_state_broadcaster:/home/khaledob/bookros2_ws/install/imu_sensor_broadcaster:/home/khaledob/bookros2_ws/install/diff_drive_controller:/home/khaledob/bookros2_ws/install/controller_manager:/home/khaledob/bookros2_ws/install/controller_interface:/home/khaledob/bookros2_ws/install/hardware_interface:/home/khaledob/bookros2_ws/install/urdf_test:/home/khaledob/bookros2_ws/install/ros2_control_test_assets:/home/khaledob/bookros2_ws/install/controller_manager_msgs:/opt/ros/foxy LD_LIBRARY_PATH=/home/khaledob/bookros2_ws/install/joint_state_controller/lib:/home/khaledob/bookros2_ws/install/joint_state_broadcaster/lib:/home/khaledob/bookros2_ws/install/imu_sensor_broadcaster/lib:/home/khaledob/bookros2_ws/install/diff_drive_controller/lib:/home/khaledob/bookros2_ws/install/controller_manager/lib:/home/khaledob/bookros2_ws/install/controller_interface/lib:/home/khaledob/bookros2_ws/install/hardware_interface/lib:/home/khaledob/bookros2_ws/install/controller_manager_msgs/lib:${LD_LIBRARY_PATH} PYTHONPATH=/home/khaledob/bookros2_ws/install/controller_manager/lib/python3.8/site-packages:/home/khaledob/bookros2_ws/install/urdf_test/lib/python3.8/site-packages:/home/khaledob/bookros2_ws/build/launch_pal:/home/khaledob/bookros2_ws/install/launch_pal/lib/python3.8/site-packages:/home/khaledob/bookros2_ws/install/controller_manager_msgs/lib/python3.8/site-packages:${PYTHONPATH} /usr/bin/cmake --install /home/khaledob/bookros2_ws/build/pmb2_description
[1.161s] -- Install configuration: ""
[1.161s] -- Execute custom install script
[1.161s] -- Up-to-date symlink: /home/khaledob/bookros2_ws/install/pmb2_description/share/pmb2_description/environment/pythonpath.sh
[1.162s] -- Up-to-date symlink: /home/khaledob/bookros2_ws/install/pmb2_description/share/pmb2_description/environment/pythonpath.dsv
[1.162s] -- Up-to-date symlink: /home/khaledob/bookros2_ws/install/pmb2_description/lib/python3.8/site-packages/pmb2_description/__init__.py
[1.162s] -- Up-to-date symlink: /home/khaledob/bookros2_ws/install/pmb2_description/lib/python3.8/site-packages/pmb2_description/pmb2_launch_utils.py
[1.164s] -- Up-to-date symlink: /home/khaledob/bookros2_ws/install/pmb2_description/share/pmb2_description/config/joint_limits.yaml
[1.165s] -- Up-to-date symlink: /home/khaledob/bookros2_ws/install/pmb2_description/share/pmb2_description/gazebo/gazebo.urdf.xacro
[1.189s] -- Up-to-date symlink: /home/khaledob/bookros2_ws/install/pmb2_description/share/pmb2_description/launch/robot_state_publisher.launch.py
[1.190s] -- Up-to-date symlink: /home/khaledob/bookros2_ws/install/pmb2_description/share/pmb2_description/launch/show.launch.py
[1.191s] -- Up-to-date symlink: /home/khaledob/bookros2_ws/install/pmb2_description/share/pmb2_description/Media/materials/scripts/markers.material
[1.191s] -- Up-to-date symlink: /home/khaledob/bookros2_ws/install/pmb2_description/share/pmb2_description/Media/materials/textures/aruco-26_8cm.png
[1.191s] -- Up-to-date symlink: /home/khaledob/bookros2_ws/install/pmb2_description/share/pmb2_description/Media/materials/textures/aruco-582_8cm.png
[1.191s] -- Up-to-date symlink: /home/khaledob/bookros2_ws/install/pmb2_description/share/pmb2_description/Media/materials/textures/pal_logo_1_7cm.jpg
[1.191s] -- Up-to-date symlink: /home/khaledob/bookros2_ws/install/pmb2_description/share/pmb2_description/Media/materials/textures/pal_logo_2_7cm.jpg
[1.192s] -- Up-to-date symlink: /home/khaledob/bookros2_ws/install/pmb2_description/share/pmb2_description/Media/materials/textures/pal_logo_3_7cm.jpg
[1.192s] -- Up-to-date symlink: /home/khaledob/bookros2_ws/install/pmb2_description/share/pmb2_description/meshes/base/base.stl
[1.192s] -- Up-to-date symlink: /home/khaledob/bookros2_ws/install/pmb2_description/share/pmb2_description/meshes/base/base_collision.dae
[1.192s] -- Up-to-date symlink: /home/khaledob/bookros2_ws/install/pmb2_description/share/pmb2_description/meshes/base/base_ring.stl
[1.192s] -- Up-to-date symlink: /home/khaledob/bookros2_ws/install/pmb2_description/share/pmb2_description/meshes/base/high_resolution/base.stl
[1.192s] -- Up-to-date symlink: /home/khaledob/bookros2_ws/install/pmb2_description/share/pmb2_description/meshes/base/high_resolution/base_collision.stl
[1.192s] -- Up-to-date symlink: /home/khaledob/bookros2_ws/install/pmb2_description/share/pmb2_description/meshes/cameras_add_on/cameras_add_on.stl
[1.193s] -- Up-to-date symlink: /home/khaledob/bookros2_ws/install/pmb2_description/share/pmb2_description/meshes/cameras_add_on/cameras_add_on_collision.stl
[1.193s] -- Up-to-date symlink: /home/khaledob/bookros2_ws/install/pmb2_description/share/pmb2_description/meshes/dock/dock.stl
[1.193s] -- Up-to-date symlink: /home/khaledob/bookros2_ws/install/pmb2_description/share/pmb2_description/meshes/dock/dock_collision.stl
[1.193s] -- Up-to-date symlink: /home/khaledob/bookros2_ws/install/pmb2_description/share/pmb2_description/meshes/objects/antenna.stl
[1.194s] -- Up-to-date symlink: /home/khaledob/bookros2_ws/install/pmb2_description/share/pmb2_description/meshes/objects/cover.stl
[1.195s] -- Up-to-date symlink: /home/khaledob/bookros2_ws/install/pmb2_description/share/pmb2_description/meshes/objects/high_resolution/cover.stl
[1.197s] -- Up-to-date symlink: /home/khaledob/bookros2_ws/install/pmb2_description/share/pmb2_description/meshes/sensors/bumper.stl
[1.199s] -- Up-to-date symlink: /home/khaledob/bookros2_ws/install/pmb2_description/share/pmb2_description/meshes/sensors/bumper_collision.stl
[1.200s] -- Up-to-date symlink: /home/khaledob/bookros2_ws/install/pmb2_description/share/pmb2_description/meshes/sensors/elp_camera.stl
[1.200s] -- Up-to-date symlink: /home/khaledob/bookros2_ws/install/pmb2_description/share/pmb2_description/meshes/sensors/high_resolution/bumper.stl
[1.200s] -- Up-to-date symlink: /home/khaledob/bookros2_ws/install/pmb2_description/share/pmb2_description/meshes/sensors/high_resolution/hokuyo_urg_04lx_ug01.stl
[1.201s] -- Up-to-date symlink: /home/khaledob/bookros2_ws/install/pmb2_description/share/pmb2_description/meshes/sensors/high_resolution/sick_tim551.stl
[1.201s] -- Up-to-date symlink: /home/khaledob/bookros2_ws/install/pmb2_description/share/pmb2_description/meshes/sensors/high_resolution/srf05.stl
[1.201s] -- Up-to-date symlink: /home/khaledob/bookros2_ws/install/pmb2_description/share/pmb2_description/meshes/sensors/high_resolution/xtion_pro_live.stl
[1.202s] -- Up-to-date symlink: /home/khaledob/bookros2_ws/install/pmb2_description/share/pmb2_description/meshes/sensors/hokuyo_urg_04lx_ug01.stl
[1.202s] -- Up-to-date symlink: /home/khaledob/bookros2_ws/install/pmb2_description/share/pmb2_description/meshes/sensors/sick_tim551.stl
[1.202s] -- Up-to-date symlink: /home/khaledob/bookros2_ws/install/pmb2_description/share/pmb2_description/meshes/sensors/srf05.stl
[1.202s] -- Up-to-date symlink: /home/khaledob/bookros2_ws/install/pmb2_description/share/pmb2_description/meshes/sensors/structure_sensor.stl
[1.202s] -- Up-to-date symlink: /home/khaledob/bookros2_ws/install/pmb2_description/share/pmb2_description/meshes/sensors/xtion_pro_live.dae
[1.202s] -- Up-to-date symlink: /home/khaledob/bookros2_ws/install/pmb2_description/share/pmb2_description/meshes/wheels/caster_1.stl
[1.202s] -- Up-to-date symlink: /home/khaledob/bookros2_ws/install/pmb2_description/share/pmb2_description/meshes/wheels/caster_2.stl
[1.203s] -- Up-to-date symlink: /home/khaledob/bookros2_ws/install/pmb2_description/share/pmb2_description/meshes/wheels/high_resolution/caster_1.stl
[1.203s] -- Up-to-date symlink: /home/khaledob/bookros2_ws/install/pmb2_description/share/pmb2_description/meshes/wheels/high_resolution/caster_2.stl
[1.203s] -- Up-to-date symlink: /home/khaledob/bookros2_ws/install/pmb2_description/share/pmb2_description/meshes/wheels/high_resolution/wheel.stl
[1.203s] -- Up-to-date symlink: /home/khaledob/bookros2_ws/install/pmb2_description/share/pmb2_description/meshes/wheels/wheel.stl
[1.203s] -- Up-to-date symlink: /home/khaledob/bookros2_ws/install/pmb2_description/share/pmb2_description/robots/pmb2.urdf.xacro
[1.203s] -- Up-to-date symlink: /home/khaledob/bookros2_ws/install/pmb2_description/share/pmb2_description/ros2_control/ros2_control.urdf.xacro
[1.204s] -- Up-to-date symlink: /home/khaledob/bookros2_ws/install/pmb2_description/share/pmb2_description/urdf/base/base.urdf.xacro
[1.204s] -- Up-to-date symlink: /home/khaledob/bookros2_ws/install/pmb2_description/share/pmb2_description/urdf/base/base_sensors.urdf.xacro
[1.204s] -- Up-to-date symlink: /home/khaledob/bookros2_ws/install/pmb2_description/share/pmb2_description/urdf/base/footprint.yaml
[1.204s] -- Up-to-date symlink: /home/khaledob/bookros2_ws/install/pmb2_description/share/pmb2_description/urdf/cameras_add_on/cameras_add_on.urdf.xacro
[1.205s] -- Up-to-date symlink: /home/khaledob/bookros2_ws/install/pmb2_description/share/pmb2_description/urdf/deg_to_rad.xacro
[1.206s] -- Up-to-date symlink: /home/khaledob/bookros2_ws/install/pmb2_description/share/pmb2_description/urdf/dock/dock.urdf.xacro
[1.207s] -- Up-to-date symlink: /home/khaledob/bookros2_ws/install/pmb2_description/share/pmb2_description/urdf/materials.urdf.xacro
[1.207s] -- Up-to-date symlink: /home/khaledob/bookros2_ws/install/pmb2_description/share/pmb2_description/urdf/objects/antenna.urdf.xacro
[1.207s] -- Up-to-date symlink: /home/khaledob/bookros2_ws/install/pmb2_description/share/pmb2_description/urdf/objects/cover.urdf.xacro
[1.207s] -- Up-to-date symlink: /home/khaledob/bookros2_ws/install/pmb2_description/share/pmb2_description/urdf/sensors/bumper.gazebo.xacro
[1.208s] -- Up-to-date symlink: /home/khaledob/bookros2_ws/install/pmb2_description/share/pmb2_description/urdf/sensors/bumper.urdf.xacro
[1.209s] -- Up-to-date symlink: /home/khaledob/bookros2_ws/install/pmb2_description/share/pmb2_description/urdf/sensors/courier.urdf.xacro
[1.209s] -- Up-to-date symlink: /home/khaledob/bookros2_ws/install/pmb2_description/share/pmb2_description/urdf/sensors/elp_rgb.gazebo.xacro
[1.209s] -- Up-to-date symlink: /home/khaledob/bookros2_ws/install/pmb2_description/share/pmb2_description/urdf/sensors/elp_rgb.urdf.xacro
[1.216s] -- Up-to-date symlink: /home/khaledob/bookros2_ws/install/pmb2_description/share/pmb2_description/urdf/sensors/hokuyo_urg_04lx_ug01_laser.gazebo.xacro
[1.217s] -- Up-to-date symlink: /home/khaledob/bookros2_ws/install/pmb2_description/share/pmb2_description/urdf/sensors/hokuyo_urg_04lx_ug01_laser.urdf.xacro
[1.218s] -- Up-to-date symlink: /home/khaledob/bookros2_ws/install/pmb2_description/share/pmb2_description/urdf/sensors/imu.urdf.xacro
[1.218s] -- Up-to-date symlink: /home/khaledob/bookros2_ws/install/pmb2_description/share/pmb2_description/urdf/sensors/microphone.urdf.xacro
[1.218s] -- Up-to-date symlink: /home/khaledob/bookros2_ws/install/pmb2_description/share/pmb2_description/urdf/sensors/range.gazebo.xacro
[1.218s] -- Up-to-date symlink: /home/khaledob/bookros2_ws/install/pmb2_description/share/pmb2_description/urdf/sensors/range.urdf.xacro
[1.222s] -- Up-to-date symlink: /home/khaledob/bookros2_ws/install/pmb2_description/share/pmb2_description/urdf/sensors/sensors.ros2_control.xacro
[1.222s] -- Up-to-date symlink: /home/khaledob/bookros2_ws/install/pmb2_description/share/pmb2_description/urdf/sensors/sick_tim551_laser.gazebo.xacro
[1.224s] -- Up-to-date symlink: /home/khaledob/bookros2_ws/install/pmb2_description/share/pmb2_description/urdf/sensors/sick_tim551_laser.urdf.xacro
[1.224s] -- Up-to-date symlink: /home/khaledob/bookros2_ws/install/pmb2_description/share/pmb2_description/urdf/sensors/sick_tim561_laser.gazebo.xacro
[1.227s] -- Up-to-date symlink: /home/khaledob/bookros2_ws/install/pmb2_description/share/pmb2_description/urdf/sensors/sick_tim561_laser.urdf.xacro
[1.227s] -- Up-to-date symlink: /home/khaledob/bookros2_ws/install/pmb2_description/share/pmb2_description/urdf/sensors/sick_tim571_laser.gazebo.xacro
[1.227s] -- Up-to-date symlink: /home/khaledob/bookros2_ws/install/pmb2_description/share/pmb2_description/urdf/sensors/sick_tim571_laser.urdf.xacro
[1.227s] -- Up-to-date symlink: /home/khaledob/bookros2_ws/install/pmb2_description/share/pmb2_description/urdf/sensors/structure_sensor.gazebo.xacro
[1.228s] -- Up-to-date symlink: /home/khaledob/bookros2_ws/install/pmb2_description/share/pmb2_description/urdf/sensors/structure_sensor.urdf.xacro
[1.228s] -- Up-to-date symlink: /home/khaledob/bookros2_ws/install/pmb2_description/share/pmb2_description/urdf/wheels/caster.gazebo.xacro
[1.228s] -- Up-to-date symlink: /home/khaledob/bookros2_ws/install/pmb2_description/share/pmb2_description/urdf/wheels/caster.urdf.xacro
[1.228s] -- Up-to-date symlink: /home/khaledob/bookros2_ws/install/pmb2_description/share/pmb2_description/urdf/wheels/wheel.gazebo.xacro
[1.228s] -- Up-to-date symlink: /home/khaledob/bookros2_ws/install/pmb2_description/share/pmb2_description/urdf/wheels/wheel.ros2_control.xacro
[1.229s] -- Up-to-date symlink: /home/khaledob/bookros2_ws/install/pmb2_description/share/pmb2_description/urdf/wheels/wheel.urdf.xacro
[1.229s] -- Up-to-date symlink: /home/khaledob/bookros2_ws/install/pmb2_description/share/ament_index/resource_index/package_run_dependencies/pmb2_description
[1.229s] -- Up-to-date symlink: /home/khaledob/bookros2_ws/install/pmb2_description/share/ament_index/resource_index/parent_prefix_path/pmb2_description
[1.234s] -- Up-to-date symlink: /home/khaledob/bookros2_ws/install/pmb2_description/share/pmb2_description/environment/ament_prefix_path.sh
[1.234s] -- Up-to-date symlink: /home/khaledob/bookros2_ws/install/pmb2_description/share/pmb2_description/environment/ament_prefix_path.dsv
[1.235s] -- Up-to-date symlink: /home/khaledob/bookros2_ws/install/pmb2_description/share/pmb2_description/environment/path.sh
[1.235s] -- Up-to-date symlink: /home/khaledob/bookros2_ws/install/pmb2_description/share/pmb2_description/environment/path.dsv
[1.235s] -- Up-to-date symlink: /home/khaledob/bookros2_ws/install/pmb2_description/share/pmb2_description/local_setup.bash
[1.235s] -- Up-to-date symlink: /home/khaledob/bookros2_ws/install/pmb2_description/share/pmb2_description/local_setup.sh
[1.235s] -- Up-to-date symlink: /home/khaledob/bookros2_ws/install/pmb2_description/share/pmb2_description/local_setup.zsh
[1.236s] -- Up-to-date symlink: /home/khaledob/bookros2_ws/install/pmb2_description/share/pmb2_description/local_setup.dsv
[1.238s] -- Symlinking: /home/khaledob/bookros2_ws/install/pmb2_description/share/pmb2_description/package.dsv
[1.253s] -- Up-to-date symlink: /home/khaledob/bookros2_ws/install/pmb2_description/share/ament_index/resource_index/packages/pmb2_description
[1.254s] -- Up-to-date symlink: /home/khaledob/bookros2_ws/install/pmb2_description/share/pmb2_description/cmake/pmb2_descriptionConfig.cmake
[1.256s] -- Up-to-date symlink: /home/khaledob/bookros2_ws/install/pmb2_description/share/pmb2_description/cmake/pmb2_descriptionConfig-version.cmake
[1.256s] -- Up-to-date symlink: /home/khaledob/bookros2_ws/install/pmb2_description/share/pmb2_description/package.xml
[1.316s] Listing '/home/khaledob/bookros2_ws/install/pmb2_description/lib/python3.8/site-packages/pmb2_description'...
