[0.771s] Invoking command in '/home/khaledob/bookros2_ws/build/hardware_interface': AMENT_PREFIX_PATH=/home/khaledob/bookros2_ws/install/ros2_control_test_assets:${AMENT_PREFIX_PATH} CMAKE_PREFIX_PATH=/home/khaledob/bookros2_ws/install/ros2_control_test_assets:/opt/ros/foxy /usr/bin/cmake --build /home/khaledob/bookros2_ws/build/hardware_interface -- -j7 -l7
[1.145s] [ 17%] Built target hardware_interface
[1.314s] [ 23%] Built target gmock_main
[1.866s] [ 38%] Built target test_hardware_components
[1.980s] [ 50%] Built target test_components
[2.019s] [ 55%] Built target fake_components
[2.263s] [ 64%] Built target gmock
[2.508s] [ 70%] Built target test_component_interfaces
[2.612s] [ 76%] Built target test_resource_manager
[2.845s] [ 82%] Built target test_macros
[2.936s] [ 88%] Built target test_generic_system
[3.214s] [ 94%] Built target test_component_parser
[3.418s] [100%] Built target test_joint_handle
[3.490s] Invoked command in '/home/khaledob/bookros2_ws/build/hardware_interface' returned '0': AMENT_PREFIX_PATH=/home/khaledob/bookros2_ws/install/ros2_control_test_assets:${AMENT_PREFIX_PATH} CMAKE_PREFIX_PATH=/home/khaledob/bookros2_ws/install/ros2_control_test_assets:/opt/ros/foxy /usr/bin/cmake --build /home/khaledob/bookros2_ws/build/hardware_interface -- -j7 -l7
[3.494s] Invoking command in '/home/khaledob/bookros2_ws/build/hardware_interface': AMENT_PREFIX_PATH=/home/khaledob/bookros2_ws/install/ros2_control_test_assets:${AMENT_PREFIX_PATH} CMAKE_PREFIX_PATH=/home/khaledob/bookros2_ws/install/ros2_control_test_assets:/opt/ros/foxy /usr/bin/cmake --install /home/khaledob/bookros2_ws/build/hardware_interface
[3.636s] -- Install configuration: ""
[3.637s] -- Execute custom install script
[3.637s] -- Up-to-date symlink: /home/khaledob/bookros2_ws/install/hardware_interface/share/hardware_interface//fake_components_plugin_description.xml
[3.637s] -- Up-to-date symlink: /home/khaledob/bookros2_ws/install/hardware_interface/include/fake_components/generic_system.hpp
[3.637s] -- Up-to-date symlink: /home/khaledob/bookros2_ws/install/hardware_interface/include/fake_components/visibility_control.h
[3.637s] -- Up-to-date symlink: /home/khaledob/bookros2_ws/install/hardware_interface/include/hardware_interface/actuator.hpp
[3.637s] -- Up-to-date symlink: /home/khaledob/bookros2_ws/install/hardware_interface/include/hardware_interface/actuator_interface.hpp
[3.637s] -- Up-to-date symlink: /home/khaledob/bookros2_ws/install/hardware_interface/include/hardware_interface/base_interface.hpp
[3.638s] -- Up-to-date symlink: /home/khaledob/bookros2_ws/install/hardware_interface/include/hardware_interface/component_parser.hpp
[3.640s] -- Up-to-date symlink: /home/khaledob/bookros2_ws/install/hardware_interface/include/hardware_interface/controller_info.hpp
[3.641s] -- Up-to-date symlink: /home/khaledob/bookros2_ws/install/hardware_interface/include/hardware_interface/handle.hpp
[3.641s] -- Up-to-date symlink: /home/khaledob/bookros2_ws/install/hardware_interface/include/hardware_interface/hardware_info.hpp
[3.641s] -- Up-to-date symlink: /home/khaledob/bookros2_ws/install/hardware_interface/include/hardware_interface/loaned_command_interface.hpp
[3.641s] -- Up-to-date symlink: /home/khaledob/bookros2_ws/install/hardware_interface/include/hardware_interface/loaned_state_interface.hpp
[3.641s] -- Up-to-date symlink: /home/khaledob/bookros2_ws/install/hardware_interface/include/hardware_interface/macros.hpp
[3.642s] -- Up-to-date symlink: /home/khaledob/bookros2_ws/install/hardware_interface/include/hardware_interface/resource_manager.hpp
[3.642s] -- Up-to-date symlink: /home/khaledob/bookros2_ws/install/hardware_interface/include/hardware_interface/sensor.hpp
[3.642s] -- Up-to-date symlink: /home/khaledob/bookros2_ws/install/hardware_interface/include/hardware_interface/sensor_interface.hpp
[3.642s] -- Up-to-date symlink: /home/khaledob/bookros2_ws/install/hardware_interface/include/hardware_interface/system.hpp
[3.642s] -- Up-to-date symlink: /home/khaledob/bookros2_ws/install/hardware_interface/include/hardware_interface/system_interface.hpp
[3.642s] -- Up-to-date symlink: /home/khaledob/bookros2_ws/install/hardware_interface/include/hardware_interface/types/hardware_interface_return_values.hpp
[3.642s] -- Up-to-date symlink: /home/khaledob/bookros2_ws/install/hardware_interface/include/hardware_interface/types/hardware_interface_status_values.hpp
[3.643s] -- Up-to-date symlink: /home/khaledob/bookros2_ws/install/hardware_interface/include/hardware_interface/types/hardware_interface_type_values.hpp
[3.643s] -- Up-to-date symlink: /home/khaledob/bookros2_ws/install/hardware_interface/include/hardware_interface/visibility_control.h
[3.643s] -- Up-to-date symlink: /home/khaledob/bookros2_ws/install/hardware_interface/lib/libfake_components.so
[3.643s] -- Up-to-date symlink: /home/khaledob/bookros2_ws/install/hardware_interface/lib/libhardware_interface.so
[3.652s] -- Up-to-date symlink: /home/khaledob/bookros2_ws/install/hardware_interface/lib/libtest_components.so
[3.674s] -- Up-to-date symlink: /home/khaledob/bookros2_ws/install/hardware_interface/share/hardware_interface/test/test_components/test_components.xml
[3.674s] -- Up-to-date symlink: /home/khaledob/bookros2_ws/install/hardware_interface/lib/libtest_hardware_components.so
[3.674s] -- Up-to-date symlink: /home/khaledob/bookros2_ws/install/hardware_interface/share/hardware_interface/test/test_hardware_components/test_hardware_components.xml
[3.674s] -- Up-to-date symlink: /home/khaledob/bookros2_ws/install/hardware_interface/share/hardware_interface/environment/library_path.sh
[3.674s] -- Up-to-date symlink: /home/khaledob/bookros2_ws/install/hardware_interface/share/hardware_interface/environment/library_path.dsv
[3.674s] -- Up-to-date symlink: /home/khaledob/bookros2_ws/install/hardware_interface/share/ament_index/resource_index/package_run_dependencies/hardware_interface
[3.674s] -- Up-to-date symlink: /home/khaledob/bookros2_ws/install/hardware_interface/share/ament_index/resource_index/parent_prefix_path/hardware_interface
[3.675s] -- Up-to-date symlink: /home/khaledob/bookros2_ws/install/hardware_interface/share/hardware_interface/environment/ament_prefix_path.sh
[3.675s] -- Up-to-date symlink: /home/khaledob/bookros2_ws/install/hardware_interface/share/hardware_interface/environment/ament_prefix_path.dsv
[3.675s] -- Up-to-date symlink: /home/khaledob/bookros2_ws/install/hardware_interface/share/hardware_interface/environment/path.sh
[3.675s] -- Up-to-date symlink: /home/khaledob/bookros2_ws/install/hardware_interface/share/hardware_interface/environment/path.dsv
[3.675s] -- Up-to-date symlink: /home/khaledob/bookros2_ws/install/hardware_interface/share/hardware_interface/local_setup.bash
[3.675s] -- Up-to-date symlink: /home/khaledob/bookros2_ws/install/hardware_interface/share/hardware_interface/local_setup.sh
[3.675s] -- Up-to-date symlink: /home/khaledob/bookros2_ws/install/hardware_interface/share/hardware_interface/local_setup.zsh
[3.676s] -- Up-to-date symlink: /home/khaledob/bookros2_ws/install/hardware_interface/share/hardware_interface/local_setup.dsv
[3.676s] -- Symlinking: /home/khaledob/bookros2_ws/install/hardware_interface/share/hardware_interface/package.dsv
[3.676s] -- Up-to-date symlink: /home/khaledob/bookros2_ws/install/hardware_interface/share/ament_index/resource_index/packages/hardware_interface
[3.676s] -- Up-to-date symlink: /home/khaledob/bookros2_ws/install/hardware_interface/share/ament_index/resource_index/hardware_interface__pluginlib__plugin/hardware_interface
[3.676s] -- Up-to-date symlink: /home/khaledob/bookros2_ws/install/hardware_interface/share/hardware_interface/cmake/ament_cmake_export_include_directories-extras.cmake
[3.676s] -- Up-to-date symlink: /home/khaledob/bookros2_ws/install/hardware_interface/share/hardware_interface/cmake/ament_cmake_export_libraries-extras.cmake
[3.676s] -- Up-to-date symlink: /home/khaledob/bookros2_ws/install/hardware_interface/share/hardware_interface/cmake/ament_cmake_export_dependencies-extras.cmake
[3.677s] -- Up-to-date symlink: /home/khaledob/bookros2_ws/install/hardware_interface/share/hardware_interface/cmake/hardware_interfaceConfig.cmake
[3.677s] -- Up-to-date symlink: /home/khaledob/bookros2_ws/install/hardware_interface/share/hardware_interface/cmake/hardware_interfaceConfig-version.cmake
[3.677s] -- Up-to-date symlink: /home/khaledob/bookros2_ws/install/hardware_interface/share/hardware_interface/package.xml
[3.851s] Invoked command in '/home/khaledob/bookros2_ws/build/hardware_interface' returned '0': AMENT_PREFIX_PATH=/home/khaledob/bookros2_ws/install/ros2_control_test_assets:${AMENT_PREFIX_PATH} CMAKE_PREFIX_PATH=/home/khaledob/bookros2_ws/install/ros2_control_test_assets:/opt/ros/foxy /usr/bin/cmake --install /home/khaledob/bookros2_ws/build/hardware_interface
