[0.187s] Invoking command in '/home/khaledob/bookros2_ws/build/br2_basics': CMAKE_PREFIX_PATH=${CMAKE_PREFIX_PATH}:/home/khaledob/bookros2_ws/install/ros2controlcli:/home/khaledob/bookros2_ws/install/launch_pal:/home/khaledob/bookros2_ws/install/br2_fsm_bumpgo_py:/opt/ros/foxy /usr/bin/cmake --build /home/khaledob/bookros2_ws/build/br2_basics -- -j7 -l7
[0.435s] [ 14%] Built target logger
[0.435s] [ 28%] Built target publisher
[0.485s] [ 42%] Built target executors
[0.508s] [ 57%] Built target subscriber_class
[0.508s] [ 71%] Built target publisher_class
[0.608s] [ 85%] Built target param_reader
[0.608s] [100%] Built target logger_class
[0.835s] Invoked command in '/home/khaledob/bookros2_ws/build/br2_basics' returned '0': CMAKE_PREFIX_PATH=${CMAKE_PREFIX_PATH}:/home/khaledob/bookros2_ws/install/ros2controlcli:/home/khaledob/bookros2_ws/install/launch_pal:/home/khaledob/bookros2_ws/install/br2_fsm_bumpgo_py:/opt/ros/foxy /usr/bin/cmake --build /home/khaledob/bookros2_ws/build/br2_basics -- -j7 -l7
[0.840s] Invoking command in '/home/khaledob/bookros2_ws/build/br2_basics': CMAKE_PREFIX_PATH=${CMAKE_PREFIX_PATH}:/home/khaledob/bookros2_ws/install/ros2controlcli:/home/khaledob/bookros2_ws/install/launch_pal:/home/khaledob/bookros2_ws/install/br2_fsm_bumpgo_py:/opt/ros/foxy /usr/bin/cmake --install /home/khaledob/bookros2_ws/build/br2_basics
[0.919s] -- Install configuration: ""
[0.919s] -- Execute custom install script
[0.919s] -- Up-to-date symlink: /home/khaledob/bookros2_ws/install/br2_basics/lib/br2_basics/publisher
[0.919s] -- Up-to-date symlink: /home/khaledob/bookros2_ws/install/br2_basics/lib/br2_basics/publisher_class
[0.919s] -- Up-to-date symlink: /home/khaledob/bookros2_ws/install/br2_basics/lib/br2_basics/subscriber_class
[0.921s] -- Up-to-date symlink: /home/khaledob/bookros2_ws/install/br2_basics/lib/br2_basics/executors
[0.924s] -- Up-to-date symlink: /home/khaledob/bookros2_ws/install/br2_basics/lib/br2_basics/logger
[0.925s] -- Up-to-date symlink: /home/khaledob/bookros2_ws/install/br2_basics/lib/br2_basics/logger_class
[0.925s] -- Up-to-date symlink: /home/khaledob/bookros2_ws/install/br2_basics/lib/br2_basics/param_reader
[0.930s] -- Up-to-date symlink: /home/khaledob/bookros2_ws/install/br2_basics/share/br2_basics/launch/includer_launch.py
[0.931s] -- Up-to-date symlink: /home/khaledob/bookros2_ws/install/br2_basics/share/br2_basics/launch/param_node_v1_launch.py
[0.932s] -- Up-to-date symlink: /home/khaledob/bookros2_ws/install/br2_basics/share/br2_basics/launch/param_node_v2_launch.py
[0.933s] -- Up-to-date symlink: /home/khaledob/bookros2_ws/install/br2_basics/share/br2_basics/launch/pub_sub_v1_launch.py
[0.934s] -- Up-to-date symlink: /home/khaledob/bookros2_ws/install/br2_basics/share/br2_basics/launch/pub_sub_v2_launch.py
[0.935s] -- Up-to-date symlink: /home/khaledob/bookros2_ws/install/br2_basics/share/br2_basics/config/params.yaml
[0.936s] -- Up-to-date symlink: /home/khaledob/bookros2_ws/install/br2_basics/share/ament_index/resource_index/package_run_dependencies/br2_basics
[0.936s] -- Up-to-date symlink: /home/khaledob/bookros2_ws/install/br2_basics/share/ament_index/resource_index/parent_prefix_path/br2_basics
[0.936s] -- Up-to-date symlink: /home/khaledob/bookros2_ws/install/br2_basics/share/br2_basics/environment/ament_prefix_path.sh
[0.936s] -- Up-to-date symlink: /home/khaledob/bookros2_ws/install/br2_basics/share/br2_basics/environment/ament_prefix_path.dsv
[0.937s] -- Up-to-date symlink: /home/khaledob/bookros2_ws/install/br2_basics/share/br2_basics/environment/path.sh
[0.937s] -- Up-to-date symlink: /home/khaledob/bookros2_ws/install/br2_basics/share/br2_basics/environment/path.dsv
[0.937s] -- Up-to-date symlink: /home/khaledob/bookros2_ws/install/br2_basics/share/br2_basics/local_setup.bash
[0.938s] -- Up-to-date symlink: /home/khaledob/bookros2_ws/install/br2_basics/share/br2_basics/local_setup.sh
[0.939s] -- Up-to-date symlink: /home/khaledob/bookros2_ws/install/br2_basics/share/br2_basics/local_setup.zsh
[0.940s] -- Up-to-date symlink: /home/khaledob/bookros2_ws/install/br2_basics/share/br2_basics/local_setup.dsv
[0.940s] -- Symlinking: /home/khaledob/bookros2_ws/install/br2_basics/share/br2_basics/package.dsv
[0.949s] -- Up-to-date symlink: /home/khaledob/bookros2_ws/install/br2_basics/share/ament_index/resource_index/packages/br2_basics
[0.949s] -- Up-to-date symlink: /home/khaledob/bookros2_ws/install/br2_basics/share/br2_basics/cmake/ament_cmake_export_dependencies-extras.cmake
[0.949s] -- Up-to-date symlink: /home/khaledob/bookros2_ws/install/br2_basics/share/br2_basics/cmake/br2_basicsConfig.cmake
[0.949s] -- Up-to-date symlink: /home/khaledob/bookros2_ws/install/br2_basics/share/br2_basics/cmake/br2_basicsConfig-version.cmake
[0.949s] -- Up-to-date symlink: /home/khaledob/bookros2_ws/install/br2_basics/share/br2_basics/package.xml
[1.161s] Invoked command in '/home/khaledob/bookros2_ws/build/br2_basics' returned '0': CMAKE_PREFIX_PATH=${CMAKE_PREFIX_PATH}:/home/khaledob/bookros2_ws/install/ros2controlcli:/home/khaledob/bookros2_ws/install/launch_pal:/home/khaledob/bookros2_ws/install/br2_fsm_bumpgo_py:/opt/ros/foxy /usr/bin/cmake --install /home/khaledob/bookros2_ws/build/br2_basics
