[0.305s] Invoking command in '/home/khaledob/bookros2_ws/src/build/forward_command_controller': AMENT_PREFIX_PATH=/home/khaledob/bookros2_ws/src/install/controller_manager:/home/khaledob/bookros2_ws/src/install/controller_interface:/home/khaledob/bookros2_ws/src/install/hardware_interface:/home/khaledob/bookros2_ws/src/install/ros2_control_test_assets:/home/khaledob/bookros2_ws/src/install/controller_manager_msgs:${AMENT_PREFIX_PATH} CMAKE_PREFIX_PATH=/home/khaledob/bookros2_ws/src/install/controller_manager:/home/khaledob/bookros2_ws/src/install/controller_interface:/home/khaledob/bookros2_ws/src/install/hardware_interface:/home/khaledob/bookros2_ws/src/install/ros2_control_test_assets:/home/khaledob/bookros2_ws/src/install/controller_manager_msgs:/opt/ros/foxy LD_LIBRARY_PATH=/home/khaledob/bookros2_ws/src/install/controller_manager/lib:/home/khaledob/bookros2_ws/src/install/controller_interface/lib:/home/khaledob/bookros2_ws/src/install/hardware_interface/lib:/home/khaledob/bookros2_ws/src/install/controller_manager_msgs/lib:${LD_LIBRARY_PATH} PYTHONPATH=/home/khaledob/bookros2_ws/src/install/controller_manager/lib/python3.8/site-packages:/home/khaledob/bookros2_ws/src/install/controller_manager_msgs/lib/python3.8/site-packages:${PYTHONPATH} /usr/bin/cmake --build /home/khaledob/bookros2_ws/src/build/forward_command_controller -- -j7 -l7
[0.661s] [ 27%] Built target gmock
[0.961s] [ 45%] Built target forward_command_controller
[1.283s] [ 63%] Built target gmock_main
[1.503s] [ 81%] Built target test_load_forward_command_controller
[1.857s] [100%] Built target test_forward_command_controller
[2.127s] Invoked command in '/home/khaledob/bookros2_ws/src/build/forward_command_controller' returned '0': AMENT_PREFIX_PATH=/home/khaledob/bookros2_ws/src/install/controller_manager:/home/khaledob/bookros2_ws/src/install/controller_interface:/home/khaledob/bookros2_ws/src/install/hardware_interface:/home/khaledob/bookros2_ws/src/install/ros2_control_test_assets:/home/khaledob/bookros2_ws/src/install/controller_manager_msgs:${AMENT_PREFIX_PATH} CMAKE_PREFIX_PATH=/home/khaledob/bookros2_ws/src/install/controller_manager:/home/khaledob/bookros2_ws/src/install/controller_interface:/home/khaledob/bookros2_ws/src/install/hardware_interface:/home/khaledob/bookros2_ws/src/install/ros2_control_test_assets:/home/khaledob/bookros2_ws/src/install/controller_manager_msgs:/opt/ros/foxy LD_LIBRARY_PATH=/home/khaledob/bookros2_ws/src/install/controller_manager/lib:/home/khaledob/bookros2_ws/src/install/controller_interface/lib:/home/khaledob/bookros2_ws/src/install/hardware_interface/lib:/home/khaledob/bookros2_ws/src/install/controller_manager_msgs/lib:${LD_LIBRARY_PATH} PYTHONPATH=/home/khaledob/bookros2_ws/src/install/controller_manager/lib/python3.8/site-packages:/home/khaledob/bookros2_ws/src/install/controller_manager_msgs/lib/python3.8/site-packages:${PYTHONPATH} /usr/bin/cmake --build /home/khaledob/bookros2_ws/src/build/forward_command_controller -- -j7 -l7
[2.153s] Invoking command in '/home/khaledob/bookros2_ws/src/build/forward_command_controller': AMENT_PREFIX_PATH=/home/khaledob/bookros2_ws/src/install/controller_manager:/home/khaledob/bookros2_ws/src/install/controller_interface:/home/khaledob/bookros2_ws/src/install/hardware_interface:/home/khaledob/bookros2_ws/src/install/ros2_control_test_assets:/home/khaledob/bookros2_ws/src/install/controller_manager_msgs:${AMENT_PREFIX_PATH} CMAKE_PREFIX_PATH=/home/khaledob/bookros2_ws/src/install/controller_manager:/home/khaledob/bookros2_ws/src/install/controller_interface:/home/khaledob/bookros2_ws/src/install/hardware_interface:/home/khaledob/bookros2_ws/src/install/ros2_control_test_assets:/home/khaledob/bookros2_ws/src/install/controller_manager_msgs:/opt/ros/foxy LD_LIBRARY_PATH=/home/khaledob/bookros2_ws/src/install/controller_manager/lib:/home/khaledob/bookros2_ws/src/install/controller_interface/lib:/home/khaledob/bookros2_ws/src/install/hardware_interface/lib:/home/khaledob/bookros2_ws/src/install/controller_manager_msgs/lib:${LD_LIBRARY_PATH} PYTHONPATH=/home/khaledob/bookros2_ws/src/install/controller_manager/lib/python3.8/site-packages:/home/khaledob/bookros2_ws/src/install/controller_manager_msgs/lib/python3.8/site-packages:${PYTHONPATH} /usr/bin/cmake --install /home/khaledob/bookros2_ws/src/build/forward_command_controller
[2.193s] -- Install configuration: ""
[2.202s] -- Execute custom install script
[2.203s] -- Up-to-date symlink: /home/khaledob/bookros2_ws/src/install/forward_command_controller/share/forward_command_controller//forward_command_plugin.xml
[2.203s] -- Up-to-date symlink: /home/khaledob/bookros2_ws/src/install/forward_command_controller/include/forward_command_controller/forward_command_controller.hpp
[2.203s] -- Up-to-date symlink: /home/khaledob/bookros2_ws/src/install/forward_command_controller/include/forward_command_controller/visibility_control.h
[2.203s] -- Up-to-date symlink: /home/khaledob/bookros2_ws/src/install/forward_command_controller/lib/libforward_command_controller.so
[2.203s] -- Up-to-date symlink: /home/khaledob/bookros2_ws/src/install/forward_command_controller/share/forward_command_controller/environment/library_path.sh
[2.209s] -- Up-to-date symlink: /home/khaledob/bookros2_ws/src/install/forward_command_controller/share/forward_command_controller/environment/library_path.dsv
[2.209s] -- Up-to-date symlink: /home/khaledob/bookros2_ws/src/install/forward_command_controller/share/ament_index/resource_index/package_run_dependencies/forward_command_controller
[2.209s] -- Up-to-date symlink: /home/khaledob/bookros2_ws/src/install/forward_command_controller/share/ament_index/resource_index/parent_prefix_path/forward_command_controller
[2.214s] -- Up-to-date symlink: /home/khaledob/bookros2_ws/src/install/forward_command_controller/share/forward_command_controller/environment/ament_prefix_path.sh
[2.214s] -- Up-to-date symlink: /home/khaledob/bookros2_ws/src/install/forward_command_controller/share/forward_command_controller/environment/ament_prefix_path.dsv
[2.215s] -- Up-to-date symlink: /home/khaledob/bookros2_ws/src/install/forward_command_controller/share/forward_command_controller/environment/path.sh
[2.215s] -- Up-to-date symlink: /home/khaledob/bookros2_ws/src/install/forward_command_controller/share/forward_command_controller/environment/path.dsv
[2.215s] -- Up-to-date symlink: /home/khaledob/bookros2_ws/src/install/forward_command_controller/share/forward_command_controller/local_setup.bash
[2.215s] -- Up-to-date symlink: /home/khaledob/bookros2_ws/src/install/forward_command_controller/share/forward_command_controller/local_setup.sh
[2.227s] -- Up-to-date symlink: /home/khaledob/bookros2_ws/src/install/forward_command_controller/share/forward_command_controller/local_setup.zsh
[2.227s] -- Up-to-date symlink: /home/khaledob/bookros2_ws/src/install/forward_command_controller/share/forward_command_controller/local_setup.dsv
[2.228s] -- Symlinking: /home/khaledob/bookros2_ws/src/install/forward_command_controller/share/forward_command_controller/package.dsv
[2.374s] -- Up-to-date symlink: /home/khaledob/bookros2_ws/src/install/forward_command_controller/share/ament_index/resource_index/packages/forward_command_controller
[2.375s] -- Up-to-date symlink: /home/khaledob/bookros2_ws/src/install/forward_command_controller/share/ament_index/resource_index/controller_interface__pluginlib__plugin/forward_command_controller
[2.375s] -- Up-to-date symlink: /home/khaledob/bookros2_ws/src/install/forward_command_controller/share/forward_command_controller/cmake/ament_cmake_export_dependencies-extras.cmake
[2.376s] -- Up-to-date symlink: /home/khaledob/bookros2_ws/src/install/forward_command_controller/share/forward_command_controller/cmake/ament_cmake_export_include_directories-extras.cmake
[2.376s] -- Up-to-date symlink: /home/khaledob/bookros2_ws/src/install/forward_command_controller/share/forward_command_controller/cmake/ament_cmake_export_libraries-extras.cmake
[2.376s] -- Up-to-date symlink: /home/khaledob/bookros2_ws/src/install/forward_command_controller/share/forward_command_controller/cmake/forward_command_controllerConfig.cmake
[2.376s] -- Up-to-date symlink: /home/khaledob/bookros2_ws/src/install/forward_command_controller/share/forward_command_controller/cmake/forward_command_controllerConfig-version.cmake
[2.415s] -- Up-to-date symlink: /home/khaledob/bookros2_ws/src/install/forward_command_controller/share/forward_command_controller/package.xml
[3.504s] Invoked command in '/home/khaledob/bookros2_ws/src/build/forward_command_controller' returned '0': AMENT_PREFIX_PATH=/home/khaledob/bookros2_ws/src/install/controller_manager:/home/khaledob/bookros2_ws/src/install/controller_interface:/home/khaledob/bookros2_ws/src/install/hardware_interface:/home/khaledob/bookros2_ws/src/install/ros2_control_test_assets:/home/khaledob/bookros2_ws/src/install/controller_manager_msgs:${AMENT_PREFIX_PATH} CMAKE_PREFIX_PATH=/home/khaledob/bookros2_ws/src/install/controller_manager:/home/khaledob/bookros2_ws/src/install/controller_interface:/home/khaledob/bookros2_ws/src/install/hardware_interface:/home/khaledob/bookros2_ws/src/install/ros2_control_test_assets:/home/khaledob/bookros2_ws/src/install/controller_manager_msgs:/opt/ros/foxy LD_LIBRARY_PATH=/home/khaledob/bookros2_ws/src/install/controller_manager/lib:/home/khaledob/bookros2_ws/src/install/controller_interface/lib:/home/khaledob/bookros2_ws/src/install/hardware_interface/lib:/home/khaledob/bookros2_ws/src/install/controller_manager_msgs/lib:${LD_LIBRARY_PATH} PYTHONPATH=/home/khaledob/bookros2_ws/src/install/controller_manager/lib/python3.8/site-packages:/home/khaledob/bookros2_ws/src/install/controller_manager_msgs/lib/python3.8/site-packages:${PYTHONPATH} /usr/bin/cmake --install /home/khaledob/bookros2_ws/src/build/forward_command_controller
