[0.477s] Invoking command in '/home/khaledob/bookros2_ws/build/task1': CMAKE_PREFIX_PATH=${CMAKE_PREFIX_PATH}:/home/khaledob/bookros2_ws/install/tiago_controller_configuration:/home/khaledob/bookros2_ws/install/ros2controlcli:/home/khaledob/bookros2_ws/install/launch_pal:/home/khaledob/bookros2_ws/install/joint_trajectory_controller:/home/khaledob/bookros2_ws/install/imu_sensor_broadcaster:/home/khaledob/bookros2_ws/install/br2_fsm_bumpgo_py:/opt/ros/foxy /usr/bin/cmake /home/khaledob/bookros2_ws/src/task1 -DAMENT_CMAKE_SYMLINK_INSTALL=1 -DCMAKE_INSTALL_PREFIX=/home/khaledob/bookros2_ws/install/task1
[0.511s] -- Found ament_cmake: 0.9.12 (/opt/ros/foxy/share/ament_cmake/cmake)
[0.597s] -- Using PYTHON_EXECUTABLE: /usr/bin/python3
[1.043s] -- Override CMake install command with custom implementation using symlinks instead of copying resources
[1.043s] -- Found rclcpp: 2.4.3 (/opt/ros/foxy/share/rclcpp/cmake)
[1.198s] -- Using all available rosidl_typesupport_c: rosidl_typesupport_fastrtps_c;rosidl_typesupport_introspection_c
[1.223s] -- Found rosidl_adapter: 1.3.1 (/opt/ros/foxy/share/rosidl_adapter/cmake)
[1.595s] -- Using all available rosidl_typesupport_cpp: rosidl_typesupport_fastrtps_cpp;rosidl_typesupport_introspection_cpp
[1.764s] -- Found rmw_implementation_cmake: 1.0.4 (/opt/ros/foxy/share/rmw_implementation_cmake/cmake)
[1.789s] -- Using RMW implementation 'rmw_fastrtps_cpp' as default
[2.092s] -- Found sensor_msgs: 2.0.5 (/opt/ros/foxy/share/sensor_msgs/cmake)
[2.353s] CMake Error at CMakeLists.txt:23 (target_include_directories):
[2.366s]   Cannot specify include directories for target "bumpgo" which is not built
[2.370s]   by this project.
[2.371s] 
[2.371s] 
[2.379s] CMake Error at /opt/ros/foxy/share/ament_cmake_target_dependencies/cmake/ament_target_dependencies.cmake:42 (message):
[2.379s]   ament_target_dependencies() the first argument must be a valid target name
[2.379s] Call Stack (most recent call first):
[2.380s]   CMakeLists.txt:28 (ament_target_dependencies)
[2.380s] 
[2.380s] 
[2.380s] -- Configuring incomplete, errors occurred!
[2.380s] See also "/home/khaledob/bookros2_ws/build/task1/CMakeFiles/CMakeOutput.log".
[2.409s] See also "/home/khaledob/bookros2_ws/build/task1/CMakeFiles/CMakeError.log".
[2.674s] Invoked command in '/home/khaledob/bookros2_ws/build/task1' returned '1': CMAKE_PREFIX_PATH=${CMAKE_PREFIX_PATH}:/home/khaledob/bookros2_ws/install/tiago_controller_configuration:/home/khaledob/bookros2_ws/install/ros2controlcli:/home/khaledob/bookros2_ws/install/launch_pal:/home/khaledob/bookros2_ws/install/joint_trajectory_controller:/home/khaledob/bookros2_ws/install/imu_sensor_broadcaster:/home/khaledob/bookros2_ws/install/br2_fsm_bumpgo_py:/opt/ros/foxy /usr/bin/cmake /home/khaledob/bookros2_ws/src/task1 -DAMENT_CMAKE_SYMLINK_INSTALL=1 -DCMAKE_INSTALL_PREFIX=/home/khaledob/bookros2_ws/install/task1
