[1.428s] Invoking command in '/home/khaledob/bookros2_ws/build/controller_interface': AMENT_PREFIX_PATH=/home/khaledob/bookros2_ws/install/hardware_interface:/home/khaledob/bookros2_ws/install/ros2_control_test_assets:${AMENT_PREFIX_PATH} CMAKE_PREFIX_PATH=/home/khaledob/bookros2_ws/install/hardware_interface:/home/khaledob/bookros2_ws/install/ros2_control_test_assets:/opt/ros/foxy LD_LIBRARY_PATH=/home/khaledob/bookros2_ws/install/hardware_interface/lib:${LD_LIBRARY_PATH} /usr/bin/cmake --build /home/khaledob/bookros2_ws/build/controller_interface -- -j7 -l7
[2.193s] [ 13%] Built target gmock_main
[2.284s] [ 33%] Built target gmock
[2.305s] [ 46%] Built target controller_interface
[2.489s] [ 60%] Built target test_force_torque_sensor
[2.530s] [ 73%] Built target test_semantic_component_interface
[2.590s] [ 86%] Built target test_imu_sensor
[2.753s] [100%] Built target test_controller_with_options
[3.496s] Invoked command in '/home/khaledob/bookros2_ws/build/controller_interface' returned '0': AMENT_PREFIX_PATH=/home/khaledob/bookros2_ws/install/hardware_interface:/home/khaledob/bookros2_ws/install/ros2_control_test_assets:${AMENT_PREFIX_PATH} CMAKE_PREFIX_PATH=/home/khaledob/bookros2_ws/install/hardware_interface:/home/khaledob/bookros2_ws/install/ros2_control_test_assets:/opt/ros/foxy LD_LIBRARY_PATH=/home/khaledob/bookros2_ws/install/hardware_interface/lib:${LD_LIBRARY_PATH} /usr/bin/cmake --build /home/khaledob/bookros2_ws/build/controller_interface -- -j7 -l7
[3.519s] Invoking command in '/home/khaledob/bookros2_ws/build/controller_interface': AMENT_PREFIX_PATH=/home/khaledob/bookros2_ws/install/hardware_interface:/home/khaledob/bookros2_ws/install/ros2_control_test_assets:${AMENT_PREFIX_PATH} CMAKE_PREFIX_PATH=/home/khaledob/bookros2_ws/install/hardware_interface:/home/khaledob/bookros2_ws/install/ros2_control_test_assets:/opt/ros/foxy LD_LIBRARY_PATH=/home/khaledob/bookros2_ws/install/hardware_interface/lib:${LD_LIBRARY_PATH} /usr/bin/cmake --install /home/khaledob/bookros2_ws/build/controller_interface
[3.845s] -- Install configuration: ""
[3.845s] -- Execute custom install script
[3.845s] -- Up-to-date symlink: /home/khaledob/bookros2_ws/install/controller_interface/include/controller_interface/controller_interface.hpp
[3.845s] -- Up-to-date symlink: /home/khaledob/bookros2_ws/install/controller_interface/include/controller_interface/controller_state_names.hpp
[3.846s] -- Up-to-date symlink: /home/khaledob/bookros2_ws/install/controller_interface/include/controller_interface/helpers.hpp
[3.846s] -- Up-to-date symlink: /home/khaledob/bookros2_ws/install/controller_interface/include/controller_interface/visibility_control.h
[3.849s] -- Up-to-date symlink: /home/khaledob/bookros2_ws/install/controller_interface/include/semantic_components/force_torque_sensor.hpp
[3.849s] -- Up-to-date symlink: /home/khaledob/bookros2_ws/install/controller_interface/include/semantic_components/imu_sensor.hpp
[3.849s] -- Up-to-date symlink: /home/khaledob/bookros2_ws/install/controller_interface/include/semantic_components/semantic_component_interface.hpp
[3.850s] -- Up-to-date symlink: /home/khaledob/bookros2_ws/install/controller_interface/lib/libcontroller_interface.so
[3.855s] -- Up-to-date symlink: /home/khaledob/bookros2_ws/install/controller_interface/share/controller_interface/environment/library_path.sh
[3.878s] -- Up-to-date symlink: /home/khaledob/bookros2_ws/install/controller_interface/share/controller_interface/environment/library_path.dsv
[3.894s] -- Up-to-date symlink: /home/khaledob/bookros2_ws/install/controller_interface/share/ament_index/resource_index/package_run_dependencies/controller_interface
[3.922s] -- Up-to-date symlink: /home/khaledob/bookros2_ws/install/controller_interface/share/ament_index/resource_index/parent_prefix_path/controller_interface
[3.990s] -- Up-to-date symlink: /home/khaledob/bookros2_ws/install/controller_interface/share/controller_interface/environment/ament_prefix_path.sh
[3.992s] -- Up-to-date symlink: /home/khaledob/bookros2_ws/install/controller_interface/share/controller_interface/environment/ament_prefix_path.dsv
[3.993s] -- Up-to-date symlink: /home/khaledob/bookros2_ws/install/controller_interface/share/controller_interface/environment/path.sh
[3.994s] -- Up-to-date symlink: /home/khaledob/bookros2_ws/install/controller_interface/share/controller_interface/environment/path.dsv
[3.997s] -- Up-to-date symlink: /home/khaledob/bookros2_ws/install/controller_interface/share/controller_interface/local_setup.bash
[3.997s] -- Up-to-date symlink: /home/khaledob/bookros2_ws/install/controller_interface/share/controller_interface/local_setup.sh
[4.006s] -- Up-to-date symlink: /home/khaledob/bookros2_ws/install/controller_interface/share/controller_interface/local_setup.zsh
[4.011s] -- Up-to-date symlink: /home/khaledob/bookros2_ws/install/controller_interface/share/controller_interface/local_setup.dsv
[4.032s] -- Symlinking: /home/khaledob/bookros2_ws/install/controller_interface/share/controller_interface/package.dsv
[4.076s] -- Up-to-date symlink: /home/khaledob/bookros2_ws/install/controller_interface/share/ament_index/resource_index/packages/controller_interface
[4.079s] -- Up-to-date symlink: /home/khaledob/bookros2_ws/install/controller_interface/share/controller_interface/cmake/ament_cmake_export_dependencies-extras.cmake
[4.080s] -- Up-to-date symlink: /home/khaledob/bookros2_ws/install/controller_interface/share/controller_interface/cmake/ament_cmake_export_include_directories-extras.cmake
[4.089s] -- Up-to-date symlink: /home/khaledob/bookros2_ws/install/controller_interface/share/controller_interface/cmake/ament_cmake_export_libraries-extras.cmake
[4.105s] -- Up-to-date symlink: /home/khaledob/bookros2_ws/install/controller_interface/share/controller_interface/cmake/controller_interfaceConfig.cmake
[4.106s] -- Up-to-date symlink: /home/khaledob/bookros2_ws/install/controller_interface/share/controller_interface/cmake/controller_interfaceConfig-version.cmake
[4.107s] -- Up-to-date symlink: /home/khaledob/bookros2_ws/install/controller_interface/share/controller_interface/package.xml
[4.758s] Invoked command in '/home/khaledob/bookros2_ws/build/controller_interface' returned '0': AMENT_PREFIX_PATH=/home/khaledob/bookros2_ws/install/hardware_interface:/home/khaledob/bookros2_ws/install/ros2_control_test_assets:${AMENT_PREFIX_PATH} CMAKE_PREFIX_PATH=/home/khaledob/bookros2_ws/install/hardware_interface:/home/khaledob/bookros2_ws/install/ros2_control_test_assets:/opt/ros/foxy LD_LIBRARY_PATH=/home/khaledob/bookros2_ws/install/hardware_interface/lib:${LD_LIBRARY_PATH} /usr/bin/cmake --install /home/khaledob/bookros2_ws/build/controller_interface
