[0.828s] Invoking command in '/home/khaledob/bookros2_ws/build/position_controllers': AMENT_PREFIX_PATH=/home/khaledob/bookros2_ws/install/forward_command_controller:/home/khaledob/bookros2_ws/install/controller_manager:/home/khaledob/bookros2_ws/install/controller_interface:/home/khaledob/bookros2_ws/install/hardware_interface:/home/khaledob/bookros2_ws/install/ros2_control_test_assets:/home/khaledob/bookros2_ws/install/controller_manager_msgs:${AMENT_PREFIX_PATH} CMAKE_PREFIX_PATH=/home/khaledob/bookros2_ws/install/forward_command_controller:/home/khaledob/bookros2_ws/install/controller_manager:/home/khaledob/bookros2_ws/install/controller_interface:/home/khaledob/bookros2_ws/install/hardware_interface:/home/khaledob/bookros2_ws/install/ros2_control_test_assets:/home/khaledob/bookros2_ws/install/controller_manager_msgs:/opt/ros/foxy LD_LIBRARY_PATH=/home/khaledob/bookros2_ws/install/forward_command_controller/lib:/home/khaledob/bookros2_ws/install/controller_manager/lib:/home/khaledob/bookros2_ws/install/controller_interface/lib:/home/khaledob/bookros2_ws/install/hardware_interface/lib:/home/khaledob/bookros2_ws/install/controller_manager_msgs/lib:${LD_LIBRARY_PATH} PYTHONPATH=/home/khaledob/bookros2_ws/install/controller_manager/lib/python3.8/site-packages:/home/khaledob/bookros2_ws/install/controller_manager_msgs/lib/python3.8/site-packages:${PYTHONPATH} /usr/bin/cmake --build /home/khaledob/bookros2_ws/build/position_controllers -- -j7 -l7
[0.974s] [ 27%] Built target gmock
[1.030s] [ 45%] Built target gmock_main
[1.111s] [ 63%] Built target position_controllers
[1.181s] [ 81%] Built target test_load_joint_group_position_controller
[1.347s] [100%] Built target test_joint_group_position_controller
[1.435s] Invoked command in '/home/khaledob/bookros2_ws/build/position_controllers' returned '0': AMENT_PREFIX_PATH=/home/khaledob/bookros2_ws/install/forward_command_controller:/home/khaledob/bookros2_ws/install/controller_manager:/home/khaledob/bookros2_ws/install/controller_interface:/home/khaledob/bookros2_ws/install/hardware_interface:/home/khaledob/bookros2_ws/install/ros2_control_test_assets:/home/khaledob/bookros2_ws/install/controller_manager_msgs:${AMENT_PREFIX_PATH} CMAKE_PREFIX_PATH=/home/khaledob/bookros2_ws/install/forward_command_controller:/home/khaledob/bookros2_ws/install/controller_manager:/home/khaledob/bookros2_ws/install/controller_interface:/home/khaledob/bookros2_ws/install/hardware_interface:/home/khaledob/bookros2_ws/install/ros2_control_test_assets:/home/khaledob/bookros2_ws/install/controller_manager_msgs:/opt/ros/foxy LD_LIBRARY_PATH=/home/khaledob/bookros2_ws/install/forward_command_controller/lib:/home/khaledob/bookros2_ws/install/controller_manager/lib:/home/khaledob/bookros2_ws/install/controller_interface/lib:/home/khaledob/bookros2_ws/install/hardware_interface/lib:/home/khaledob/bookros2_ws/install/controller_manager_msgs/lib:${LD_LIBRARY_PATH} PYTHONPATH=/home/khaledob/bookros2_ws/install/controller_manager/lib/python3.8/site-packages:/home/khaledob/bookros2_ws/install/controller_manager_msgs/lib/python3.8/site-packages:${PYTHONPATH} /usr/bin/cmake --build /home/khaledob/bookros2_ws/build/position_controllers -- -j7 -l7
[1.464s] Invoking command in '/home/khaledob/bookros2_ws/build/position_controllers': AMENT_PREFIX_PATH=/home/khaledob/bookros2_ws/install/forward_command_controller:/home/khaledob/bookros2_ws/install/controller_manager:/home/khaledob/bookros2_ws/install/controller_interface:/home/khaledob/bookros2_ws/install/hardware_interface:/home/khaledob/bookros2_ws/install/ros2_control_test_assets:/home/khaledob/bookros2_ws/install/controller_manager_msgs:${AMENT_PREFIX_PATH} CMAKE_PREFIX_PATH=/home/khaledob/bookros2_ws/install/forward_command_controller:/home/khaledob/bookros2_ws/install/controller_manager:/home/khaledob/bookros2_ws/install/controller_interface:/home/khaledob/bookros2_ws/install/hardware_interface:/home/khaledob/bookros2_ws/install/ros2_control_test_assets:/home/khaledob/bookros2_ws/install/controller_manager_msgs:/opt/ros/foxy LD_LIBRARY_PATH=/home/khaledob/bookros2_ws/install/forward_command_controller/lib:/home/khaledob/bookros2_ws/install/controller_manager/lib:/home/khaledob/bookros2_ws/install/controller_interface/lib:/home/khaledob/bookros2_ws/install/hardware_interface/lib:/home/khaledob/bookros2_ws/install/controller_manager_msgs/lib:${LD_LIBRARY_PATH} PYTHONPATH=/home/khaledob/bookros2_ws/install/controller_manager/lib/python3.8/site-packages:/home/khaledob/bookros2_ws/install/controller_manager_msgs/lib/python3.8/site-packages:${PYTHONPATH} /usr/bin/cmake --install /home/khaledob/bookros2_ws/build/position_controllers
[1.546s] -- Install configuration: ""
[1.547s] -- Execute custom install script
[1.548s] -- Up-to-date symlink: /home/khaledob/bookros2_ws/install/position_controllers/share/position_controllers//position_controllers_plugins.xml
[1.549s] -- Up-to-date symlink: /home/khaledob/bookros2_ws/install/position_controllers/include/position_controllers/joint_group_position_controller.hpp
[1.551s] -- Up-to-date symlink: /home/khaledob/bookros2_ws/install/position_controllers/include/position_controllers/visibility_control.h
[1.551s] -- Up-to-date symlink: /home/khaledob/bookros2_ws/install/position_controllers/lib/libposition_controllers.so
[1.558s] -- Up-to-date symlink: /home/khaledob/bookros2_ws/install/position_controllers/share/position_controllers/environment/library_path.sh
[1.564s] -- Up-to-date symlink: /home/khaledob/bookros2_ws/install/position_controllers/share/position_controllers/environment/library_path.dsv
[1.564s] -- Up-to-date symlink: /home/khaledob/bookros2_ws/install/position_controllers/share/ament_index/resource_index/package_run_dependencies/position_controllers
[1.564s] -- Up-to-date symlink: /home/khaledob/bookros2_ws/install/position_controllers/share/ament_index/resource_index/parent_prefix_path/position_controllers
[1.565s] -- Up-to-date symlink: /home/khaledob/bookros2_ws/install/position_controllers/share/position_controllers/environment/ament_prefix_path.sh
[1.565s] -- Up-to-date symlink: /home/khaledob/bookros2_ws/install/position_controllers/share/position_controllers/environment/ament_prefix_path.dsv
[1.565s] -- Up-to-date symlink: /home/khaledob/bookros2_ws/install/position_controllers/share/position_controllers/environment/path.sh
[1.565s] -- Up-to-date symlink: /home/khaledob/bookros2_ws/install/position_controllers/share/position_controllers/environment/path.dsv
[1.566s] -- Up-to-date symlink: /home/khaledob/bookros2_ws/install/position_controllers/share/position_controllers/local_setup.bash
[1.567s] -- Up-to-date symlink: /home/khaledob/bookros2_ws/install/position_controllers/share/position_controllers/local_setup.sh
[1.567s] -- Up-to-date symlink: /home/khaledob/bookros2_ws/install/position_controllers/share/position_controllers/local_setup.zsh
[1.567s] -- Up-to-date symlink: /home/khaledob/bookros2_ws/install/position_controllers/share/position_controllers/local_setup.dsv
[1.567s] -- Symlinking: /home/khaledob/bookros2_ws/install/position_controllers/share/position_controllers/package.dsv
[1.568s] -- Up-to-date symlink: /home/khaledob/bookros2_ws/install/position_controllers/share/ament_index/resource_index/packages/position_controllers
[1.568s] -- Up-to-date symlink: /home/khaledob/bookros2_ws/install/position_controllers/share/ament_index/resource_index/controller_interface__pluginlib__plugin/position_controllers
[1.568s] -- Up-to-date symlink: /home/khaledob/bookros2_ws/install/position_controllers/share/position_controllers/cmake/ament_cmake_export_dependencies-extras.cmake
[1.568s] -- Up-to-date symlink: /home/khaledob/bookros2_ws/install/position_controllers/share/position_controllers/cmake/ament_cmake_export_include_directories-extras.cmake
[1.570s] -- Up-to-date symlink: /home/khaledob/bookros2_ws/install/position_controllers/share/position_controllers/cmake/ament_cmake_export_libraries-extras.cmake
[1.570s] -- Up-to-date symlink: /home/khaledob/bookros2_ws/install/position_controllers/share/position_controllers/cmake/position_controllersConfig.cmake
[1.571s] -- Up-to-date symlink: /home/khaledob/bookros2_ws/install/position_controllers/share/position_controllers/cmake/position_controllersConfig-version.cmake
[1.571s] -- Up-to-date symlink: /home/khaledob/bookros2_ws/install/position_controllers/share/position_controllers/package.xml
[1.589s] Invoked command in '/home/khaledob/bookros2_ws/build/position_controllers' returned '0': AMENT_PREFIX_PATH=/home/khaledob/bookros2_ws/install/forward_command_controller:/home/khaledob/bookros2_ws/install/controller_manager:/home/khaledob/bookros2_ws/install/controller_interface:/home/khaledob/bookros2_ws/install/hardware_interface:/home/khaledob/bookros2_ws/install/ros2_control_test_assets:/home/khaledob/bookros2_ws/install/controller_manager_msgs:${AMENT_PREFIX_PATH} CMAKE_PREFIX_PATH=/home/khaledob/bookros2_ws/install/forward_command_controller:/home/khaledob/bookros2_ws/install/controller_manager:/home/khaledob/bookros2_ws/install/controller_interface:/home/khaledob/bookros2_ws/install/hardware_interface:/home/khaledob/bookros2_ws/install/ros2_control_test_assets:/home/khaledob/bookros2_ws/install/controller_manager_msgs:/opt/ros/foxy LD_LIBRARY_PATH=/home/khaledob/bookros2_ws/install/forward_command_controller/lib:/home/khaledob/bookros2_ws/install/controller_manager/lib:/home/khaledob/bookros2_ws/install/controller_interface/lib:/home/khaledob/bookros2_ws/install/hardware_interface/lib:/home/khaledob/bookros2_ws/install/controller_manager_msgs/lib:${LD_LIBRARY_PATH} PYTHONPATH=/home/khaledob/bookros2_ws/install/controller_manager/lib/python3.8/site-packages:/home/khaledob/bookros2_ws/install/controller_manager_msgs/lib/python3.8/site-packages:${PYTHONPATH} /usr/bin/cmake --install /home/khaledob/bookros2_ws/build/position_controllers
