[0.664s] Invoking command in '/home/khaledob/bookros2_ws/build/effort_controllers': AMENT_PREFIX_PATH=/home/khaledob/bookros2_ws/install/forward_command_controller:/home/khaledob/bookros2_ws/install/controller_manager:/home/khaledob/bookros2_ws/install/controller_interface:/home/khaledob/bookros2_ws/install/hardware_interface:/home/khaledob/bookros2_ws/install/ros2_control_test_assets:/home/khaledob/bookros2_ws/install/controller_manager_msgs:${AMENT_PREFIX_PATH} CMAKE_PREFIX_PATH=/home/khaledob/bookros2_ws/install/forward_command_controller:/home/khaledob/bookros2_ws/install/controller_manager:/home/khaledob/bookros2_ws/install/controller_interface:/home/khaledob/bookros2_ws/install/hardware_interface:/home/khaledob/bookros2_ws/install/ros2_control_test_assets:/home/khaledob/bookros2_ws/install/controller_manager_msgs:/opt/ros/foxy LD_LIBRARY_PATH=/home/khaledob/bookros2_ws/install/forward_command_controller/lib:/home/khaledob/bookros2_ws/install/controller_manager/lib:/home/khaledob/bookros2_ws/install/controller_interface/lib:/home/khaledob/bookros2_ws/install/hardware_interface/lib:/home/khaledob/bookros2_ws/install/controller_manager_msgs/lib:${LD_LIBRARY_PATH} PYTHONPATH=/home/khaledob/bookros2_ws/install/controller_manager/lib/python3.8/site-packages:/home/khaledob/bookros2_ws/install/controller_manager_msgs/lib/python3.8/site-packages:${PYTHONPATH} /usr/bin/cmake --build /home/khaledob/bookros2_ws/build/effort_controllers -- -j7 -l7
[0.867s] [ 27%] Built target gmock
[0.871s] [ 45%] Built target gmock_main
[0.908s] [ 63%] Built target effort_controllers
[0.978s] [ 81%] Built target test_load_joint_group_effort_controller
[1.059s] [100%] Built target test_joint_group_effort_controller
[1.150s] Invoked command in '/home/khaledob/bookros2_ws/build/effort_controllers' returned '0': AMENT_PREFIX_PATH=/home/khaledob/bookros2_ws/install/forward_command_controller:/home/khaledob/bookros2_ws/install/controller_manager:/home/khaledob/bookros2_ws/install/controller_interface:/home/khaledob/bookros2_ws/install/hardware_interface:/home/khaledob/bookros2_ws/install/ros2_control_test_assets:/home/khaledob/bookros2_ws/install/controller_manager_msgs:${AMENT_PREFIX_PATH} CMAKE_PREFIX_PATH=/home/khaledob/bookros2_ws/install/forward_command_controller:/home/khaledob/bookros2_ws/install/controller_manager:/home/khaledob/bookros2_ws/install/controller_interface:/home/khaledob/bookros2_ws/install/hardware_interface:/home/khaledob/bookros2_ws/install/ros2_control_test_assets:/home/khaledob/bookros2_ws/install/controller_manager_msgs:/opt/ros/foxy LD_LIBRARY_PATH=/home/khaledob/bookros2_ws/install/forward_command_controller/lib:/home/khaledob/bookros2_ws/install/controller_manager/lib:/home/khaledob/bookros2_ws/install/controller_interface/lib:/home/khaledob/bookros2_ws/install/hardware_interface/lib:/home/khaledob/bookros2_ws/install/controller_manager_msgs/lib:${LD_LIBRARY_PATH} PYTHONPATH=/home/khaledob/bookros2_ws/install/controller_manager/lib/python3.8/site-packages:/home/khaledob/bookros2_ws/install/controller_manager_msgs/lib/python3.8/site-packages:${PYTHONPATH} /usr/bin/cmake --build /home/khaledob/bookros2_ws/build/effort_controllers -- -j7 -l7
[1.160s] Invoking command in '/home/khaledob/bookros2_ws/build/effort_controllers': AMENT_PREFIX_PATH=/home/khaledob/bookros2_ws/install/forward_command_controller:/home/khaledob/bookros2_ws/install/controller_manager:/home/khaledob/bookros2_ws/install/controller_interface:/home/khaledob/bookros2_ws/install/hardware_interface:/home/khaledob/bookros2_ws/install/ros2_control_test_assets:/home/khaledob/bookros2_ws/install/controller_manager_msgs:${AMENT_PREFIX_PATH} CMAKE_PREFIX_PATH=/home/khaledob/bookros2_ws/install/forward_command_controller:/home/khaledob/bookros2_ws/install/controller_manager:/home/khaledob/bookros2_ws/install/controller_interface:/home/khaledob/bookros2_ws/install/hardware_interface:/home/khaledob/bookros2_ws/install/ros2_control_test_assets:/home/khaledob/bookros2_ws/install/controller_manager_msgs:/opt/ros/foxy LD_LIBRARY_PATH=/home/khaledob/bookros2_ws/install/forward_command_controller/lib:/home/khaledob/bookros2_ws/install/controller_manager/lib:/home/khaledob/bookros2_ws/install/controller_interface/lib:/home/khaledob/bookros2_ws/install/hardware_interface/lib:/home/khaledob/bookros2_ws/install/controller_manager_msgs/lib:${LD_LIBRARY_PATH} PYTHONPATH=/home/khaledob/bookros2_ws/install/controller_manager/lib/python3.8/site-packages:/home/khaledob/bookros2_ws/install/controller_manager_msgs/lib/python3.8/site-packages:${PYTHONPATH} /usr/bin/cmake --install /home/khaledob/bookros2_ws/build/effort_controllers
[1.237s] -- Install configuration: ""
[1.238s] -- Execute custom install script
[1.239s] -- Up-to-date symlink: /home/khaledob/bookros2_ws/install/effort_controllers/share/effort_controllers//effort_controllers_plugins.xml
[1.240s] -- Up-to-date symlink: /home/khaledob/bookros2_ws/install/effort_controllers/include/effort_controllers/joint_group_effort_controller.hpp
[1.241s] -- Up-to-date symlink: /home/khaledob/bookros2_ws/install/effort_controllers/include/effort_controllers/visibility_control.h
[1.258s] -- Up-to-date symlink: /home/khaledob/bookros2_ws/install/effort_controllers/lib/libeffort_controllers.so
[1.258s] -- Up-to-date symlink: /home/khaledob/bookros2_ws/install/effort_controllers/share/effort_controllers/environment/library_path.sh
[1.258s] -- Up-to-date symlink: /home/khaledob/bookros2_ws/install/effort_controllers/share/effort_controllers/environment/library_path.dsv
[1.258s] -- Up-to-date symlink: /home/khaledob/bookros2_ws/install/effort_controllers/share/ament_index/resource_index/package_run_dependencies/effort_controllers
[1.272s] -- Up-to-date symlink: /home/khaledob/bookros2_ws/install/effort_controllers/share/ament_index/resource_index/parent_prefix_path/effort_controllers
[1.272s] -- Up-to-date symlink: /home/khaledob/bookros2_ws/install/effort_controllers/share/effort_controllers/environment/ament_prefix_path.sh
[1.273s] -- Up-to-date symlink: /home/khaledob/bookros2_ws/install/effort_controllers/share/effort_controllers/environment/ament_prefix_path.dsv
[1.274s] -- Up-to-date symlink: /home/khaledob/bookros2_ws/install/effort_controllers/share/effort_controllers/environment/path.sh
[1.274s] -- Up-to-date symlink: /home/khaledob/bookros2_ws/install/effort_controllers/share/effort_controllers/environment/path.dsv
[1.275s] -- Up-to-date symlink: /home/khaledob/bookros2_ws/install/effort_controllers/share/effort_controllers/local_setup.bash
[1.276s] -- Up-to-date symlink: /home/khaledob/bookros2_ws/install/effort_controllers/share/effort_controllers/local_setup.sh
[1.276s] -- Up-to-date symlink: /home/khaledob/bookros2_ws/install/effort_controllers/share/effort_controllers/local_setup.zsh
[1.282s] -- Up-to-date symlink: /home/khaledob/bookros2_ws/install/effort_controllers/share/effort_controllers/local_setup.dsv
[1.282s] -- Symlinking: /home/khaledob/bookros2_ws/install/effort_controllers/share/effort_controllers/package.dsv
[1.307s] -- Up-to-date symlink: /home/khaledob/bookros2_ws/install/effort_controllers/share/ament_index/resource_index/packages/effort_controllers
[1.307s] -- Up-to-date symlink: /home/khaledob/bookros2_ws/install/effort_controllers/share/ament_index/resource_index/controller_interface__pluginlib__plugin/effort_controllers
[1.308s] -- Up-to-date symlink: /home/khaledob/bookros2_ws/install/effort_controllers/share/effort_controllers/cmake/ament_cmake_export_dependencies-extras.cmake
[1.309s] -- Up-to-date symlink: /home/khaledob/bookros2_ws/install/effort_controllers/share/effort_controllers/cmake/ament_cmake_export_include_directories-extras.cmake
[1.309s] -- Up-to-date symlink: /home/khaledob/bookros2_ws/install/effort_controllers/share/effort_controllers/cmake/ament_cmake_export_libraries-extras.cmake
[1.310s] -- Up-to-date symlink: /home/khaledob/bookros2_ws/install/effort_controllers/share/effort_controllers/cmake/effort_controllersConfig.cmake
[1.311s] -- Up-to-date symlink: /home/khaledob/bookros2_ws/install/effort_controllers/share/effort_controllers/cmake/effort_controllersConfig-version.cmake
[1.311s] -- Up-to-date symlink: /home/khaledob/bookros2_ws/install/effort_controllers/share/effort_controllers/package.xml
[1.331s] Invoked command in '/home/khaledob/bookros2_ws/build/effort_controllers' returned '0': AMENT_PREFIX_PATH=/home/khaledob/bookros2_ws/install/forward_command_controller:/home/khaledob/bookros2_ws/install/controller_manager:/home/khaledob/bookros2_ws/install/controller_interface:/home/khaledob/bookros2_ws/install/hardware_interface:/home/khaledob/bookros2_ws/install/ros2_control_test_assets:/home/khaledob/bookros2_ws/install/controller_manager_msgs:${AMENT_PREFIX_PATH} CMAKE_PREFIX_PATH=/home/khaledob/bookros2_ws/install/forward_command_controller:/home/khaledob/bookros2_ws/install/controller_manager:/home/khaledob/bookros2_ws/install/controller_interface:/home/khaledob/bookros2_ws/install/hardware_interface:/home/khaledob/bookros2_ws/install/ros2_control_test_assets:/home/khaledob/bookros2_ws/install/controller_manager_msgs:/opt/ros/foxy LD_LIBRARY_PATH=/home/khaledob/bookros2_ws/install/forward_command_controller/lib:/home/khaledob/bookros2_ws/install/controller_manager/lib:/home/khaledob/bookros2_ws/install/controller_interface/lib:/home/khaledob/bookros2_ws/install/hardware_interface/lib:/home/khaledob/bookros2_ws/install/controller_manager_msgs/lib:${LD_LIBRARY_PATH} PYTHONPATH=/home/khaledob/bookros2_ws/install/controller_manager/lib/python3.8/site-packages:/home/khaledob/bookros2_ws/install/controller_manager_msgs/lib/python3.8/site-packages:${PYTHONPATH} /usr/bin/cmake --install /home/khaledob/bookros2_ws/build/effort_controllers
