[0.068s] Invoking command in '/home/khaledob/bookros2_ws/src/build/t1': CMAKE_PREFIX_PATH=/opt/ros/foxy /usr/bin/cmake /home/khaledob/bookros2_ws/src/t1 -DAMENT_CMAKE_SYMLINK_INSTALL=1 -DCMAKE_INSTALL_PREFIX=/home/khaledob/bookros2_ws/src/install/t1
[0.874s] -- The C compiler identification is GNU 9.4.0
[0.874s] -- The CXX compiler identification is GNU 9.4.0
[0.874s] -- Check for working C compiler: /usr/bin/cc
[1.260s] -- Check for working C compiler: /usr/bin/cc -- works
[1.260s] -- Detecting C compiler ABI info
[1.866s] -- Detecting C compiler ABI info - done
[2.090s] -- Detecting C compile features
[2.390s] -- Detecting C compile features - done
[2.396s] -- Check for working CXX compiler: /usr/bin/c++
[4.237s] -- Check for working CXX compiler: /usr/bin/c++ -- works
[4.237s] -- Detecting CXX compiler ABI info
[4.988s] -- Detecting CXX compiler ABI info - done
[5.870s] -- Detecting CXX compile features
[5.871s] -- Detecting CXX compile features - done
[5.871s] -- Found ament_cmake: 0.9.12 (/opt/ros/foxy/share/ament_cmake/cmake)
[5.871s] -- Found PythonInterp: /usr/bin/python3 (found suitable version "3.8.10", minimum required is "3") 
[5.872s] -- Using PYTHON_EXECUTABLE: /usr/bin/python3
[6.323s] -- Override CMake install command with custom implementation using symlinks instead of copying resources
[6.361s] -- Found rclcpp: 2.4.3 (/opt/ros/foxy/share/rclcpp/cmake)
[6.432s] -- Using all available rosidl_typesupport_c: rosidl_typesupport_fastrtps_c;rosidl_typesupport_introspection_c
[6.496s] -- Found rosidl_adapter: 1.3.1 (/opt/ros/foxy/share/rosidl_adapter/cmake)
[7.295s] -- Found OpenSSL: /usr/lib/x86_64-linux-gnu/libcrypto.so (found version "1.1.1f")  
[7.390s] -- Found FastRTPS: /opt/ros/foxy/include  
[7.616s] -- Using all available rosidl_typesupport_cpp: rosidl_typesupport_fastrtps_cpp;rosidl_typesupport_introspection_cpp
[7.762s] -- Found rmw_implementation_cmake: 1.0.4 (/opt/ros/foxy/share/rmw_implementation_cmake/cmake)
[7.767s] -- Using RMW implementation 'rmw_fastrtps_cpp' as default
[7.771s] -- Looking for pthread.h
[9.006s] -- Looking for pthread.h - found
[9.006s] -- Performing Test CMAKE_HAVE_LIBC_PTHREAD
[10.000s] -- Performing Test CMAKE_HAVE_LIBC_PTHREAD - Failed
[10.000s] -- Looking for pthread_create in pthreads
[10.398s] -- Looking for pthread_create in pthreads - not found
[10.399s] -- Looking for pthread_create in pthread
[11.136s] -- Looking for pthread_create in pthread - found
[11.199s] -- Found Threads: TRUE  
[13.372s] -- Found sensor_msgs: 2.0.5 (/opt/ros/foxy/share/sensor_msgs/cmake)
[13.792s] -- Found ament_lint_auto: 0.9.8 (/opt/ros/foxy/share/ament_lint_auto/cmake)
[14.023s] CMake Error at /opt/ros/foxy/share/ament_cmake_core/cmake/core/ament_package_xml.cmake:53 (message):
[14.023s]   ament_package_xml() package name 't1' in '/package.xml' does not match
[14.023s]   current PROJECT_NAME 'br2_fsm_bumpgo_cpp'.  You must call project() with
[14.023s]   the same package name before.
[14.024s] Call Stack (most recent call first):
[14.025s]   /opt/ros/foxy/share/ament_lint_auto/cmake/ament_lint_auto_find_test_dependencies.cmake:31 (ament_package_xml)
[14.027s]   CMakeLists.txt:36 (ament_lint_auto_find_test_dependencies)
[14.027s] 
[14.027s] 
[14.027s] -- Configuring incomplete, errors occurred!
[14.036s] See also "/home/khaledob/bookros2_ws/src/build/t1/CMakeFiles/CMakeOutput.log".
[14.036s] See also "/home/khaledob/bookros2_ws/src/build/t1/CMakeFiles/CMakeError.log".
[14.102s] Invoked command in '/home/khaledob/bookros2_ws/src/build/t1' returned '1': CMAKE_PREFIX_PATH=/opt/ros/foxy /usr/bin/cmake /home/khaledob/bookros2_ws/src/t1 -DAMENT_CMAKE_SYMLINK_INSTALL=1 -DCMAKE_INSTALL_PREFIX=/home/khaledob/bookros2_ws/src/install/t1
