[0.811s] Invoking command in '/home/khaledob/bookros2_ws/build/joint_state_controller': AMENT_PREFIX_PATH=/home/khaledob/bookros2_ws/install/joint_state_broadcaster:/home/khaledob/bookros2_ws/install/controller_manager:/home/khaledob/bookros2_ws/install/controller_interface:/home/khaledob/bookros2_ws/install/hardware_interface:/home/khaledob/bookros2_ws/install/ros2_control_test_assets:/home/khaledob/bookros2_ws/install/controller_manager_msgs:${AMENT_PREFIX_PATH} CMAKE_PREFIX_PATH=/home/khaledob/bookros2_ws/install/joint_state_broadcaster:/home/khaledob/bookros2_ws/install/controller_manager:/home/khaledob/bookros2_ws/install/controller_interface:/home/khaledob/bookros2_ws/install/hardware_interface:/home/khaledob/bookros2_ws/install/ros2_control_test_assets:/home/khaledob/bookros2_ws/install/controller_manager_msgs:/opt/ros/foxy LD_LIBRARY_PATH=/home/khaledob/bookros2_ws/install/joint_state_broadcaster/lib:/home/khaledob/bookros2_ws/install/controller_manager/lib:/home/khaledob/bookros2_ws/install/controller_interface/lib:/home/khaledob/bookros2_ws/install/hardware_interface/lib:/home/khaledob/bookros2_ws/install/controller_manager_msgs/lib:${LD_LIBRARY_PATH} PYTHONPATH=/home/khaledob/bookros2_ws/install/controller_manager/lib/python3.8/site-packages:/home/khaledob/bookros2_ws/install/controller_manager_msgs/lib/python3.8/site-packages:${PYTHONPATH} /usr/bin/cmake --build /home/khaledob/bookros2_ws/build/joint_state_controller -- -j7 -l7
[1.223s] [ 33%] Built target gmock
[1.462s] [ 55%] Built target joint_state_controller
[1.569s] [ 77%] Built target gmock_main
[1.831s] [100%] Built target test_load_joint_state_controller
[1.942s] Invoked command in '/home/khaledob/bookros2_ws/build/joint_state_controller' returned '0': AMENT_PREFIX_PATH=/home/khaledob/bookros2_ws/install/joint_state_broadcaster:/home/khaledob/bookros2_ws/install/controller_manager:/home/khaledob/bookros2_ws/install/controller_interface:/home/khaledob/bookros2_ws/install/hardware_interface:/home/khaledob/bookros2_ws/install/ros2_control_test_assets:/home/khaledob/bookros2_ws/install/controller_manager_msgs:${AMENT_PREFIX_PATH} CMAKE_PREFIX_PATH=/home/khaledob/bookros2_ws/install/joint_state_broadcaster:/home/khaledob/bookros2_ws/install/controller_manager:/home/khaledob/bookros2_ws/install/controller_interface:/home/khaledob/bookros2_ws/install/hardware_interface:/home/khaledob/bookros2_ws/install/ros2_control_test_assets:/home/khaledob/bookros2_ws/install/controller_manager_msgs:/opt/ros/foxy LD_LIBRARY_PATH=/home/khaledob/bookros2_ws/install/joint_state_broadcaster/lib:/home/khaledob/bookros2_ws/install/controller_manager/lib:/home/khaledob/bookros2_ws/install/controller_interface/lib:/home/khaledob/bookros2_ws/install/hardware_interface/lib:/home/khaledob/bookros2_ws/install/controller_manager_msgs/lib:${LD_LIBRARY_PATH} PYTHONPATH=/home/khaledob/bookros2_ws/install/controller_manager/lib/python3.8/site-packages:/home/khaledob/bookros2_ws/install/controller_manager_msgs/lib/python3.8/site-packages:${PYTHONPATH} /usr/bin/cmake --build /home/khaledob/bookros2_ws/build/joint_state_controller -- -j7 -l7
[1.945s] Invoking command in '/home/khaledob/bookros2_ws/build/joint_state_controller': AMENT_PREFIX_PATH=/home/khaledob/bookros2_ws/install/joint_state_broadcaster:/home/khaledob/bookros2_ws/install/controller_manager:/home/khaledob/bookros2_ws/install/controller_interface:/home/khaledob/bookros2_ws/install/hardware_interface:/home/khaledob/bookros2_ws/install/ros2_control_test_assets:/home/khaledob/bookros2_ws/install/controller_manager_msgs:${AMENT_PREFIX_PATH} CMAKE_PREFIX_PATH=/home/khaledob/bookros2_ws/install/joint_state_broadcaster:/home/khaledob/bookros2_ws/install/controller_manager:/home/khaledob/bookros2_ws/install/controller_interface:/home/khaledob/bookros2_ws/install/hardware_interface:/home/khaledob/bookros2_ws/install/ros2_control_test_assets:/home/khaledob/bookros2_ws/install/controller_manager_msgs:/opt/ros/foxy LD_LIBRARY_PATH=/home/khaledob/bookros2_ws/install/joint_state_broadcaster/lib:/home/khaledob/bookros2_ws/install/controller_manager/lib:/home/khaledob/bookros2_ws/install/controller_interface/lib:/home/khaledob/bookros2_ws/install/hardware_interface/lib:/home/khaledob/bookros2_ws/install/controller_manager_msgs/lib:${LD_LIBRARY_PATH} PYTHONPATH=/home/khaledob/bookros2_ws/install/controller_manager/lib/python3.8/site-packages:/home/khaledob/bookros2_ws/install/controller_manager_msgs/lib/python3.8/site-packages:${PYTHONPATH} /usr/bin/cmake --install /home/khaledob/bookros2_ws/build/joint_state_controller
[2.020s] -- Install configuration: ""
[2.020s] -- Execute custom install script
[2.021s] -- Up-to-date symlink: /home/khaledob/bookros2_ws/install/joint_state_controller/share/joint_state_controller//joint_state_plugin.xml
[2.021s] -- Up-to-date symlink: /home/khaledob/bookros2_ws/install/joint_state_controller/lib/libjoint_state_controller.so
[2.021s] -- Up-to-date symlink: /home/khaledob/bookros2_ws/install/joint_state_controller/share/joint_state_controller/environment/library_path.sh
[2.021s] -- Up-to-date symlink: /home/khaledob/bookros2_ws/install/joint_state_controller/share/joint_state_controller/environment/library_path.dsv
[2.022s] -- Up-to-date symlink: /home/khaledob/bookros2_ws/install/joint_state_controller/share/ament_index/resource_index/package_run_dependencies/joint_state_controller
[2.075s] -- Up-to-date symlink: /home/khaledob/bookros2_ws/install/joint_state_controller/share/ament_index/resource_index/parent_prefix_path/joint_state_controller
[2.075s] -- Up-to-date symlink: /home/khaledob/bookros2_ws/install/joint_state_controller/share/joint_state_controller/environment/ament_prefix_path.sh
[2.076s] -- Up-to-date symlink: /home/khaledob/bookros2_ws/install/joint_state_controller/share/joint_state_controller/environment/ament_prefix_path.dsv
[2.076s] -- Up-to-date symlink: /home/khaledob/bookros2_ws/install/joint_state_controller/share/joint_state_controller/environment/path.sh
[2.076s] -- Up-to-date symlink: /home/khaledob/bookros2_ws/install/joint_state_controller/share/joint_state_controller/environment/path.dsv
[2.077s] -- Up-to-date symlink: /home/khaledob/bookros2_ws/install/joint_state_controller/share/joint_state_controller/local_setup.bash
[2.077s] -- Up-to-date symlink: /home/khaledob/bookros2_ws/install/joint_state_controller/share/joint_state_controller/local_setup.sh
[2.078s] -- Up-to-date symlink: /home/khaledob/bookros2_ws/install/joint_state_controller/share/joint_state_controller/local_setup.zsh
[2.078s] -- Up-to-date symlink: /home/khaledob/bookros2_ws/install/joint_state_controller/share/joint_state_controller/local_setup.dsv
[2.078s] -- Symlinking: /home/khaledob/bookros2_ws/install/joint_state_controller/share/joint_state_controller/package.dsv
[2.099s] -- Up-to-date symlink: /home/khaledob/bookros2_ws/install/joint_state_controller/share/ament_index/resource_index/packages/joint_state_controller
[2.101s] -- Up-to-date symlink: /home/khaledob/bookros2_ws/install/joint_state_controller/share/ament_index/resource_index/controller_interface__pluginlib__plugin/joint_state_controller
[2.102s] -- Up-to-date symlink: /home/khaledob/bookros2_ws/install/joint_state_controller/share/joint_state_controller/cmake/ament_cmake_export_dependencies-extras.cmake
[2.104s] -- Up-to-date symlink: /home/khaledob/bookros2_ws/install/joint_state_controller/share/joint_state_controller/cmake/ament_cmake_export_libraries-extras.cmake
[2.106s] -- Up-to-date symlink: /home/khaledob/bookros2_ws/install/joint_state_controller/share/joint_state_controller/cmake/joint_state_controllerConfig.cmake
[2.107s] -- Up-to-date symlink: /home/khaledob/bookros2_ws/install/joint_state_controller/share/joint_state_controller/cmake/joint_state_controllerConfig-version.cmake
[2.108s] -- Up-to-date symlink: /home/khaledob/bookros2_ws/install/joint_state_controller/share/joint_state_controller/package.xml
[2.255s] Invoked command in '/home/khaledob/bookros2_ws/build/joint_state_controller' returned '0': AMENT_PREFIX_PATH=/home/khaledob/bookros2_ws/install/joint_state_broadcaster:/home/khaledob/bookros2_ws/install/controller_manager:/home/khaledob/bookros2_ws/install/controller_interface:/home/khaledob/bookros2_ws/install/hardware_interface:/home/khaledob/bookros2_ws/install/ros2_control_test_assets:/home/khaledob/bookros2_ws/install/controller_manager_msgs:${AMENT_PREFIX_PATH} CMAKE_PREFIX_PATH=/home/khaledob/bookros2_ws/install/joint_state_broadcaster:/home/khaledob/bookros2_ws/install/controller_manager:/home/khaledob/bookros2_ws/install/controller_interface:/home/khaledob/bookros2_ws/install/hardware_interface:/home/khaledob/bookros2_ws/install/ros2_control_test_assets:/home/khaledob/bookros2_ws/install/controller_manager_msgs:/opt/ros/foxy LD_LIBRARY_PATH=/home/khaledob/bookros2_ws/install/joint_state_broadcaster/lib:/home/khaledob/bookros2_ws/install/controller_manager/lib:/home/khaledob/bookros2_ws/install/controller_interface/lib:/home/khaledob/bookros2_ws/install/hardware_interface/lib:/home/khaledob/bookros2_ws/install/controller_manager_msgs/lib:${LD_LIBRARY_PATH} PYTHONPATH=/home/khaledob/bookros2_ws/install/controller_manager/lib/python3.8/site-packages:/home/khaledob/bookros2_ws/install/controller_manager_msgs/lib/python3.8/site-packages:${PYTHONPATH} /usr/bin/cmake --install /home/khaledob/bookros2_ws/build/joint_state_controller
