[0.621s] Invoking command in '/home/khaledob/bookros2_ws/build/br2_navigation': CMAKE_PREFIX_PATH=/opt/ros/foxy /usr/bin/cmake --build /home/khaledob/bookros2_ws/build/br2_navigation -- -j7 -l7
[0.924s] Invoked command in '/home/khaledob/bookros2_ws/build/br2_navigation' returned '0': CMAKE_PREFIX_PATH=/opt/ros/foxy /usr/bin/cmake --build /home/khaledob/bookros2_ws/build/br2_navigation -- -j7 -l7
[0.926s] Invoking command in '/home/khaledob/bookros2_ws/build/br2_navigation': CMAKE_PREFIX_PATH=/opt/ros/foxy /usr/bin/cmake --install /home/khaledob/bookros2_ws/build/br2_navigation
[0.964s] -- Install configuration: ""
[0.964s] -- Execute custom install script
[0.964s] -- Up-to-date symlink: /home/khaledob/bookros2_ws/install/br2_navigation/share/br2_navigation/launch/navigation_launch.py
[0.964s] -- Up-to-date symlink: /home/khaledob/bookros2_ws/install/br2_navigation/share/br2_navigation/launch/tiago_navigation.launch.py
[0.965s] -- Up-to-date symlink: /home/khaledob/bookros2_ws/install/br2_navigation/share/br2_navigation/params/mapper_params_online_async.yaml
[0.974s] -- Up-to-date symlink: /home/khaledob/bookros2_ws/install/br2_navigation/share/br2_navigation/params/tiago_nav_params.yaml
[0.983s] -- Up-to-date symlink: /home/khaledob/bookros2_ws/install/br2_navigation/share/br2_navigation/maps/home.pgm
[0.996s] -- Up-to-date symlink: /home/khaledob/bookros2_ws/install/br2_navigation/share/br2_navigation/maps/home.yaml
[0.996s] -- Up-to-date symlink: /home/khaledob/bookros2_ws/install/br2_navigation/share/ament_index/resource_index/package_run_dependencies/br2_navigation
[0.997s] -- Up-to-date symlink: /home/khaledob/bookros2_ws/install/br2_navigation/share/ament_index/resource_index/parent_prefix_path/br2_navigation
[0.998s] -- Up-to-date symlink: /home/khaledob/bookros2_ws/install/br2_navigation/share/br2_navigation/environment/ament_prefix_path.sh
[0.998s] -- Up-to-date symlink: /home/khaledob/bookros2_ws/install/br2_navigation/share/br2_navigation/environment/ament_prefix_path.dsv
[0.998s] -- Up-to-date symlink: /home/khaledob/bookros2_ws/install/br2_navigation/share/br2_navigation/environment/path.sh
[0.999s] -- Up-to-date symlink: /home/khaledob/bookros2_ws/install/br2_navigation/share/br2_navigation/environment/path.dsv
[1.000s] -- Up-to-date symlink: /home/khaledob/bookros2_ws/install/br2_navigation/share/br2_navigation/local_setup.bash
[1.000s] -- Up-to-date symlink: /home/khaledob/bookros2_ws/install/br2_navigation/share/br2_navigation/local_setup.sh
[1.001s] -- Up-to-date symlink: /home/khaledob/bookros2_ws/install/br2_navigation/share/br2_navigation/local_setup.zsh
[1.001s] -- Up-to-date symlink: /home/khaledob/bookros2_ws/install/br2_navigation/share/br2_navigation/local_setup.dsv
[1.002s] -- Symlinking: /home/khaledob/bookros2_ws/install/br2_navigation/share/br2_navigation/package.dsv
[1.011s] -- Up-to-date symlink: /home/khaledob/bookros2_ws/install/br2_navigation/share/ament_index/resource_index/packages/br2_navigation
[1.015s] -- Up-to-date symlink: /home/khaledob/bookros2_ws/install/br2_navigation/share/br2_navigation/cmake/br2_navigationConfig.cmake
[1.015s] -- Up-to-date symlink: /home/khaledob/bookros2_ws/install/br2_navigation/share/br2_navigation/cmake/br2_navigationConfig-version.cmake
[1.016s] -- Up-to-date symlink: /home/khaledob/bookros2_ws/install/br2_navigation/share/br2_navigation/package.xml
[1.086s] Invoked command in '/home/khaledob/bookros2_ws/build/br2_navigation' returned '0': CMAKE_PREFIX_PATH=/opt/ros/foxy /usr/bin/cmake --install /home/khaledob/bookros2_ws/build/br2_navigation
