[0.201s] Invoking command in '/home/khaledob/bookros2_ws/src/build/gazebo_ros2_control': AMENT_PREFIX_PATH=/home/khaledob/bookros2_ws/src/install/controller_manager:/home/khaledob/bookros2_ws/src/install/controller_interface:/home/khaledob/bookros2_ws/src/install/hardware_interface:/home/khaledob/bookros2_ws/src/install/ros2_control_test_assets:/home/khaledob/bookros2_ws/src/install/controller_manager_msgs:${AMENT_PREFIX_PATH} CMAKE_PREFIX_PATH=/home/khaledob/bookros2_ws/src/install/controller_manager:/home/khaledob/bookros2_ws/src/install/controller_interface:/home/khaledob/bookros2_ws/src/install/hardware_interface:/home/khaledob/bookros2_ws/src/install/ros2_control_test_assets:/home/khaledob/bookros2_ws/src/install/controller_manager_msgs:/opt/ros/foxy LD_LIBRARY_PATH=/home/khaledob/bookros2_ws/src/install/controller_manager/lib:/home/khaledob/bookros2_ws/src/install/controller_interface/lib:/home/khaledob/bookros2_ws/src/install/hardware_interface/lib:/home/khaledob/bookros2_ws/src/install/controller_manager_msgs/lib:${LD_LIBRARY_PATH} PYTHONPATH=/home/khaledob/bookros2_ws/src/install/controller_manager/lib/python3.8/site-packages:/home/khaledob/bookros2_ws/src/install/controller_manager_msgs/lib/python3.8/site-packages:${PYTHONPATH} /usr/bin/cmake /home/khaledob/bookros2_ws/src/ThirdParty/gazebo_ros2_control/gazebo_ros2_control -DAMENT_CMAKE_SYMLINK_INSTALL=1 -DCMAKE_INSTALL_PREFIX=/home/khaledob/bookros2_ws/src/install/gazebo_ros2_control
[0.474s] -- The C compiler identification is GNU 9.4.0
[0.700s] -- The CXX compiler identification is GNU 9.4.0
[0.748s] -- Check for working C compiler: /usr/bin/cc
[1.110s] -- Check for working C compiler: /usr/bin/cc -- works
[1.112s] -- Detecting C compiler ABI info
[1.379s] -- Detecting C compiler ABI info - done
[1.400s] -- Detecting C compile features
[1.400s] -- Detecting C compile features - done
[1.405s] -- Check for working CXX compiler: /usr/bin/c++
[1.703s] -- Check for working CXX compiler: /usr/bin/c++ -- works
[1.705s] -- Detecting CXX compiler ABI info
[2.091s] -- Detecting CXX compiler ABI info - done
[2.125s] -- Detecting CXX compile features
[2.126s] -- Detecting CXX compile features - done
[2.131s] -- Found ament_cmake: 0.9.12 (/opt/ros/foxy/share/ament_cmake/cmake)
[2.258s] -- Found PythonInterp: /usr/bin/python3 (found suitable version "3.8.10", minimum required is "3") 
[2.258s] -- Using PYTHON_EXECUTABLE: /usr/bin/python3
[2.879s] -- Override CMake install command with custom implementation using symlinks instead of copying resources
[2.990s] -- Found angles: 1.12.6 (/opt/ros/foxy/share/angles/cmake)
[2.998s] -- Found controller_manager: 0.7.1 (/home/khaledob/bookros2_ws/src/install/controller_manager/share/controller_manager/cmake)
[3.113s] -- Using all available rosidl_typesupport_c: rosidl_typesupport_fastrtps_c;rosidl_typesupport_introspection_c
[3.134s] -- Found rosidl_adapter: 1.3.1 (/opt/ros/foxy/share/rosidl_adapter/cmake)
[3.490s] -- Found OpenSSL: /usr/lib/x86_64-linux-gnu/libcrypto.so (found version "1.1.1f")  
[3.530s] -- Found FastRTPS: /opt/ros/foxy/include  
[3.766s] -- Using all available rosidl_typesupport_cpp: rosidl_typesupport_fastrtps_cpp;rosidl_typesupport_introspection_cpp
[5.682s] -- Found rmw_implementation_cmake: 1.0.4 (/opt/ros/foxy/share/rmw_implementation_cmake/cmake)
[5.682s] -- Using RMW implementation 'rmw_fastrtps_cpp' as default
[5.683s] -- Looking for pthread.h
[6.004s] -- Looking for pthread.h - found
[6.008s] -- Performing Test CMAKE_HAVE_LIBC_PTHREAD
[6.246s] -- Performing Test CMAKE_HAVE_LIBC_PTHREAD - Failed
[6.247s] -- Looking for pthread_create in pthreads
[6.513s] -- Looking for pthread_create in pthreads - not found
[6.514s] -- Looking for pthread_create in pthread
[6.859s] -- Looking for pthread_create in pthread - found
[6.860s] -- Found Threads: TRUE  
[7.946s] -- Found gazebo_dev: 3.5.3 (/opt/ros/foxy/share/gazebo_dev/cmake)
[7.951s] -- Found PkgConfig: /usr/bin/pkg-config (found version "0.29.1") 
[7.951s] -- Checking for module 'bullet>=2.82'
[8.230s] --   Found bullet, version 2.88
[9.460s] -- Found ccd: /usr/include (found suitable version "2.0", minimum required is "2.0") 
[10.108s] -- Found fcl: /usr/include (found suitable version "0.5.0", minimum required is "0.3.2") 
[10.797s] -- Found assimp: /usr/include (found version "5.0.0") 
[11.058s] -- Found DART: /usr/include (Required is at least version "6.6") found components: dart 
[11.451s] -- Found Boost: /usr/lib/x86_64-linux-gnu/cmake/Boost-1.71.0/BoostConfig.cmake (found suitable version "1.71.0", minimum required is "1.40.0") found components: thread system filesystem program_options regex iostreams date_time 
[11.878s] -- Found Protobuf: /usr/lib/x86_64-linux-gnu/libprotobuf.so;-lpthread (found version "3.6.1") 
[11.924s] -- Looking for ignition-math6 -- found version 6.15.1
[11.980s] -- Searching for dependencies of ignition-math6
[11.995s] -- Looking for OGRE...
[11.997s] -- OGRE_PREFIX_WATCH changed.
[12.032s] -- Checking for module 'OGRE'
[12.261s] --   Found OGRE, version 1.9.0
[12.891s] -- Found Ogre Ghadamon (1.9.0)
[12.943s] -- Found OGRE: optimized;/usr/lib/x86_64-linux-gnu/libOgreMain.so;debug;/usr/lib/x86_64-linux-gnu/libOgreMain.so
[13.014s] -- Looking for OGRE_Paging...
[13.075s] -- Found OGRE_Paging: optimized;/usr/lib/x86_64-linux-gnu/libOgrePaging.so;debug;/usr/lib/x86_64-linux-gnu/libOgrePaging.so
[13.494s] -- Looking for OGRE_Terrain...
[13.593s] -- Found OGRE_Terrain: optimized;/usr/lib/x86_64-linux-gnu/libOgreTerrain.so;debug;/usr/lib/x86_64-linux-gnu/libOgreTerrain.so
[13.593s] -- Looking for OGRE_Property...
[13.706s] -- Found OGRE_Property: optimized;/usr/lib/x86_64-linux-gnu/libOgreProperty.so;debug;/usr/lib/x86_64-linux-gnu/libOgreProperty.so
[13.707s] -- Looking for OGRE_RTShaderSystem...
[13.733s] -- Found OGRE_RTShaderSystem: optimized;/usr/lib/x86_64-linux-gnu/libOgreRTShaderSystem.so;debug;/usr/lib/x86_64-linux-gnu/libOgreRTShaderSystem.so
[13.734s] -- Looking for OGRE_Volume...
[13.777s] -- Found OGRE_Volume: optimized;/usr/lib/x86_64-linux-gnu/libOgreVolume.so;debug;/usr/lib/x86_64-linux-gnu/libOgreVolume.so
[13.778s] -- Looking for OGRE_Overlay...
[13.803s] -- Found OGRE_Overlay: optimized;/usr/lib/x86_64-linux-gnu/libOgreOverlay.so;debug;/usr/lib/x86_64-linux-gnu/libOgreOverlay.so
[14.850s] -- Looking for ignition-math6 -- found version 6.15.1
[14.864s] -- Looking for ignition-transport8 -- found version 8.3.0
[14.864s] -- Searching for dependencies of ignition-transport8
[15.082s] -- Found Protobuf: /usr/lib/x86_64-linux-gnu/libprotobuf.so;-lpthread (found suitable version "3.6.1", minimum required is "3") 
[15.107s] -- Config-file not installed for ZeroMQ -- checking for pkg-config
[15.600s] -- Checking for module 'libzmq >= 4'
[15.794s] --   Found libzmq , version 4.3.2
[15.981s] -- Found ZeroMQ: TRUE (Required is at least version "4") 
[16.013s] -- Checking for module 'uuid'
[16.122s] --   Found uuid, version 2.34.0
[17.899s] -- Found UUID: TRUE  
[17.913s] -- Looking for ignition-msgs5 -- found version 5.10.0
[17.915s] -- Searching for dependencies of ignition-msgs5
[18.225s] -- Looking for ignition-math6 -- found version 6.15.1
[18.265s] -- Checking for module 'tinyxml2'
[18.401s] --   Found tinyxml2, version 6.2.0
[18.995s] -- Looking for ignition-msgs5 -- found version 5.10.0
[19.021s] -- Looking for ignition-common3 -- found version 3.14.2
[19.023s] -- Searching for dependencies of ignition-common3
[19.027s] -- Looking for dlfcn.h - found
[19.029s] -- Looking for libdl - found
[19.033s] -- Found DL: TRUE  
[19.083s] -- Searching for <ignition-common3> component [graphics]
[19.090s] -- Looking for ignition-common3-graphics -- found version 3.14.2
[19.092s] -- Searching for dependencies of ignition-common3-graphics
[19.093s] -- Looking for ignition-math6 -- found version 6.15.1
[19.122s] -- Looking for ignition-fuel_tools4 -- found version 4.6.0
[19.124s] -- Searching for dependencies of ignition-fuel_tools4
[19.681s] -- Found CURL: /usr/lib/x86_64-linux-gnu/libcurl.so (found version "7.68.0")  
[19.899s] -- Checking for module 'jsoncpp'
[20.112s] --   Found jsoncpp, version 1.7.4
[20.417s] -- Found JSONCPP: TRUE  
[20.500s] -- Checking for module 'libzip'
[20.572s] --   Found libzip, version 1.5.1
[20.839s] -- Found ZIP: TRUE  
[20.840s] -- Looking for ignition-common3 -- found version 3.14.2
[20.845s] -- Looking for ignition-math6 -- found version 6.15.1
[20.847s] -- Looking for ignition-msgs5 -- found version 5.10.0
[20.856s] -- Gazebo version: 11.11
[20.870s] -- Found gazebo_ros: 3.5.3 (/opt/ros/foxy/share/gazebo_ros/cmake)
[20.915s] -- Found urdf: 2.4.0 (/opt/ros/foxy/share/urdf/cmake)
[21.145s] -- Found yaml_cpp_vendor: 7.0.3 (/opt/ros/foxy/share/yaml_cpp_vendor/cmake)
[21.147s] -- Setting yaml-cpp_DIR to: '/opt/ros/foxy/share/yaml_cpp_vendor/cmake/../../../opt/yaml_cpp_vendor/lib/cmake/yaml-cpp'
[21.848s] -- Found ament_cmake_gtest: 0.9.12 (/opt/ros/foxy/share/ament_cmake_gtest/cmake)
[21.864s] -- Found ament_lint_auto: 0.9.8 (/opt/ros/foxy/share/ament_lint_auto/cmake)
[22.050s] -- Added test 'copyright' to check source files copyright and LICENSE
[22.085s] -- Added test 'cppcheck' to perform static code analysis on C / C++ code
[22.089s] -- Configured cppcheck include dirs: /home/khaledob/bookros2_ws/src/ThirdParty/gazebo_ros2_control/gazebo_ros2_control/include
[22.089s] -- Configured cppcheck exclude dirs and/or files: 
[22.090s] -- Added test 'cpplint' to check C / C++ code against the Google style
[22.090s] -- Configured cpplint exclude dirs and/or files: 
[22.090s] -- Added test 'lint_cmake' to check CMake code style
[22.091s] -- Added test 'uncrustify' to check C / C++ code style
[22.091s] -- Configured uncrustify additional arguments: 
[22.093s] -- Added test 'xmllint' to check XML markup files
[22.102s] -- Configuring done
[22.887s] -- Generating done
[22.974s] -- Build files have been written to: /home/khaledob/bookros2_ws/src/build/gazebo_ros2_control
[23.054s] Invoked command in '/home/khaledob/bookros2_ws/src/build/gazebo_ros2_control' returned '0': AMENT_PREFIX_PATH=/home/khaledob/bookros2_ws/src/install/controller_manager:/home/khaledob/bookros2_ws/src/install/controller_interface:/home/khaledob/bookros2_ws/src/install/hardware_interface:/home/khaledob/bookros2_ws/src/install/ros2_control_test_assets:/home/khaledob/bookros2_ws/src/install/controller_manager_msgs:${AMENT_PREFIX_PATH} CMAKE_PREFIX_PATH=/home/khaledob/bookros2_ws/src/install/controller_manager:/home/khaledob/bookros2_ws/src/install/controller_interface:/home/khaledob/bookros2_ws/src/install/hardware_interface:/home/khaledob/bookros2_ws/src/install/ros2_control_test_assets:/home/khaledob/bookros2_ws/src/install/controller_manager_msgs:/opt/ros/foxy LD_LIBRARY_PATH=/home/khaledob/bookros2_ws/src/install/controller_manager/lib:/home/khaledob/bookros2_ws/src/install/controller_interface/lib:/home/khaledob/bookros2_ws/src/install/hardware_interface/lib:/home/khaledob/bookros2_ws/src/install/controller_manager_msgs/lib:${LD_LIBRARY_PATH} PYTHONPATH=/home/khaledob/bookros2_ws/src/install/controller_manager/lib/python3.8/site-packages:/home/khaledob/bookros2_ws/src/install/controller_manager_msgs/lib/python3.8/site-packages:${PYTHONPATH} /usr/bin/cmake /home/khaledob/bookros2_ws/src/ThirdParty/gazebo_ros2_control/gazebo_ros2_control -DAMENT_CMAKE_SYMLINK_INSTALL=1 -DCMAKE_INSTALL_PREFIX=/home/khaledob/bookros2_ws/src/install/gazebo_ros2_control
[23.057s] Invoking command in '/home/khaledob/bookros2_ws/src/build/gazebo_ros2_control': AMENT_PREFIX_PATH=/home/khaledob/bookros2_ws/src/install/controller_manager:/home/khaledob/bookros2_ws/src/install/controller_interface:/home/khaledob/bookros2_ws/src/install/hardware_interface:/home/khaledob/bookros2_ws/src/install/ros2_control_test_assets:/home/khaledob/bookros2_ws/src/install/controller_manager_msgs:${AMENT_PREFIX_PATH} CMAKE_PREFIX_PATH=/home/khaledob/bookros2_ws/src/install/controller_manager:/home/khaledob/bookros2_ws/src/install/controller_interface:/home/khaledob/bookros2_ws/src/install/hardware_interface:/home/khaledob/bookros2_ws/src/install/ros2_control_test_assets:/home/khaledob/bookros2_ws/src/install/controller_manager_msgs:/opt/ros/foxy LD_LIBRARY_PATH=/home/khaledob/bookros2_ws/src/install/controller_manager/lib:/home/khaledob/bookros2_ws/src/install/controller_interface/lib:/home/khaledob/bookros2_ws/src/install/hardware_interface/lib:/home/khaledob/bookros2_ws/src/install/controller_manager_msgs/lib:${LD_LIBRARY_PATH} PYTHONPATH=/home/khaledob/bookros2_ws/src/install/controller_manager/lib/python3.8/site-packages:/home/khaledob/bookros2_ws/src/install/controller_manager_msgs/lib/python3.8/site-packages:${PYTHONPATH} /usr/bin/cmake --build /home/khaledob/bookros2_ws/src/build/gazebo_ros2_control -- -j7 -l7
[23.893s] [35m[1mScanning dependencies of target gazebo_hardware_plugins[0m
[25.581s] [ 25%] [32mBuilding CXX object CMakeFiles/gazebo_hardware_plugins.dir/src/gazebo_system.cpp.o[0m
[60.296s] [ 50%] [32m[1mLinking CXX shared library libgazebo_hardware_plugins.so[0m
[63.790s] [ 50%] Built target gazebo_hardware_plugins
[63.854s] [35m[1mScanning dependencies of target gazebo_ros2_control[0m
[64.919s] [ 75%] [32mBuilding CXX object CMakeFiles/gazebo_ros2_control.dir/src/gazebo_ros2_control_plugin.cpp.o[0m
[92.553s] [100%] [32m[1mLinking CXX shared library libgazebo_ros2_control.so[0m
[94.105s] [100%] Built target gazebo_ros2_control
[94.126s] Invoked command in '/home/khaledob/bookros2_ws/src/build/gazebo_ros2_control' returned '0': AMENT_PREFIX_PATH=/home/khaledob/bookros2_ws/src/install/controller_manager:/home/khaledob/bookros2_ws/src/install/controller_interface:/home/khaledob/bookros2_ws/src/install/hardware_interface:/home/khaledob/bookros2_ws/src/install/ros2_control_test_assets:/home/khaledob/bookros2_ws/src/install/controller_manager_msgs:${AMENT_PREFIX_PATH} CMAKE_PREFIX_PATH=/home/khaledob/bookros2_ws/src/install/controller_manager:/home/khaledob/bookros2_ws/src/install/controller_interface:/home/khaledob/bookros2_ws/src/install/hardware_interface:/home/khaledob/bookros2_ws/src/install/ros2_control_test_assets:/home/khaledob/bookros2_ws/src/install/controller_manager_msgs:/opt/ros/foxy LD_LIBRARY_PATH=/home/khaledob/bookros2_ws/src/install/controller_manager/lib:/home/khaledob/bookros2_ws/src/install/controller_interface/lib:/home/khaledob/bookros2_ws/src/install/hardware_interface/lib:/home/khaledob/bookros2_ws/src/install/controller_manager_msgs/lib:${LD_LIBRARY_PATH} PYTHONPATH=/home/khaledob/bookros2_ws/src/install/controller_manager/lib/python3.8/site-packages:/home/khaledob/bookros2_ws/src/install/controller_manager_msgs/lib/python3.8/site-packages:${PYTHONPATH} /usr/bin/cmake --build /home/khaledob/bookros2_ws/src/build/gazebo_ros2_control -- -j7 -l7
[94.133s] Invoking command in '/home/khaledob/bookros2_ws/src/build/gazebo_ros2_control': AMENT_PREFIX_PATH=/home/khaledob/bookros2_ws/src/install/controller_manager:/home/khaledob/bookros2_ws/src/install/controller_interface:/home/khaledob/bookros2_ws/src/install/hardware_interface:/home/khaledob/bookros2_ws/src/install/ros2_control_test_assets:/home/khaledob/bookros2_ws/src/install/controller_manager_msgs:${AMENT_PREFIX_PATH} CMAKE_PREFIX_PATH=/home/khaledob/bookros2_ws/src/install/controller_manager:/home/khaledob/bookros2_ws/src/install/controller_interface:/home/khaledob/bookros2_ws/src/install/hardware_interface:/home/khaledob/bookros2_ws/src/install/ros2_control_test_assets:/home/khaledob/bookros2_ws/src/install/controller_manager_msgs:/opt/ros/foxy LD_LIBRARY_PATH=/home/khaledob/bookros2_ws/src/install/controller_manager/lib:/home/khaledob/bookros2_ws/src/install/controller_interface/lib:/home/khaledob/bookros2_ws/src/install/hardware_interface/lib:/home/khaledob/bookros2_ws/src/install/controller_manager_msgs/lib:${LD_LIBRARY_PATH} PYTHONPATH=/home/khaledob/bookros2_ws/src/install/controller_manager/lib/python3.8/site-packages:/home/khaledob/bookros2_ws/src/install/controller_manager_msgs/lib/python3.8/site-packages:${PYTHONPATH} /usr/bin/cmake --install /home/khaledob/bookros2_ws/src/build/gazebo_ros2_control
[94.145s] -- Install configuration: ""
[94.146s] -- Execute custom install script
[94.147s] -- Symlinking: /home/khaledob/bookros2_ws/src/install/gazebo_ros2_control/lib/libgazebo_ros2_control.so
[94.161s] -- Symlinking: /home/khaledob/bookros2_ws/src/install/gazebo_ros2_control/lib/libgazebo_hardware_plugins.so
[94.176s] -- Symlinking: /home/khaledob/bookros2_ws/src/install/gazebo_ros2_control/share/gazebo_ros2_control/environment/library_path.sh
[94.194s] -- Symlinking: /home/khaledob/bookros2_ws/src/install/gazebo_ros2_control/share/gazebo_ros2_control/environment/library_path.dsv
[94.208s] -- Symlinking: /home/khaledob/bookros2_ws/src/install/gazebo_ros2_control/include/gazebo_ros2_control/gazebo_ros2_control_plugin.hpp
[94.221s] -- Symlinking: /home/khaledob/bookros2_ws/src/install/gazebo_ros2_control/include/gazebo_ros2_control/gazebo_system.hpp
[94.233s] -- Symlinking: /home/khaledob/bookros2_ws/src/install/gazebo_ros2_control/include/gazebo_ros2_control/gazebo_system_interface.hpp
[94.245s] -- Symlinking: /home/khaledob/bookros2_ws/src/install/gazebo_ros2_control/share/gazebo_ros2_control//gazebo_hardware_plugins.xml
[94.260s] -- Symlinking: /home/khaledob/bookros2_ws/src/install/gazebo_ros2_control/share/ament_index/resource_index/package_run_dependencies/gazebo_ros2_control
[94.274s] -- Symlinking: /home/khaledob/bookros2_ws/src/install/gazebo_ros2_control/share/ament_index/resource_index/parent_prefix_path/gazebo_ros2_control
[94.287s] -- Symlinking: /home/khaledob/bookros2_ws/src/install/gazebo_ros2_control/share/gazebo_ros2_control/environment/ament_prefix_path.sh
[94.300s] -- Symlinking: /home/khaledob/bookros2_ws/src/install/gazebo_ros2_control/share/gazebo_ros2_control/environment/ament_prefix_path.dsv
[94.313s] -- Symlinking: /home/khaledob/bookros2_ws/src/install/gazebo_ros2_control/share/gazebo_ros2_control/environment/path.sh
[94.326s] -- Symlinking: /home/khaledob/bookros2_ws/src/install/gazebo_ros2_control/share/gazebo_ros2_control/environment/path.dsv
[94.338s] -- Symlinking: /home/khaledob/bookros2_ws/src/install/gazebo_ros2_control/share/gazebo_ros2_control/local_setup.bash
[94.351s] -- Symlinking: /home/khaledob/bookros2_ws/src/install/gazebo_ros2_control/share/gazebo_ros2_control/local_setup.sh
[94.365s] -- Symlinking: /home/khaledob/bookros2_ws/src/install/gazebo_ros2_control/share/gazebo_ros2_control/local_setup.zsh
[94.377s] -- Symlinking: /home/khaledob/bookros2_ws/src/install/gazebo_ros2_control/share/gazebo_ros2_control/local_setup.dsv
[94.390s] -- Symlinking: /home/khaledob/bookros2_ws/src/install/gazebo_ros2_control/share/gazebo_ros2_control/package.dsv
[94.404s] -- Symlinking: /home/khaledob/bookros2_ws/src/install/gazebo_ros2_control/share/ament_index/resource_index/packages/gazebo_ros2_control
[94.420s] -- Symlinking: /home/khaledob/bookros2_ws/src/install/gazebo_ros2_control/share/ament_index/resource_index/gazebo_ros2_control__pluginlib__plugin/gazebo_ros2_control
[94.434s] -- Symlinking: /home/khaledob/bookros2_ws/src/install/gazebo_ros2_control/share/gazebo_ros2_control/cmake/ament_cmake_export_include_directories-extras.cmake
[94.445s] -- Symlinking: /home/khaledob/bookros2_ws/src/install/gazebo_ros2_control/share/gazebo_ros2_control/cmake/ament_cmake_export_dependencies-extras.cmake
[94.457s] -- Symlinking: /home/khaledob/bookros2_ws/src/install/gazebo_ros2_control/share/gazebo_ros2_control/cmake/ament_cmake_export_libraries-extras.cmake
[94.469s] -- Symlinking: /home/khaledob/bookros2_ws/src/install/gazebo_ros2_control/share/gazebo_ros2_control/cmake/gazebo_ros2_controlConfig.cmake
[94.481s] -- Symlinking: /home/khaledob/bookros2_ws/src/install/gazebo_ros2_control/share/gazebo_ros2_control/cmake/gazebo_ros2_controlConfig-version.cmake
[94.494s] -- Symlinking: /home/khaledob/bookros2_ws/src/install/gazebo_ros2_control/share/gazebo_ros2_control/package.xml
[94.510s] Invoked command in '/home/khaledob/bookros2_ws/src/build/gazebo_ros2_control' returned '0': AMENT_PREFIX_PATH=/home/khaledob/bookros2_ws/src/install/controller_manager:/home/khaledob/bookros2_ws/src/install/controller_interface:/home/khaledob/bookros2_ws/src/install/hardware_interface:/home/khaledob/bookros2_ws/src/install/ros2_control_test_assets:/home/khaledob/bookros2_ws/src/install/controller_manager_msgs:${AMENT_PREFIX_PATH} CMAKE_PREFIX_PATH=/home/khaledob/bookros2_ws/src/install/controller_manager:/home/khaledob/bookros2_ws/src/install/controller_interface:/home/khaledob/bookros2_ws/src/install/hardware_interface:/home/khaledob/bookros2_ws/src/install/ros2_control_test_assets:/home/khaledob/bookros2_ws/src/install/controller_manager_msgs:/opt/ros/foxy LD_LIBRARY_PATH=/home/khaledob/bookros2_ws/src/install/controller_manager/lib:/home/khaledob/bookros2_ws/src/install/controller_interface/lib:/home/khaledob/bookros2_ws/src/install/hardware_interface/lib:/home/khaledob/bookros2_ws/src/install/controller_manager_msgs/lib:${LD_LIBRARY_PATH} PYTHONPATH=/home/khaledob/bookros2_ws/src/install/controller_manager/lib/python3.8/site-packages:/home/khaledob/bookros2_ws/src/install/controller_manager_msgs/lib/python3.8/site-packages:${PYTHONPATH} /usr/bin/cmake --install /home/khaledob/bookros2_ws/src/build/gazebo_ros2_control
