[0.076s] Invoking command in '/home/khaledob/bookros2_ws/build/t1': CMAKE_PREFIX_PATH=/opt/ros/foxy /usr/bin/cmake --build /home/khaledob/bookros2_ws/build/t1 -- -j7 -l7
[0.621s] [100%] Built target bumpgo
[0.795s] Invoked command in '/home/khaledob/bookros2_ws/build/t1' returned '0': CMAKE_PREFIX_PATH=/opt/ros/foxy /usr/bin/cmake --build /home/khaledob/bookros2_ws/build/t1 -- -j7 -l7
[0.817s] Invoking command in '/home/khaledob/bookros2_ws/build/t1': CMAKE_PREFIX_PATH=/opt/ros/foxy /usr/bin/cmake --install /home/khaledob/bookros2_ws/build/t1
[0.925s] -- Install configuration: ""
[0.926s] -- Execute custom install script
[0.926s] -- Up-to-date symlink: /home/khaledob/bookros2_ws/install/t1/lib/t1/bumpgo
[0.928s] -- Up-to-date symlink: /home/khaledob/bookros2_ws/install/t1/share/t1/launch/bump_and_go.launch.py
[0.929s] -- Up-to-date symlink: /home/khaledob/bookros2_ws/install/t1/share/ament_index/resource_index/package_run_dependencies/t1
[0.948s] -- Up-to-date symlink: /home/khaledob/bookros2_ws/install/t1/share/ament_index/resource_index/parent_prefix_path/t1
[0.952s] -- Up-to-date symlink: /home/khaledob/bookros2_ws/install/t1/share/t1/environment/ament_prefix_path.sh
[0.953s] -- Up-to-date symlink: /home/khaledob/bookros2_ws/install/t1/share/t1/environment/ament_prefix_path.dsv
[0.960s] -- Up-to-date symlink: /home/khaledob/bookros2_ws/install/t1/share/t1/environment/path.sh
[0.960s] -- Up-to-date symlink: /home/khaledob/bookros2_ws/install/t1/share/t1/environment/path.dsv
[0.961s] -- Up-to-date symlink: /home/khaledob/bookros2_ws/install/t1/share/t1/local_setup.bash
[0.961s] -- Up-to-date symlink: /home/khaledob/bookros2_ws/install/t1/share/t1/local_setup.sh
[0.962s] -- Up-to-date symlink: /home/khaledob/bookros2_ws/install/t1/share/t1/local_setup.zsh
[0.962s] -- Up-to-date symlink: /home/khaledob/bookros2_ws/install/t1/share/t1/local_setup.dsv
[0.963s] -- Symlinking: /home/khaledob/bookros2_ws/install/t1/share/t1/package.dsv
[0.998s] -- Up-to-date symlink: /home/khaledob/bookros2_ws/install/t1/share/ament_index/resource_index/packages/t1
[0.998s] -- Up-to-date symlink: /home/khaledob/bookros2_ws/install/t1/share/t1/cmake/t1Config.cmake
[0.999s] -- Up-to-date symlink: /home/khaledob/bookros2_ws/install/t1/share/t1/cmake/t1Config-version.cmake
[0.999s] -- Up-to-date symlink: /home/khaledob/bookros2_ws/install/t1/share/t1/package.xml
[1.242s] Invoked command in '/home/khaledob/bookros2_ws/build/t1' returned '0': CMAKE_PREFIX_PATH=/opt/ros/foxy /usr/bin/cmake --install /home/khaledob/bookros2_ws/build/t1
