[0.269s] Invoking command in '/home/khaledob/bookros2_ws/build/br2_vff_avoidance': CMAKE_PREFIX_PATH=/opt/ros/foxy /usr/bin/cmake --build /home/khaledob/bookros2_ws/build/br2_vff_avoidance -- -j7 -l7
[0.776s] [ 20%] Built target br2_vff_avoidance
[1.120s] [ 40%] Built target gtest_main
[1.170s] [ 60%] Built target avoidance_vff
[1.235s] [ 80%] Built target gtest
[1.430s] [100%] Built target vff_test
[1.589s] Invoked command in '/home/khaledob/bookros2_ws/build/br2_vff_avoidance' returned '0': CMAKE_PREFIX_PATH=/opt/ros/foxy /usr/bin/cmake --build /home/khaledob/bookros2_ws/build/br2_vff_avoidance -- -j7 -l7
[1.591s] Invoking command in '/home/khaledob/bookros2_ws/build/br2_vff_avoidance': CMAKE_PREFIX_PATH=/opt/ros/foxy /usr/bin/cmake --install /home/khaledob/bookros2_ws/build/br2_vff_avoidance
[1.696s] -- Install configuration: "Debug"
[1.697s] -- Execute custom install script
[1.697s] -- Up-to-date symlink: /home/khaledob/bookros2_ws/install/br2_vff_avoidance/lib/libbr2_vff_avoidance.so
[1.748s] -- Up-to-date symlink: /home/khaledob/bookros2_ws/install/br2_vff_avoidance/lib/br2_vff_avoidance/avoidance_vff
[1.748s] -- Up-to-date symlink: /home/khaledob/bookros2_ws/install/br2_vff_avoidance/share/br2_vff_avoidance/launch/avoidance_vff.launch.py
[1.749s] -- Up-to-date symlink: /home/khaledob/bookros2_ws/install/br2_vff_avoidance/share/ament_index/resource_index/package_run_dependencies/br2_vff_avoidance
[1.749s] -- Up-to-date symlink: /home/khaledob/bookros2_ws/install/br2_vff_avoidance/share/ament_index/resource_index/parent_prefix_path/br2_vff_avoidance
[1.749s] -- Up-to-date symlink: /home/khaledob/bookros2_ws/install/br2_vff_avoidance/share/br2_vff_avoidance/environment/ament_prefix_path.sh
[1.750s] -- Up-to-date symlink: /home/khaledob/bookros2_ws/install/br2_vff_avoidance/share/br2_vff_avoidance/environment/ament_prefix_path.dsv
[1.751s] -- Up-to-date symlink: /home/khaledob/bookros2_ws/install/br2_vff_avoidance/share/br2_vff_avoidance/environment/path.sh
[1.751s] -- Up-to-date symlink: /home/khaledob/bookros2_ws/install/br2_vff_avoidance/share/br2_vff_avoidance/environment/path.dsv
[1.751s] -- Up-to-date symlink: /home/khaledob/bookros2_ws/install/br2_vff_avoidance/share/br2_vff_avoidance/local_setup.bash
[1.751s] -- Up-to-date symlink: /home/khaledob/bookros2_ws/install/br2_vff_avoidance/share/br2_vff_avoidance/local_setup.sh
[1.751s] -- Up-to-date symlink: /home/khaledob/bookros2_ws/install/br2_vff_avoidance/share/br2_vff_avoidance/local_setup.zsh
[1.752s] -- Up-to-date symlink: /home/khaledob/bookros2_ws/install/br2_vff_avoidance/share/br2_vff_avoidance/local_setup.dsv
[1.752s] -- Symlinking: /home/khaledob/bookros2_ws/install/br2_vff_avoidance/share/br2_vff_avoidance/package.dsv
[1.753s] -- Up-to-date symlink: /home/khaledob/bookros2_ws/install/br2_vff_avoidance/share/ament_index/resource_index/packages/br2_vff_avoidance
[1.753s] -- Up-to-date symlink: /home/khaledob/bookros2_ws/install/br2_vff_avoidance/share/br2_vff_avoidance/cmake/ament_cmake_export_dependencies-extras.cmake
[1.753s] -- Up-to-date symlink: /home/khaledob/bookros2_ws/install/br2_vff_avoidance/share/br2_vff_avoidance/cmake/br2_vff_avoidanceConfig.cmake
[1.754s] -- Up-to-date symlink: /home/khaledob/bookros2_ws/install/br2_vff_avoidance/share/br2_vff_avoidance/cmake/br2_vff_avoidanceConfig-version.cmake
[1.754s] -- Up-to-date symlink: /home/khaledob/bookros2_ws/install/br2_vff_avoidance/share/br2_vff_avoidance/package.xml
[1.867s] Invoked command in '/home/khaledob/bookros2_ws/build/br2_vff_avoidance' returned '0': CMAKE_PREFIX_PATH=/opt/ros/foxy /usr/bin/cmake --install /home/khaledob/bookros2_ws/build/br2_vff_avoidance
