[0.140s] Invoking command in '/home/khaledob/bookros2_ws/build/t1': CMAKE_PREFIX_PATH=/opt/ros/foxy /usr/bin/cmake --build /home/khaledob/bookros2_ws/build/t1 -- -j7 -l7
[0.343s] [100%] Built target bumpgo
[0.398s] Invoked command in '/home/khaledob/bookros2_ws/build/t1' returned '0': CMAKE_PREFIX_PATH=/opt/ros/foxy /usr/bin/cmake --build /home/khaledob/bookros2_ws/build/t1 -- -j7 -l7
[0.415s] Invoking command in '/home/khaledob/bookros2_ws/build/t1': CMAKE_PREFIX_PATH=/opt/ros/foxy /usr/bin/cmake --install /home/khaledob/bookros2_ws/build/t1
[0.479s] -- Install configuration: ""
[0.480s] -- Execute custom install script
[0.481s] -- Up-to-date symlink: /home/khaledob/bookros2_ws/install/t1/lib/t1/bumpgo
[0.483s] -- Up-to-date symlink: /home/khaledob/bookros2_ws/install/t1/share/t1/launch/bump_and_go.launch.py
[0.484s] -- Up-to-date symlink: /home/khaledob/bookros2_ws/install/t1/share/ament_index/resource_index/package_run_dependencies/t1
[0.485s] -- Up-to-date symlink: /home/khaledob/bookros2_ws/install/t1/share/ament_index/resource_index/parent_prefix_path/t1
[0.486s] -- Up-to-date symlink: /home/khaledob/bookros2_ws/install/t1/share/t1/environment/ament_prefix_path.sh
[0.487s] -- Up-to-date symlink: /home/khaledob/bookros2_ws/install/t1/share/t1/environment/ament_prefix_path.dsv
[0.488s] -- Up-to-date symlink: /home/khaledob/bookros2_ws/install/t1/share/t1/environment/path.sh
[0.489s] -- Up-to-date symlink: /home/khaledob/bookros2_ws/install/t1/share/t1/environment/path.dsv
[0.490s] -- Up-to-date symlink: /home/khaledob/bookros2_ws/install/t1/share/t1/local_setup.bash
[0.490s] -- Up-to-date symlink: /home/khaledob/bookros2_ws/install/t1/share/t1/local_setup.sh
[0.491s] -- Up-to-date symlink: /home/khaledob/bookros2_ws/install/t1/share/t1/local_setup.zsh
[0.493s] -- Up-to-date symlink: /home/khaledob/bookros2_ws/install/t1/share/t1/local_setup.dsv
[0.493s] -- Symlinking: /home/khaledob/bookros2_ws/install/t1/share/t1/package.dsv
[0.510s] -- Up-to-date symlink: /home/khaledob/bookros2_ws/install/t1/share/ament_index/resource_index/packages/t1
[0.518s] -- Up-to-date symlink: /home/khaledob/bookros2_ws/install/t1/share/t1/cmake/t1Config.cmake
[0.531s] -- Up-to-date symlink: /home/khaledob/bookros2_ws/install/t1/share/t1/cmake/t1Config-version.cmake
[0.534s] -- Up-to-date symlink: /home/khaledob/bookros2_ws/install/t1/share/t1/package.xml
[0.548s] Invoked command in '/home/khaledob/bookros2_ws/build/t1' returned '0': CMAKE_PREFIX_PATH=/opt/ros/foxy /usr/bin/cmake --install /home/khaledob/bookros2_ws/build/t1
