[0.150s] Invoking command in '/home/khaledob/bookros2_ws/build/task2a': CMAKE_PREFIX_PATH=${CMAKE_PREFIX_PATH}:/home/khaledob/bookros2_ws/install/ros2controlcli:/home/khaledob/bookros2_ws/install/launch_pal:/home/khaledob/bookros2_ws/install/br2_fsm_bumpgo_py:/opt/ros/foxy /usr/bin/cmake --build /home/khaledob/bookros2_ws/build/task2a -- -j7 -l7
[0.279s] [100%] Built target node
[0.489s] Invoked command in '/home/khaledob/bookros2_ws/build/task2a' returned '0': CMAKE_PREFIX_PATH=${CMAKE_PREFIX_PATH}:/home/khaledob/bookros2_ws/install/ros2controlcli:/home/khaledob/bookros2_ws/install/launch_pal:/home/khaledob/bookros2_ws/install/br2_fsm_bumpgo_py:/opt/ros/foxy /usr/bin/cmake --build /home/khaledob/bookros2_ws/build/task2a -- -j7 -l7
[0.494s] Invoking command in '/home/khaledob/bookros2_ws/build/task2a': CMAKE_PREFIX_PATH=${CMAKE_PREFIX_PATH}:/home/khaledob/bookros2_ws/install/ros2controlcli:/home/khaledob/bookros2_ws/install/launch_pal:/home/khaledob/bookros2_ws/install/br2_fsm_bumpgo_py:/opt/ros/foxy /usr/bin/cmake --install /home/khaledob/bookros2_ws/build/task2a
[0.563s] -- Install configuration: ""
[0.586s] -- Execute custom install script
[0.587s] -- Up-to-date symlink: /home/khaledob/bookros2_ws/install/task2a/lib/task2a/node
[0.587s] -- Up-to-date symlink: /home/khaledob/bookros2_ws/install/task2a/share/task2a/launch/my_launch2a_file.py
[0.587s] -- Up-to-date symlink: /home/khaledob/bookros2_ws/install/task2a/share/ament_index/resource_index/package_run_dependencies/task2a
[0.587s] -- Up-to-date symlink: /home/khaledob/bookros2_ws/install/task2a/share/ament_index/resource_index/parent_prefix_path/task2a
[0.587s] -- Up-to-date symlink: /home/khaledob/bookros2_ws/install/task2a/share/task2a/environment/ament_prefix_path.sh
[0.588s] -- Up-to-date symlink: /home/khaledob/bookros2_ws/install/task2a/share/task2a/environment/ament_prefix_path.dsv
[0.589s] -- Up-to-date symlink: /home/khaledob/bookros2_ws/install/task2a/share/task2a/environment/path.sh
[0.592s] -- Up-to-date symlink: /home/khaledob/bookros2_ws/install/task2a/share/task2a/environment/path.dsv
[0.593s] -- Up-to-date symlink: /home/khaledob/bookros2_ws/install/task2a/share/task2a/local_setup.bash
[0.601s] -- Up-to-date symlink: /home/khaledob/bookros2_ws/install/task2a/share/task2a/local_setup.sh
[0.601s] -- Up-to-date symlink: /home/khaledob/bookros2_ws/install/task2a/share/task2a/local_setup.zsh
[0.602s] -- Up-to-date symlink: /home/khaledob/bookros2_ws/install/task2a/share/task2a/local_setup.dsv
[0.602s] -- Symlinking: /home/khaledob/bookros2_ws/install/task2a/share/task2a/package.dsv
[0.604s] -- Up-to-date symlink: /home/khaledob/bookros2_ws/install/task2a/share/ament_index/resource_index/packages/task2a
[0.604s] -- Up-to-date symlink: /home/khaledob/bookros2_ws/install/task2a/share/task2a/cmake/task2aConfig.cmake
[0.604s] -- Up-to-date symlink: /home/khaledob/bookros2_ws/install/task2a/share/task2a/cmake/task2aConfig-version.cmake
[0.605s] -- Up-to-date symlink: /home/khaledob/bookros2_ws/install/task2a/share/task2a/package.xml
[0.609s] Invoked command in '/home/khaledob/bookros2_ws/build/task2a' returned '0': CMAKE_PREFIX_PATH=${CMAKE_PREFIX_PATH}:/home/khaledob/bookros2_ws/install/ros2controlcli:/home/khaledob/bookros2_ws/install/launch_pal:/home/khaledob/bookros2_ws/install/br2_fsm_bumpgo_py:/opt/ros/foxy /usr/bin/cmake --install /home/khaledob/bookros2_ws/build/task2a
