[1.903s] Invoking command in '/home/khaledob/bookros2_ws/build/pal_gazebo_worlds': CMAKE_PREFIX_PATH=/opt/ros/foxy /usr/bin/cmake --build /home/khaledob/bookros2_ws/build/pal_gazebo_worlds -- -j7 -l7
[2.772s] Invoked command in '/home/khaledob/bookros2_ws/build/pal_gazebo_worlds' returned '0': CMAKE_PREFIX_PATH=/opt/ros/foxy /usr/bin/cmake --build /home/khaledob/bookros2_ws/build/pal_gazebo_worlds -- -j7 -l7
[2.838s] Invoking command in '/home/khaledob/bookros2_ws/build/pal_gazebo_worlds': CMAKE_PREFIX_PATH=/opt/ros/foxy /usr/bin/cmake --install /home/khaledob/bookros2_ws/build/pal_gazebo_worlds
[2.859s] -- Install configuration: ""
[2.864s] -- Execute custom install script
[2.877s] -- Up-to-date symlink: /home/khaledob/bookros2_ws/install/pal_gazebo_worlds/share/pal_gazebo_worlds/launch/pal_gazebo.launch.py
[2.881s] -- Up-to-date symlink: /home/khaledob/bookros2_ws/install/pal_gazebo_worlds/share/pal_gazebo_worlds/launch/pal_play_gazebo.launch
[3.498s] -- Up-to-date symlink: /home/khaledob/bookros2_ws/install/pal_gazebo_worlds/share/pal_gazebo_worlds/models/arm_chair/arm_chair.sdf
[3.500s] -- Up-to-date symlink: /home/khaledob/bookros2_ws/install/pal_gazebo_worlds/share/pal_gazebo_worlds/models/arm_chair/meshes/arm_chair.stl
[3.511s] -- Up-to-date symlink: /home/khaledob/bookros2_ws/install/pal_gazebo_worlds/share/pal_gazebo_worlds/models/arm_chair/model.config
[3.512s] -- Up-to-date symlink: /home/khaledob/bookros2_ws/install/pal_gazebo_worlds/share/pal_gazebo_worlds/models/aruco_board/aruco_board.sdf
[3.567s] -- Up-to-date symlink: /home/khaledob/bookros2_ws/install/pal_gazebo_worlds/share/pal_gazebo_worlds/models/aruco_board/material/scripts/aruco_board.material
[3.573s] -- Up-to-date symlink: /home/khaledob/bookros2_ws/install/pal_gazebo_worlds/share/pal_gazebo_worlds/models/aruco_board/material/textures/aruco_board.png
[3.606s] -- Up-to-date symlink: /home/khaledob/bookros2_ws/install/pal_gazebo_worlds/share/pal_gazebo_worlds/models/aruco_board/model.config
[3.624s] -- Up-to-date symlink: /home/khaledob/bookros2_ws/install/pal_gazebo_worlds/share/pal_gazebo_worlds/models/aruco_cube/aruco_cube.sdf
[3.626s] -- Up-to-date symlink: /home/khaledob/bookros2_ws/install/pal_gazebo_worlds/share/pal_gazebo_worlds/models/aruco_cube/meshes/aruco_cube_5cm.dae
[3.628s] -- Up-to-date symlink: /home/khaledob/bookros2_ws/install/pal_gazebo_worlds/share/pal_gazebo_worlds/models/aruco_cube/meshes/aruco_cube_6cm.dae
[3.635s] -- Up-to-date symlink: /home/khaledob/bookros2_ws/install/pal_gazebo_worlds/share/pal_gazebo_worlds/models/aruco_cube/meshes/aruco_cube_8cm.dae
[3.646s] -- Up-to-date symlink: /home/khaledob/bookros2_ws/install/pal_gazebo_worlds/share/pal_gazebo_worlds/models/aruco_cube/meshes/marker582.png
[3.646s] -- Up-to-date symlink: /home/khaledob/bookros2_ws/install/pal_gazebo_worlds/share/pal_gazebo_worlds/models/aruco_cube/meshes/marker582_small_margin.png
[3.646s] -- Up-to-date symlink: /home/khaledob/bookros2_ws/install/pal_gazebo_worlds/share/pal_gazebo_worlds/models/aruco_cube/model.config
[3.646s] -- Up-to-date symlink: /home/khaledob/bookros2_ws/install/pal_gazebo_worlds/share/pal_gazebo_worlds/models/aruco_marker_250_6x6_1/aruco_marker_250_6x6.sdf
[3.646s] -- Up-to-date symlink: /home/khaledob/bookros2_ws/install/pal_gazebo_worlds/share/pal_gazebo_worlds/models/aruco_marker_250_6x6_1/material/scripts/aruco_marker_250_6x6.material
[3.646s] -- Up-to-date symlink: /home/khaledob/bookros2_ws/install/pal_gazebo_worlds/share/pal_gazebo_worlds/models/aruco_marker_250_6x6_1/material/textures/Aruco_6x6_250_0.png
[3.702s] -- Up-to-date symlink: /home/khaledob/bookros2_ws/install/pal_gazebo_worlds/share/pal_gazebo_worlds/models/aruco_marker_250_6x6_1/model.config
[3.705s] -- Up-to-date symlink: /home/khaledob/bookros2_ws/install/pal_gazebo_worlds/share/pal_gazebo_worlds/models/aruco_marker_250_6x6_2/aruco_marker_250_6x6.sdf
[3.707s] -- Up-to-date symlink: /home/khaledob/bookros2_ws/install/pal_gazebo_worlds/share/pal_gazebo_worlds/models/aruco_marker_250_6x6_2/material/scripts/aruco_marker_250_6x6.material
[3.711s] -- Up-to-date symlink: /home/khaledob/bookros2_ws/install/pal_gazebo_worlds/share/pal_gazebo_worlds/models/aruco_marker_250_6x6_2/material/textures/Aruco_6x6_250_1.png
[3.712s] -- Up-to-date symlink: /home/khaledob/bookros2_ws/install/pal_gazebo_worlds/share/pal_gazebo_worlds/models/aruco_marker_250_6x6_2/model.config
[3.715s] -- Up-to-date symlink: /home/khaledob/bookros2_ws/install/pal_gazebo_worlds/share/pal_gazebo_worlds/models/aruco_marker_250_6x6_3/aruco_marker_250_6x6.sdf
[3.716s] -- Up-to-date symlink: /home/khaledob/bookros2_ws/install/pal_gazebo_worlds/share/pal_gazebo_worlds/models/aruco_marker_250_6x6_3/material/scripts/aruco_marker_250_6x6.material
[3.717s] -- Up-to-date symlink: /home/khaledob/bookros2_ws/install/pal_gazebo_worlds/share/pal_gazebo_worlds/models/aruco_marker_250_6x6_3/material/textures/Aruco_6x6_250_2.png
[3.720s] -- Up-to-date symlink: /home/khaledob/bookros2_ws/install/pal_gazebo_worlds/share/pal_gazebo_worlds/models/aruco_marker_250_6x6_3/model.config
[3.731s] -- Up-to-date symlink: /home/khaledob/bookros2_ws/install/pal_gazebo_worlds/share/pal_gazebo_worlds/models/aruco_marker_250_6x6_4/aruco_marker_250_6x6.sdf
[3.774s] -- Up-to-date symlink: /home/khaledob/bookros2_ws/install/pal_gazebo_worlds/share/pal_gazebo_worlds/models/aruco_marker_250_6x6_4/material/scripts/aruco_marker_250_6x6.material
[3.774s] -- Up-to-date symlink: /home/khaledob/bookros2_ws/install/pal_gazebo_worlds/share/pal_gazebo_worlds/models/aruco_marker_250_6x6_4/material/textures/Aruco_6x6_250_3.png
[3.777s] -- Up-to-date symlink: /home/khaledob/bookros2_ws/install/pal_gazebo_worlds/share/pal_gazebo_worlds/models/aruco_marker_250_6x6_4/model.config
[3.780s] -- Up-to-date symlink: /home/khaledob/bookros2_ws/install/pal_gazebo_worlds/share/pal_gazebo_worlds/models/aruco_marker_6cm_238/aruco_marker_6cm.sdf
[3.780s] -- Up-to-date symlink: /home/khaledob/bookros2_ws/install/pal_gazebo_worlds/share/pal_gazebo_worlds/models/aruco_marker_6cm_238/material/scripts/aruco_marker_original.material
[3.780s] -- Up-to-date symlink: /home/khaledob/bookros2_ws/install/pal_gazebo_worlds/share/pal_gazebo_worlds/models/aruco_marker_6cm_238/material/textures/Aruco_6cm_238.png
[3.781s] -- Up-to-date symlink: /home/khaledob/bookros2_ws/install/pal_gazebo_worlds/share/pal_gazebo_worlds/models/aruco_marker_6cm_238/model.config
[3.785s] -- Up-to-date symlink: /home/khaledob/bookros2_ws/install/pal_gazebo_worlds/share/pal_gazebo_worlds/models/aruco_marker_6cm_26/aruco_marker_6cm.sdf
[3.786s] -- Up-to-date symlink: /home/khaledob/bookros2_ws/install/pal_gazebo_worlds/share/pal_gazebo_worlds/models/aruco_marker_6cm_26/material/scripts/aruco_marker_original.material
[3.791s] -- Up-to-date symlink: /home/khaledob/bookros2_ws/install/pal_gazebo_worlds/share/pal_gazebo_worlds/models/aruco_marker_6cm_26/material/textures/Aruco_6cm_26.png
[3.797s] -- Up-to-date symlink: /home/khaledob/bookros2_ws/install/pal_gazebo_worlds/share/pal_gazebo_worlds/models/aruco_marker_6cm_26/model.config
[3.799s] -- Up-to-date symlink: /home/khaledob/bookros2_ws/install/pal_gazebo_worlds/share/pal_gazebo_worlds/models/aruco_marker_6cm_582/aruco_marker_6cm.sdf
[3.800s] -- Up-to-date symlink: /home/khaledob/bookros2_ws/install/pal_gazebo_worlds/share/pal_gazebo_worlds/models/aruco_marker_6cm_582/material/scripts/aruco_marker_original.material
[3.802s] -- Up-to-date symlink: /home/khaledob/bookros2_ws/install/pal_gazebo_worlds/share/pal_gazebo_worlds/models/aruco_marker_6cm_582/material/textures/Aruco_6cm_582.png
[3.802s] -- Up-to-date symlink: /home/khaledob/bookros2_ws/install/pal_gazebo_worlds/share/pal_gazebo_worlds/models/aruco_marker_6cm_582/model.config
[3.804s] -- Up-to-date symlink: /home/khaledob/bookros2_ws/install/pal_gazebo_worlds/share/pal_gazebo_worlds/models/aruco_marker_6cm_63/aruco_marker_6cm.sdf
[3.805s] -- Up-to-date symlink: /home/khaledob/bookros2_ws/install/pal_gazebo_worlds/share/pal_gazebo_worlds/models/aruco_marker_6cm_63/material/scripts/aruco_marker_original.material
[3.805s] -- Up-to-date symlink: /home/khaledob/bookros2_ws/install/pal_gazebo_worlds/share/pal_gazebo_worlds/models/aruco_marker_6cm_63/material/textures/Aruco_6cm_63.png
[3.805s] -- Up-to-date symlink: /home/khaledob/bookros2_ws/install/pal_gazebo_worlds/share/pal_gazebo_worlds/models/aruco_marker_6cm_63/model.config
[3.805s] -- Up-to-date symlink: /home/khaledob/bookros2_ws/install/pal_gazebo_worlds/share/pal_gazebo_worlds/models/aruco_marker_9cm_238/aruco_marker_9cm.sdf
[3.805s] -- Up-to-date symlink: /home/khaledob/bookros2_ws/install/pal_gazebo_worlds/share/pal_gazebo_worlds/models/aruco_marker_9cm_238/material/scripts/aruco_marker_original.material
[3.808s] -- Up-to-date symlink: /home/khaledob/bookros2_ws/install/pal_gazebo_worlds/share/pal_gazebo_worlds/models/aruco_marker_9cm_238/material/textures/Aruco_9cm_238.png
[3.837s] -- Up-to-date symlink: /home/khaledob/bookros2_ws/install/pal_gazebo_worlds/share/pal_gazebo_worlds/models/aruco_marker_9cm_238/model.config
[3.847s] -- Up-to-date symlink: /home/khaledob/bookros2_ws/install/pal_gazebo_worlds/share/pal_gazebo_worlds/models/aruco_marker_9cm_26/aruco_marker_9cm.sdf
[3.849s] -- Up-to-date symlink: /home/khaledob/bookros2_ws/install/pal_gazebo_worlds/share/pal_gazebo_worlds/models/aruco_marker_9cm_26/material/scripts/aruco_marker_original.material
[3.853s] -- Up-to-date symlink: /home/khaledob/bookros2_ws/install/pal_gazebo_worlds/share/pal_gazebo_worlds/models/aruco_marker_9cm_26/material/textures/Aruco_9cm_26.png
[3.853s] -- Up-to-date symlink: /home/khaledob/bookros2_ws/install/pal_gazebo_worlds/share/pal_gazebo_worlds/models/aruco_marker_9cm_26/model.config
[3.856s] -- Up-to-date symlink: /home/khaledob/bookros2_ws/install/pal_gazebo_worlds/share/pal_gazebo_worlds/models/aruco_marker_9cm_582/aruco_marker_9cm.sdf
[3.856s] -- Up-to-date symlink: /home/khaledob/bookros2_ws/install/pal_gazebo_worlds/share/pal_gazebo_worlds/models/aruco_marker_9cm_582/material/scripts/aruco_marker_original.material
[3.889s] -- Up-to-date symlink: /home/khaledob/bookros2_ws/install/pal_gazebo_worlds/share/pal_gazebo_worlds/models/aruco_marker_9cm_582/material/textures/Aruco_9cm_582.png
[3.889s] -- Up-to-date symlink: /home/khaledob/bookros2_ws/install/pal_gazebo_worlds/share/pal_gazebo_worlds/models/aruco_marker_9cm_582/model.config
[3.896s] -- Up-to-date symlink: /home/khaledob/bookros2_ws/install/pal_gazebo_worlds/share/pal_gazebo_worlds/models/aruco_marker_9cm_63/aruco_marker_9cm.sdf
[3.903s] -- Up-to-date symlink: /home/khaledob/bookros2_ws/install/pal_gazebo_worlds/share/pal_gazebo_worlds/models/aruco_marker_9cm_63/material/scripts/aruco_marker_original.material
[3.913s] -- Up-to-date symlink: /home/khaledob/bookros2_ws/install/pal_gazebo_worlds/share/pal_gazebo_worlds/models/aruco_marker_9cm_63/material/textures/Aruco_9cm_63.png
[3.913s] -- Up-to-date symlink: /home/khaledob/bookros2_ws/install/pal_gazebo_worlds/share/pal_gazebo_worlds/models/aruco_marker_9cm_63/model.config
[3.935s] -- Up-to-date symlink: /home/khaledob/bookros2_ws/install/pal_gazebo_worlds/share/pal_gazebo_worlds/models/aruco_marker_original_238/aruco_marker_original.sdf
[3.936s] -- Up-to-date symlink: /home/khaledob/bookros2_ws/install/pal_gazebo_worlds/share/pal_gazebo_worlds/models/aruco_marker_original_238/material/scripts/aruco_marker_original.material
[3.949s] -- Up-to-date symlink: /home/khaledob/bookros2_ws/install/pal_gazebo_worlds/share/pal_gazebo_worlds/models/aruco_marker_original_238/material/textures/Aruco_original_238.png
[3.951s] -- Up-to-date symlink: /home/khaledob/bookros2_ws/install/pal_gazebo_worlds/share/pal_gazebo_worlds/models/aruco_marker_original_238/model.config
[3.951s] -- Up-to-date symlink: /home/khaledob/bookros2_ws/install/pal_gazebo_worlds/share/pal_gazebo_worlds/models/aruco_marker_original_26/aruco_marker_original.sdf
[3.952s] -- Up-to-date symlink: /home/khaledob/bookros2_ws/install/pal_gazebo_worlds/share/pal_gazebo_worlds/models/aruco_marker_original_26/material/scripts/aruco_marker_original.material
[3.955s] -- Up-to-date symlink: /home/khaledob/bookros2_ws/install/pal_gazebo_worlds/share/pal_gazebo_worlds/models/aruco_marker_original_26/material/textures/Aruco_original_26.png
[3.959s] -- Up-to-date symlink: /home/khaledob/bookros2_ws/install/pal_gazebo_worlds/share/pal_gazebo_worlds/models/aruco_marker_original_26/model.config
[4.193s] -- Up-to-date symlink: /home/khaledob/bookros2_ws/install/pal_gazebo_worlds/share/pal_gazebo_worlds/models/aruco_marker_original_582/aruco_marker_original.sdf
[4.193s] -- Up-to-date symlink: /home/khaledob/bookros2_ws/install/pal_gazebo_worlds/share/pal_gazebo_worlds/models/aruco_marker_original_582/material/scripts/aruco_marker_original.material
[4.197s] -- Up-to-date symlink: /home/khaledob/bookros2_ws/install/pal_gazebo_worlds/share/pal_gazebo_worlds/models/aruco_marker_original_582/material/textures/Aruco_original_582.png
[4.197s] -- Up-to-date symlink: /home/khaledob/bookros2_ws/install/pal_gazebo_worlds/share/pal_gazebo_worlds/models/aruco_marker_original_582/model.config
[4.198s] -- Up-to-date symlink: /home/khaledob/bookros2_ws/install/pal_gazebo_worlds/share/pal_gazebo_worlds/models/aruco_marker_original_63/aruco_marker_original.sdf
[4.198s] -- Up-to-date symlink: /home/khaledob/bookros2_ws/install/pal_gazebo_worlds/share/pal_gazebo_worlds/models/aruco_marker_original_63/material/scripts/aruco_marker_original.material
[4.198s] -- Up-to-date symlink: /home/khaledob/bookros2_ws/install/pal_gazebo_worlds/share/pal_gazebo_worlds/models/aruco_marker_original_63/material/textures/Aruco_original_63.png
[4.198s] -- Up-to-date symlink: /home/khaledob/bookros2_ws/install/pal_gazebo_worlds/share/pal_gazebo_worlds/models/aruco_marker_original_63/model.config
[4.198s] -- Up-to-date symlink: /home/khaledob/bookros2_ws/install/pal_gazebo_worlds/share/pal_gazebo_worlds/models/bauman/README
[4.209s] -- Up-to-date symlink: /home/khaledob/bookros2_ws/install/pal_gazebo_worlds/share/pal_gazebo_worlds/models/bauman/bauman_walls.png
[4.210s] -- Up-to-date symlink: /home/khaledob/bookros2_ws/install/pal_gazebo_worlds/share/pal_gazebo_worlds/models/bauman/model.config
[4.213s] -- Up-to-date symlink: /home/khaledob/bookros2_ws/install/pal_gazebo_worlds/share/pal_gazebo_worlds/models/bauman/model.sdf
[4.213s] -- Up-to-date symlink: /home/khaledob/bookros2_ws/install/pal_gazebo_worlds/share/pal_gazebo_worlds/models/bench/bench.sdf
[4.216s] -- Up-to-date symlink: /home/khaledob/bookros2_ws/install/pal_gazebo_worlds/share/pal_gazebo_worlds/models/bench/meshes/bench.stl
[4.219s] -- Up-to-date symlink: /home/khaledob/bookros2_ws/install/pal_gazebo_worlds/share/pal_gazebo_worlds/models/bench/model.config
[4.219s] -- Up-to-date symlink: /home/khaledob/bookros2_ws/install/pal_gazebo_worlds/share/pal_gazebo_worlds/models/bifrutas_tropical_can/bifrutas_tropical_can.sdf
[4.230s] -- Up-to-date symlink: /home/khaledob/bookros2_ws/install/pal_gazebo_worlds/share/pal_gazebo_worlds/models/bifrutas_tropical_can/material/scripts/bifrutas_tropical_can.material
[4.230s] -- Up-to-date symlink: /home/khaledob/bookros2_ws/install/pal_gazebo_worlds/share/pal_gazebo_worlds/models/bifrutas_tropical_can/material/textures/bifrutas_tropical_can.jpg
[4.230s] -- Up-to-date symlink: /home/khaledob/bookros2_ws/install/pal_gazebo_worlds/share/pal_gazebo_worlds/models/bifrutas_tropical_can/model.config
[4.230s] -- Up-to-date symlink: /home/khaledob/bookros2_ws/install/pal_gazebo_worlds/share/pal_gazebo_worlds/models/biscuits_pack/biscuits_pack.sdf
[4.230s] -- Up-to-date symlink: /home/khaledob/bookros2_ws/install/pal_gazebo_worlds/share/pal_gazebo_worlds/models/biscuits_pack/material/scripts/pringles.material
[4.230s] -- Up-to-date symlink: /home/khaledob/bookros2_ws/install/pal_gazebo_worlds/share/pal_gazebo_worlds/models/biscuits_pack/material/textures/biscuits_pack.jpg
[4.232s] -- Up-to-date symlink: /home/khaledob/bookros2_ws/install/pal_gazebo_worlds/share/pal_gazebo_worlds/models/biscuits_pack/model.config
[4.233s] -- Up-to-date symlink: /home/khaledob/bookros2_ws/install/pal_gazebo_worlds/share/pal_gazebo_worlds/models/box_with_handles/box_with_handles.sdf
[4.233s] -- Up-to-date symlink: /home/khaledob/bookros2_ws/install/pal_gazebo_worlds/share/pal_gazebo_worlds/models/box_with_handles/material/scripts/aruco_marker_original.material
[4.235s] -- Up-to-date symlink: /home/khaledob/bookros2_ws/install/pal_gazebo_worlds/share/pal_gazebo_worlds/models/box_with_handles/material/textures/Aruco_original_582.png
[4.237s] -- Up-to-date symlink: /home/khaledob/bookros2_ws/install/pal_gazebo_worlds/share/pal_gazebo_worlds/models/box_with_handles/model.config
[4.255s] -- Up-to-date symlink: /home/khaledob/bookros2_ws/install/pal_gazebo_worlds/share/pal_gazebo_worlds/models/brick_box_3x1x3/materials/scripts/brick_box.material
[4.256s] -- Up-to-date symlink: /home/khaledob/bookros2_ws/install/pal_gazebo_worlds/share/pal_gazebo_worlds/models/brick_box_3x1x3/materials/textures/simple_box.png
[4.256s] -- Up-to-date symlink: /home/khaledob/bookros2_ws/install/pal_gazebo_worlds/share/pal_gazebo_worlds/models/brick_box_3x1x3/meshes/simple_box.dae
[4.256s] -- Up-to-date symlink: /home/khaledob/bookros2_ws/install/pal_gazebo_worlds/share/pal_gazebo_worlds/models/brick_box_3x1x3/model-1_3.sdf
[4.257s] -- Up-to-date symlink: /home/khaledob/bookros2_ws/install/pal_gazebo_worlds/share/pal_gazebo_worlds/models/brick_box_3x1x3/model-1_4.sdf
[4.257s] -- Up-to-date symlink: /home/khaledob/bookros2_ws/install/pal_gazebo_worlds/share/pal_gazebo_worlds/models/brick_box_3x1x3/model.config
[4.257s] -- Up-to-date symlink: /home/khaledob/bookros2_ws/install/pal_gazebo_worlds/share/pal_gazebo_worlds/models/brick_box_3x1x3/model.sdf
[4.392s] -- Up-to-date symlink: /home/khaledob/bookros2_ws/install/pal_gazebo_worlds/share/pal_gazebo_worlds/models/citizen_extras_female_02/images/_01_-_Default1noCulling.JPG
[4.429s] -- Up-to-date symlink: /home/khaledob/bookros2_ws/install/pal_gazebo_worlds/share/pal_gazebo_worlds/models/citizen_extras_female_02/images/_02_-_Default1noCulling.JPG
[4.439s] -- Up-to-date symlink: /home/khaledob/bookros2_ws/install/pal_gazebo_worlds/share/pal_gazebo_worlds/models/citizen_extras_female_02/images/_03_-_Default1noCulling.JPG
[4.458s] -- Up-to-date symlink: /home/khaledob/bookros2_ws/install/pal_gazebo_worlds/share/pal_gazebo_worlds/models/citizen_extras_female_02/meshes/mesh.dae
[4.474s] -- Up-to-date symlink: /home/khaledob/bookros2_ws/install/pal_gazebo_worlds/share/pal_gazebo_worlds/models/citizen_extras_female_02/model.config
[4.524s] -- Up-to-date symlink: /home/khaledob/bookros2_ws/install/pal_gazebo_worlds/share/pal_gazebo_worlds/models/citizen_extras_female_02/model.sdf
[4.541s] -- Up-to-date symlink: /home/khaledob/bookros2_ws/install/pal_gazebo_worlds/share/pal_gazebo_worlds/models/citizen_extras_female_03/images/Material__1noCulling.JPG
[4.544s] -- Up-to-date symlink: /home/khaledob/bookros2_ws/install/pal_gazebo_worlds/share/pal_gazebo_worlds/models/citizen_extras_female_03/images/Material__2noCulling.JPG
[4.545s] -- Up-to-date symlink: /home/khaledob/bookros2_ws/install/pal_gazebo_worlds/share/pal_gazebo_worlds/models/citizen_extras_female_03/images/_03_-_Default1noCulling.JPG
[4.551s] -- Up-to-date symlink: /home/khaledob/bookros2_ws/install/pal_gazebo_worlds/share/pal_gazebo_worlds/models/citizen_extras_female_03/meshes/mesh.dae
[4.553s] -- Up-to-date symlink: /home/khaledob/bookros2_ws/install/pal_gazebo_worlds/share/pal_gazebo_worlds/models/citizen_extras_female_03/model.config
[4.571s] -- Up-to-date symlink: /home/khaledob/bookros2_ws/install/pal_gazebo_worlds/share/pal_gazebo_worlds/models/citizen_extras_female_03/model.sdf
[4.573s] -- Up-to-date symlink: /home/khaledob/bookros2_ws/install/pal_gazebo_worlds/share/pal_gazebo_worlds/models/citizen_extras_male_03/images/Material__1noCulling.JPG
[4.574s] -- Up-to-date symlink: /home/khaledob/bookros2_ws/install/pal_gazebo_worlds/share/pal_gazebo_worlds/models/citizen_extras_male_03/images/hair1noCulling.JPG
[4.579s] -- Up-to-date symlink: /home/khaledob/bookros2_ws/install/pal_gazebo_worlds/share/pal_gazebo_worlds/models/citizen_extras_male_03/images/hrad1noCulling.JPG
[4.604s] -- Up-to-date symlink: /home/khaledob/bookros2_ws/install/pal_gazebo_worlds/share/pal_gazebo_worlds/models/citizen_extras_male_03/meshes/mesh.dae
[4.605s] -- Up-to-date symlink: /home/khaledob/bookros2_ws/install/pal_gazebo_worlds/share/pal_gazebo_worlds/models/citizen_extras_male_03/model.config
[4.660s] -- Up-to-date symlink: /home/khaledob/bookros2_ws/install/pal_gazebo_worlds/share/pal_gazebo_worlds/models/citizen_extras_male_03/model.sdf
[4.660s] -- Up-to-date symlink: /home/khaledob/bookros2_ws/install/pal_gazebo_worlds/share/pal_gazebo_worlds/models/closet/closet.sdf
[4.663s] -- Up-to-date symlink: /home/khaledob/bookros2_ws/install/pal_gazebo_worlds/share/pal_gazebo_worlds/models/closet/meshes/closet.stl
[4.669s] -- Up-to-date symlink: /home/khaledob/bookros2_ws/install/pal_gazebo_worlds/share/pal_gazebo_worlds/models/closet/model.config
[4.669s] -- Up-to-date symlink: /home/khaledob/bookros2_ws/install/pal_gazebo_worlds/share/pal_gazebo_worlds/models/cocacola/cocacola.sdf
[4.675s] -- Up-to-date symlink: /home/khaledob/bookros2_ws/install/pal_gazebo_worlds/share/pal_gazebo_worlds/models/cocacola/material/scripts/cocacola.material
[4.677s] -- Up-to-date symlink: /home/khaledob/bookros2_ws/install/pal_gazebo_worlds/share/pal_gazebo_worlds/models/cocacola/material/textures/cocacola.jpg
[4.704s] -- Up-to-date symlink: /home/khaledob/bookros2_ws/install/pal_gazebo_worlds/share/pal_gazebo_worlds/models/cocacola/model.config
[4.704s] -- Up-to-date symlink: /home/khaledob/bookros2_ws/install/pal_gazebo_worlds/share/pal_gazebo_worlds/models/coke_can_slim/coke_can_slim.sdf
[4.704s] -- Up-to-date symlink: /home/khaledob/bookros2_ws/install/pal_gazebo_worlds/share/pal_gazebo_worlds/models/coke_can_slim/material/scripts/coke_can_slim.material
[4.713s] -- Up-to-date symlink: /home/khaledob/bookros2_ws/install/pal_gazebo_worlds/share/pal_gazebo_worlds/models/coke_can_slim/material/textures/coke_can_slim.jpg
[4.737s] -- Up-to-date symlink: /home/khaledob/bookros2_ws/install/pal_gazebo_worlds/share/pal_gazebo_worlds/models/coke_can_slim/model.config
[4.742s] -- Up-to-date symlink: /home/khaledob/bookros2_ws/install/pal_gazebo_worlds/share/pal_gazebo_worlds/models/database.config
[4.743s] -- Up-to-date symlink: /home/khaledob/bookros2_ws/install/pal_gazebo_worlds/share/pal_gazebo_worlds/models/dining_chair/dining_chair.sdf
[4.743s] -- Up-to-date symlink: /home/khaledob/bookros2_ws/install/pal_gazebo_worlds/share/pal_gazebo_worlds/models/dining_chair/meshes/dining_chair.stl
[4.743s] -- Up-to-date symlink: /home/khaledob/bookros2_ws/install/pal_gazebo_worlds/share/pal_gazebo_worlds/models/dining_chair/model.config
[4.743s] -- Up-to-date symlink: /home/khaledob/bookros2_ws/install/pal_gazebo_worlds/share/pal_gazebo_worlds/models/dock1/dock1.sdf
[4.743s] -- Up-to-date symlink: /home/khaledob/bookros2_ws/install/pal_gazebo_worlds/share/pal_gazebo_worlds/models/dock1/meshes/dock1.dae
[4.743s] -- Up-to-date symlink: /home/khaledob/bookros2_ws/install/pal_gazebo_worlds/share/pal_gazebo_worlds/models/dock1/model.config
[4.744s] -- Up-to-date symlink: /home/khaledob/bookros2_ws/install/pal_gazebo_worlds/share/pal_gazebo_worlds/models/door_obstacle/door_obstacle.sdf
[4.756s] -- Up-to-date symlink: /home/khaledob/bookros2_ws/install/pal_gazebo_worlds/share/pal_gazebo_worlds/models/door_obstacle/model.config
[4.766s] -- Up-to-date symlink: /home/khaledob/bookros2_ws/install/pal_gazebo_worlds/share/pal_gazebo_worlds/models/floor_lamp/floor_lamp.sdf
[4.766s] -- Up-to-date symlink: /home/khaledob/bookros2_ws/install/pal_gazebo_worlds/share/pal_gazebo_worlds/models/floor_lamp/meshes/floor_lamp.stl
[4.766s] -- Up-to-date symlink: /home/khaledob/bookros2_ws/install/pal_gazebo_worlds/share/pal_gazebo_worlds/models/floor_lamp/model.config
[4.788s] -- Up-to-date symlink: /home/khaledob/bookros2_ws/install/pal_gazebo_worlds/share/pal_gazebo_worlds/models/goetz_sofa/goetz_sofa.sdf
[4.824s] -- Up-to-date symlink: /home/khaledob/bookros2_ws/install/pal_gazebo_worlds/share/pal_gazebo_worlds/models/goetz_sofa/materials/textures/texture0.jpg
[4.824s] -- Up-to-date symlink: /home/khaledob/bookros2_ws/install/pal_gazebo_worlds/share/pal_gazebo_worlds/models/goetz_sofa/meshes/goetz_sofa.dae
[4.824s] -- Up-to-date symlink: /home/khaledob/bookros2_ws/install/pal_gazebo_worlds/share/pal_gazebo_worlds/models/goetz_sofa/model.config
[4.826s] -- Up-to-date symlink: /home/khaledob/bookros2_ws/install/pal_gazebo_worlds/share/pal_gazebo_worlds/models/green_ball/materials/scripts/ball.material
[4.828s] -- Up-to-date symlink: /home/khaledob/bookros2_ws/install/pal_gazebo_worlds/share/pal_gazebo_worlds/models/green_ball/model.config
[4.832s] -- Up-to-date symlink: /home/khaledob/bookros2_ws/install/pal_gazebo_worlds/share/pal_gazebo_worlds/models/green_ball/model.sdf
[4.836s] -- Up-to-date symlink: /home/khaledob/bookros2_ws/install/pal_gazebo_worlds/share/pal_gazebo_worlds/models/green_cube/green_cube.sdf
[4.836s] -- Up-to-date symlink: /home/khaledob/bookros2_ws/install/pal_gazebo_worlds/share/pal_gazebo_worlds/models/green_cube/model.config
[4.837s] -- Up-to-date symlink: /home/khaledob/bookros2_ws/install/pal_gazebo_worlds/share/pal_gazebo_worlds/models/green_rectangle/green_rectangle.sdf
[4.840s] -- Up-to-date symlink: /home/khaledob/bookros2_ws/install/pal_gazebo_worlds/share/pal_gazebo_worlds/models/green_rectangle/model.config
[4.899s] -- Up-to-date symlink: /home/khaledob/bookros2_ws/install/pal_gazebo_worlds/share/pal_gazebo_worlds/models/ground_plane/model-1_2.sdf
[4.903s] -- Up-to-date symlink: /home/khaledob/bookros2_ws/install/pal_gazebo_worlds/share/pal_gazebo_worlds/models/ground_plane/model-1_3.sdf
[4.906s] -- Up-to-date symlink: /home/khaledob/bookros2_ws/install/pal_gazebo_worlds/share/pal_gazebo_worlds/models/ground_plane/model-1_4.sdf
[4.911s] -- Up-to-date symlink: /home/khaledob/bookros2_ws/install/pal_gazebo_worlds/share/pal_gazebo_worlds/models/ground_plane/model.config
[4.911s] -- Up-to-date symlink: /home/khaledob/bookros2_ws/install/pal_gazebo_worlds/share/pal_gazebo_worlds/models/ground_plane/model.sdf
[4.914s] -- Up-to-date symlink: /home/khaledob/bookros2_ws/install/pal_gazebo_worlds/share/pal_gazebo_worlds/models/hospital_flat_map/hospital_flat_map.sdf
[4.921s] -- Up-to-date symlink: /home/khaledob/bookros2_ws/install/pal_gazebo_worlds/share/pal_gazebo_worlds/models/hospital_flat_map/meshes/hospital_flat_map.stl
[4.921s] -- Up-to-date symlink: /home/khaledob/bookros2_ws/install/pal_gazebo_worlds/share/pal_gazebo_worlds/models/hospital_flat_map/model.config
[4.921s] -- Up-to-date symlink: /home/khaledob/bookros2_ws/install/pal_gazebo_worlds/share/pal_gazebo_worlds/models/hospital_map/hospital_map.sdf
[4.998s] -- Up-to-date symlink: /home/khaledob/bookros2_ws/install/pal_gazebo_worlds/share/pal_gazebo_worlds/models/hospital_map/meshes/g1.stl
[5.008s] -- Up-to-date symlink: /home/khaledob/bookros2_ws/install/pal_gazebo_worlds/share/pal_gazebo_worlds/models/hospital_map/meshes/g2.stl
[5.010s] -- Up-to-date symlink: /home/khaledob/bookros2_ws/install/pal_gazebo_worlds/share/pal_gazebo_worlds/models/hospital_map/meshes/g3.stl
[5.012s] -- Up-to-date symlink: /home/khaledob/bookros2_ws/install/pal_gazebo_worlds/share/pal_gazebo_worlds/models/hospital_map/meshes/g4.stl
[5.013s] -- Up-to-date symlink: /home/khaledob/bookros2_ws/install/pal_gazebo_worlds/share/pal_gazebo_worlds/models/hospital_map/meshes/g5.stl
[5.015s] -- Up-to-date symlink: /home/khaledob/bookros2_ws/install/pal_gazebo_worlds/share/pal_gazebo_worlds/models/hospital_map/meshes/g6.stl
[5.028s] -- Up-to-date symlink: /home/khaledob/bookros2_ws/install/pal_gazebo_worlds/share/pal_gazebo_worlds/models/hospital_map/meshes/g7.stl
[5.030s] -- Up-to-date symlink: /home/khaledob/bookros2_ws/install/pal_gazebo_worlds/share/pal_gazebo_worlds/models/hospital_map/meshes/gr1.stl
[5.030s] -- Up-to-date symlink: /home/khaledob/bookros2_ws/install/pal_gazebo_worlds/share/pal_gazebo_worlds/models/hospital_map/meshes/gr2.stl
[5.031s] -- Up-to-date symlink: /home/khaledob/bookros2_ws/install/pal_gazebo_worlds/share/pal_gazebo_worlds/models/hospital_map/meshes/gr3.stl
[5.033s] -- Up-to-date symlink: /home/khaledob/bookros2_ws/install/pal_gazebo_worlds/share/pal_gazebo_worlds/models/hospital_map/meshes/gr4.stl
[5.054s] -- Up-to-date symlink: /home/khaledob/bookros2_ws/install/pal_gazebo_worlds/share/pal_gazebo_worlds/models/hospital_map/meshes/gr5.stl
[5.057s] -- Up-to-date symlink: /home/khaledob/bookros2_ws/install/pal_gazebo_worlds/share/pal_gazebo_worlds/models/hospital_map/meshes/gr6.stl
[5.058s] -- Up-to-date symlink: /home/khaledob/bookros2_ws/install/pal_gazebo_worlds/share/pal_gazebo_worlds/models/hospital_map/meshes/hospital_map.stl
[5.060s] -- Up-to-date symlink: /home/khaledob/bookros2_ws/install/pal_gazebo_worlds/share/pal_gazebo_worlds/models/hospital_map/meshes/w1.stl
[5.061s] -- Up-to-date symlink: /home/khaledob/bookros2_ws/install/pal_gazebo_worlds/share/pal_gazebo_worlds/models/hospital_map/meshes/w2.stl
[5.066s] -- Up-to-date symlink: /home/khaledob/bookros2_ws/install/pal_gazebo_worlds/share/pal_gazebo_worlds/models/hospital_map/meshes/w3.stl
[5.075s] -- Up-to-date symlink: /home/khaledob/bookros2_ws/install/pal_gazebo_worlds/share/pal_gazebo_worlds/models/hospital_map/meshes/w4.stl
[5.083s] -- Up-to-date symlink: /home/khaledob/bookros2_ws/install/pal_gazebo_worlds/share/pal_gazebo_worlds/models/hospital_map/meshes/w5.stl
[5.084s] -- Up-to-date symlink: /home/khaledob/bookros2_ws/install/pal_gazebo_worlds/share/pal_gazebo_worlds/models/hospital_map/meshes/w6.stl
[5.086s] -- Up-to-date symlink: /home/khaledob/bookros2_ws/install/pal_gazebo_worlds/share/pal_gazebo_worlds/models/hospital_map/meshes/w7.stl
[5.102s] -- Up-to-date symlink: /home/khaledob/bookros2_ws/install/pal_gazebo_worlds/share/pal_gazebo_worlds/models/hospital_map/meshes/wr1.stl
[5.106s] -- Up-to-date symlink: /home/khaledob/bookros2_ws/install/pal_gazebo_worlds/share/pal_gazebo_worlds/models/hospital_map/meshes/wr2.stl
[5.109s] -- Up-to-date symlink: /home/khaledob/bookros2_ws/install/pal_gazebo_worlds/share/pal_gazebo_worlds/models/hospital_map/meshes/wr3.stl
[5.112s] -- Up-to-date symlink: /home/khaledob/bookros2_ws/install/pal_gazebo_worlds/share/pal_gazebo_worlds/models/hospital_map/meshes/wr4.stl
[5.115s] -- Up-to-date symlink: /home/khaledob/bookros2_ws/install/pal_gazebo_worlds/share/pal_gazebo_worlds/models/hospital_map/meshes/wr5.stl
[5.118s] -- Up-to-date symlink: /home/khaledob/bookros2_ws/install/pal_gazebo_worlds/share/pal_gazebo_worlds/models/hospital_map/meshes/wr6.stl
[5.121s] -- Up-to-date symlink: /home/khaledob/bookros2_ws/install/pal_gazebo_worlds/share/pal_gazebo_worlds/models/hospital_map/model.config
[5.132s] -- Up-to-date symlink: /home/khaledob/bookros2_ws/install/pal_gazebo_worlds/share/pal_gazebo_worlds/models/ideal_sun/model.config
[5.138s] -- Up-to-date symlink: /home/khaledob/bookros2_ws/install/pal_gazebo_worlds/share/pal_gazebo_worlds/models/ideal_sun/model.sdf
[5.139s] -- Up-to-date symlink: /home/khaledob/bookros2_ws/install/pal_gazebo_worlds/share/pal_gazebo_worlds/models/ikea_ektorp_chair/meshes/IKE06001.JPG
[5.140s] -- Up-to-date symlink: /home/khaledob/bookros2_ws/install/pal_gazebo_worlds/share/pal_gazebo_worlds/models/ikea_ektorp_chair/meshes/mesh.dae
[5.145s] -- Up-to-date symlink: /home/khaledob/bookros2_ws/install/pal_gazebo_worlds/share/pal_gazebo_worlds/models/ikea_ektorp_chair/model.config
[5.145s] -- Up-to-date symlink: /home/khaledob/bookros2_ws/install/pal_gazebo_worlds/share/pal_gazebo_worlds/models/ikea_ektorp_chair/model.sdf
[5.147s] -- Up-to-date symlink: /home/khaledob/bookros2_ws/install/pal_gazebo_worlds/share/pal_gazebo_worlds/models/ikea_folke_chair/meshes/mesh.dae
[5.148s] -- Up-to-date symlink: /home/khaledob/bookros2_ws/install/pal_gazebo_worlds/share/pal_gazebo_worlds/models/ikea_folke_chair/meshes/notexture.png
[5.149s] -- Up-to-date symlink: /home/khaledob/bookros2_ws/install/pal_gazebo_worlds/share/pal_gazebo_worlds/models/ikea_folke_chair/meshes/texture.png
[5.158s] -- Up-to-date symlink: /home/khaledob/bookros2_ws/install/pal_gazebo_worlds/share/pal_gazebo_worlds/models/ikea_folke_chair/model.config
[5.168s] -- Up-to-date symlink: /home/khaledob/bookros2_ws/install/pal_gazebo_worlds/share/pal_gazebo_worlds/models/ikea_folke_chair/model.sdf
[5.170s] -- Up-to-date symlink: /home/khaledob/bookros2_ws/install/pal_gazebo_worlds/share/pal_gazebo_worlds/models/ikea_harry_chair/meshes/body.png
[5.173s] -- Up-to-date symlink: /home/khaledob/bookros2_ws/install/pal_gazebo_worlds/share/pal_gazebo_worlds/models/ikea_harry_chair/meshes/legs.png
[5.174s] -- Up-to-date symlink: /home/khaledob/bookros2_ws/install/pal_gazebo_worlds/share/pal_gazebo_worlds/models/ikea_harry_chair/meshes/mesh.dae
[5.175s] -- Up-to-date symlink: /home/khaledob/bookros2_ws/install/pal_gazebo_worlds/share/pal_gazebo_worlds/models/ikea_harry_chair/model.config
[5.176s] -- Up-to-date symlink: /home/khaledob/bookros2_ws/install/pal_gazebo_worlds/share/pal_gazebo_worlds/models/ikea_harry_chair/model.sdf
[5.177s] -- Up-to-date symlink: /home/khaledob/bookros2_ws/install/pal_gazebo_worlds/share/pal_gazebo_worlds/models/ikea_stefan_chair/meshes/mesh.dae
[5.177s] -- Up-to-date symlink: /home/khaledob/bookros2_ws/install/pal_gazebo_worlds/share/pal_gazebo_worlds/models/ikea_stefan_chair/model.config
[5.178s] -- Up-to-date symlink: /home/khaledob/bookros2_ws/install/pal_gazebo_worlds/share/pal_gazebo_worlds/models/ikea_stefan_chair/model.sdf
[5.179s] -- Up-to-date symlink: /home/khaledob/bookros2_ws/install/pal_gazebo_worlds/share/pal_gazebo_worlds/models/ikea_urban_chair/meshes/mesh.dae
[5.181s] -- Up-to-date symlink: /home/khaledob/bookros2_ws/install/pal_gazebo_worlds/share/pal_gazebo_worlds/models/ikea_urban_chair/meshes/notexture.png
[5.182s] -- Up-to-date symlink: /home/khaledob/bookros2_ws/install/pal_gazebo_worlds/share/pal_gazebo_worlds/models/ikea_urban_chair/model.config
[5.183s] -- Up-to-date symlink: /home/khaledob/bookros2_ws/install/pal_gazebo_worlds/share/pal_gazebo_worlds/models/ikea_urban_chair/model.sdf
[5.185s] -- Up-to-date symlink: /home/khaledob/bookros2_ws/install/pal_gazebo_worlds/share/pal_gazebo_worlds/models/kitchen_chair/kitchen_chair.sdf
[5.186s] -- Up-to-date symlink: /home/khaledob/bookros2_ws/install/pal_gazebo_worlds/share/pal_gazebo_worlds/models/kitchen_chair/meshes/kitchen_chair.stl
[5.186s] -- Up-to-date symlink: /home/khaledob/bookros2_ws/install/pal_gazebo_worlds/share/pal_gazebo_worlds/models/kitchen_chair/model.config
[5.187s] -- Up-to-date symlink: /home/khaledob/bookros2_ws/install/pal_gazebo_worlds/share/pal_gazebo_worlds/models/kitchen_table/kitchen_table.sdf
[5.188s] -- Up-to-date symlink: /home/khaledob/bookros2_ws/install/pal_gazebo_worlds/share/pal_gazebo_worlds/models/kitchen_table/meshes/kitchen_table.stl
[5.188s] -- Up-to-date symlink: /home/khaledob/bookros2_ws/install/pal_gazebo_worlds/share/pal_gazebo_worlds/models/kitchen_table/model.config
[5.189s] -- Up-to-date symlink: /home/khaledob/bookros2_ws/install/pal_gazebo_worlds/share/pal_gazebo_worlds/models/lamp/lamp.sdf
[5.190s] -- Up-to-date symlink: /home/khaledob/bookros2_ws/install/pal_gazebo_worlds/share/pal_gazebo_worlds/models/lamp/meshes/lamp.stl
[5.191s] -- Up-to-date symlink: /home/khaledob/bookros2_ws/install/pal_gazebo_worlds/share/pal_gazebo_worlds/models/lamp/model.config
[5.192s] -- Up-to-date symlink: /home/khaledob/bookros2_ws/install/pal_gazebo_worlds/share/pal_gazebo_worlds/models/macrolink_small_table/model.config
[5.192s] -- Up-to-date symlink: /home/khaledob/bookros2_ws/install/pal_gazebo_worlds/share/pal_gazebo_worlds/models/macrolink_small_table/table.sdf
[5.193s] -- Up-to-date symlink: /home/khaledob/bookros2_ws/install/pal_gazebo_worlds/share/pal_gazebo_worlds/models/macrolink_table/model.config
[5.193s] -- Up-to-date symlink: /home/khaledob/bookros2_ws/install/pal_gazebo_worlds/share/pal_gazebo_worlds/models/macrolink_table/table.sdf
[5.213s] -- Up-to-date symlink: /home/khaledob/bookros2_ws/install/pal_gazebo_worlds/share/pal_gazebo_worlds/models/marker26_8cm/marker26_8cm.sdf
[5.214s] -- Up-to-date symlink: /home/khaledob/bookros2_ws/install/pal_gazebo_worlds/share/pal_gazebo_worlds/models/marker26_8cm/material/scripts/marker26_8cm.material
[5.214s] -- Up-to-date symlink: /home/khaledob/bookros2_ws/install/pal_gazebo_worlds/share/pal_gazebo_worlds/models/marker26_8cm/material/textures/aruco-26_8cm.png
[5.215s] -- Up-to-date symlink: /home/khaledob/bookros2_ws/install/pal_gazebo_worlds/share/pal_gazebo_worlds/models/marker26_8cm/model.config
[5.215s] -- Up-to-date symlink: /home/khaledob/bookros2_ws/install/pal_gazebo_worlds/share/pal_gazebo_worlds/models/pal_poster/material/scripts/pal_poster.material
[5.216s] -- Up-to-date symlink: /home/khaledob/bookros2_ws/install/pal_gazebo_worlds/share/pal_gazebo_worlds/models/pal_poster/material/textures/pal_poster.jpg
[5.216s] -- Up-to-date symlink: /home/khaledob/bookros2_ws/install/pal_gazebo_worlds/share/pal_gazebo_worlds/models/pal_poster/model.config
[5.220s] -- Up-to-date symlink: /home/khaledob/bookros2_ws/install/pal_gazebo_worlds/share/pal_gazebo_worlds/models/pal_poster/pal_poster.sdf
[5.221s] -- Up-to-date symlink: /home/khaledob/bookros2_ws/install/pal_gazebo_worlds/share/pal_gazebo_worlds/models/pal_textured_object/material/scripts/pal_textured_object.material
[5.222s] -- Up-to-date symlink: /home/khaledob/bookros2_ws/install/pal_gazebo_worlds/share/pal_gazebo_worlds/models/pal_textured_object/material/textures/pal_textured_object.png
[5.222s] -- Up-to-date symlink: /home/khaledob/bookros2_ws/install/pal_gazebo_worlds/share/pal_gazebo_worlds/models/pal_textured_object/model.config
[5.223s] -- Up-to-date symlink: /home/khaledob/bookros2_ws/install/pal_gazebo_worlds/share/pal_gazebo_worlds/models/pal_textured_object/pal_textured_object.sdf
[5.224s] -- Up-to-date symlink: /home/khaledob/bookros2_ws/install/pal_gazebo_worlds/share/pal_gazebo_worlds/models/pringles/material/scripts/pringles.material
[5.225s] -- Up-to-date symlink: /home/khaledob/bookros2_ws/install/pal_gazebo_worlds/share/pal_gazebo_worlds/models/pringles/material/textures/pringles.jpg
[5.225s] -- Up-to-date symlink: /home/khaledob/bookros2_ws/install/pal_gazebo_worlds/share/pal_gazebo_worlds/models/pringles/model.config
[5.226s] -- Up-to-date symlink: /home/khaledob/bookros2_ws/install/pal_gazebo_worlds/share/pal_gazebo_worlds/models/pringles/pringles.sdf
[5.227s] -- Up-to-date symlink: /home/khaledob/bookros2_ws/install/pal_gazebo_worlds/share/pal_gazebo_worlds/models/pringles2/material/scripts/pringles2.material
[5.229s] -- Up-to-date symlink: /home/khaledob/bookros2_ws/install/pal_gazebo_worlds/share/pal_gazebo_worlds/models/pringles2/material/textures/pringles2.jpg
[5.230s] -- Up-to-date symlink: /home/khaledob/bookros2_ws/install/pal_gazebo_worlds/share/pal_gazebo_worlds/models/pringles2/model.config
[5.231s] -- Up-to-date symlink: /home/khaledob/bookros2_ws/install/pal_gazebo_worlds/share/pal_gazebo_worlds/models/pringles2/pringles2.sdf
[5.231s] -- Up-to-date symlink: /home/khaledob/bookros2_ws/install/pal_gazebo_worlds/share/pal_gazebo_worlds/models/reemc_bookshelf/bookshelf.sdf
[5.236s] -- Up-to-date symlink: /home/khaledob/bookros2_ws/install/pal_gazebo_worlds/share/pal_gazebo_worlds/models/reemc_bookshelf/model.config
[5.240s] -- Up-to-date symlink: /home/khaledob/bookros2_ws/install/pal_gazebo_worlds/share/pal_gazebo_worlds/models/reemc_cabinet/cabinet.sdf
[5.247s] -- Up-to-date symlink: /home/khaledob/bookros2_ws/install/pal_gazebo_worlds/share/pal_gazebo_worlds/models/reemc_cabinet/model.config
[5.282s] -- Up-to-date symlink: /home/khaledob/bookros2_ws/install/pal_gazebo_worlds/share/pal_gazebo_worlds/models/reemc_table/model.config
[5.282s] -- Up-to-date symlink: /home/khaledob/bookros2_ws/install/pal_gazebo_worlds/share/pal_gazebo_worlds/models/reemc_table/table.sdf
[5.310s] -- Up-to-date symlink: /home/khaledob/bookros2_ws/install/pal_gazebo_worlds/share/pal_gazebo_worlds/models/reemc_textured_object/meshes/mesh.dae
[5.312s] -- Up-to-date symlink: /home/khaledob/bookros2_ws/install/pal_gazebo_worlds/share/pal_gazebo_worlds/models/reemc_textured_object/meshes/texture.jpg
[5.320s] -- Up-to-date symlink: /home/khaledob/bookros2_ws/install/pal_gazebo_worlds/share/pal_gazebo_worlds/models/reemc_textured_object/model.config
[5.324s] -- Up-to-date symlink: /home/khaledob/bookros2_ws/install/pal_gazebo_worlds/share/pal_gazebo_worlds/models/reemc_textured_object/model.sdf
[5.345s] -- Up-to-date symlink: /home/khaledob/bookros2_ws/install/pal_gazebo_worlds/share/pal_gazebo_worlds/models/reemc_textured_object_nograv/model.config
[5.363s] -- Up-to-date symlink: /home/khaledob/bookros2_ws/install/pal_gazebo_worlds/share/pal_gazebo_worlds/models/reemc_textured_object_nograv/model.sdf
[5.363s] -- Up-to-date symlink: /home/khaledob/bookros2_ws/install/pal_gazebo_worlds/share/pal_gazebo_worlds/models/reemc_walls/model.config
[5.381s] -- Up-to-date symlink: /home/khaledob/bookros2_ws/install/pal_gazebo_worlds/share/pal_gazebo_worlds/models/reemc_walls/walls.sdf
[5.382s] -- Up-to-date symlink: /home/khaledob/bookros2_ws/install/pal_gazebo_worlds/share/pal_gazebo_worlds/models/reviews_table/meshes/reviews_table.stl
[5.444s] -- Up-to-date symlink: /home/khaledob/bookros2_ws/install/pal_gazebo_worlds/share/pal_gazebo_worlds/models/reviews_table/model.config
[5.500s] -- Up-to-date symlink: /home/khaledob/bookros2_ws/install/pal_gazebo_worlds/share/pal_gazebo_worlds/models/reviews_table/reviews_table.sdf
[5.501s] -- Up-to-date symlink: /home/khaledob/bookros2_ws/install/pal_gazebo_worlds/share/pal_gazebo_worlds/models/robocup_walls_70cm_doors/house_walls.sdf
[5.501s] -- Up-to-date symlink: /home/khaledob/bookros2_ws/install/pal_gazebo_worlds/share/pal_gazebo_worlds/models/robocup_walls_70cm_doors/meshes/robocup_house.stl
[5.501s] -- Up-to-date symlink: /home/khaledob/bookros2_ws/install/pal_gazebo_worlds/share/pal_gazebo_worlds/models/robocup_walls_70cm_doors/model.config
[5.573s] -- Up-to-date symlink: /home/khaledob/bookros2_ws/install/pal_gazebo_worlds/share/pal_gazebo_worlds/models/rockin_camp/README
[5.577s] -- Up-to-date symlink: /home/khaledob/bookros2_ws/install/pal_gazebo_worlds/share/pal_gazebo_worlds/models/rockin_camp/model.config
[5.577s] -- Up-to-date symlink: /home/khaledob/bookros2_ws/install/pal_gazebo_worlds/share/pal_gazebo_worlds/models/rockin_camp/model.sdf
[5.582s] -- Up-to-date symlink: /home/khaledob/bookros2_ws/install/pal_gazebo_worlds/share/pal_gazebo_worlds/models/rockin_camp/rockin_camp.png
[5.651s] -- Up-to-date symlink: /home/khaledob/bookros2_ws/install/pal_gazebo_worlds/share/pal_gazebo_worlds/models/sideboard/meshes/sideboard.stl
[5.690s] -- Up-to-date symlink: /home/khaledob/bookros2_ws/install/pal_gazebo_worlds/share/pal_gazebo_worlds/models/sideboard/model.config
[5.722s] -- Up-to-date symlink: /home/khaledob/bookros2_ws/install/pal_gazebo_worlds/share/pal_gazebo_worlds/models/sideboard/sideboard.sdf
[5.722s] -- Up-to-date symlink: /home/khaledob/bookros2_ws/install/pal_gazebo_worlds/share/pal_gazebo_worlds/models/slippery_patch/material/scripts/slippery_patch.material
[5.764s] -- Up-to-date symlink: /home/khaledob/bookros2_ws/install/pal_gazebo_worlds/share/pal_gazebo_worlds/models/slippery_patch/material/textures/slippery_patch.jpg
[5.778s] -- Up-to-date symlink: /home/khaledob/bookros2_ws/install/pal_gazebo_worlds/share/pal_gazebo_worlds/models/slippery_patch/model.config
[5.867s] -- Up-to-date symlink: /home/khaledob/bookros2_ws/install/pal_gazebo_worlds/share/pal_gazebo_worlds/models/slippery_patch/slippery_patch.sdf
[5.868s] -- Up-to-date symlink: /home/khaledob/bookros2_ws/install/pal_gazebo_worlds/share/pal_gazebo_worlds/models/small_cylinder/model.config
[5.909s] -- Up-to-date symlink: /home/khaledob/bookros2_ws/install/pal_gazebo_worlds/share/pal_gazebo_worlds/models/small_cylinder/small_cylinder.sdf
[5.952s] -- Up-to-date symlink: /home/khaledob/bookros2_ws/install/pal_gazebo_worlds/share/pal_gazebo_worlds/models/sofa/meshes/sofa.stl
[5.953s] -- Up-to-date symlink: /home/khaledob/bookros2_ws/install/pal_gazebo_worlds/share/pal_gazebo_worlds/models/sofa/model.config
[5.953s] -- Up-to-date symlink: /home/khaledob/bookros2_ws/install/pal_gazebo_worlds/share/pal_gazebo_worlds/models/sofa/sofa.sdf
[6.057s] -- Up-to-date symlink: /home/khaledob/bookros2_ws/install/pal_gazebo_worlds/share/pal_gazebo_worlds/models/sprite/material/scripts/sprite.material
[6.059s] -- Up-to-date symlink: /home/khaledob/bookros2_ws/install/pal_gazebo_worlds/share/pal_gazebo_worlds/models/sprite/material/textures/sprite.jpg
[6.062s] -- Up-to-date symlink: /home/khaledob/bookros2_ws/install/pal_gazebo_worlds/share/pal_gazebo_worlds/models/sprite/model.config
[6.065s] -- Up-to-date symlink: /home/khaledob/bookros2_ws/install/pal_gazebo_worlds/share/pal_gazebo_worlds/models/sprite/sprite.sdf
[6.141s] -- Up-to-date symlink: /home/khaledob/bookros2_ws/install/pal_gazebo_worlds/share/pal_gazebo_worlds/models/sun/model-1_2.sdf
[6.141s] -- Up-to-date symlink: /home/khaledob/bookros2_ws/install/pal_gazebo_worlds/share/pal_gazebo_worlds/models/sun/model-1_3.sdf
[6.142s] -- Up-to-date symlink: /home/khaledob/bookros2_ws/install/pal_gazebo_worlds/share/pal_gazebo_worlds/models/sun/model-1_4.sdf
[6.143s] -- Up-to-date symlink: /home/khaledob/bookros2_ws/install/pal_gazebo_worlds/share/pal_gazebo_worlds/models/sun/model.config
[6.149s] -- Up-to-date symlink: /home/khaledob/bookros2_ws/install/pal_gazebo_worlds/share/pal_gazebo_worlds/models/sun/model.sdf
[6.157s] -- Up-to-date symlink: /home/khaledob/bookros2_ws/install/pal_gazebo_worlds/share/pal_gazebo_worlds/models/table_0m8/model.config
[6.159s] -- Up-to-date symlink: /home/khaledob/bookros2_ws/install/pal_gazebo_worlds/share/pal_gazebo_worlds/models/table_0m8/table.sdf
[6.161s] -- Up-to-date symlink: /home/khaledob/bookros2_ws/install/pal_gazebo_worlds/share/pal_gazebo_worlds/models/table_1m/model.config
[6.194s] -- Up-to-date symlink: /home/khaledob/bookros2_ws/install/pal_gazebo_worlds/share/pal_gazebo_worlds/models/table_1m/table_1m.sdf
[6.195s] -- Up-to-date symlink: /home/khaledob/bookros2_ws/install/pal_gazebo_worlds/share/pal_gazebo_worlds/models/test2/meshes/test2.dae
[6.196s] -- Up-to-date symlink: /home/khaledob/bookros2_ws/install/pal_gazebo_worlds/share/pal_gazebo_worlds/models/test2/model.config
[6.198s] -- Up-to-date symlink: /home/khaledob/bookros2_ws/install/pal_gazebo_worlds/share/pal_gazebo_worlds/models/test2/test2.sdf
[6.199s] -- Up-to-date symlink: /home/khaledob/bookros2_ws/install/pal_gazebo_worlds/share/pal_gazebo_worlds/models/testing_room/README
[6.200s] -- Up-to-date symlink: /home/khaledob/bookros2_ws/install/pal_gazebo_worlds/share/pal_gazebo_worlds/models/testing_room/model.config
[6.201s] -- Up-to-date symlink: /home/khaledob/bookros2_ws/install/pal_gazebo_worlds/share/pal_gazebo_worlds/models/testing_room/model.sdf
[6.206s] -- Up-to-date symlink: /home/khaledob/bookros2_ws/install/pal_gazebo_worlds/share/pal_gazebo_worlds/models/testing_room/testing_room.png
[6.209s] -- Up-to-date symlink: /home/khaledob/bookros2_ws/install/pal_gazebo_worlds/share/pal_gazebo_worlds/models/tv/meshes/tv.stl
[6.216s] -- Up-to-date symlink: /home/khaledob/bookros2_ws/install/pal_gazebo_worlds/share/pal_gazebo_worlds/models/tv/model.config
[6.232s] -- Up-to-date symlink: /home/khaledob/bookros2_ws/install/pal_gazebo_worlds/share/pal_gazebo_worlds/models/tv/tv.sdf
[6.234s] -- Up-to-date symlink: /home/khaledob/bookros2_ws/install/pal_gazebo_worlds/share/pal_gazebo_worlds/models/wall_with_reem_photo/material/scripts/ball.material
[6.238s] -- Up-to-date symlink: /home/khaledob/bookros2_ws/install/pal_gazebo_worlds/share/pal_gazebo_worlds/models/wall_with_reem_photo/material/scripts/wallWithREEMphoto.material
[6.248s] -- Up-to-date symlink: /home/khaledob/bookros2_ws/install/pal_gazebo_worlds/share/pal_gazebo_worlds/models/wall_with_reem_photo/material/textures/REEM_photo0.jpg
[6.248s] -- Up-to-date symlink: /home/khaledob/bookros2_ws/install/pal_gazebo_worlds/share/pal_gazebo_worlds/models/wall_with_reem_photo/model.config
[6.248s] -- Up-to-date symlink: /home/khaledob/bookros2_ws/install/pal_gazebo_worlds/share/pal_gazebo_worlds/models/wall_with_reem_photo/model.sdf
[6.248s] -- Up-to-date symlink: /home/khaledob/bookros2_ws/install/pal_gazebo_worlds/share/pal_gazebo_worlds/models/wardrobe/meshes/wardrobe.stl
[6.249s] -- Up-to-date symlink: /home/khaledob/bookros2_ws/install/pal_gazebo_worlds/share/pal_gazebo_worlds/models/wardrobe/model.config
[6.249s] -- Up-to-date symlink: /home/khaledob/bookros2_ws/install/pal_gazebo_worlds/share/pal_gazebo_worlds/models/wardrobe/wardrobe.sdf
[6.252s] -- Up-to-date symlink: /home/khaledob/bookros2_ws/install/pal_gazebo_worlds/share/pal_gazebo_worlds/models/willowgarage/materials/textures/Carpet_Berber_Pattern_Gray_.png
[6.254s] -- Up-to-date symlink: /home/khaledob/bookros2_ws/install/pal_gazebo_worlds/share/pal_gazebo_worlds/models/willowgarage/materials/textures/Stone_Brushed_Khaki_.png
[6.256s] -- Up-to-date symlink: /home/khaledob/bookros2_ws/install/pal_gazebo_worlds/share/pal_gazebo_worlds/models/willowgarage/materials/textures/Wood_Bamboo_Medium_.png
[6.256s] -- Up-to-date symlink: /home/khaledob/bookros2_ws/install/pal_gazebo_worlds/share/pal_gazebo_worlds/models/willowgarage/materials/textures/Wood_Cherry_Original_.png
[6.258s] -- Up-to-date symlink: /home/khaledob/bookros2_ws/install/pal_gazebo_worlds/share/pal_gazebo_worlds/models/willowgarage/materials/textures/__Wood_Bamboo_Medium_1.png
[6.261s] -- Up-to-date symlink: /home/khaledob/bookros2_ws/install/pal_gazebo_worlds/share/pal_gazebo_worlds/models/willowgarage/materials/textures/__auto_12.png
[6.263s] -- Up-to-date symlink: /home/khaledob/bookros2_ws/install/pal_gazebo_worlds/share/pal_gazebo_worlds/models/willowgarage/materials/textures/__auto_2.png
[6.264s] -- Up-to-date symlink: /home/khaledob/bookros2_ws/install/pal_gazebo_worlds/share/pal_gazebo_worlds/models/willowgarage/meshes/willowgarage_collision.dae
[6.265s] -- Up-to-date symlink: /home/khaledob/bookros2_ws/install/pal_gazebo_worlds/share/pal_gazebo_worlds/models/willowgarage/meshes/willowgarage_visual.dae
[6.328s] -- Up-to-date symlink: /home/khaledob/bookros2_ws/install/pal_gazebo_worlds/share/pal_gazebo_worlds/worlds/aruco.world
[6.328s] -- Up-to-date symlink: /home/khaledob/bookros2_ws/install/pal_gazebo_worlds/share/pal_gazebo_worlds/worlds/ball.world
[6.329s] -- Up-to-date symlink: /home/khaledob/bookros2_ws/install/pal_gazebo_worlds/share/pal_gazebo_worlds/worlds/cabinet_grasping.world
[6.329s] -- Up-to-date symlink: /home/khaledob/bookros2_ws/install/pal_gazebo_worlds/share/pal_gazebo_worlds/worlds/calibration_room.world
[6.329s] -- Up-to-date symlink: /home/khaledob/bookros2_ws/install/pal_gazebo_worlds/share/pal_gazebo_worlds/worlds/chairs.world
[6.330s] -- Up-to-date symlink: /home/khaledob/bookros2_ws/install/pal_gazebo_worlds/share/pal_gazebo_worlds/worlds/corridor_110cm.world
[6.331s] -- Up-to-date symlink: /home/khaledob/bookros2_ws/install/pal_gazebo_worlds/share/pal_gazebo_worlds/worlds/corridor_60cm.world
[6.332s] -- Up-to-date symlink: /home/khaledob/bookros2_ws/install/pal_gazebo_worlds/share/pal_gazebo_worlds/worlds/corridor_70cm.world
[6.333s] -- Up-to-date symlink: /home/khaledob/bookros2_ws/install/pal_gazebo_worlds/share/pal_gazebo_worlds/worlds/corridor_85cm.world
[6.333s] -- Up-to-date symlink: /home/khaledob/bookros2_ws/install/pal_gazebo_worlds/share/pal_gazebo_worlds/worlds/dock_and_aruco.world
[6.334s] -- Up-to-date symlink: /home/khaledob/bookros2_ws/install/pal_gazebo_worlds/share/pal_gazebo_worlds/worlds/dock_station.world
[6.335s] -- Up-to-date symlink: /home/khaledob/bookros2_ws/install/pal_gazebo_worlds/share/pal_gazebo_worlds/worlds/docker_chair.world
[6.350s] -- Up-to-date symlink: /home/khaledob/bookros2_ws/install/pal_gazebo_worlds/share/pal_gazebo_worlds/worlds/door_obstacle.world
[6.372s] -- Up-to-date symlink: /home/khaledob/bookros2_ws/install/pal_gazebo_worlds/share/pal_gazebo_worlds/worlds/empty.world
[6.376s] -- Up-to-date symlink: /home/khaledob/bookros2_ws/install/pal_gazebo_worlds/share/pal_gazebo_worlds/worlds/empty_room.world
[6.387s] -- Up-to-date symlink: /home/khaledob/bookros2_ws/install/pal_gazebo_worlds/share/pal_gazebo_worlds/worlds/factory.world
[6.387s] -- Up-to-date symlink: /home/khaledob/bookros2_ws/install/pal_gazebo_worlds/share/pal_gazebo_worlds/worlds/featured.world
[6.387s] -- Up-to-date symlink: /home/khaledob/bookros2_ws/install/pal_gazebo_worlds/share/pal_gazebo_worlds/worlds/footstep_obstacle.world
[6.432s] -- Up-to-date symlink: /home/khaledob/bookros2_ws/install/pal_gazebo_worlds/share/pal_gazebo_worlds/worlds/hit_table.world
[6.441s] -- Up-to-date symlink: /home/khaledob/bookros2_ws/install/pal_gazebo_worlds/share/pal_gazebo_worlds/worlds/home.world
[6.450s] -- Up-to-date symlink: /home/khaledob/bookros2_ws/install/pal_gazebo_worlds/share/pal_gazebo_worlds/worlds/hospital.world
[6.476s] -- Up-to-date symlink: /home/khaledob/bookros2_ws/install/pal_gazebo_worlds/share/pal_gazebo_worlds/worlds/hospital_flat.world
[6.547s] -- Up-to-date symlink: /home/khaledob/bookros2_ws/install/pal_gazebo_worlds/share/pal_gazebo_worlds/worlds/look_to_point.world
[6.647s] -- Up-to-date symlink: /home/khaledob/bookros2_ws/install/pal_gazebo_worlds/share/pal_gazebo_worlds/worlds/low_sun_empty.world
[6.655s] -- Up-to-date symlink: /home/khaledob/bookros2_ws/install/pal_gazebo_worlds/share/pal_gazebo_worlds/worlds/memmo_simple.world
[6.656s] -- Up-to-date symlink: /home/khaledob/bookros2_ws/install/pal_gazebo_worlds/share/pal_gazebo_worlds/worlds/narrow_passage.world
[6.656s] -- Up-to-date symlink: /home/khaledob/bookros2_ws/install/pal_gazebo_worlds/share/pal_gazebo_worlds/worlds/objects_on_table.world
[6.657s] -- Up-to-date symlink: /home/khaledob/bookros2_ws/install/pal_gazebo_worlds/share/pal_gazebo_worlds/worlds/pal_office.world
[6.657s] -- Up-to-date symlink: /home/khaledob/bookros2_ws/install/pal_gazebo_worlds/share/pal_gazebo_worlds/worlds/pal_textured_object.world
[6.658s] -- Up-to-date symlink: /home/khaledob/bookros2_ws/install/pal_gazebo_worlds/share/pal_gazebo_worlds/worlds/passage_110cm.world
[6.659s] -- Up-to-date symlink: /home/khaledob/bookros2_ws/install/pal_gazebo_worlds/share/pal_gazebo_worlds/worlds/passage_60cm.world
[6.659s] -- Up-to-date symlink: /home/khaledob/bookros2_ws/install/pal_gazebo_worlds/share/pal_gazebo_worlds/worlds/passage_70cm.world
[6.659s] -- Up-to-date symlink: /home/khaledob/bookros2_ws/install/pal_gazebo_worlds/share/pal_gazebo_worlds/worlds/pg_demo.world
[6.682s] -- Up-to-date symlink: /home/khaledob/bookros2_ws/install/pal_gazebo_worlds/share/pal_gazebo_worlds/worlds/pick.world
[6.682s] -- Up-to-date symlink: /home/khaledob/bookros2_ws/install/pal_gazebo_worlds/share/pal_gazebo_worlds/worlds/pick_place_cabinet.world
[6.683s] -- Up-to-date symlink: /home/khaledob/bookros2_ws/install/pal_gazebo_worlds/share/pal_gazebo_worlds/worlds/pick_place_close_demo.world
[6.684s] -- Up-to-date symlink: /home/khaledob/bookros2_ws/install/pal_gazebo_worlds/share/pal_gazebo_worlds/worlds/pick_place_demo.world
[6.695s] -- Up-to-date symlink: /home/khaledob/bookros2_ws/install/pal_gazebo_worlds/share/pal_gazebo_worlds/worlds/reemc.world
[6.696s] -- Up-to-date symlink: /home/khaledob/bookros2_ws/install/pal_gazebo_worlds/share/pal_gazebo_worlds/worlds/reemc_indoor.world
[6.699s] -- Up-to-date symlink: /home/khaledob/bookros2_ws/install/pal_gazebo_worlds/share/pal_gazebo_worlds/worlds/simple_office.world
[6.699s] -- Up-to-date symlink: /home/khaledob/bookros2_ws/install/pal_gazebo_worlds/share/pal_gazebo_worlds/worlds/simple_office_with_people.world
[6.699s] -- Up-to-date symlink: /home/khaledob/bookros2_ws/install/pal_gazebo_worlds/share/pal_gazebo_worlds/worlds/simple_ramp.world
[6.699s] -- Up-to-date symlink: /home/khaledob/bookros2_ws/install/pal_gazebo_worlds/share/pal_gazebo_worlds/worlds/small_factory.world
[6.701s] -- Up-to-date symlink: /home/khaledob/bookros2_ws/install/pal_gazebo_worlds/share/pal_gazebo_worlds/worlds/small_office.world
[6.701s] -- Up-to-date symlink: /home/khaledob/bookros2_ws/install/pal_gazebo_worlds/share/pal_gazebo_worlds/worlds/small_office_door_obstacle.world
[6.701s] -- Up-to-date symlink: /home/khaledob/bookros2_ws/install/pal_gazebo_worlds/share/pal_gazebo_worlds/worlds/small_office_inventory.world
[6.702s] -- Up-to-date symlink: /home/khaledob/bookros2_ws/install/pal_gazebo_worlds/share/pal_gazebo_worlds/worlds/small_textured_office.world
[6.709s] -- Up-to-date symlink: /home/khaledob/bookros2_ws/install/pal_gazebo_worlds/share/pal_gazebo_worlds/worlds/socmcs.world
[6.710s] -- Up-to-date symlink: /home/khaledob/bookros2_ws/install/pal_gazebo_worlds/share/pal_gazebo_worlds/worlds/stairs.world
[6.710s] -- Up-to-date symlink: /home/khaledob/bookros2_ws/install/pal_gazebo_worlds/share/pal_gazebo_worlds/worlds/stamping_demo.world
[6.710s] -- Up-to-date symlink: /home/khaledob/bookros2_ws/install/pal_gazebo_worlds/share/pal_gazebo_worlds/worlds/t_shaped.world
[6.710s] -- Up-to-date symlink: /home/khaledob/bookros2_ws/install/pal_gazebo_worlds/share/pal_gazebo_worlds/worlds/tabletop_cube.world
[6.710s] -- Up-to-date symlink: /home/khaledob/bookros2_ws/install/pal_gazebo_worlds/share/pal_gazebo_worlds/worlds/tabletop_cylinder.world
[6.710s] -- Up-to-date symlink: /home/khaledob/bookros2_ws/install/pal_gazebo_worlds/share/pal_gazebo_worlds/worlds/tutorial_office.world
[6.710s] -- Up-to-date symlink: /home/khaledob/bookros2_ws/install/pal_gazebo_worlds/share/pal_gazebo_worlds/worlds/voronoi_graph.world
[6.710s] -- Up-to-date symlink: /home/khaledob/bookros2_ws/install/pal_gazebo_worlds/share/pal_gazebo_worlds/worlds/willow_garage.world
[6.711s] -- Up-to-date symlink: /home/khaledob/bookros2_ws/install/pal_gazebo_worlds/share/pal_gazebo_worlds/worlds/world_wall_REEM_photo.world
[6.711s] -- Up-to-date symlink: /home/khaledob/bookros2_ws/install/pal_gazebo_worlds/share/pal_gazebo_worlds/urdf/chessboard/chessboard.gazebo.xacro
[6.711s] -- Up-to-date symlink: /home/khaledob/bookros2_ws/install/pal_gazebo_worlds/share/pal_gazebo_worlds/urdf/chessboard/chessboard.urdf.xacro
[6.711s] -- Up-to-date symlink: /home/khaledob/bookros2_ws/install/pal_gazebo_worlds/share/pal_gazebo_worlds/urdf/chessboard/chessboard_example.urdf.xacro
[6.711s] -- Up-to-date symlink: /home/khaledob/bookros2_ws/install/pal_gazebo_worlds/share/pal_gazebo_worlds/urdf/simple_box.urdf
[6.711s] -- Up-to-date symlink: /home/khaledob/bookros2_ws/install/pal_gazebo_worlds/share/pal_gazebo_worlds/meshes/chessboard/chessboard.dae
[6.711s] -- Up-to-date symlink: /home/khaledob/bookros2_ws/install/pal_gazebo_worlds/share/pal_gazebo_worlds/meshes/chessboard/chessboard.png
[6.712s] -- Up-to-date symlink: /home/khaledob/bookros2_ws/install/pal_gazebo_worlds/share/ament_index/resource_index/package_run_dependencies/pal_gazebo_worlds
[6.719s] -- Up-to-date symlink: /home/khaledob/bookros2_ws/install/pal_gazebo_worlds/share/ament_index/resource_index/parent_prefix_path/pal_gazebo_worlds
[6.720s] -- Up-to-date symlink: /home/khaledob/bookros2_ws/install/pal_gazebo_worlds/share/pal_gazebo_worlds/environment/ament_prefix_path.sh
[6.727s] -- Up-to-date symlink: /home/khaledob/bookros2_ws/install/pal_gazebo_worlds/share/pal_gazebo_worlds/environment/ament_prefix_path.dsv
[6.728s] -- Up-to-date symlink: /home/khaledob/bookros2_ws/install/pal_gazebo_worlds/share/pal_gazebo_worlds/environment/path.sh
[6.728s] -- Up-to-date symlink: /home/khaledob/bookros2_ws/install/pal_gazebo_worlds/share/pal_gazebo_worlds/environment/path.dsv
[6.728s] -- Up-to-date symlink: /home/khaledob/bookros2_ws/install/pal_gazebo_worlds/share/pal_gazebo_worlds/local_setup.bash
[6.728s] -- Up-to-date symlink: /home/khaledob/bookros2_ws/install/pal_gazebo_worlds/share/pal_gazebo_worlds/local_setup.sh
[6.728s] -- Up-to-date symlink: /home/khaledob/bookros2_ws/install/pal_gazebo_worlds/share/pal_gazebo_worlds/local_setup.zsh
[6.728s] -- Up-to-date symlink: /home/khaledob/bookros2_ws/install/pal_gazebo_worlds/share/pal_gazebo_worlds/local_setup.dsv
[6.731s] -- Symlinking: /home/khaledob/bookros2_ws/install/pal_gazebo_worlds/share/pal_gazebo_worlds/package.dsv
[6.761s] -- Up-to-date symlink: /home/khaledob/bookros2_ws/install/pal_gazebo_worlds/share/ament_index/resource_index/packages/pal_gazebo_worlds
[6.761s] -- Up-to-date symlink: /home/khaledob/bookros2_ws/install/pal_gazebo_worlds/share/pal_gazebo_worlds/cmake/pal_gazebo_worldsConfig.cmake
[6.761s] -- Up-to-date symlink: /home/khaledob/bookros2_ws/install/pal_gazebo_worlds/share/pal_gazebo_worlds/cmake/pal_gazebo_worldsConfig-version.cmake
[6.761s] -- Up-to-date symlink: /home/khaledob/bookros2_ws/install/pal_gazebo_worlds/share/pal_gazebo_worlds/package.xml
[6.896s] Invoked command in '/home/khaledob/bookros2_ws/build/pal_gazebo_worlds' returned '0': CMAKE_PREFIX_PATH=/opt/ros/foxy /usr/bin/cmake --install /home/khaledob/bookros2_ws/build/pal_gazebo_worlds
