[0.502s] Invoking command in '/home/khaledob/bookros2_ws/build/hardware_interface': AMENT_PREFIX_PATH=/home/khaledob/bookros2_ws/install/ros2_control_test_assets:${AMENT_PREFIX_PATH} CMAKE_PREFIX_PATH=/home/khaledob/bookros2_ws/install/ros2_control_test_assets:/opt/ros/foxy /usr/bin/cmake --build /home/khaledob/bookros2_ws/build/hardware_interface -- -j7 -l7
[0.692s] [ 17%] Built target hardware_interface
[0.773s] [ 26%] Built target gmock
[0.792s] [ 32%] Built target gmock_main
[0.792s] [ 38%] Built target fake_components
[0.801s] [ 52%] Built target test_hardware_components
[0.866s] [ 58%] Built target test_joint_handle
[0.868s] [ 70%] Built target test_components
[0.909s] [ 76%] Built target test_component_parser
[0.915s] [ 82%] Built target test_generic_system
[0.918s] [ 88%] Built target test_component_interfaces
[0.919s] [ 94%] Built target test_macros
[0.939s] [100%] Built target test_resource_manager
[1.170s] Invoked command in '/home/khaledob/bookros2_ws/build/hardware_interface' returned '0': AMENT_PREFIX_PATH=/home/khaledob/bookros2_ws/install/ros2_control_test_assets:${AMENT_PREFIX_PATH} CMAKE_PREFIX_PATH=/home/khaledob/bookros2_ws/install/ros2_control_test_assets:/opt/ros/foxy /usr/bin/cmake --build /home/khaledob/bookros2_ws/build/hardware_interface -- -j7 -l7
[1.171s] Invoking command in '/home/khaledob/bookros2_ws/build/hardware_interface': AMENT_PREFIX_PATH=/home/khaledob/bookros2_ws/install/ros2_control_test_assets:${AMENT_PREFIX_PATH} CMAKE_PREFIX_PATH=/home/khaledob/bookros2_ws/install/ros2_control_test_assets:/opt/ros/foxy /usr/bin/cmake --install /home/khaledob/bookros2_ws/build/hardware_interface
[1.332s] -- Install configuration: ""
[1.332s] -- Execute custom install script
[1.332s] -- Up-to-date symlink: /home/khaledob/bookros2_ws/install/hardware_interface/share/hardware_interface//fake_components_plugin_description.xml
[1.332s] -- Up-to-date symlink: /home/khaledob/bookros2_ws/install/hardware_interface/include/fake_components/generic_system.hpp
[1.333s] -- Up-to-date symlink: /home/khaledob/bookros2_ws/install/hardware_interface/include/fake_components/visibility_control.h
[1.333s] -- Up-to-date symlink: /home/khaledob/bookros2_ws/install/hardware_interface/include/hardware_interface/actuator.hpp
[1.333s] -- Up-to-date symlink: /home/khaledob/bookros2_ws/install/hardware_interface/include/hardware_interface/actuator_interface.hpp
[1.333s] -- Up-to-date symlink: /home/khaledob/bookros2_ws/install/hardware_interface/include/hardware_interface/base_interface.hpp
[1.333s] -- Up-to-date symlink: /home/khaledob/bookros2_ws/install/hardware_interface/include/hardware_interface/component_parser.hpp
[1.334s] -- Up-to-date symlink: /home/khaledob/bookros2_ws/install/hardware_interface/include/hardware_interface/controller_info.hpp
[1.335s] -- Up-to-date symlink: /home/khaledob/bookros2_ws/install/hardware_interface/include/hardware_interface/handle.hpp
[1.336s] -- Up-to-date symlink: /home/khaledob/bookros2_ws/install/hardware_interface/include/hardware_interface/hardware_info.hpp
[1.337s] -- Up-to-date symlink: /home/khaledob/bookros2_ws/install/hardware_interface/include/hardware_interface/loaned_command_interface.hpp
[1.337s] -- Up-to-date symlink: /home/khaledob/bookros2_ws/install/hardware_interface/include/hardware_interface/loaned_state_interface.hpp
[1.338s] -- Up-to-date symlink: /home/khaledob/bookros2_ws/install/hardware_interface/include/hardware_interface/macros.hpp
[1.338s] -- Up-to-date symlink: /home/khaledob/bookros2_ws/install/hardware_interface/include/hardware_interface/resource_manager.hpp
[1.340s] -- Up-to-date symlink: /home/khaledob/bookros2_ws/install/hardware_interface/include/hardware_interface/sensor.hpp
[1.340s] -- Up-to-date symlink: /home/khaledob/bookros2_ws/install/hardware_interface/include/hardware_interface/sensor_interface.hpp
[1.340s] -- Up-to-date symlink: /home/khaledob/bookros2_ws/install/hardware_interface/include/hardware_interface/system.hpp
[1.340s] -- Up-to-date symlink: /home/khaledob/bookros2_ws/install/hardware_interface/include/hardware_interface/system_interface.hpp
[1.340s] -- Up-to-date symlink: /home/khaledob/bookros2_ws/install/hardware_interface/include/hardware_interface/types/hardware_interface_return_values.hpp
[1.341s] -- Up-to-date symlink: /home/khaledob/bookros2_ws/install/hardware_interface/include/hardware_interface/types/hardware_interface_status_values.hpp
[1.341s] -- Up-to-date symlink: /home/khaledob/bookros2_ws/install/hardware_interface/include/hardware_interface/types/hardware_interface_type_values.hpp
[1.345s] -- Up-to-date symlink: /home/khaledob/bookros2_ws/install/hardware_interface/include/hardware_interface/visibility_control.h
[1.346s] -- Up-to-date symlink: /home/khaledob/bookros2_ws/install/hardware_interface/lib/libfake_components.so
[1.346s] -- Up-to-date symlink: /home/khaledob/bookros2_ws/install/hardware_interface/lib/libhardware_interface.so
[1.346s] -- Up-to-date symlink: /home/khaledob/bookros2_ws/install/hardware_interface/lib/libtest_components.so
[1.346s] -- Up-to-date symlink: /home/khaledob/bookros2_ws/install/hardware_interface/share/hardware_interface/test/test_components/test_components.xml
[1.346s] -- Up-to-date symlink: /home/khaledob/bookros2_ws/install/hardware_interface/lib/libtest_hardware_components.so
[1.347s] -- Up-to-date symlink: /home/khaledob/bookros2_ws/install/hardware_interface/share/hardware_interface/test/test_hardware_components/test_hardware_components.xml
[1.347s] -- Up-to-date symlink: /home/khaledob/bookros2_ws/install/hardware_interface/share/hardware_interface/environment/library_path.sh
[1.347s] -- Up-to-date symlink: /home/khaledob/bookros2_ws/install/hardware_interface/share/hardware_interface/environment/library_path.dsv
[1.347s] -- Up-to-date symlink: /home/khaledob/bookros2_ws/install/hardware_interface/share/ament_index/resource_index/package_run_dependencies/hardware_interface
[1.347s] -- Up-to-date symlink: /home/khaledob/bookros2_ws/install/hardware_interface/share/ament_index/resource_index/parent_prefix_path/hardware_interface
[1.347s] -- Up-to-date symlink: /home/khaledob/bookros2_ws/install/hardware_interface/share/hardware_interface/environment/ament_prefix_path.sh
[1.348s] -- Up-to-date symlink: /home/khaledob/bookros2_ws/install/hardware_interface/share/hardware_interface/environment/ament_prefix_path.dsv
[1.348s] -- Up-to-date symlink: /home/khaledob/bookros2_ws/install/hardware_interface/share/hardware_interface/environment/path.sh
[1.348s] -- Up-to-date symlink: /home/khaledob/bookros2_ws/install/hardware_interface/share/hardware_interface/environment/path.dsv
[1.348s] -- Up-to-date symlink: /home/khaledob/bookros2_ws/install/hardware_interface/share/hardware_interface/local_setup.bash
[1.348s] -- Up-to-date symlink: /home/khaledob/bookros2_ws/install/hardware_interface/share/hardware_interface/local_setup.sh
[1.348s] -- Up-to-date symlink: /home/khaledob/bookros2_ws/install/hardware_interface/share/hardware_interface/local_setup.zsh
[1.348s] -- Up-to-date symlink: /home/khaledob/bookros2_ws/install/hardware_interface/share/hardware_interface/local_setup.dsv
[1.348s] -- Symlinking: /home/khaledob/bookros2_ws/install/hardware_interface/share/hardware_interface/package.dsv
[1.348s] -- Up-to-date symlink: /home/khaledob/bookros2_ws/install/hardware_interface/share/ament_index/resource_index/packages/hardware_interface
[1.348s] -- Up-to-date symlink: /home/khaledob/bookros2_ws/install/hardware_interface/share/ament_index/resource_index/hardware_interface__pluginlib__plugin/hardware_interface
[1.348s] -- Up-to-date symlink: /home/khaledob/bookros2_ws/install/hardware_interface/share/hardware_interface/cmake/ament_cmake_export_include_directories-extras.cmake
[1.348s] -- Up-to-date symlink: /home/khaledob/bookros2_ws/install/hardware_interface/share/hardware_interface/cmake/ament_cmake_export_libraries-extras.cmake
[1.349s] -- Up-to-date symlink: /home/khaledob/bookros2_ws/install/hardware_interface/share/hardware_interface/cmake/ament_cmake_export_dependencies-extras.cmake
[1.349s] -- Up-to-date symlink: /home/khaledob/bookros2_ws/install/hardware_interface/share/hardware_interface/cmake/hardware_interfaceConfig.cmake
[1.349s] -- Up-to-date symlink: /home/khaledob/bookros2_ws/install/hardware_interface/share/hardware_interface/cmake/hardware_interfaceConfig-version.cmake
[1.349s] -- Up-to-date symlink: /home/khaledob/bookros2_ws/install/hardware_interface/share/hardware_interface/package.xml
[1.351s] Invoked command in '/home/khaledob/bookros2_ws/build/hardware_interface' returned '0': AMENT_PREFIX_PATH=/home/khaledob/bookros2_ws/install/ros2_control_test_assets:${AMENT_PREFIX_PATH} CMAKE_PREFIX_PATH=/home/khaledob/bookros2_ws/install/ros2_control_test_assets:/opt/ros/foxy /usr/bin/cmake --install /home/khaledob/bookros2_ws/build/hardware_interface
