[0.461s] Invoking command in '/home/khaledob/bookros2_ws/src/build/tiago_description_calibration': CMAKE_PREFIX_PATH=/opt/ros/foxy /usr/bin/cmake --build /home/khaledob/bookros2_ws/src/build/tiago_description_calibration -- -j7 -l7
[0.582s] Invoked command in '/home/khaledob/bookros2_ws/src/build/tiago_description_calibration' returned '0': CMAKE_PREFIX_PATH=/opt/ros/foxy /usr/bin/cmake --build /home/khaledob/bookros2_ws/src/build/tiago_description_calibration -- -j7 -l7
[0.583s] Invoking command in '/home/khaledob/bookros2_ws/src/build/tiago_description_calibration': CMAKE_PREFIX_PATH=/opt/ros/foxy /usr/bin/cmake --install /home/khaledob/bookros2_ws/src/build/tiago_description_calibration
[0.647s] -- Install configuration: ""
[0.648s] -- Execute custom install script
[0.652s] -- Up-to-date symlink: /home/khaledob/bookros2_ws/src/install/tiago_description_calibration/share/tiago_description_calibration/urdf/calibration/calibration_constants.urdf.xacro
[0.654s] -- Up-to-date symlink: /home/khaledob/bookros2_ws/src/install/tiago_description_calibration/share/tiago_description_calibration/urdf/calibration/extrinsic_camera_calibration_constants.urdf.xacro
[0.656s] -- Up-to-date symlink: /home/khaledob/bookros2_ws/src/install/tiago_description_calibration/share/tiago_description_calibration/urdf/deg_to_rad.xacro
[0.657s] -- Up-to-date symlink: /home/khaledob/bookros2_ws/src/install/tiago_description_calibration/share/ament_index/resource_index/package_run_dependencies/tiago_description_calibration
[0.658s] -- Up-to-date symlink: /home/khaledob/bookros2_ws/src/install/tiago_description_calibration/share/ament_index/resource_index/parent_prefix_path/tiago_description_calibration
[0.660s] -- Up-to-date symlink: /home/khaledob/bookros2_ws/src/install/tiago_description_calibration/share/tiago_description_calibration/environment/ament_prefix_path.sh
[0.661s] -- Up-to-date symlink: /home/khaledob/bookros2_ws/src/install/tiago_description_calibration/share/tiago_description_calibration/environment/ament_prefix_path.dsv
[0.662s] -- Up-to-date symlink: /home/khaledob/bookros2_ws/src/install/tiago_description_calibration/share/tiago_description_calibration/environment/path.sh
[0.663s] -- Up-to-date symlink: /home/khaledob/bookros2_ws/src/install/tiago_description_calibration/share/tiago_description_calibration/environment/path.dsv
[0.675s] -- Up-to-date symlink: /home/khaledob/bookros2_ws/src/install/tiago_description_calibration/share/tiago_description_calibration/local_setup.bash
[0.680s] -- Up-to-date symlink: /home/khaledob/bookros2_ws/src/install/tiago_description_calibration/share/tiago_description_calibration/local_setup.sh
[0.683s] -- Up-to-date symlink: /home/khaledob/bookros2_ws/src/install/tiago_description_calibration/share/tiago_description_calibration/local_setup.zsh
[0.684s] -- Up-to-date symlink: /home/khaledob/bookros2_ws/src/install/tiago_description_calibration/share/tiago_description_calibration/local_setup.dsv
[0.687s] -- Symlinking: /home/khaledob/bookros2_ws/src/install/tiago_description_calibration/share/tiago_description_calibration/package.dsv
[0.688s] -- Up-to-date symlink: /home/khaledob/bookros2_ws/src/install/tiago_description_calibration/share/ament_index/resource_index/packages/tiago_description_calibration
[0.688s] -- Up-to-date symlink: /home/khaledob/bookros2_ws/src/install/tiago_description_calibration/share/tiago_description_calibration/cmake/tiago_description_calibrationConfig.cmake
[0.700s] -- Up-to-date symlink: /home/khaledob/bookros2_ws/src/install/tiago_description_calibration/share/tiago_description_calibration/cmake/tiago_description_calibrationConfig-version.cmake
[0.701s] -- Up-to-date symlink: /home/khaledob/bookros2_ws/src/install/tiago_description_calibration/share/tiago_description_calibration/package.xml
[0.767s] Invoked command in '/home/khaledob/bookros2_ws/src/build/tiago_description_calibration' returned '0': CMAKE_PREFIX_PATH=/opt/ros/foxy /usr/bin/cmake --install /home/khaledob/bookros2_ws/src/build/tiago_description_calibration
