[0.251s] Invoking command in '/home/khaledob/bookros2_ws/build/joint_trajectory_controller': AMENT_PREFIX_PATH=/home/khaledob/bookros2_ws/install/controller_manager:/home/khaledob/bookros2_ws/install/controller_interface:/home/khaledob/bookros2_ws/install/hardware_interface:/home/khaledob/bookros2_ws/install/ros2_control_test_assets:/home/khaledob/bookros2_ws/install/controller_manager_msgs:${AMENT_PREFIX_PATH} CMAKE_PREFIX_PATH=/home/khaledob/bookros2_ws/install/controller_manager:/home/khaledob/bookros2_ws/install/controller_interface:/home/khaledob/bookros2_ws/install/hardware_interface:/home/khaledob/bookros2_ws/install/ros2_control_test_assets:/home/khaledob/bookros2_ws/install/controller_manager_msgs:/opt/ros/foxy LD_LIBRARY_PATH=/home/khaledob/bookros2_ws/install/controller_manager/lib:/home/khaledob/bookros2_ws/install/controller_interface/lib:/home/khaledob/bookros2_ws/install/hardware_interface/lib:/home/khaledob/bookros2_ws/install/controller_manager_msgs/lib:${LD_LIBRARY_PATH} PYTHONPATH=/home/khaledob/bookros2_ws/install/controller_manager/lib/python3.8/site-packages:/home/khaledob/bookros2_ws/install/controller_manager_msgs/lib/python3.8/site-packages:${PYTHONPATH} /usr/bin/cmake --build /home/khaledob/bookros2_ws/build/joint_trajectory_controller -- -j7 -l7
[0.513s] [ 13%] Built target gtest
[0.524s] [ 26%] Built target gtest_main
[0.541s] [ 46%] Built target joint_trajectory_controller
[0.686s] [ 60%] Built target test_load_joint_trajectory_controller
[0.709s] [ 73%] Built target test_trajectory
[0.782s] [ 86%] Built target test_trajectory_controller
[0.786s] [100%] Built target test_trajectory_actions
[0.970s] Invoked command in '/home/khaledob/bookros2_ws/build/joint_trajectory_controller' returned '0': AMENT_PREFIX_PATH=/home/khaledob/bookros2_ws/install/controller_manager:/home/khaledob/bookros2_ws/install/controller_interface:/home/khaledob/bookros2_ws/install/hardware_interface:/home/khaledob/bookros2_ws/install/ros2_control_test_assets:/home/khaledob/bookros2_ws/install/controller_manager_msgs:${AMENT_PREFIX_PATH} CMAKE_PREFIX_PATH=/home/khaledob/bookros2_ws/install/controller_manager:/home/khaledob/bookros2_ws/install/controller_interface:/home/khaledob/bookros2_ws/install/hardware_interface:/home/khaledob/bookros2_ws/install/ros2_control_test_assets:/home/khaledob/bookros2_ws/install/controller_manager_msgs:/opt/ros/foxy LD_LIBRARY_PATH=/home/khaledob/bookros2_ws/install/controller_manager/lib:/home/khaledob/bookros2_ws/install/controller_interface/lib:/home/khaledob/bookros2_ws/install/hardware_interface/lib:/home/khaledob/bookros2_ws/install/controller_manager_msgs/lib:${LD_LIBRARY_PATH} PYTHONPATH=/home/khaledob/bookros2_ws/install/controller_manager/lib/python3.8/site-packages:/home/khaledob/bookros2_ws/install/controller_manager_msgs/lib/python3.8/site-packages:${PYTHONPATH} /usr/bin/cmake --build /home/khaledob/bookros2_ws/build/joint_trajectory_controller -- -j7 -l7
[0.973s] Invoking command in '/home/khaledob/bookros2_ws/build/joint_trajectory_controller': AMENT_PREFIX_PATH=/home/khaledob/bookros2_ws/install/controller_manager:/home/khaledob/bookros2_ws/install/controller_interface:/home/khaledob/bookros2_ws/install/hardware_interface:/home/khaledob/bookros2_ws/install/ros2_control_test_assets:/home/khaledob/bookros2_ws/install/controller_manager_msgs:${AMENT_PREFIX_PATH} CMAKE_PREFIX_PATH=/home/khaledob/bookros2_ws/install/controller_manager:/home/khaledob/bookros2_ws/install/controller_interface:/home/khaledob/bookros2_ws/install/hardware_interface:/home/khaledob/bookros2_ws/install/ros2_control_test_assets:/home/khaledob/bookros2_ws/install/controller_manager_msgs:/opt/ros/foxy LD_LIBRARY_PATH=/home/khaledob/bookros2_ws/install/controller_manager/lib:/home/khaledob/bookros2_ws/install/controller_interface/lib:/home/khaledob/bookros2_ws/install/hardware_interface/lib:/home/khaledob/bookros2_ws/install/controller_manager_msgs/lib:${LD_LIBRARY_PATH} PYTHONPATH=/home/khaledob/bookros2_ws/install/controller_manager/lib/python3.8/site-packages:/home/khaledob/bookros2_ws/install/controller_manager_msgs/lib/python3.8/site-packages:${PYTHONPATH} /usr/bin/cmake --install /home/khaledob/bookros2_ws/build/joint_trajectory_controller
[1.363s] -- Install configuration: ""
[1.364s] -- Execute custom install script
[1.376s] -- Up-to-date symlink: /home/khaledob/bookros2_ws/install/joint_trajectory_controller/share/joint_trajectory_controller//joint_trajectory_plugin.xml
[1.377s] -- Up-to-date symlink: /home/khaledob/bookros2_ws/install/joint_trajectory_controller/include/joint_trajectory_controller/joint_trajectory_controller.hpp
[1.377s] -- Up-to-date symlink: /home/khaledob/bookros2_ws/install/joint_trajectory_controller/include/joint_trajectory_controller/tolerances.hpp
[1.377s] -- Up-to-date symlink: /home/khaledob/bookros2_ws/install/joint_trajectory_controller/include/joint_trajectory_controller/trajectory.hpp
[1.377s] -- Up-to-date symlink: /home/khaledob/bookros2_ws/install/joint_trajectory_controller/include/joint_trajectory_controller/visibility_control.h
[1.377s] -- Up-to-date symlink: /home/khaledob/bookros2_ws/install/joint_trajectory_controller/lib/libjoint_trajectory_controller.so
[1.381s] -- Up-to-date symlink: /home/khaledob/bookros2_ws/install/joint_trajectory_controller/share/joint_trajectory_controller/environment/library_path.sh
[1.381s] -- Up-to-date symlink: /home/khaledob/bookros2_ws/install/joint_trajectory_controller/share/joint_trajectory_controller/environment/library_path.dsv
[1.382s] -- Up-to-date symlink: /home/khaledob/bookros2_ws/install/joint_trajectory_controller/share/ament_index/resource_index/package_run_dependencies/joint_trajectory_controller
[1.382s] -- Up-to-date symlink: /home/khaledob/bookros2_ws/install/joint_trajectory_controller/share/ament_index/resource_index/parent_prefix_path/joint_trajectory_controller
[1.383s] -- Up-to-date symlink: /home/khaledob/bookros2_ws/install/joint_trajectory_controller/share/joint_trajectory_controller/environment/ament_prefix_path.sh
[1.384s] -- Up-to-date symlink: /home/khaledob/bookros2_ws/install/joint_trajectory_controller/share/joint_trajectory_controller/environment/ament_prefix_path.dsv
[1.384s] -- Up-to-date symlink: /home/khaledob/bookros2_ws/install/joint_trajectory_controller/share/joint_trajectory_controller/environment/path.sh
[1.385s] -- Up-to-date symlink: /home/khaledob/bookros2_ws/install/joint_trajectory_controller/share/joint_trajectory_controller/environment/path.dsv
[1.385s] -- Up-to-date symlink: /home/khaledob/bookros2_ws/install/joint_trajectory_controller/share/joint_trajectory_controller/local_setup.bash
[1.386s] -- Up-to-date symlink: /home/khaledob/bookros2_ws/install/joint_trajectory_controller/share/joint_trajectory_controller/local_setup.sh
[1.386s] -- Up-to-date symlink: /home/khaledob/bookros2_ws/install/joint_trajectory_controller/share/joint_trajectory_controller/local_setup.zsh
[1.394s] -- Up-to-date symlink: /home/khaledob/bookros2_ws/install/joint_trajectory_controller/share/joint_trajectory_controller/local_setup.dsv
[1.397s] -- Symlinking: /home/khaledob/bookros2_ws/install/joint_trajectory_controller/share/joint_trajectory_controller/package.dsv
[1.398s] -- Up-to-date symlink: /home/khaledob/bookros2_ws/install/joint_trajectory_controller/share/ament_index/resource_index/packages/joint_trajectory_controller
[1.399s] -- Up-to-date symlink: /home/khaledob/bookros2_ws/install/joint_trajectory_controller/share/ament_index/resource_index/controller_interface__pluginlib__plugin/joint_trajectory_controller
[1.402s] -- Up-to-date symlink: /home/khaledob/bookros2_ws/install/joint_trajectory_controller/share/joint_trajectory_controller/cmake/ament_cmake_export_dependencies-extras.cmake
[1.415s] -- Up-to-date symlink: /home/khaledob/bookros2_ws/install/joint_trajectory_controller/share/joint_trajectory_controller/cmake/ament_cmake_export_include_directories-extras.cmake
[1.418s] -- Up-to-date symlink: /home/khaledob/bookros2_ws/install/joint_trajectory_controller/share/joint_trajectory_controller/cmake/ament_cmake_export_libraries-extras.cmake
[1.419s] -- Up-to-date symlink: /home/khaledob/bookros2_ws/install/joint_trajectory_controller/share/joint_trajectory_controller/cmake/joint_trajectory_controllerConfig.cmake
[1.420s] -- Up-to-date symlink: /home/khaledob/bookros2_ws/install/joint_trajectory_controller/share/joint_trajectory_controller/cmake/joint_trajectory_controllerConfig-version.cmake
[1.420s] -- Up-to-date symlink: /home/khaledob/bookros2_ws/install/joint_trajectory_controller/share/joint_trajectory_controller/package.xml
[1.432s] Invoked command in '/home/khaledob/bookros2_ws/build/joint_trajectory_controller' returned '0': AMENT_PREFIX_PATH=/home/khaledob/bookros2_ws/install/controller_manager:/home/khaledob/bookros2_ws/install/controller_interface:/home/khaledob/bookros2_ws/install/hardware_interface:/home/khaledob/bookros2_ws/install/ros2_control_test_assets:/home/khaledob/bookros2_ws/install/controller_manager_msgs:${AMENT_PREFIX_PATH} CMAKE_PREFIX_PATH=/home/khaledob/bookros2_ws/install/controller_manager:/home/khaledob/bookros2_ws/install/controller_interface:/home/khaledob/bookros2_ws/install/hardware_interface:/home/khaledob/bookros2_ws/install/ros2_control_test_assets:/home/khaledob/bookros2_ws/install/controller_manager_msgs:/opt/ros/foxy LD_LIBRARY_PATH=/home/khaledob/bookros2_ws/install/controller_manager/lib:/home/khaledob/bookros2_ws/install/controller_interface/lib:/home/khaledob/bookros2_ws/install/hardware_interface/lib:/home/khaledob/bookros2_ws/install/controller_manager_msgs/lib:${LD_LIBRARY_PATH} PYTHONPATH=/home/khaledob/bookros2_ws/install/controller_manager/lib/python3.8/site-packages:/home/khaledob/bookros2_ws/install/controller_manager_msgs/lib/python3.8/site-packages:${PYTHONPATH} /usr/bin/cmake --install /home/khaledob/bookros2_ws/build/joint_trajectory_controller
